[init] アクティブTIP(前): clsid=D5A86FD5-5308-47EA-AD16-9C4EB160EC3C profile=773EB24E-CA1D-4B1B-B420-FA985BB0B80D lang=0x0411
[init] GJIプロファイルをアクティブ化: Ok(())
[init] アクティブTIP(後): clsid=D5A86FD5-5308-47EA-AD16-9C4EB160EC3C profile=773EB24E-CA1D-4B1B-B420-FA985BB0B80D lang=0x0411
=== IME key matrix spike (awase 非依存) ===
観測: A=IMM(ImmGet*) / B=WM_IME_CONTROL / T=TSFスレッドcompartment / G=TSFグローバルcompartment
conv の目安: 0x19=ひらがな(NATIVE|FULLSHAPE|ROMAN) 0x10=半角英数(ROMAN) 0x00=直接入力系
手順: awase を止める → 画面中段の案内に従ってキーを1回ずつ押す（全 2ラウンド×20ステップ、各押下後は3秒待機）
ROUND1=標準EDIT / ROUND2=RichEdit(TSFネイティブ)。そのキーが無い場合は Ctrl+Shift+F12 でスキップ
ログファイル: C:\Users\cuzic\scoop\persist\msys2\home\cuzic\awase-spike\target\debug\examples\ime_key_matrix_spike.log

=== ROUND 2/2: 対象コントロール = RichEdit 5.0(TSFネイティブ) ===
[AUTO] フォーカス復帰(入力欄)
[WALK 1/100] 注入: k vk=0x4B
[02:30:56.471Z] KEY [準備/その他] VK_IME_ON vk=0x16 scan=0x00 press=02:30:54.888Z (injected)  状態=IME ON・入力なし
    前     : A(open=1 conv=0x19) B(open=1 conv=0x19) T(open=1 conv=0x19) G(open=0 conv=0x00) comp="" tail=""
    +100ms: A(open=1 conv=0x19) B(open=1 conv=0x19) T(open=1 conv=0x19) G(open=0 conv=0x00) comp="き" tail=""
    +400ms: A(open=1 conv=0x19) B(open=1 conv=0x19) T(open=1 conv=0x19) G(open=0 conv=0x00) comp="き" tail=""
    +1500ms: A(open=1 conv=0x19) B(open=1 conv=0x19) T(open=1 conv=0x19) G(open=0 conv=0x00) comp="き" tail=""
    差分 (前→+100ms): Δ comp:Some("")→Some("き")   (前→+400ms): Δ comp:Some("")→Some("き")   (前→+1500ms): Δ comp:Some("")→Some("き")
[02:30:56.527Z] KEY [準備/その他] a vk=0x41 scan=0x00 press=02:30:54.893Z (injected)  状態=IME ON・入力なし
    前     : A(open=1 conv=0x19) B(open=1 conv=0x19) T(open=1 conv=0x19) G(open=0 conv=0x00) comp="" tail=""
    +100ms: A(open=1 conv=0x19) B(open=1 conv=0x19) T(open=1 conv=0x19) G(open=0 conv=0x00) comp="き" tail=""
    +400ms: A(open=1 conv=0x19) B(open=1 conv=0x19) T(open=1 conv=0x19) G(open=0 conv=0x00) comp="き" tail=""
    +1500ms: A(open=1 conv=0x19) B(open=1 conv=0x19) T(open=1 conv=0x19) G(open=0 conv=0x00) comp="き" tail=""
    差分 (前→+100ms): Δ comp:Some("")→Some("き")   (前→+400ms): Δ comp:Some("")→Some("き")   (前→+1500ms): Δ comp:Some("")→Some("き")
[02:30:56.599Z] KEY [準備/その他] BS vk=0x08 scan=0x00 press=02:30:54.898Z (injected)  状態=IME ON・入力なし
    前     : A(open=1 conv=0x19) B(open=1 conv=0x19) T(open=1 conv=0x19) G(open=0 conv=0x00) comp="" tail=""
    +100ms: A(open=1 conv=0x19) B(open=1 conv=0x19) T(open=1 conv=0x19) G(open=0 conv=0x00) comp="き" tail=""
    +400ms: A(open=1 conv=0x19) B(open=1 conv=0x19) T(open=1 conv=0x19) G(open=0 conv=0x00) comp="き" tail=""
    +1500ms: A(open=1 conv=0x19) B(open=1 conv=0x19) T(open=1 conv=0x19) G(open=0 conv=0x00) comp="き" tail=""
    差分 (前→+100ms): Δ comp:Some("")→Some("き")   (前→+400ms): Δ comp:Some("")→Some("き")   (前→+1500ms): Δ comp:Some("")→Some("き")
[WALK 2/100] 注入: ひらがな vk=0xF2
[02:30:58.307Z] KEY [準備/その他] ひらがな(0xF2) vk=0xF2 scan=0x00 press=02:30:56.725Z (injected)  状態=IME ON・入力中
    前     : A(open=1 conv=0x19) B(open=1 conv=0x19) T(open=1 conv=0x19) G(open=0 conv=0x00) comp="き" tail=""
    +100ms: A(open=1 conv=0x10) B(open=1 conv=0x10) T(open=1 conv=0x10) G(open=0 conv=0x00) comp="き" tail=""
    +400ms: A(open=1 conv=0x10) B(open=1 conv=0x10) T(open=1 conv=0x10) G(open=0 conv=0x00) comp="き" tail=""
    +1500ms: A(open=1 conv=0x10) B(open=1 conv=0x10) T(open=1 conv=0x10) G(open=0 conv=0x00) comp="き" tail=""
    差分 (前→+100ms): Δ conv A:0x19→0x10 B:0x19→0x10 / tsf-thread open:1→1 conv:0x19→0x10   (前→+400ms): Δ conv A:0x19→0x10 B:0x19→0x10 / tsf-thread open:1→1 conv:0x19→0x10   (前→+1500ms): Δ conv A:0x19→0x10 B:0x19→0x10 / tsf-thread open:1→1 conv:0x19→0x10
[WALK 3/100] 注入: 無変換 vk=0x1D
[02:31:00.306Z] KEY [準備/その他] 無変換 vk=0x1D scan=0x00 press=02:30:58.687Z (injected)  状態=IME ON・入力中
    前     : A(open=1 conv=0x10) B(open=1 conv=0x10) T(open=1 conv=0x10) G(open=0 conv=0x00) comp="き" tail=""
    +100ms: A(open=1 conv=0x19) B(open=1 conv=0x19) T(open=1 conv=0x19) G(open=0 conv=0x00) comp="き" tail=""
    +400ms: A(open=1 conv=0x19) B(open=1 conv=0x19) T(open=1 conv=0x19) G(open=0 conv=0x00) comp="き" tail=""
    +1500ms: A(open=1 conv=0x19) B(open=1 conv=0x19) T(open=1 conv=0x19) G(open=0 conv=0x00) comp="き" tail=""
    差分 (前→+100ms): Δ conv A:0x10→0x19 B:0x10→0x19 / tsf-thread open:1→1 conv:0x10→0x19   (前→+400ms): Δ conv A:0x10→0x19 B:0x10→0x19 / tsf-thread open:1→1 conv:0x10→0x19   (前→+1500ms): Δ conv A:0x10→0x19 B:0x10→0x19 / tsf-thread open:1→1 conv:0x10→0x19
[WALK 4/100] 注入: 無変換 vk=0x1D
[WALK 5/100] 注入: Esc vk=0x1B
[02:31:04.132Z] KEY [準備/その他] ESC vk=0x1B scan=0x00 press=02:31:02.564Z (injected)  状態=IME ON・入力中
    前     : A(open=1 conv=0x19) B(open=1 conv=0x19) T(open=1 conv=0x19) G(open=0 conv=0x00) comp="き" tail=""
    +100ms: A(open=1 conv=0x19) B(open=1 conv=0x19) T(open=1 conv=0x19) G(open=0 conv=0x00) comp="" tail=""
    +400ms: A(open=1 conv=0x19) B(open=1 conv=0x19) T(open=1 conv=0x19) G(open=0 conv=0x00) comp="" tail=""
    +1500ms: A(open=1 conv=0x19) B(open=1 conv=0x19) T(open=1 conv=0x19) G(open=0 conv=0x00) comp="" tail=""
    差分 (前→+100ms): Δ comp:Some("き")→Some("")   (前→+400ms): Δ comp:Some("き")→Some("")   (前→+1500ms): Δ comp:Some("き")→Some("")
[WALK 6/100] 注入: 半角/全角 vk=0xF3
[02:31:06.137Z] KEY [準備/その他] 半角/全角(0xF4) vk=0xF4 scan=0x00 press=02:31:04.515Z (injected)  状態=IME ON・入力なし
    前     : A(open=1 conv=0x19) B(open=1 conv=0x19) T(open=1 conv=0x19) G(open=0 conv=0x00) comp="" tail=""
    +100ms: A(open=0 conv=0x19) B(open=0 conv=0x19) T(open=0 conv=0x19) G(open=0 conv=0x00) comp="" tail=""
    +400ms: A(open=0 conv=0x19) B(open=0 conv=0x19) T(open=0 conv=0x19) G(open=0 conv=0x00) comp="" tail=""
    +1500ms: A(open=0 conv=0x19) B(open=0 conv=0x19) T(open=0 conv=0x19) G(open=0 conv=0x00) comp="" tail=""
    差分 (前→+100ms): Δ open A:1→0 B:1→0 / tsf-thread open:1→0 conv:0x19→0x19   (前→+400ms): Δ open A:1→0 B:1→0 / tsf-thread open:1→0 conv:0x19→0x19   (前→+1500ms): Δ open A:1→0 B:1→0 / tsf-thread open:1→0 conv:0x19→0x19
[WALK 7/100] 注入: k vk=0x4B
[02:31:08.010Z] KEY [準備/その他] k vk=0x4B scan=0x00 press=02:31:06.447Z (injected)  状態=直接入力
    前     : A(open=0 conv=0x19) B(open=0 conv=0x19) T(open=0 conv=0x19) G(open=0 conv=0x00) comp="" tail=""
    +100ms: A(open=0 conv=0x19) B(open=0 conv=0x19) T(open=0 conv=0x19) G(open=0 conv=0x00) comp="" tail="k"
    +400ms: A(open=0 conv=0x19) B(open=0 conv=0x19) T(open=0 conv=0x19) G(open=0 conv=0x00) comp="" tail="k"
    +1500ms: A(open=0 conv=0x19) B(open=0 conv=0x19) T(open=0 conv=0x19) G(open=0 conv=0x00) comp="" tail="k"
    差分 (前→+100ms): Δ tail:""→"k"   (前→+400ms): Δ tail:""→"k"   (前→+1500ms): Δ tail:""→"k"
[WALK 8/100] 注入: Enter vk=0x0D
[02:31:10.071Z] KEY [準備/その他] Enter vk=0x0D scan=0x00 press=02:31:08.449Z (injected)  状態=直接入力
    前     : A(open=0 conv=0x19) B(open=0 conv=0x19) T(open=0 conv=0x19) G(open=0 conv=0x00) comp="" tail="k"
    +100ms: A(open=0 conv=0x19) B(open=0 conv=0x19) T(open=0 conv=0x19) G(open=0 conv=0x00) comp="" tail="k"
    +400ms: A(open=0 conv=0x19) B(open=0 conv=0x19) T(open=0 conv=0x19) G(open=0 conv=0x00) comp="" tail="k"
    +1500ms: A(open=0 conv=0x19) B(open=0 conv=0x19) T(open=0 conv=0x19) G(open=0 conv=0x00) comp="" tail="k"
    差分 (前→+100ms): Δなし   (前→+400ms): Δなし   (前→+1500ms): Δなし
[WALK 9/100] 注入: 変換 vk=0x1C
[02:31:11.895Z] KEY [準備/その他] 変換 vk=0x1C scan=0x00 press=02:31:10.323Z (injected)  状態=直接入力
    前     : A(open=0 conv=0x19) B(open=0 conv=0x19) T(open=0 conv=0x19) G(open=0 conv=0x00) comp="" tail="k"
    +100ms: A(open=1 conv=0x19) B(open=1 conv=0x19) T(open=1 conv=0x19) G(open=0 conv=0x00) comp="" tail="k"
    +400ms: A(open=1 conv=0x19) B(open=1 conv=0x19) T(open=1 conv=0x19) G(open=0 conv=0x00) comp="" tail="k"
    +1500ms: A(open=1 conv=0x19) B(open=1 conv=0x19) T(open=1 conv=0x19) G(open=0 conv=0x00) comp="" tail="k"
    差分 (前→+100ms): Δ open A:0→1 B:0→1 / tsf-thread open:0→1 conv:0x19→0x19   (前→+400ms): Δ open A:0→1 B:0→1 / tsf-thread open:0→1 conv:0x19→0x19   (前→+1500ms): Δ open A:0→1 B:0→1 / tsf-thread open:0→1 conv:0x19→0x19
[WALK 10/100] 注入: ひらがな vk=0xF2
[02:31:13.857Z] KEY [準備/その他] ひらがな(0xF2) vk=0xF2 scan=0x00 press=02:31:12.238Z (injected)  状態=IME ON・入力なし
    前     : A(open=1 conv=0x19) B(open=1 conv=0x19) T(open=1 conv=0x19) G(open=0 conv=0x00) comp="" tail="k"
    +100ms: A(open=1 conv=0x10) B(open=1 conv=0x10) T(open=1 conv=0x10) G(open=0 conv=0x00) comp="" tail="k"
    +400ms: A(open=1 conv=0x10) B(open=1 conv=0x10) T(open=1 conv=0x10) G(open=0 conv=0x00) comp="" tail="k"
    +1500ms: A(open=1 conv=0x10) B(open=1 conv=0x10) T(open=1 conv=0x10) G(open=0 conv=0x00) comp="" tail="k"
    差分 (前→+100ms): Δ conv A:0x19→0x10 B:0x19→0x10 / tsf-thread open:1→1 conv:0x19→0x10   (前→+400ms): Δ conv A:0x19→0x10 B:0x19→0x10 / tsf-thread open:1→1 conv:0x19→0x10   (前→+1500ms): Δ conv A:0x19→0x10 B:0x19→0x10 / tsf-thread open:1→1 conv:0x19→0x10
[WALK 11/100] 注入: Esc vk=0x1B
[02:31:15.793Z] KEY [準備/その他] ESC vk=0x1B scan=0x00 press=02:31:14.171Z (injected)  状態=IME ON・入力なし
    前     : A(open=1 conv=0x10) B(open=1 conv=0x10) T(open=1 conv=0x10) G(open=0 conv=0x00) comp="" tail="k"
    +100ms: A(open=1 conv=0x10) B(open=1 conv=0x10) T(open=1 conv=0x10) G(open=0 conv=0x00) comp="" tail="k"
    +400ms: A(open=1 conv=0x10) B(open=1 conv=0x10) T(open=1 conv=0x10) G(open=0 conv=0x00) comp="" tail="k"
    +1500ms: A(open=1 conv=0x10) B(open=1 conv=0x10) T(open=1 conv=0x10) G(open=0 conv=0x00) comp="" tail="k"
    差分 (前→+100ms): Δなし   (前→+400ms): Δなし   (前→+1500ms): Δなし
[WALK 12/100] 注入: ひらがな vk=0xF2
[02:31:17.674Z] KEY [準備/その他] ひらがな(0xF2) vk=0xF2 scan=0x00 press=02:31:16.111Z (injected)  状態=IME ON・入力なし
    前     : A(open=1 conv=0x10) B(open=1 conv=0x10) T(open=1 conv=0x10) G(open=0 conv=0x00) comp="" tail="k"
    +100ms: A(open=1 conv=0x19) B(open=1 conv=0x19) T(open=1 conv=0x19) G(open=0 conv=0x00) comp="" tail="k"
    +400ms: A(open=1 conv=0x19) B(open=1 conv=0x19) T(open=1 conv=0x19) G(open=0 conv=0x00) comp="" tail="k"
    +1500ms: A(open=1 conv=0x19) B(open=1 conv=0x19) T(open=1 conv=0x19) G(open=0 conv=0x00) comp="" tail="k"
    差分 (前→+100ms): Δ conv A:0x10→0x19 B:0x10→0x19 / tsf-thread open:1→1 conv:0x10→0x19   (前→+400ms): Δ conv A:0x10→0x19 B:0x10→0x19 / tsf-thread open:1→1 conv:0x10→0x19   (前→+1500ms): Δ conv A:0x10→0x19 B:0x10→0x19 / tsf-thread open:1→1 conv:0x10→0x19
[WALK 13/100] 注入: ひらがな vk=0xF2
[02:31:19.635Z] KEY [準備/その他] ひらがな(0xF2) vk=0xF2 scan=0x00 press=02:31:18.050Z (injected)  状態=IME ON・入力なし
    前     : A(open=1 conv=0x19) B(open=1 conv=0x19) T(open=1 conv=0x19) G(open=0 conv=0x00) comp="" tail="k"
    +100ms: A(open=1 conv=0x10) B(open=1 conv=0x10) T(open=1 conv=0x10) G(open=0 conv=0x00) comp="" tail="k"
    +400ms: A(open=1 conv=0x10) B(open=1 conv=0x10) T(open=1 conv=0x10) G(open=0 conv=0x00) comp="" tail="k"
    +1500ms: A(open=1 conv=0x10) B(open=1 conv=0x10) T(open=1 conv=0x10) G(open=0 conv=0x00) comp="" tail="k"
    差分 (前→+100ms): Δ conv A:0x19→0x10 B:0x19→0x10 / tsf-thread open:1→1 conv:0x19→0x10   (前→+400ms): Δ conv A:0x19→0x10 B:0x19→0x10 / tsf-thread open:1→1 conv:0x19→0x10   (前→+1500ms): Δ conv A:0x19→0x10 B:0x19→0x10 / tsf-thread open:1→1 conv:0x19→0x10
[WALK 14/100] 注入: ひらがな vk=0xF2
[02:31:21.636Z] KEY [準備/その他] ひらがな(0xF2) vk=0xF2 scan=0x00 press=02:31:20.013Z (injected)  状態=IME ON・入力なし
    前     : A(open=1 conv=0x10) B(open=1 conv=0x10) T(open=1 conv=0x10) G(open=0 conv=0x00) comp="" tail="k"
    +100ms: A(open=1 conv=0x19) B(open=1 conv=0x19) T(open=1 conv=0x19) G(open=0 conv=0x00) comp="" tail="k"
    +400ms: A(open=1 conv=0x19) B(open=1 conv=0x19) T(open=1 conv=0x19) G(open=0 conv=0x00) comp="" tail="k"
    +1500ms: A(open=1 conv=0x19) B(open=1 conv=0x19) T(open=1 conv=0x19) G(open=0 conv=0x00) comp="" tail="k"
    差分 (前→+100ms): Δ conv A:0x10→0x19 B:0x10→0x19 / tsf-thread open:1→1 conv:0x10→0x19   (前→+400ms): Δ conv A:0x10→0x19 B:0x10→0x19 / tsf-thread open:1→1 conv:0x10→0x19   (前→+1500ms): Δ conv A:0x10→0x19 B:0x10→0x19 / tsf-thread open:1→1 conv:0x10→0x19
[WALK 15/100] 注入: 無変換 vk=0x1D
[WALK 16/100] 注入: ひらがな vk=0xF2
[02:31:25.505Z] KEY [準備/その他] ひらがな(0xF2) vk=0xF2 scan=0x00 press=02:31:23.894Z (injected)  状態=IME ON・入力なし
    前     : A(open=1 conv=0x19) B(open=1 conv=0x19) T(open=1 conv=0x19) G(open=0 conv=0x00) comp="" tail="k"
    +100ms: A(open=1 conv=0x10) B(open=1 conv=0x10) T(open=1 conv=0x10) G(open=0 conv=0x00) comp="" tail="k"
    +400ms: A(open=1 conv=0x10) B(open=1 conv=0x10) T(open=1 conv=0x10) G(open=0 conv=0x00) comp="" tail="k"
    +1500ms: A(open=1 conv=0x10) B(open=1 conv=0x10) T(open=1 conv=0x10) G(open=0 conv=0x00) comp="" tail="k"
    差分 (前→+100ms): Δ conv A:0x19→0x10 B:0x19→0x10 / tsf-thread open:1→1 conv:0x19→0x10   (前→+400ms): Δ conv A:0x19→0x10 B:0x19→0x10 / tsf-thread open:1→1 conv:0x19→0x10   (前→+1500ms): Δ conv A:0x19→0x10 B:0x19→0x10 / tsf-thread open:1→1 conv:0x19→0x10
[WALK 17/100] 注入: ひらがな vk=0xF2
[02:31:27.454Z] KEY [準備/その他] ひらがな(0xF2) vk=0xF2 scan=0x00 press=02:31:25.833Z (injected)  状態=IME ON・入力なし
    前     : A(open=1 conv=0x10) B(open=1 conv=0x10) T(open=1 conv=0x10) G(open=0 conv=0x00) comp="" tail="k"
    +100ms: A(open=1 conv=0x19) B(open=1 conv=0x19) T(open=1 conv=0x19) G(open=0 conv=0x00) comp="" tail="k"
    +400ms: A(open=1 conv=0x19) B(open=1 conv=0x19) T(open=1 conv=0x19) G(open=0 conv=0x00) comp="" tail="k"
    +1500ms: A(open=1 conv=0x19) B(open=1 conv=0x19) T(open=1 conv=0x19) G(open=0 conv=0x00) comp="" tail="k"
    差分 (前→+100ms): Δ conv A:0x10→0x19 B:0x10→0x19 / tsf-thread open:1→1 conv:0x10→0x19   (前→+400ms): Δ conv A:0x10→0x19 B:0x10→0x19 / tsf-thread open:1→1 conv:0x10→0x19   (前→+1500ms): Δ conv A:0x10→0x19 B:0x10→0x19 / tsf-thread open:1→1 conv:0x10→0x19
[WALK 18/100] 注入: a vk=0x41
[WALK 19/100] 注入: Enter vk=0x0D
[02:31:31.292Z] KEY [準備/その他] Enter vk=0x0D scan=0x00 press=02:31:29.708Z (injected)  状態=IME ON・入力中
    前     : A(open=1 conv=0x19) B(open=1 conv=0x19) T(open=1 conv=0x19) G(open=0 conv=0x00) comp="う" tail="k"
    +100ms: A(open=1 conv=0x19) B(open=1 conv=0x19) T(open=1 conv=0x19) G(open=0 conv=0x00) comp="" tail="kう"
    +400ms: A(open=1 conv=0x19) B(open=1 conv=0x19) T(open=1 conv=0x19) G(open=0 conv=0x00) comp="" tail="kう"
    +1500ms: A(open=1 conv=0x19) B(open=1 conv=0x19) T(open=1 conv=0x19) G(open=0 conv=0x00) comp="" tail="kう"
    差分 (前→+100ms): Δ comp:Some("う")→Some("") / tail:"k"→"kう"   (前→+400ms): Δ comp:Some("う")→Some("") / tail:"k"→"kう"   (前→+1500ms): Δ comp:Some("う")→Some("") / tail:"k"→"kう"
[WALK 20/100] 注入: Esc vk=0x1B
[02:31:33.231Z] KEY [準備/その他] ESC vk=0x1B scan=0x00 press=02:31:31.610Z (injected)  状態=IME ON・入力なし
    前     : A(open=1 conv=0x19) B(open=1 conv=0x19) T(open=1 conv=0x19) G(open=0 conv=0x00) comp="" tail="kう"
    +100ms: A(open=1 conv=0x19) B(open=1 conv=0x19) T(open=1 conv=0x19) G(open=0 conv=0x00) comp="" tail="kう"
    +400ms: A(open=1 conv=0x19) B(open=1 conv=0x19) T(open=1 conv=0x19) G(open=0 conv=0x00) comp="" tail="kう"
    +1500ms: A(open=1 conv=0x19) B(open=1 conv=0x19) T(open=1 conv=0x19) G(open=0 conv=0x00) comp="" tail="kう"
    差分 (前→+100ms): Δなし   (前→+400ms): Δなし   (前→+1500ms): Δなし
[WALK 21/100] 注入: 無変換 vk=0x1D
[WALK 22/100] 注入: Enter vk=0x0D
[02:31:37.043Z] KEY [準備/その他] Enter vk=0x0D scan=0x00 press=02:31:35.485Z (injected)  状態=IME ON・入力なし
    前     : A(open=1 conv=0x19) B(open=1 conv=0x19) T(open=1 conv=0x19) G(open=0 conv=0x00) comp="" tail="kう"
    +100ms: A(open=1 conv=0x19) B(open=1 conv=0x19) T(open=1 conv=0x19) G(open=0 conv=0x00) comp="" tail="kう"
    +400ms: A(open=1 conv=0x19) B(open=1 conv=0x19) T(open=1 conv=0x19) G(open=0 conv=0x00) comp="" tail="kう"
    +1500ms: A(open=1 conv=0x19) B(open=1 conv=0x19) T(open=1 conv=0x19) G(open=0 conv=0x00) comp="" tail="kう"
    差分 (前→+100ms): Δなし   (前→+400ms): Δなし   (前→+1500ms): Δなし
[WALK 23/100] 注入: k vk=0x4B
[WALK 24/100] 注入: ひらがな vk=0xF2
[02:31:40.920Z] KEY [準備/その他] ひらがな(0xF2) vk=0xF2 scan=0x00 press=02:31:39.358Z (injected)  状態=IME ON・入力中
    前     : A(open=1 conv=0x19) B(open=1 conv=0x19) T(open=1 conv=0x19) G(open=0 conv=0x00) comp="き" tail="kう"
    +100ms: A(open=1 conv=0x10) B(open=1 conv=0x10) T(open=1 conv=0x10) G(open=0 conv=0x00) comp="き" tail="kう"
    +400ms: A(open=1 conv=0x10) B(open=1 conv=0x10) T(open=1 conv=0x10) G(open=0 conv=0x00) comp="き" tail="kう"
    +1500ms: A(open=1 conv=0x10) B(open=1 conv=0x10) T(open=1 conv=0x10) G(open=0 conv=0x00) comp="き" tail="kう"
    差分 (前→+100ms): Δ conv A:0x19→0x10 B:0x19→0x10 / tsf-thread open:1→1 conv:0x19→0x10   (前→+400ms): Δ conv A:0x19→0x10 B:0x19→0x10 / tsf-thread open:1→1 conv:0x19→0x10   (前→+1500ms): Δ conv A:0x19→0x10 B:0x19→0x10 / tsf-thread open:1→1 conv:0x19→0x10
[WALK 25/100] 注入: a vk=0x41
[02:31:42.858Z] KEY [準備/その他] a vk=0x41 scan=0x00 press=02:31:41.297Z (injected)  状態=IME ON・入力中
    前     : A(open=1 conv=0x10) B(open=1 conv=0x10) T(open=1 conv=0x10) G(open=0 conv=0x00) comp="き" tail="kう"
    +100ms: A(open=1 conv=0x10) B(open=1 conv=0x10) T(open=1 conv=0x10) G(open=0 conv=0x00) comp="きa" tail="kう"
    +400ms: A(open=1 conv=0x10) B(open=1 conv=0x10) T(open=1 conv=0x10) G(open=0 conv=0x00) comp="きa" tail="kう"
    +1500ms: A(open=1 conv=0x10) B(open=1 conv=0x10) T(open=1 conv=0x10) G(open=0 conv=0x00) comp="きa" tail="kう"
    差分 (前→+100ms): Δ comp:Some("き")→Some("きa")   (前→+400ms): Δ comp:Some("き")→Some("きa")   (前→+1500ms): Δ comp:Some("き")→Some("きa")
[WALK 26/100] 注入: Enter vk=0x0D
[02:31:44.849Z] KEY [準備/その他] Enter vk=0x0D scan=0x00 press=02:31:43.234Z (injected)  状態=IME ON・入力中
    前     : A(open=1 conv=0x10) B(open=1 conv=0x10) T(open=1 conv=0x10) G(open=0 conv=0x00) comp="きa" tail="kう"
    +100ms: A(open=1 conv=0x10) B(open=1 conv=0x10) T(open=1 conv=0x10) G(open=0 conv=0x00) comp="" tail="kうきa"
    +400ms: A(open=1 conv=0x10) B(open=1 conv=0x10) T(open=1 conv=0x10) G(open=0 conv=0x00) comp="" tail="kうきa"
    +1500ms: A(open=1 conv=0x10) B(open=1 conv=0x10) T(open=1 conv=0x10) G(open=0 conv=0x00) comp="" tail="kうきa"
    差分 (前→+100ms): Δ comp:Some("きa")→Some("") / tail:"kう"→"kうきa"   (前→+400ms): Δ comp:Some("きa")→Some("") / tail:"kう"→"kうきa"   (前→+1500ms): Δ comp:Some("きa")→Some("") / tail:"kう"→"kうきa"
[WALK 27/100] 注入: Esc vk=0x1B
[02:31:46.798Z] KEY [準備/その他] ESC vk=0x1B scan=0x00 press=02:31:45.176Z (injected)  状態=IME ON・入力なし
    前     : A(open=1 conv=0x10) B(open=1 conv=0x10) T(open=1 conv=0x10) G(open=0 conv=0x00) comp="" tail="kうきa"
    +100ms: A(open=1 conv=0x10) B(open=1 conv=0x10) T(open=1 conv=0x10) G(open=0 conv=0x00) comp="" tail="kうきa"
    +400ms: A(open=1 conv=0x10) B(open=1 conv=0x10) T(open=1 conv=0x10) G(open=0 conv=0x00) comp="" tail="kうきa"
    +1500ms: A(open=1 conv=0x10) B(open=1 conv=0x10) T(open=1 conv=0x10) G(open=0 conv=0x00) comp="" tail="kうきa"
    差分 (前→+100ms): Δなし   (前→+400ms): Δなし   (前→+1500ms): Δなし
[WALK 28/100] 注入: ひらがな vk=0xF2
[02:31:48.727Z] KEY [準備/その他] ひらがな(0xF2) vk=0xF2 scan=0x00 press=02:31:47.117Z (injected)  状態=IME ON・入力なし
    前     : A(open=1 conv=0x10) B(open=1 conv=0x10) T(open=1 conv=0x10) G(open=0 conv=0x00) comp="" tail="kうきa"
    +100ms: A(open=1 conv=0x19) B(open=1 conv=0x19) T(open=1 conv=0x19) G(open=0 conv=0x00) comp="" tail="kうきa"
    +400ms: A(open=1 conv=0x19) B(open=1 conv=0x19) T(open=1 conv=0x19) G(open=0 conv=0x00) comp="" tail="kうきa"
    +1500ms: A(open=1 conv=0x19) B(open=1 conv=0x19) T(open=1 conv=0x19) G(open=0 conv=0x00) comp="" tail="kうきa"
    差分 (前→+100ms): Δ conv A:0x10→0x19 B:0x10→0x19 / tsf-thread open:1→1 conv:0x10→0x19   (前→+400ms): Δ conv A:0x10→0x19 B:0x10→0x19 / tsf-thread open:1→1 conv:0x10→0x19   (前→+1500ms): Δ conv A:0x10→0x19 B:0x10→0x19 / tsf-thread open:1→1 conv:0x10→0x19
[WALK 29/100] 注入: Esc vk=0x1B
[02:31:50.663Z] KEY [準備/その他] ESC vk=0x1B scan=0x00 press=02:31:49.042Z (injected)  状態=IME ON・入力なし
    前     : A(open=1 conv=0x19) B(open=1 conv=0x19) T(open=1 conv=0x19) G(open=0 conv=0x00) comp="" tail="kうきa"
    +100ms: A(open=1 conv=0x19) B(open=1 conv=0x19) T(open=1 conv=0x19) G(open=0 conv=0x00) comp="" tail="kうきa"
    +400ms: A(open=1 conv=0x19) B(open=1 conv=0x19) T(open=1 conv=0x19) G(open=0 conv=0x00) comp="" tail="kうきa"
    +1500ms: A(open=1 conv=0x19) B(open=1 conv=0x19) T(open=1 conv=0x19) G(open=0 conv=0x00) comp="" tail="kうきa"
    差分 (前→+100ms): Δなし   (前→+400ms): Δなし   (前→+1500ms): Δなし
[WALK 30/100] 注入: 半角/全角 vk=0xF3
[02:31:52.554Z] KEY [準備/その他] 半角/全角(0xF4) vk=0xF4 scan=0x00 press=02:31:50.982Z (injected)  状態=IME ON・入力なし
    前     : A(open=1 conv=0x19) B(open=1 conv=0x19) T(open=1 conv=0x19) G(open=0 conv=0x00) comp="" tail="kうきa"
    +100ms: A(open=0 conv=0x19) B(open=0 conv=0x19) T(open=0 conv=0x19) G(open=0 conv=0x00) comp="" tail="kうきa"
    +400ms: A(open=0 conv=0x19) B(open=0 conv=0x19) T(open=0 conv=0x19) G(open=0 conv=0x00) comp="" tail="kうきa"
    +1500ms: A(open=0 conv=0x19) B(open=0 conv=0x19) T(open=0 conv=0x19) G(open=0 conv=0x00) comp="" tail="kうきa"
    差分 (前→+100ms): Δ open A:1→0 B:1→0 / tsf-thread open:1→0 conv:0x19→0x19   (前→+400ms): Δ open A:1→0 B:1→0 / tsf-thread open:1→0 conv:0x19→0x19   (前→+1500ms): Δ open A:1→0 B:1→0 / tsf-thread open:1→0 conv:0x19→0x19
[WALK 31/100] 注入: Enter vk=0x0D
[02:31:54.509Z] KEY [準備/その他] Enter vk=0x0D scan=0x00 press=02:31:52.928Z (injected)  状態=直接入力
    前     : A(open=0 conv=0x19) B(open=0 conv=0x19) T(open=0 conv=0x19) G(open=0 conv=0x00) comp="" tail="kうきa"
    +100ms: A(open=0 conv=0x19) B(open=0 conv=0x19) T(open=0 conv=0x19) G(open=0 conv=0x00) comp="" tail="kうきa"
    +400ms: A(open=0 conv=0x19) B(open=0 conv=0x19) T(open=0 conv=0x19) G(open=0 conv=0x00) comp="" tail="kうきa"
    +1500ms: A(open=0 conv=0x19) B(open=0 conv=0x19) T(open=0 conv=0x19) G(open=0 conv=0x00) comp="" tail="kうきa"
    差分 (前→+100ms): Δなし   (前→+400ms): Δなし   (前→+1500ms): Δなし
[WALK 32/100] 注入: k vk=0x4B
[02:31:56.387Z] KEY [準備/その他] k vk=0x4B scan=0x00 press=02:31:54.823Z (injected)  状態=直接入力
    前     : A(open=0 conv=0x19) B(open=0 conv=0x19) T(open=0 conv=0x19) G(open=0 conv=0x00) comp="" tail="kうきa"
    +100ms: A(open=0 conv=0x19) B(open=0 conv=0x19) T(open=0 conv=0x19) G(open=0 conv=0x00) comp="" tail="kうきak"
    +400ms: A(open=0 conv=0x19) B(open=0 conv=0x19) T(open=0 conv=0x19) G(open=0 conv=0x00) comp="" tail="kうきak"
    +1500ms: A(open=0 conv=0x19) B(open=0 conv=0x19) T(open=0 conv=0x19) G(open=0 conv=0x00) comp="" tail="kうきak"
    差分 (前→+100ms): Δ tail:"kうきa"→"kうきak"   (前→+400ms): Δ tail:"kうきa"→"kうきak"   (前→+1500ms): Δ tail:"kうきa"→"kうきak"
[WALK 33/100] 注入: a vk=0x41
[02:31:58.389Z] KEY [準備/その他] a vk=0x41 scan=0x00 press=02:31:56.765Z (injected)  状態=直接入力
    前     : A(open=0 conv=0x19) B(open=0 conv=0x19) T(open=0 conv=0x19) G(open=0 conv=0x00) comp="" tail="kうきak"
    +100ms: A(open=0 conv=0x19) B(open=0 conv=0x19) T(open=0 conv=0x19) G(open=0 conv=0x00) comp="" tail="kうきaka"
    +400ms: A(open=0 conv=0x19) B(open=0 conv=0x19) T(open=0 conv=0x19) G(open=0 conv=0x00) comp="" tail="kうきaka"
    +1500ms: A(open=0 conv=0x19) B(open=0 conv=0x19) T(open=0 conv=0x19) G(open=0 conv=0x00) comp="" tail="kうきaka"
    差分 (前→+100ms): Δ tail:"kうきak"→"kうきaka"   (前→+400ms): Δ tail:"kうきak"→"kうきaka"   (前→+1500ms): Δ tail:"kうきak"→"kうきaka"
[WALK 34/100] 注入: Enter vk=0x0D
[02:32:00.391Z] KEY [準備/その他] Enter vk=0x0D scan=0x00 press=02:31:58.767Z (injected)  状態=直接入力
    前     : A(open=0 conv=0x19) B(open=0 conv=0x19) T(open=0 conv=0x19) G(open=0 conv=0x00) comp="" tail="kうきaka"
    +100ms: A(open=0 conv=0x19) B(open=0 conv=0x19) T(open=0 conv=0x19) G(open=0 conv=0x00) comp="" tail="kうきaka"
    +400ms: A(open=0 conv=0x19) B(open=0 conv=0x19) T(open=0 conv=0x19) G(open=0 conv=0x00) comp="" tail="kうきaka"
    +1500ms: A(open=0 conv=0x19) B(open=0 conv=0x19) T(open=0 conv=0x19) G(open=0 conv=0x00) comp="" tail="kうきaka"
    差分 (前→+100ms): Δなし   (前→+400ms): Δなし   (前→+1500ms): Δなし
[WALK 35/100] 注入: 半角/全角 vk=0xF3
[02:32:02.263Z] KEY [準備/その他] 半角/全角(0xF4) vk=0xF4 scan=0x00 press=02:32:00.640Z (injected)  状態=直接入力
    前     : A(open=0 conv=0x19) B(open=0 conv=0x19) T(open=0 conv=0x19) G(open=0 conv=0x00) comp="" tail="kうきaka"
    +100ms: A(open=1 conv=0x19) B(open=1 conv=0x19) T(open=1 conv=0x19) G(open=0 conv=0x00) comp="" tail="kうきaka"
    +400ms: A(open=1 conv=0x19) B(open=1 conv=0x19) T(open=1 conv=0x19) G(open=0 conv=0x00) comp="" tail="kうきaka"
    +1500ms: A(open=1 conv=0x19) B(open=1 conv=0x19) T(open=1 conv=0x19) G(open=0 conv=0x00) comp="" tail="kうきaka"
    差分 (前→+100ms): Δ open A:0→1 B:0→1 / tsf-thread open:0→1 conv:0x19→0x19   (前→+400ms): Δ open A:0→1 B:0→1 / tsf-thread open:0→1 conv:0x19→0x19   (前→+1500ms): Δ open A:0→1 B:0→1 / tsf-thread open:0→1 conv:0x19→0x19
[WALK 36/100] 注入: 変換 vk=0x1C
[WALK 37/100] 注入: 変換 vk=0x1C
[WALK 38/100] 注入: k vk=0x4B
[WALK 39/100] 注入: 無変換 vk=0x1D
[WALK 40/100] 注入: k vk=0x4B
[WALK 41/100] 注入: Esc vk=0x1B
[02:32:13.923Z] KEY [準備/その他] ESC vk=0x1B scan=0x00 press=02:32:12.301Z (injected)  状態=IME ON・入力中
    前     : A(open=1 conv=0x19) B(open=1 conv=0x19) T(open=1 conv=0x19) G(open=0 conv=0x00) comp="きき" tail="kうきaka"
    +100ms: A(open=1 conv=0x19) B(open=1 conv=0x19) T(open=1 conv=0x19) G(open=0 conv=0x00) comp="" tail="kうきaka"
    +400ms: A(open=1 conv=0x19) B(open=1 conv=0x19) T(open=1 conv=0x19) G(open=0 conv=0x00) comp="" tail="kうきaka"
    +1500ms: A(open=1 conv=0x19) B(open=1 conv=0x19) T(open=1 conv=0x19) G(open=0 conv=0x00) comp="" tail="kうきaka"
    差分 (前→+100ms): Δ comp:Some("きき")→Some("")   (前→+400ms): Δ comp:Some("きき")→Some("")   (前→+1500ms): Δ comp:Some("きき")→Some("")
[WALK 42/100] 注入: k vk=0x4B
[WALK 43/100] 注入: 半角/全角 vk=0xF3
[02:32:17.736Z] KEY [準備/その他] 半角/全角(0xF4) vk=0xF4 scan=0x00 press=02:32:16.178Z (injected)  状態=IME ON・入力中
    前     : A(open=1 conv=0x19) B(open=1 conv=0x19) T(open=1 conv=0x19) G(open=0 conv=0x00) comp="き" tail="kうきaka"
    +100ms: A(open=0 conv=0x19) B(open=0 conv=0x19) T(open=0 conv=0x19) G(open=0 conv=0x00) comp="" tail="kうきaka"
    +400ms: A(open=0 conv=0x19) B(open=0 conv=0x19) T(open=0 conv=0x19) G(open=0 conv=0x00) comp="" tail="kうきaka"
    +1500ms: A(open=0 conv=0x19) B(open=0 conv=0x19) T(open=0 conv=0x19) G(open=0 conv=0x00) comp="" tail="kうきaka"
    差分 (前→+100ms): Δ open A:1→0 B:1→0 / tsf-thread open:1→0 conv:0x19→0x19 / comp:Some("き")→Some("")   (前→+400ms): Δ open A:1→0 B:1→0 / tsf-thread open:1→0 conv:0x19→0x19 / comp:Some("き")→Some("")   (前→+1500ms): Δ open A:1→0 B:1→0 / tsf-thread open:1→0 conv:0x19→0x19 / comp:Some("き")→Some("")
[WALK 44/100] 注入: Esc vk=0x1B
[02:32:19.787Z] KEY [準備/その他] ESC vk=0x1B scan=0x00 press=02:32:18.175Z (injected)  状態=直接入力
    前     : A(open=0 conv=0x19) B(open=0 conv=0x19) T(open=0 conv=0x19) G(open=0 conv=0x00) comp="" tail="kうきaka"
    +100ms: A(open=0 conv=0x19) B(open=0 conv=0x19) T(open=0 conv=0x19) G(open=0 conv=0x00) comp="" tail="kうきaka"
    +400ms: A(open=0 conv=0x19) B(open=0 conv=0x19) T(open=0 conv=0x19) G(open=0 conv=0x00) comp="" tail="kうきaka"
    +1500ms: A(open=0 conv=0x19) B(open=0 conv=0x19) T(open=0 conv=0x19) G(open=0 conv=0x00) comp="" tail="kうきaka"
    差分 (前→+100ms): Δなし   (前→+400ms): Δなし   (前→+1500ms): Δなし
[WALK 45/100] 注入: k vk=0x4B
[02:32:21.661Z] KEY [準備/その他] k vk=0x4B scan=0x00 press=02:32:20.053Z (injected)  状態=直接入力
    前     : A(open=0 conv=0x19) B(open=0 conv=0x19) T(open=0 conv=0x19) G(open=0 conv=0x00) comp="" tail="kうきaka"
    +100ms: A(open=0 conv=0x19) B(open=0 conv=0x19) T(open=0 conv=0x19) G(open=0 conv=0x00) comp="" tail="kうきakak"
    +400ms: A(open=0 conv=0x19) B(open=0 conv=0x19) T(open=0 conv=0x19) G(open=0 conv=0x00) comp="" tail="kうきakak"
    +1500ms: A(open=0 conv=0x19) B(open=0 conv=0x19) T(open=0 conv=0x19) G(open=0 conv=0x00) comp="" tail="kうきakak"
    差分 (前→+100ms): Δ tail:"kうきaka"→"kうきakak"   (前→+400ms): Δ tail:"kうきaka"→"kうきakak"   (前→+1500ms): Δ tail:"kうきaka"→"kうきakak"
[WALK 46/100] 注入: k vk=0x4B
[02:32:23.553Z] KEY [準備/その他] k vk=0x4B scan=0x00 press=02:32:21.989Z (injected)  状態=直接入力
    前     : A(open=0 conv=0x19) B(open=0 conv=0x19) T(open=0 conv=0x19) G(open=0 conv=0x00) comp="" tail="kうきakak"
    +100ms: A(open=0 conv=0x19) B(open=0 conv=0x19) T(open=0 conv=0x19) G(open=0 conv=0x00) comp="" tail="kうきakakk"
    +400ms: A(open=0 conv=0x19) B(open=0 conv=0x19) T(open=0 conv=0x19) G(open=0 conv=0x00) comp="" tail="kうきakakk"
    +1500ms: A(open=0 conv=0x19) B(open=0 conv=0x19) T(open=0 conv=0x19) G(open=0 conv=0x00) comp="" tail="kうきakakk"
    差分 (前→+100ms): Δ tail:"kうきakak"→"kうきakakk"   (前→+400ms): Δ tail:"kうきakak"→"kうきakakk"   (前→+1500ms): Δ tail:"kうきakak"→"kうきakakk"
[WALK 47/100] 注入: 無変換 vk=0x1D
[02:32:25.555Z] KEY [準備/その他] 無変換 vk=0x1D scan=0x00 press=02:32:23.930Z (injected)  状態=直接入力
    前     : A(open=0 conv=0x19) B(open=0 conv=0x19) T(open=0 conv=0x19) G(open=0 conv=0x00) comp="" tail="kうきakakk"
    +100ms: A(open=1 conv=0x19) B(open=1 conv=0x19) T(open=1 conv=0x19) G(open=0 conv=0x00) comp="" tail="kうきakakk"
    +400ms: A(open=1 conv=0x19) B(open=1 conv=0x19) T(open=1 conv=0x19) G(open=0 conv=0x00) comp="" tail="kうきakakk"
    +1500ms: A(open=1 conv=0x19) B(open=1 conv=0x19) T(open=1 conv=0x19) G(open=0 conv=0x00) comp="" tail="kうきakakk"
    差分 (前→+100ms): Δ open A:0→1 B:0→1 / tsf-thread open:0→1 conv:0x19→0x19   (前→+400ms): Δ open A:0→1 B:0→1 / tsf-thread open:0→1 conv:0x19→0x19   (前→+1500ms): Δ open A:0→1 B:0→1 / tsf-thread open:0→1 conv:0x19→0x19
[WALK 48/100] 注入: Esc vk=0x1B
[02:32:27.497Z] KEY [準備/その他] ESC vk=0x1B scan=0x00 press=02:32:25.869Z (injected)  状態=IME ON・入力なし
    前     : A(open=1 conv=0x19) B(open=1 conv=0x19) T(open=1 conv=0x19) G(open=0 conv=0x00) comp="" tail="kうきakakk"
    +100ms: A(open=1 conv=0x19) B(open=1 conv=0x19) T(open=1 conv=0x19) G(open=0 conv=0x00) comp="" tail="kうきakakk"
    +400ms: A(open=1 conv=0x19) B(open=1 conv=0x19) T(open=1 conv=0x19) G(open=0 conv=0x00) comp="" tail="kうきakakk"
    +1500ms: A(open=1 conv=0x19) B(open=1 conv=0x19) T(open=1 conv=0x19) G(open=0 conv=0x00) comp="" tail="kうきakakk"
    差分 (前→+100ms): Δなし   (前→+400ms): Δなし   (前→+1500ms): Δなし
[WALK 49/100] 注入: ひらがな vk=0xF2
[02:32:29.442Z] KEY [準備/その他] ひらがな(0xF2) vk=0xF2 scan=0x00 press=02:32:27.812Z (injected)  状態=IME ON・入力なし
    前     : A(open=1 conv=0x19) B(open=1 conv=0x19) T(open=1 conv=0x19) G(open=0 conv=0x00) comp="" tail="kうきakakk"
    +100ms: A(open=1 conv=0x10) B(open=1 conv=0x10) T(open=1 conv=0x10) G(open=0 conv=0x00) comp="" tail="kうきakakk"
    +400ms: A(open=1 conv=0x10) B(open=1 conv=0x10) T(open=1 conv=0x10) G(open=0 conv=0x00) comp="" tail="kうきakakk"
    +1500ms: A(open=1 conv=0x10) B(open=1 conv=0x10) T(open=1 conv=0x10) G(open=0 conv=0x00) comp="" tail="kうきakakk"
    差分 (前→+100ms): Δ conv A:0x19→0x10 B:0x19→0x10 / tsf-thread open:1→1 conv:0x19→0x10   (前→+400ms): Δ conv A:0x19→0x10 B:0x19→0x10 / tsf-thread open:1→1 conv:0x19→0x10   (前→+1500ms): Δ conv A:0x19→0x10 B:0x19→0x10 / tsf-thread open:1→1 conv:0x19→0x10
[WALK 50/100] 注入: Enter vk=0x0D
[02:32:31.380Z] KEY [準備/その他] Enter vk=0x0D scan=0x00 press=02:32:29.741Z (injected)  状態=IME ON・入力なし
    前     : A(open=1 conv=0x10) B(open=1 conv=0x10) T(open=1 conv=0x10) G(open=0 conv=0x00) comp="" tail="kうきakakk"
    +100ms: A(open=1 conv=0x10) B(open=1 conv=0x10) T(open=1 conv=0x10) G(open=0 conv=0x00) comp="" tail="kうきakakk"
    +400ms: A(open=1 conv=0x10) B(open=1 conv=0x10) T(open=1 conv=0x10) G(open=0 conv=0x00) comp="" tail="kうきakakk"
    +1500ms: A(open=1 conv=0x10) B(open=1 conv=0x10) T(open=1 conv=0x10) G(open=0 conv=0x00) comp="" tail="kうきakakk"
    差分 (前→+100ms): Δなし   (前→+400ms): Δなし   (前→+1500ms): Δなし
[WALK 51/100] 注入: 半角/全角 vk=0xF3
[02:32:33.306Z] KEY [準備/その他] 半角/全角(0xF4) vk=0xF4 scan=0x00 press=02:32:31.679Z (injected)  状態=IME ON・入力なし
    前     : A(open=1 conv=0x10) B(open=1 conv=0x10) T(open=1 conv=0x10) G(open=0 conv=0x00) comp="" tail="kうきakakk"
    +100ms: A(open=0 conv=0x10) B(open=0 conv=0x10) T(open=0 conv=0x10) G(open=0 conv=0x00) comp="" tail="kうきakakk"
    +400ms: A(open=0 conv=0x10) B(open=0 conv=0x10) T(open=0 conv=0x10) G(open=0 conv=0x00) comp="" tail="kうきakakk"
    +1500ms: A(open=0 conv=0x10) B(open=0 conv=0x10) T(open=0 conv=0x10) G(open=0 conv=0x00) comp="" tail="kうきakakk"
    差分 (前→+100ms): Δ open A:1→0 B:1→0 / tsf-thread open:1→0 conv:0x10→0x10   (前→+400ms): Δ open A:1→0 B:1→0 / tsf-thread open:1→0 conv:0x10→0x10   (前→+1500ms): Δ open A:1→0 B:1→0 / tsf-thread open:1→0 conv:0x10→0x10
[WALK 52/100] 注入: 変換 vk=0x1C
[02:32:35.189Z] KEY [準備/その他] 変換 vk=0x1C scan=0x00 press=02:32:33.621Z (injected)  状態=直接入力
    前     : A(open=0 conv=0x10) B(open=0 conv=0x10) T(open=0 conv=0x10) G(open=0 conv=0x00) comp="" tail="kうきakakk"
    +100ms: A(open=1 conv=0x10) B(open=1 conv=0x10) T(open=1 conv=0x10) G(open=0 conv=0x00) comp="" tail="kうきakakk"
    +400ms: A(open=1 conv=0x10) B(open=1 conv=0x10) T(open=1 conv=0x10) G(open=0 conv=0x00) comp="" tail="kうきakakk"
    +1500ms: A(open=1 conv=0x10) B(open=1 conv=0x10) T(open=1 conv=0x10) G(open=0 conv=0x00) comp="" tail="kうきakakk"
    差分 (前→+100ms): Δ open A:0→1 B:0→1 / tsf-thread open:0→1 conv:0x10→0x10   (前→+400ms): Δ open A:0→1 B:0→1 / tsf-thread open:0→1 conv:0x10→0x10   (前→+1500ms): Δ open A:0→1 B:0→1 / tsf-thread open:0→1 conv:0x10→0x10
[WALK 53/100] 注入: Enter vk=0x0D
[02:32:37.207Z] KEY [準備/その他] Enter vk=0x0D scan=0x00 press=02:32:35.645Z (injected)  状態=IME ON・入力なし
    前     : A(open=1 conv=0x10) B(open=1 conv=0x10) T(open=1 conv=0x10) G(open=0 conv=0x00) comp="" tail="kうきakakk"
    +100ms: A(open=1 conv=0x10) B(open=1 conv=0x10) T(open=1 conv=0x10) G(open=0 conv=0x00) comp="" tail="kうきakakk"
    +400ms: A(open=1 conv=0x10) B(open=1 conv=0x10) T(open=1 conv=0x10) G(open=0 conv=0x00) comp="" tail="kうきakakk"
    +1500ms: A(open=1 conv=0x10) B(open=1 conv=0x10) T(open=1 conv=0x10) G(open=0 conv=0x00) comp="" tail="kうきakakk"
    差分 (前→+100ms): Δなし   (前→+400ms): Δなし   (前→+1500ms): Δなし
[WALK 54/100] 注入: k vk=0x4B
[02:32:39.077Z] KEY [準備/その他] k vk=0x4B scan=0x00 press=02:32:37.505Z (injected)  状態=IME ON・入力なし
    前     : A(open=1 conv=0x10) B(open=1 conv=0x10) T(open=1 conv=0x10) G(open=0 conv=0x00) comp="" tail="kうきakakk"
    +100ms: A(open=1 conv=0x10) B(open=1 conv=0x10) T(open=1 conv=0x10) G(open=0 conv=0x00) comp="k" tail="kうきakakk"
    +400ms: A(open=1 conv=0x10) B(open=1 conv=0x10) T(open=1 conv=0x10) G(open=0 conv=0x00) comp="k" tail="kうきakakk"
    +1500ms: A(open=1 conv=0x10) B(open=1 conv=0x10) T(open=1 conv=0x10) G(open=0 conv=0x00) comp="k" tail="kうきakakk"
    差分 (前→+100ms): Δ comp:Some("")→Some("k")   (前→+400ms): Δ comp:Some("")→Some("k")   (前→+1500ms): Δ comp:Some("")→Some("k")
[WALK 55/100] 注入: 無変換 vk=0x1D
[02:32:41.081Z] KEY [準備/その他] 無変換 vk=0x1D scan=0x00 press=02:32:39.457Z (injected)  状態=IME ON・入力中
    前     : A(open=1 conv=0x10) B(open=1 conv=0x10) T(open=1 conv=0x10) G(open=0 conv=0x00) comp="k" tail="kうきakakk"
    +100ms: A(open=1 conv=0x19) B(open=1 conv=0x19) T(open=1 conv=0x19) G(open=0 conv=0x00) comp="k" tail="kうきakakk"
    +400ms: A(open=1 conv=0x19) B(open=1 conv=0x19) T(open=1 conv=0x19) G(open=0 conv=0x00) comp="k" tail="kうきakakk"
    +1500ms: A(open=1 conv=0x19) B(open=1 conv=0x19) T(open=1 conv=0x19) G(open=0 conv=0x00) comp="k" tail="kうきakakk"
    差分 (前→+100ms): Δ conv A:0x10→0x19 B:0x10→0x19 / tsf-thread open:1→1 conv:0x10→0x19   (前→+400ms): Δ conv A:0x10→0x19 B:0x10→0x19 / tsf-thread open:1→1 conv:0x10→0x19   (前→+1500ms): Δ conv A:0x10→0x19 B:0x10→0x19 / tsf-thread open:1→1 conv:0x10→0x19
[WALK 56/100] 注入: 変換 vk=0x1C
[WALK 57/100] 注入: ひらがな vk=0xF2
[02:32:44.901Z] KEY [準備/その他] ひらがな(0xF2) vk=0xF2 scan=0x00 press=02:32:43.339Z (injected)  状態=IME ON・入力中
    前     : A(open=1 conv=0x19) B(open=1 conv=0x19) T(open=1 conv=0x19) G(open=0 conv=0x00) comp="k" tail="kうきakakk"
    +100ms: A(open=1 conv=0x10) B(open=1 conv=0x10) T(open=1 conv=0x10) G(open=0 conv=0x00) comp="k" tail="kうきakakk"
    +400ms: A(open=1 conv=0x10) B(open=1 conv=0x10) T(open=1 conv=0x10) G(open=0 conv=0x00) comp="k" tail="kうきakakk"
    +1500ms: A(open=1 conv=0x10) B(open=1 conv=0x10) T(open=1 conv=0x10) G(open=0 conv=0x00) comp="k" tail="kうきakakk"
    差分 (前→+100ms): Δ conv A:0x19→0x10 B:0x19→0x10 / tsf-thread open:1→1 conv:0x19→0x10   (前→+400ms): Δ conv A:0x19→0x10 B:0x19→0x10 / tsf-thread open:1→1 conv:0x19→0x10   (前→+1500ms): Δ conv A:0x19→0x10 B:0x19→0x10 / tsf-thread open:1→1 conv:0x19→0x10
[WALK 58/100] 注入: 半角/全角 vk=0xF3
[02:32:46.868Z] KEY [準備/その他] 半角/全角(0xF4) vk=0xF4 scan=0x00 press=02:32:45.281Z (injected)  状態=IME ON・入力中
    前     : A(open=1 conv=0x10) B(open=1 conv=0x10) T(open=1 conv=0x10) G(open=0 conv=0x00) comp="k" tail="kうきakakk"
    +100ms: A(open=0 conv=0x10) B(open=0 conv=0x10) T(open=0 conv=0x10) G(open=0 conv=0x00) comp="" tail="kうきakakk"
    +400ms: A(open=0 conv=0x10) B(open=0 conv=0x10) T(open=0 conv=0x10) G(open=0 conv=0x00) comp="" tail="kうきakakk"
    +1500ms: A(open=0 conv=0x10) B(open=0 conv=0x10) T(open=0 conv=0x10) G(open=0 conv=0x00) comp="" tail="kうきakakk"
    差分 (前→+100ms): Δ open A:1→0 B:1→0 / tsf-thread open:1→0 conv:0x10→0x10 / comp:Some("k")→Some("")   (前→+400ms): Δ open A:1→0 B:1→0 / tsf-thread open:1→0 conv:0x10→0x10 / comp:Some("k")→Some("")   (前→+1500ms): Δ open A:1→0 B:1→0 / tsf-thread open:1→0 conv:0x10→0x10 / comp:Some("k")→Some("")
[WALK 59/100] 注入: 半角/全角 vk=0xF3
[02:32:48.803Z] KEY [準備/その他] 半角/全角(0xF4) vk=0xF4 scan=0x00 press=02:32:47.185Z (injected)  状態=直接入力
    前     : A(open=0 conv=0x10) B(open=0 conv=0x10) T(open=0 conv=0x10) G(open=0 conv=0x00) comp="" tail="kうきakakk"
    +100ms: A(open=1 conv=0x10) B(open=1 conv=0x10) T(open=1 conv=0x10) G(open=0 conv=0x00) comp="" tail="kうきakakk"
    +400ms: A(open=1 conv=0x10) B(open=1 conv=0x10) T(open=1 conv=0x10) G(open=0 conv=0x00) comp="" tail="kうきakakk"
    +1500ms: A(open=1 conv=0x10) B(open=1 conv=0x10) T(open=1 conv=0x10) G(open=0 conv=0x00) comp="" tail="kうきakakk"
    差分 (前→+100ms): Δ open A:0→1 B:0→1 / tsf-thread open:0→1 conv:0x10→0x10   (前→+400ms): Δ open A:0→1 B:0→1 / tsf-thread open:0→1 conv:0x10→0x10   (前→+1500ms): Δ open A:0→1 B:0→1 / tsf-thread open:0→1 conv:0x10→0x10
[WALK 60/100] 注入: ひらがな vk=0xF2
[02:32:50.707Z] KEY [準備/その他] ひらがな(0xF2) vk=0xF2 scan=0x00 press=02:32:49.117Z (injected)  状態=IME ON・入力なし
    前     : A(open=1 conv=0x10) B(open=1 conv=0x10) T(open=1 conv=0x10) G(open=0 conv=0x00) comp="" tail="kうきakakk"
    +100ms: A(open=1 conv=0x19) B(open=1 conv=0x19) T(open=1 conv=0x19) G(open=0 conv=0x00) comp="" tail="kうきakakk"
    +400ms: A(open=1 conv=0x19) B(open=1 conv=0x19) T(open=1 conv=0x19) G(open=0 conv=0x00) comp="" tail="kうきakakk"
    +1500ms: A(open=1 conv=0x19) B(open=1 conv=0x19) T(open=1 conv=0x19) G(open=0 conv=0x00) comp="" tail="kうきakakk"
    差分 (前→+100ms): Δ conv A:0x10→0x19 B:0x10→0x19 / tsf-thread open:1→1 conv:0x10→0x19   (前→+400ms): Δ conv A:0x10→0x19 B:0x10→0x19 / tsf-thread open:1→1 conv:0x10→0x19   (前→+1500ms): Δ conv A:0x10→0x19 B:0x10→0x19 / tsf-thread open:1→1 conv:0x10→0x19
[WALK 61/100] 注入: ひらがな vk=0xF2
[02:32:52.633Z] KEY [準備/その他] ひらがな(0xF2) vk=0xF2 scan=0x00 press=02:32:51.018Z (injected)  状態=IME ON・入力なし
    前     : A(open=1 conv=0x19) B(open=1 conv=0x19) T(open=1 conv=0x19) G(open=0 conv=0x00) comp="" tail="kうきakakk"
    +100ms: A(open=1 conv=0x10) B(open=1 conv=0x10) T(open=1 conv=0x10) G(open=0 conv=0x00) comp="" tail="kうきakakk"
    +400ms: A(open=1 conv=0x10) B(open=1 conv=0x10) T(open=1 conv=0x10) G(open=0 conv=0x00) comp="" tail="kうきakakk"
    +1500ms: A(open=1 conv=0x10) B(open=1 conv=0x10) T(open=1 conv=0x10) G(open=0 conv=0x00) comp="" tail="kうきakakk"
    差分 (前→+100ms): Δ conv A:0x19→0x10 B:0x19→0x10 / tsf-thread open:1→1 conv:0x19→0x10   (前→+400ms): Δ conv A:0x19→0x10 B:0x19→0x10 / tsf-thread open:1→1 conv:0x19→0x10   (前→+1500ms): Δ conv A:0x19→0x10 B:0x19→0x10 / tsf-thread open:1→1 conv:0x19→0x10
[WALK 62/100] 注入: Enter vk=0x0D
[02:32:54.515Z] KEY [準備/その他] Enter vk=0x0D scan=0x00 press=02:32:52.947Z (injected)  状態=IME ON・入力なし
    前     : A(open=1 conv=0x10) B(open=1 conv=0x10) T(open=1 conv=0x10) G(open=0 conv=0x00) comp="" tail="kうきakakk"
    +100ms: A(open=1 conv=0x10) B(open=1 conv=0x10) T(open=1 conv=0x10) G(open=0 conv=0x00) comp="" tail="kうきakakk"
    +400ms: A(open=1 conv=0x10) B(open=1 conv=0x10) T(open=1 conv=0x10) G(open=0 conv=0x00) comp="" tail="kうきakakk"
    +1500ms: A(open=1 conv=0x10) B(open=1 conv=0x10) T(open=1 conv=0x10) G(open=0 conv=0x00) comp="" tail="kうきakakk"
    差分 (前→+100ms): Δなし   (前→+400ms): Δなし   (前→+1500ms): Δなし
[WALK 63/100] 注入: ひらがな vk=0xF2
[02:32:56.453Z] KEY [準備/その他] ひらがな(0xF2) vk=0xF2 scan=0x00 press=02:32:54.895Z (injected)  状態=IME ON・入力なし
    前     : A(open=1 conv=0x10) B(open=1 conv=0x10) T(open=1 conv=0x10) G(open=0 conv=0x00) comp="" tail="kうきakakk"
    +100ms: A(open=1 conv=0x19) B(open=1 conv=0x19) T(open=1 conv=0x19) G(open=0 conv=0x00) comp="" tail="kうきakakk"
    +400ms: A(open=1 conv=0x19) B(open=1 conv=0x19) T(open=1 conv=0x19) G(open=0 conv=0x00) comp="" tail="kうきakakk"
    +1500ms: A(open=1 conv=0x19) B(open=1 conv=0x19) T(open=1 conv=0x19) G(open=0 conv=0x00) comp="" tail="kうきakakk"
    差分 (前→+100ms): Δ conv A:0x10→0x19 B:0x10→0x19 / tsf-thread open:1→1 conv:0x10→0x19   (前→+400ms): Δ conv A:0x10→0x19 B:0x10→0x19 / tsf-thread open:1→1 conv:0x10→0x19   (前→+1500ms): Δ conv A:0x10→0x19 B:0x10→0x19 / tsf-thread open:1→1 conv:0x10→0x19
[WALK 64/100] 注入: a vk=0x41
[WALK 65/100] 注入: a vk=0x41
[WALK 66/100] 注入: 変換 vk=0x1C
[WALK 67/100] 注入: 半角/全角 vk=0xF3
[02:33:04.195Z] KEY [準備/その他] 半角/全角(0xF4) vk=0xF4 scan=0x00 press=02:33:02.648Z (injected)  状態=IME ON・入力中
    前     : A(open=1 conv=0x19) B(open=1 conv=0x19) T(open=1 conv=0x19) G(open=0 conv=0x00) comp="うう" tail="kうきakakk"
    +100ms: A(open=0 conv=0x19) B(open=0 conv=0x19) T(open=0 conv=0x19) G(open=0 conv=0x00) comp="" tail="kうきakakk"
    +400ms: A(open=0 conv=0x19) B(open=0 conv=0x19) T(open=0 conv=0x19) G(open=0 conv=0x00) comp="" tail="kうきakakk"
    +1500ms: A(open=0 conv=0x19) B(open=0 conv=0x19) T(open=0 conv=0x19) G(open=0 conv=0x00) comp="" tail="kうきakakk"
    差分 (前→+100ms): Δ open A:1→0 B:1→0 / tsf-thread open:1→0 conv:0x19→0x19 / comp:Some("うう")→Some("")   (前→+400ms): Δ open A:1→0 B:1→0 / tsf-thread open:1→0 conv:0x19→0x19 / comp:Some("うう")→Some("")   (前→+1500ms): Δ open A:1→0 B:1→0 / tsf-thread open:1→0 conv:0x19→0x19 / comp:Some("うう")→Some("")
[WALK 68/100] 注入: k vk=0x4B
[02:33:06.198Z] KEY [準備/その他] k vk=0x4B scan=0x00 press=02:33:04.573Z (injected)  状態=直接入力
    前     : A(open=0 conv=0x19) B(open=0 conv=0x19) T(open=0 conv=0x19) G(open=0 conv=0x00) comp="" tail="kうきakakk"
    +100ms: A(open=0 conv=0x19) B(open=0 conv=0x19) T(open=0 conv=0x19) G(open=0 conv=0x00) comp="" tail="うきakakkk"
    +400ms: A(open=0 conv=0x19) B(open=0 conv=0x19) T(open=0 conv=0x19) G(open=0 conv=0x00) comp="" tail="うきakakkk"
    +1500ms: A(open=0 conv=0x19) B(open=0 conv=0x19) T(open=0 conv=0x19) G(open=0 conv=0x00) comp="" tail="うきakakkk"
    差分 (前→+100ms): Δ tail:"kうきakakk"→"うきakakkk"   (前→+400ms): Δ tail:"kうきakakk"→"うきakakkk"   (前→+1500ms): Δ tail:"kうきakakk"→"うきakakkk"
[WALK 69/100] 注入: 無変換 vk=0x1D
[02:33:08.138Z] KEY [準備/その他] 無変換 vk=0x1D scan=0x00 press=02:33:06.516Z (injected)  状態=直接入力
    前     : A(open=0 conv=0x19) B(open=0 conv=0x19) T(open=0 conv=0x19) G(open=0 conv=0x00) comp="" tail="うきakakkk"
    +100ms: A(open=1 conv=0x19) B(open=1 conv=0x19) T(open=1 conv=0x19) G(open=0 conv=0x00) comp="" tail="うきakakkk"
    +400ms: A(open=1 conv=0x19) B(open=1 conv=0x19) T(open=1 conv=0x19) G(open=0 conv=0x00) comp="" tail="うきakakkk"
    +1500ms: A(open=1 conv=0x19) B(open=1 conv=0x19) T(open=1 conv=0x19) G(open=0 conv=0x00) comp="" tail="うきakakkk"
    差分 (前→+100ms): Δ open A:0→1 B:0→1 / tsf-thread open:0→1 conv:0x19→0x19   (前→+400ms): Δ open A:0→1 B:0→1 / tsf-thread open:0→1 conv:0x19→0x19   (前→+1500ms): Δ open A:0→1 B:0→1 / tsf-thread open:0→1 conv:0x19→0x19
[WALK 70/100] 注入: 変換 vk=0x1C
[WALK 71/100] 注入: 半角/全角 vk=0xF3
[02:33:12.013Z] KEY [準備/その他] 半角/全角(0xF4) vk=0xF4 scan=0x00 press=02:33:10.395Z (injected)  状態=IME ON・入力なし
    前     : A(open=1 conv=0x19) B(open=1 conv=0x19) T(open=1 conv=0x19) G(open=0 conv=0x00) comp="" tail="うきakakkk"
    +100ms: A(open=0 conv=0x19) B(open=0 conv=0x19) T(open=0 conv=0x19) G(open=0 conv=0x00) comp="" tail="うきakakkk"
    +400ms: A(open=0 conv=0x19) B(open=0 conv=0x19) T(open=0 conv=0x19) G(open=0 conv=0x00) comp="" tail="うきakakkk"
    +1500ms: A(open=0 conv=0x19) B(open=0 conv=0x19) T(open=0 conv=0x19) G(open=0 conv=0x00) comp="" tail="うきakakkk"
    差分 (前→+100ms): Δ open A:1→0 B:1→0 / tsf-thread open:1→0 conv:0x19→0x19   (前→+400ms): Δ open A:1→0 B:1→0 / tsf-thread open:1→0 conv:0x19→0x19   (前→+1500ms): Δ open A:1→0 B:1→0 / tsf-thread open:1→0 conv:0x19→0x19
[WALK 72/100] 注入: k vk=0x4B
[02:33:13.951Z] KEY [準備/その他] k vk=0x4B scan=0x00 press=02:33:12.329Z (injected)  状態=直接入力
    前     : A(open=0 conv=0x19) B(open=0 conv=0x19) T(open=0 conv=0x19) G(open=0 conv=0x00) comp="" tail="うきakakkk"
    +100ms: A(open=0 conv=0x19) B(open=0 conv=0x19) T(open=0 conv=0x19) G(open=0 conv=0x00) comp="" tail="きakakkkk"
    +400ms: A(open=0 conv=0x19) B(open=0 conv=0x19) T(open=0 conv=0x19) G(open=0 conv=0x00) comp="" tail="きakakkkk"
    +1500ms: A(open=0 conv=0x19) B(open=0 conv=0x19) T(open=0 conv=0x19) G(open=0 conv=0x00) comp="" tail="きakakkkk"
    差分 (前→+100ms): Δ tail:"うきakakkk"→"きakakkkk"   (前→+400ms): Δ tail:"うきakakkk"→"きakakkkk"   (前→+1500ms): Δ tail:"うきakakkk"→"きakakkkk"
[WALK 73/100] 注入: ひらがな vk=0xF2
[02:33:15.836Z] KEY [準備/その他] ひらがな(0xF2) vk=0xF2 scan=0x00 press=02:33:14.269Z (injected)  状態=直接入力
    前     : A(open=0 conv=0x19) B(open=0 conv=0x19) T(open=0 conv=0x19) G(open=0 conv=0x00) comp="" tail="きakakkkk"
    +100ms: A(open=0 conv=0x19) B(open=0 conv=0x19) T(open=0 conv=0x19) G(open=0 conv=0x00) comp="" tail="きakakkkk"
    +400ms: A(open=0 conv=0x19) B(open=0 conv=0x19) T(open=0 conv=0x19) G(open=0 conv=0x00) comp="" tail="きakakkkk"
    +1500ms: A(open=0 conv=0x19) B(open=0 conv=0x19) T(open=0 conv=0x19) G(open=0 conv=0x00) comp="" tail="きakakkkk"
    差分 (前→+100ms): Δなし   (前→+400ms): Δなし   (前→+1500ms): Δなし
[WALK 74/100] 注入: a vk=0x41
[02:33:17.835Z] KEY [準備/その他] a vk=0x41 scan=0x00 press=02:33:16.217Z (injected)  状態=直接入力
    前     : A(open=0 conv=0x19) B(open=0 conv=0x19) T(open=0 conv=0x19) G(open=0 conv=0x00) comp="" tail="きakakkkk"
    +100ms: A(open=0 conv=0x19) B(open=0 conv=0x19) T(open=0 conv=0x19) G(open=0 conv=0x00) comp="" tail="akakkkka"
    +400ms: A(open=0 conv=0x19) B(open=0 conv=0x19) T(open=0 conv=0x19) G(open=0 conv=0x00) comp="" tail="akakkkka"
    +1500ms: A(open=0 conv=0x19) B(open=0 conv=0x19) T(open=0 conv=0x19) G(open=0 conv=0x00) comp="" tail="akakkkka"
    差分 (前→+100ms): Δ tail:"きakakkkk"→"akakkkka"   (前→+400ms): Δ tail:"きakakkkk"→"akakkkka"   (前→+1500ms): Δ tail:"きakakkkk"→"akakkkka"
[WALK 75/100] 注入: ひらがな vk=0xF2
[02:33:19.720Z] KEY [準備/その他] ひらがな(0xF2) vk=0xF2 scan=0x00 press=02:33:18.152Z (injected)  状態=直接入力
    前     : A(open=0 conv=0x19) B(open=0 conv=0x19) T(open=0 conv=0x19) G(open=0 conv=0x00) comp="" tail="akakkkka"
    +100ms: A(open=0 conv=0x19) B(open=0 conv=0x19) T(open=0 conv=0x19) G(open=0 conv=0x00) comp="" tail="akakkkka"
    +400ms: A(open=0 conv=0x19) B(open=0 conv=0x19) T(open=0 conv=0x19) G(open=0 conv=0x00) comp="" tail="akakkkka"
    +1500ms: A(open=0 conv=0x19) B(open=0 conv=0x19) T(open=0 conv=0x19) G(open=0 conv=0x00) comp="" tail="akakkkka"
    差分 (前→+100ms): Δなし   (前→+400ms): Δなし   (前→+1500ms): Δなし
[WALK 76/100] 注入: 無変換 vk=0x1D
[02:33:21.660Z] KEY [準備/その他] 無変換 vk=0x1D scan=0x00 press=02:33:20.097Z (injected)  状態=直接入力
    前     : A(open=0 conv=0x19) B(open=0 conv=0x19) T(open=0 conv=0x19) G(open=0 conv=0x00) comp="" tail="akakkkka"
    +100ms: A(open=1 conv=0x19) B(open=1 conv=0x19) T(open=1 conv=0x19) G(open=0 conv=0x00) comp="" tail="akakkkka"
    +400ms: A(open=1 conv=0x19) B(open=1 conv=0x19) T(open=1 conv=0x19) G(open=0 conv=0x00) comp="" tail="akakkkka"
    +1500ms: A(open=1 conv=0x19) B(open=1 conv=0x19) T(open=1 conv=0x19) G(open=0 conv=0x00) comp="" tail="akakkkka"
    差分 (前→+100ms): Δ open A:0→1 B:0→1 / tsf-thread open:0→1 conv:0x19→0x19   (前→+400ms): Δ open A:0→1 B:0→1 / tsf-thread open:0→1 conv:0x19→0x19   (前→+1500ms): Δ open A:0→1 B:0→1 / tsf-thread open:0→1 conv:0x19→0x19
[WALK 77/100] 注入: Enter vk=0x0D
[02:33:23.677Z] KEY [準備/その他] Enter vk=0x0D scan=0x00 press=02:33:22.056Z (injected)  状態=IME ON・入力なし
    前     : A(open=1 conv=0x19) B(open=1 conv=0x19) T(open=1 conv=0x19) G(open=0 conv=0x00) comp="" tail="akakkkka"
    +100ms: A(open=1 conv=0x19) B(open=1 conv=0x19) T(open=1 conv=0x19) G(open=0 conv=0x00) comp="" tail="akakkkka"
    +400ms: A(open=1 conv=0x19) B(open=1 conv=0x19) T(open=1 conv=0x19) G(open=0 conv=0x00) comp="" tail="akakkkka"
    +1500ms: A(open=1 conv=0x19) B(open=1 conv=0x19) T(open=1 conv=0x19) G(open=0 conv=0x00) comp="" tail="akakkkka"
    差分 (前→+100ms): Δなし   (前→+400ms): Δなし   (前→+1500ms): Δなし
[WALK 78/100] 注入: Enter vk=0x0D
[02:33:25.554Z] KEY [準備/その他] Enter vk=0x0D scan=0x00 press=02:33:23.992Z (injected)  状態=IME ON・入力なし
    前     : A(open=1 conv=0x19) B(open=1 conv=0x19) T(open=1 conv=0x19) G(open=0 conv=0x00) comp="" tail="akakkkka"
    +100ms: A(open=1 conv=0x19) B(open=1 conv=0x19) T(open=1 conv=0x19) G(open=0 conv=0x00) comp="" tail="akakkkka"
    +400ms: A(open=1 conv=0x19) B(open=1 conv=0x19) T(open=1 conv=0x19) G(open=0 conv=0x00) comp="" tail="akakkkka"
    +1500ms: A(open=1 conv=0x19) B(open=1 conv=0x19) T(open=1 conv=0x19) G(open=0 conv=0x00) comp="" tail="akakkkka"
    差分 (前→+100ms): Δなし   (前→+400ms): Δなし   (前→+1500ms): Δなし
[WALK 79/100] 注入: a vk=0x41
[WALK 80/100] 注入: 無変換 vk=0x1D
[WALK 81/100] 注入: ひらがな vk=0xF2
[02:33:31.439Z] KEY [準備/その他] ひらがな(0xF2) vk=0xF2 scan=0x00 press=02:33:29.811Z (injected)  状態=IME ON・入力中
    前     : A(open=1 conv=0x19) B(open=1 conv=0x19) T(open=1 conv=0x19) G(open=0 conv=0x00) comp="う" tail="akakkkka"
    +100ms: A(open=1 conv=0x10) B(open=1 conv=0x10) T(open=1 conv=0x10) G(open=0 conv=0x00) comp="う" tail="akakkkka"
    +400ms: A(open=1 conv=0x10) B(open=1 conv=0x10) T(open=1 conv=0x10) G(open=0 conv=0x00) comp="う" tail="akakkkka"
    +1500ms: A(open=1 conv=0x10) B(open=1 conv=0x10) T(open=1 conv=0x10) G(open=0 conv=0x00) comp="う" tail="akakkkka"
    差分 (前→+100ms): Δ conv A:0x19→0x10 B:0x19→0x10 / tsf-thread open:1→1 conv:0x19→0x10   (前→+400ms): Δ conv A:0x19→0x10 B:0x19→0x10 / tsf-thread open:1→1 conv:0x19→0x10   (前→+1500ms): Δ conv A:0x19→0x10 B:0x19→0x10 / tsf-thread open:1→1 conv:0x19→0x10
[WALK 82/100] 注入: 変換 vk=0x1C
[02:33:33.314Z] KEY [準備/その他] 変換 vk=0x1C scan=0x00 press=02:33:31.752Z (injected)  状態=IME ON・入力中
    前     : A(open=1 conv=0x10) B(open=1 conv=0x10) T(open=1 conv=0x10) G(open=0 conv=0x00) comp="う" tail="akakkkka"
    +100ms: A(open=1 conv=0x10) B(open=1 conv=0x10) T(open=1 conv=0x10) G(open=0 conv=0x00) comp="う" tail="akakkkka"
    +400ms: A(open=1 conv=0x10) B(open=1 conv=0x10) T(open=1 conv=0x10) G(open=0 conv=0x00) comp="う" tail="akakkkka"
    +1500ms: A(open=1 conv=0x10) B(open=1 conv=0x10) T(open=1 conv=0x10) G(open=0 conv=0x00) comp="う" tail="akakkkka"
    差分 (前→+100ms): Δなし   (前→+400ms): Δなし   (前→+1500ms): Δなし
[WALK 83/100] 注入: Enter vk=0x0D
[02:33:35.311Z] KEY [準備/その他] Enter vk=0x0D scan=0x00 press=02:33:33.691Z (injected)  状態=IME ON・入力中
    前     : A(open=1 conv=0x10) B(open=1 conv=0x10) T(open=1 conv=0x10) G(open=0 conv=0x00) comp="う" tail="akakkkka"
    +100ms: A(open=1 conv=0x10) B(open=1 conv=0x10) T(open=1 conv=0x10) G(open=0 conv=0x00) comp="" tail="kakkkkaう"
    +400ms: A(open=1 conv=0x10) B(open=1 conv=0x10) T(open=1 conv=0x10) G(open=0 conv=0x00) comp="" tail="kakkkkaう"
    +1500ms: A(open=1 conv=0x10) B(open=1 conv=0x10) T(open=1 conv=0x10) G(open=0 conv=0x00) comp="" tail="kakkkkaう"
    差分 (前→+100ms): Δ comp:Some("う")→Some("") / tail:"akakkkka"→"kakkkkaう"   (前→+400ms): Δ comp:Some("う")→Some("") / tail:"akakkkka"→"kakkkkaう"   (前→+1500ms): Δ comp:Some("う")→Some("") / tail:"akakkkka"→"kakkkkaう"
[WALK 84/100] 注入: ひらがな vk=0xF2
[02:33:37.186Z] KEY [準備/その他] ひらがな(0xF2) vk=0xF2 scan=0x00 press=02:33:35.628Z (injected)  状態=IME ON・入力なし
    前     : A(open=1 conv=0x10) B(open=1 conv=0x10) T(open=1 conv=0x10) G(open=0 conv=0x00) comp="" tail="kakkkkaう"
    +100ms: A(open=1 conv=0x19) B(open=1 conv=0x19) T(open=1 conv=0x19) G(open=0 conv=0x00) comp="" tail="kakkkkaう"
    +400ms: A(open=1 conv=0x19) B(open=1 conv=0x19) T(open=1 conv=0x19) G(open=0 conv=0x00) comp="" tail="kakkkkaう"
    +1500ms: A(open=1 conv=0x19) B(open=1 conv=0x19) T(open=1 conv=0x19) G(open=0 conv=0x00) comp="" tail="kakkkkaう"
    差分 (前→+100ms): Δ conv A:0x10→0x19 B:0x10→0x19 / tsf-thread open:1→1 conv:0x10→0x19   (前→+400ms): Δ conv A:0x10→0x19 B:0x10→0x19 / tsf-thread open:1→1 conv:0x10→0x19   (前→+1500ms): Δ conv A:0x10→0x19 B:0x10→0x19 / tsf-thread open:1→1 conv:0x10→0x19
[WALK 85/100] 注入: Esc vk=0x1B
[02:33:39.180Z] KEY [準備/その他] ESC vk=0x1B scan=0x00 press=02:33:37.561Z (injected)  状態=IME ON・入力なし
    前     : A(open=1 conv=0x19) B(open=1 conv=0x19) T(open=1 conv=0x19) G(open=0 conv=0x00) comp="" tail="kakkkkaう"
    +100ms: A(open=1 conv=0x19) B(open=1 conv=0x19) T(open=1 conv=0x19) G(open=0 conv=0x00) comp="" tail="kakkkkaう"
    +400ms: A(open=1 conv=0x19) B(open=1 conv=0x19) T(open=1 conv=0x19) G(open=0 conv=0x00) comp="" tail="kakkkkaう"
    +1500ms: A(open=1 conv=0x19) B(open=1 conv=0x19) T(open=1 conv=0x19) G(open=0 conv=0x00) comp="" tail="kakkkkaう"
    差分 (前→+100ms): Δなし   (前→+400ms): Δなし   (前→+1500ms): Δなし
[WALK 86/100] 注入: Enter vk=0x0D
[02:33:41.057Z] KEY [準備/その他] Enter vk=0x0D scan=0x00 press=02:33:39.497Z (injected)  状態=IME ON・入力なし
    前     : A(open=1 conv=0x19) B(open=1 conv=0x19) T(open=1 conv=0x19) G(open=0 conv=0x00) comp="" tail="kakkkkaう"
    +100ms: A(open=1 conv=0x19) B(open=1 conv=0x19) T(open=1 conv=0x19) G(open=0 conv=0x00) comp="" tail="kakkkkaう"
    +400ms: A(open=1 conv=0x19) B(open=1 conv=0x19) T(open=1 conv=0x19) G(open=0 conv=0x00) comp="" tail="kakkkkaう"
    +1500ms: A(open=1 conv=0x19) B(open=1 conv=0x19) T(open=1 conv=0x19) G(open=0 conv=0x00) comp="" tail="kakkkkaう"
    差分 (前→+100ms): Δなし   (前→+400ms): Δなし   (前→+1500ms): Δなし
[WALK 87/100] 注入: ひらがな vk=0xF2
[02:33:43.065Z] KEY [準備/その他] ひらがな(0xF2) vk=0xF2 scan=0x00 press=02:33:41.433Z (injected)  状態=IME ON・入力なし
    前     : A(open=1 conv=0x19) B(open=1 conv=0x19) T(open=1 conv=0x19) G(open=0 conv=0x00) comp="" tail="kakkkkaう"
    +100ms: A(open=1 conv=0x10) B(open=1 conv=0x10) T(open=1 conv=0x10) G(open=0 conv=0x00) comp="" tail="kakkkkaう"
    +400ms: A(open=1 conv=0x10) B(open=1 conv=0x10) T(open=1 conv=0x10) G(open=0 conv=0x00) comp="" tail="kakkkkaう"
    +1500ms: A(open=1 conv=0x10) B(open=1 conv=0x10) T(open=1 conv=0x10) G(open=0 conv=0x00) comp="" tail="kakkkkaう"
    差分 (前→+100ms): Δ conv A:0x19→0x10 B:0x19→0x10 / tsf-thread open:1→1 conv:0x19→0x10   (前→+400ms): Δ conv A:0x19→0x10 B:0x19→0x10 / tsf-thread open:1→1 conv:0x19→0x10   (前→+1500ms): Δ conv A:0x19→0x10 B:0x19→0x10 / tsf-thread open:1→1 conv:0x19→0x10
[WALK 88/100] 注入: a vk=0x41
[02:33:44.972Z] KEY [準備/その他] a vk=0x41 scan=0x00 press=02:33:43.379Z (injected)  状態=IME ON・入力なし
    前     : A(open=1 conv=0x10) B(open=1 conv=0x10) T(open=1 conv=0x10) G(open=0 conv=0x00) comp="" tail="kakkkkaう"
    +100ms: A(open=1 conv=0x10) B(open=1 conv=0x10) T(open=1 conv=0x10) G(open=0 conv=0x00) comp="a" tail="kakkkkaう"
    +400ms: A(open=1 conv=0x10) B(open=1 conv=0x10) T(open=1 conv=0x10) G(open=0 conv=0x00) comp="a" tail="kakkkkaう"
    +1500ms: A(open=1 conv=0x10) B(open=1 conv=0x10) T(open=1 conv=0x10) G(open=0 conv=0x00) comp="a" tail="kakkkkaう"
    差分 (前→+100ms): Δ comp:Some("")→Some("a")   (前→+400ms): Δ comp:Some("")→Some("a")   (前→+1500ms): Δ comp:Some("")→Some("a")
[WALK 89/100] 注入: Enter vk=0x0D
[02:33:46.851Z] KEY [準備/その他] Enter vk=0x0D scan=0x00 press=02:33:45.291Z (injected)  状態=IME ON・入力中
    前     : A(open=1 conv=0x10) B(open=1 conv=0x10) T(open=1 conv=0x10) G(open=0 conv=0x00) comp="a" tail="kakkkkaう"
    +100ms: A(open=1 conv=0x10) B(open=1 conv=0x10) T(open=1 conv=0x10) G(open=0 conv=0x00) comp="" tail="akkkkaうa"
    +400ms: A(open=1 conv=0x10) B(open=1 conv=0x10) T(open=1 conv=0x10) G(open=0 conv=0x00) comp="" tail="akkkkaうa"
    +1500ms: A(open=1 conv=0x10) B(open=1 conv=0x10) T(open=1 conv=0x10) G(open=0 conv=0x00) comp="" tail="akkkkaうa"
    差分 (前→+100ms): Δ comp:Some("a")→Some("") / tail:"kakkkkaう"→"akkkkaうa"   (前→+400ms): Δ comp:Some("a")→Some("") / tail:"kakkkkaう"→"akkkkaうa"   (前→+1500ms): Δ comp:Some("a")→Some("") / tail:"kakkkkaう"→"akkkkaうa"
[WALK 90/100] 注入: Enter vk=0x0D
[02:33:48.793Z] KEY [準備/その他] Enter vk=0x0D scan=0x00 press=02:33:47.231Z (injected)  状態=IME ON・入力なし
    前     : A(open=1 conv=0x10) B(open=1 conv=0x10) T(open=1 conv=0x10) G(open=0 conv=0x00) comp="" tail="akkkkaうa"
    +100ms: A(open=1 conv=0x10) B(open=1 conv=0x10) T(open=1 conv=0x10) G(open=0 conv=0x00) comp="" tail="akkkkaうa"
    +400ms: A(open=1 conv=0x10) B(open=1 conv=0x10) T(open=1 conv=0x10) G(open=0 conv=0x00) comp="" tail="akkkkaうa"
    +1500ms: A(open=1 conv=0x10) B(open=1 conv=0x10) T(open=1 conv=0x10) G(open=0 conv=0x00) comp="" tail="akkkkaうa"
    差分 (前→+100ms): Δなし   (前→+400ms): Δなし   (前→+1500ms): Δなし
[WALK 91/100] 注入: a vk=0x41
[02:33:50.790Z] KEY [準備/その他] a vk=0x41 scan=0x00 press=02:33:49.167Z (injected)  状態=IME ON・入力なし
    前     : A(open=1 conv=0x10) B(open=1 conv=0x10) T(open=1 conv=0x10) G(open=0 conv=0x00) comp="" tail="akkkkaうa"
    +100ms: A(open=1 conv=0x10) B(open=1 conv=0x10) T(open=1 conv=0x10) G(open=0 conv=0x00) comp="a" tail="akkkkaうa"
    +400ms: A(open=1 conv=0x10) B(open=1 conv=0x10) T(open=1 conv=0x10) G(open=0 conv=0x00) comp="a" tail="akkkkaうa"
    +1500ms: A(open=1 conv=0x10) B(open=1 conv=0x10) T(open=1 conv=0x10) G(open=0 conv=0x00) comp="a" tail="akkkkaうa"
    差分 (前→+100ms): Δ comp:Some("")→Some("a")   (前→+400ms): Δ comp:Some("")→Some("a")   (前→+1500ms): Δ comp:Some("")→Some("a")
[WALK 92/100] 注入: 変換 vk=0x1C
[02:33:52.673Z] KEY [準備/その他] 変換 vk=0x1C scan=0x00 press=02:33:51.105Z (injected)  状態=IME ON・入力中
    前     : A(open=1 conv=0x10) B(open=1 conv=0x10) T(open=1 conv=0x10) G(open=0 conv=0x00) comp="a" tail="akkkkaうa"
    +100ms: A(open=1 conv=0x10) B(open=1 conv=0x10) T(open=1 conv=0x10) G(open=0 conv=0x00) comp="Ä" tail="akkkkaうa"
    +400ms: A(open=1 conv=0x10) B(open=1 conv=0x10) T(open=1 conv=0x10) G(open=0 conv=0x00) comp="Ä" tail="akkkkaうa"
    +1500ms: A(open=1 conv=0x10) B(open=1 conv=0x10) T(open=1 conv=0x10) G(open=0 conv=0x00) comp="Ä" tail="akkkkaうa"
    差分 (前→+100ms): Δ comp:Some("a")→Some("Ä")   (前→+400ms): Δ comp:Some("a")→Some("Ä")   (前→+1500ms): Δ comp:Some("a")→Some("Ä")
[WALK 93/100] 注入: Esc vk=0x1B
[02:33:54.665Z] KEY [準備/その他] ESC vk=0x1B scan=0x00 press=02:33:53.050Z (injected)  状態=IME ON・入力中
    前     : A(open=1 conv=0x10) B(open=1 conv=0x10) T(open=1 conv=0x10) G(open=0 conv=0x00) comp="Ä" tail="akkkkaうa"
    +100ms: A(open=1 conv=0x10) B(open=1 conv=0x10) T(open=1 conv=0x10) G(open=0 conv=0x00) comp="a" tail="akkkkaうa"
    +400ms: A(open=1 conv=0x10) B(open=1 conv=0x10) T(open=1 conv=0x10) G(open=0 conv=0x00) comp="a" tail="akkkkaうa"
    +1500ms: A(open=1 conv=0x10) B(open=1 conv=0x10) T(open=1 conv=0x10) G(open=0 conv=0x00) comp="a" tail="akkkkaうa"
    差分 (前→+100ms): Δ comp:Some("Ä")→Some("a")   (前→+400ms): Δ comp:Some("Ä")→Some("a")   (前→+1500ms): Δ comp:Some("Ä")→Some("a")
[WALK 94/100] 注入: 半角/全角 vk=0xF3
[02:33:56.607Z] KEY [準備/その他] 半角/全角(0xF4) vk=0xF4 scan=0x00 press=02:33:54.981Z (injected)  状態=IME ON・入力中
    前     : A(open=1 conv=0x10) B(open=1 conv=0x10) T(open=1 conv=0x10) G(open=0 conv=0x00) comp="a" tail="akkkkaうa"
    +100ms: A(open=0 conv=0x10) B(open=0 conv=0x10) T(open=0 conv=0x10) G(open=0 conv=0x00) comp="" tail="akkkkaうa"
    +400ms: A(open=0 conv=0x10) B(open=0 conv=0x10) T(open=0 conv=0x10) G(open=0 conv=0x00) comp="" tail="akkkkaうa"
    +1500ms: A(open=0 conv=0x10) B(open=0 conv=0x10) T(open=0 conv=0x10) G(open=0 conv=0x00) comp="" tail="akkkkaうa"
    差分 (前→+100ms): Δ open A:1→0 B:1→0 / tsf-thread open:1→0 conv:0x10→0x10 / comp:Some("a")→Some("")   (前→+400ms): Δ open A:1→0 B:1→0 / tsf-thread open:1→0 conv:0x10→0x10 / comp:Some("a")→Some("")   (前→+1500ms): Δ open A:1→0 B:1→0 / tsf-thread open:1→0 conv:0x10→0x10 / comp:Some("a")→Some("")
[WALK 95/100] 注入: a vk=0x41
[02:33:58.485Z] KEY [準備/その他] a vk=0x41 scan=0x00 press=02:33:56.919Z (injected)  状態=直接入力
    前     : A(open=0 conv=0x10) B(open=0 conv=0x10) T(open=0 conv=0x10) G(open=0 conv=0x00) comp="" tail="akkkkaうa"
    +100ms: A(open=0 conv=0x10) B(open=0 conv=0x10) T(open=0 conv=0x10) G(open=0 conv=0x00) comp="" tail="kkkkaうaa"
    +400ms: A(open=0 conv=0x10) B(open=0 conv=0x10) T(open=0 conv=0x10) G(open=0 conv=0x00) comp="" tail="kkkkaうaa"
    +1500ms: A(open=0 conv=0x10) B(open=0 conv=0x10) T(open=0 conv=0x10) G(open=0 conv=0x00) comp="" tail="kkkkaうaa"
    差分 (前→+100ms): Δ tail:"akkkkaうa"→"kkkkaうaa"   (前→+400ms): Δ tail:"akkkkaうa"→"kkkkaうaa"   (前→+1500ms): Δ tail:"akkkkaうa"→"kkkkaうaa"
[WALK 96/100] 注入: Enter vk=0x0D
[02:34:00.481Z] KEY [準備/その他] Enter vk=0x0D scan=0x00 press=02:33:58.860Z (injected)  状態=直接入力
    前     : A(open=0 conv=0x10) B(open=0 conv=0x10) T(open=0 conv=0x10) G(open=0 conv=0x00) comp="" tail="kkkkaうaa"
    +100ms: A(open=0 conv=0x10) B(open=0 conv=0x10) T(open=0 conv=0x10) G(open=0 conv=0x00) comp="" tail="kkkkaうaa"
    +400ms: A(open=0 conv=0x10) B(open=0 conv=0x10) T(open=0 conv=0x10) G(open=0 conv=0x00) comp="" tail="kkkkaうaa"
    +1500ms: A(open=0 conv=0x10) B(open=0 conv=0x10) T(open=0 conv=0x10) G(open=0 conv=0x00) comp="" tail="kkkkaうaa"
    差分 (前→+100ms): Δなし   (前→+400ms): Δなし   (前→+1500ms): Δなし
[WALK 97/100] 注入: ひらがな vk=0xF2
[02:34:02.356Z] KEY [準備/その他] ひらがな(0xF2) vk=0xF2 scan=0x00 press=02:34:00.795Z (injected)  状態=直接入力
    前     : A(open=0 conv=0x10) B(open=0 conv=0x10) T(open=0 conv=0x10) G(open=0 conv=0x00) comp="" tail="kkkkaうaa"
    +100ms: A(open=0 conv=0x10) B(open=0 conv=0x10) T(open=0 conv=0x10) G(open=0 conv=0x00) comp="" tail="kkkkaうaa"
    +400ms: A(open=0 conv=0x10) B(open=0 conv=0x10) T(open=0 conv=0x10) G(open=0 conv=0x00) comp="" tail="kkkkaうaa"
    +1500ms: A(open=0 conv=0x10) B(open=0 conv=0x10) T(open=0 conv=0x10) G(open=0 conv=0x00) comp="" tail="kkkkaうaa"
    差分 (前→+100ms): Δなし   (前→+400ms): Δなし   (前→+1500ms): Δなし
[WALK 98/100] 注入: ひらがな vk=0xF2
[02:34:04.302Z] KEY [準備/その他] ひらがな(0xF2) vk=0xF2 scan=0x00 press=02:34:02.734Z (injected)  状態=直接入力
    前     : A(open=0 conv=0x10) B(open=0 conv=0x10) T(open=0 conv=0x10) G(open=0 conv=0x00) comp="" tail="kkkkaうaa"
    +100ms: A(open=0 conv=0x10) B(open=0 conv=0x10) T(open=0 conv=0x10) G(open=0 conv=0x00) comp="" tail="kkkkaうaa"
    +400ms: A(open=0 conv=0x10) B(open=0 conv=0x10) T(open=0 conv=0x10) G(open=0 conv=0x00) comp="" tail="kkkkaうaa"
    +1500ms: A(open=0 conv=0x10) B(open=0 conv=0x10) T(open=0 conv=0x10) G(open=0 conv=0x00) comp="" tail="kkkkaうaa"
    差分 (前→+100ms): Δなし   (前→+400ms): Δなし   (前→+1500ms): Δなし
[WALK 99/100] 注入: 変換 vk=0x1C
[02:34:06.260Z] KEY [準備/その他] 変換 vk=0x1C scan=0x00 press=02:34:04.682Z (injected)  状態=直接入力
    前     : A(open=0 conv=0x10) B(open=0 conv=0x10) T(open=0 conv=0x10) G(open=0 conv=0x00) comp="" tail="kkkkaうaa"
    +100ms: A(open=1 conv=0x10) B(open=1 conv=0x10) T(open=1 conv=0x10) G(open=0 conv=0x00) comp="" tail="kkkkaうaa"
    +400ms: A(open=1 conv=0x10) B(open=1 conv=0x10) T(open=1 conv=0x10) G(open=0 conv=0x00) comp="" tail="kkkkaうaa"
    +1500ms: A(open=1 conv=0x10) B(open=1 conv=0x10) T(open=1 conv=0x10) G(open=0 conv=0x00) comp="" tail="kkkkaうaa"
    差分 (前→+100ms): Δ open A:0→1 B:0→1 / tsf-thread open:0→1 conv:0x10→0x10   (前→+400ms): Δ open A:0→1 B:0→1 / tsf-thread open:0→1 conv:0x10→0x10   (前→+1500ms): Δ open A:0→1 B:0→1 / tsf-thread open:0→1 conv:0x10→0x10
[WALK 100/100] 注入: 無変換 vk=0x1D
[02:34:08.208Z] KEY [準備/その他] 無変換 vk=0x1D scan=0x00 press=02:34:06.640Z (injected)  状態=IME ON・入力なし
    前     : A(open=1 conv=0x10) B(open=1 conv=0x10) T(open=1 conv=0x10) G(open=0 conv=0x00) comp="" tail="kkkkaうaa"
    +100ms: A(open=0 conv=0x10) B(open=0 conv=0x10) T(open=0 conv=0x10) G(open=0 conv=0x00) comp="" tail="kkkkaうaa"
    +400ms: A(open=0 conv=0x10) B(open=0 conv=0x10) T(open=0 conv=0x10) G(open=0 conv=0x00) comp="" tail="kkkkaうaa"
    +1500ms: A(open=0 conv=0x10) B(open=0 conv=0x10) T(open=0 conv=0x10) G(open=0 conv=0x00) comp="" tail="kkkkaうaa"
    差分 (前→+100ms): Δ open A:1→0 B:1→0 / tsf-thread open:1→0 conv:0x10→0x10   (前→+400ms): Δ open A:1→0 B:1→0 / tsf-thread open:1→0 conv:0x10→0x10   (前→+1500ms): Δ open A:1→0 B:1→0 / tsf-thread open:1→0 conv:0x10→0x10
[WALK] 100手完了（1.5秒後に自動で閉じます）
script error: Output type incorrect: bool (expecting ())
