=== IME key matrix spike (awase 非依存) ===
観測: A=IMM(ImmGet*) / B=WM_IME_CONTROL / T=TSFスレッドcompartment / G=TSFグローバルcompartment
conv の目安: 0x19=ひらがな(NATIVE|FULLSHAPE|ROMAN) 0x10=半角英数(ROMAN) 0x00=直接入力系
手順: awase を止める → 画面中段の案内に従ってキーを1回ずつ押す（全 2ラウンド×20ステップ、各押下後は3秒待機）
ROUND1=標準EDIT / ROUND2=RichEdit(TSFネイティブ)。そのキーが無い場合は Ctrl+Shift+F12 でスキップ
ログファイル: C:\Users\cuzic\scoop\persist\msys2\home\cuzic\awase-spike\target\debug\examples\ime_key_matrix_spike.log

=== ROUND 2/2: 対象コントロール = RichEdit 5.0(TSFネイティブ) ===
[AUTO] フォーカス復帰(入力欄)
[WALK 1/100] 注入: k vk=0x4B
[13:08:06.470Z] KEY [準備/その他] k vk=0x4B scan=0x25 press=13:08:04.899Z (auto)  状態=直接入力
    前     : A(open=0 conv=0x19) B(open=0 conv=0x19) T(open=0 conv=0x00) G(open=0 conv=0x00) comp="" tail=""
    +100ms: A(open=0 conv=0x19) B(open=0 conv=0x19) T(open=0 conv=0x00) G(open=0 conv=0x00) comp="" tail="k"
    +400ms: A(open=0 conv=0x19) B(open=0 conv=0x19) T(open=0 conv=0x00) G(open=0 conv=0x00) comp="" tail="k"
    +1500ms: A(open=0 conv=0x19) B(open=0 conv=0x19) T(open=0 conv=0x00) G(open=0 conv=0x00) comp="" tail="k"
    差分 (前→+100ms): Δ tail:""→"k"   (前→+400ms): Δ tail:""→"k"   (前→+1500ms): Δ tail:""→"k"
[WALK 2/100] 注入: ひらがな vk=0xF2
[13:08:08.406Z] KEY [準備/その他] ひらがな(0xF2) vk=0xF2 scan=0x70 press=13:08:06.834Z (auto)  状態=直接入力
    前     : A(open=0 conv=0x19) B(open=0 conv=0x19) T(open=0 conv=0x00) G(open=0 conv=0x00) comp="" tail="k"
    +100ms: A(open=1 conv=0x09) B(open=1 conv=0x09) T(open=1 conv=0x09) G(open=0 conv=0x00) comp="" tail="k"
    +400ms: A(open=1 conv=0x09) B(open=1 conv=0x09) T(open=1 conv=0x09) G(open=0 conv=0x00) comp="" tail="k"
    +1500ms: A(open=1 conv=0x09) B(open=1 conv=0x09) T(open=1 conv=0x09) G(open=0 conv=0x00) comp="" tail="k"
    差分 (前→+100ms): Δ open A:0→1 B:0→1 / conv A:0x19→0x09 B:0x19→0x09 / tsf-thread open:0→1 conv:0x00→0x09   (前→+400ms): Δ open A:0→1 B:0→1 / conv A:0x19→0x09 B:0x19→0x09 / tsf-thread open:0→1 conv:0x00→0x09   (前→+1500ms): Δ open A:0→1 B:0→1 / conv A:0x19→0x09 B:0x19→0x09 / tsf-thread open:0→1 conv:0x00→0x09
[WALK 3/100] 注入: 無変換 vk=0x1D
[13:08:10.368Z] KEY [準備/その他] 無変換 vk=0x1D scan=0x7B press=13:08:08.785Z (auto)  状態=IME ON・入力なし
    前     : A(open=1 conv=0x09) B(open=1 conv=0x09) T(open=1 conv=0x09) G(open=0 conv=0x00) comp="" tail="k"
    +100ms: A(open=0 conv=0x09) B(open=0 conv=0x09) T(open=0 conv=0x09) G(open=0 conv=0x00) comp="" tail="k"
    +400ms: A(open=0 conv=0x09) B(open=0 conv=0x09) T(open=0 conv=0x09) G(open=0 conv=0x00) comp="" tail="k"
    +1500ms: A(open=0 conv=0x09) B(open=0 conv=0x09) T(open=0 conv=0x09) G(open=0 conv=0x00) comp="" tail="k"
    差分 (前→+100ms): Δ open A:1→0 B:1→0 / tsf-thread open:1→0 conv:0x09→0x09   (前→+400ms): Δ open A:1→0 B:1→0 / tsf-thread open:1→0 conv:0x09→0x09   (前→+1500ms): Δ open A:1→0 B:1→0 / tsf-thread open:1→0 conv:0x09→0x09
[WALK 4/100] 注入: 無変換 vk=0x1D
[13:08:12.313Z] KEY [準備/その他] 無変換 vk=0x1D scan=0x7B press=13:08:10.746Z (auto)  状態=直接入力
    前     : A(open=0 conv=0x09) B(open=0 conv=0x09) T(open=0 conv=0x09) G(open=0 conv=0x00) comp="" tail="k"
    +100ms: A(open=1 conv=0x09) B(open=1 conv=0x09) T(open=1 conv=0x09) G(open=0 conv=0x00) comp="" tail="k"
    +400ms: A(open=1 conv=0x09) B(open=1 conv=0x09) T(open=1 conv=0x09) G(open=0 conv=0x00) comp="" tail="k"
    +1500ms: A(open=1 conv=0x09) B(open=1 conv=0x09) T(open=1 conv=0x09) G(open=0 conv=0x00) comp="" tail="k"
    差分 (前→+100ms): Δ open A:0→1 B:0→1 / tsf-thread open:0→1 conv:0x09→0x09   (前→+400ms): Δ open A:0→1 B:0→1 / tsf-thread open:0→1 conv:0x09→0x09   (前→+1500ms): Δ open A:0→1 B:0→1 / tsf-thread open:0→1 conv:0x09→0x09
[WALK 5/100] 注入: Esc vk=0x1B
[13:08:14.307Z] KEY [準備/その他] ESC vk=0x1B scan=0x01 press=13:08:12.688Z (auto)  状態=IME ON・入力なし
    前     : A(open=1 conv=0x09) B(open=1 conv=0x09) T(open=1 conv=0x09) G(open=0 conv=0x00) comp="" tail="k"
    +100ms: A(open=1 conv=0x09) B(open=1 conv=0x09) T(open=1 conv=0x09) G(open=0 conv=0x00) comp="" tail="k"
    +400ms: A(open=1 conv=0x09) B(open=1 conv=0x09) T(open=1 conv=0x09) G(open=0 conv=0x00) comp="" tail="k"
    +1500ms: A(open=1 conv=0x09) B(open=1 conv=0x09) T(open=1 conv=0x09) G(open=0 conv=0x00) comp="" tail="k"
    差分 (前→+100ms): Δなし   (前→+400ms): Δなし   (前→+1500ms): Δなし
[WALK 6/100] 注入: 半角/全角 vk=0xF3
[13:08:16.183Z] KEY [準備/その他] 半角/全角(0xF3) vk=0xF3 scan=0x29 press=13:08:14.620Z (auto)  状態=IME ON・入力なし
    前     : A(open=1 conv=0x09) B(open=1 conv=0x09) T(open=1 conv=0x09) G(open=0 conv=0x00) comp="" tail="k"
    +100ms: A(open=0 conv=0x09) B(open=0 conv=0x09) T(open=0 conv=0x09) G(open=0 conv=0x00) comp="" tail="k"
    +400ms: A(open=0 conv=0x09) B(open=0 conv=0x09) T(open=0 conv=0x09) G(open=0 conv=0x00) comp="" tail="k"
    +1500ms: A(open=0 conv=0x09) B(open=0 conv=0x09) T(open=0 conv=0x09) G(open=0 conv=0x00) comp="" tail="k"
    差分 (前→+100ms): Δ open A:1→0 B:1→0 / tsf-thread open:1→0 conv:0x09→0x09   (前→+400ms): Δ open A:1→0 B:1→0 / tsf-thread open:1→0 conv:0x09→0x09   (前→+1500ms): Δ open A:1→0 B:1→0 / tsf-thread open:1→0 conv:0x09→0x09
[WALK 7/100] 注入: k vk=0x4B
[13:08:18.179Z] KEY [準備/その他] k vk=0x4B scan=0x25 press=13:08:16.560Z (auto)  状態=直接入力
    前     : A(open=0 conv=0x09) B(open=0 conv=0x09) T(open=0 conv=0x09) G(open=0 conv=0x00) comp="" tail="k"
    +100ms: A(open=0 conv=0x09) B(open=0 conv=0x09) T(open=0 conv=0x09) G(open=0 conv=0x00) comp="" tail="kk"
    +400ms: A(open=0 conv=0x09) B(open=0 conv=0x09) T(open=0 conv=0x09) G(open=0 conv=0x00) comp="" tail="kk"
    +1500ms: A(open=0 conv=0x09) B(open=0 conv=0x09) T(open=0 conv=0x09) G(open=0 conv=0x00) comp="" tail="kk"
    差分 (前→+100ms): Δ tail:"k"→"kk"   (前→+400ms): Δ tail:"k"→"kk"   (前→+1500ms): Δ tail:"k"→"kk"
[WALK 8/100] 注入: Enter vk=0x0D
[13:08:20.058Z] KEY [準備/その他] Enter vk=0x0D scan=0x1C press=13:08:18.491Z (auto)  状態=直接入力
    前     : A(open=0 conv=0x09) B(open=0 conv=0x09) T(open=0 conv=0x09) G(open=0 conv=0x00) comp="" tail="kk"
    +100ms: A(open=0 conv=0x09) B(open=0 conv=0x09) T(open=0 conv=0x09) G(open=0 conv=0x00) comp="" tail="kk"
    +400ms: A(open=0 conv=0x09) B(open=0 conv=0x09) T(open=0 conv=0x09) G(open=0 conv=0x00) comp="" tail="kk"
    +1500ms: A(open=0 conv=0x09) B(open=0 conv=0x09) T(open=0 conv=0x09) G(open=0 conv=0x00) comp="" tail="kk"
    差分 (前→+100ms): Δなし   (前→+400ms): Δなし   (前→+1500ms): Δなし
[WALK 9/100] 注入: 変換 vk=0x1C
[13:08:22.002Z] KEY [準備/その他] 変換 vk=0x1C scan=0x79 press=13:08:20.437Z (auto)  状態=直接入力
    前     : A(open=0 conv=0x09) B(open=0 conv=0x09) T(open=0 conv=0x09) G(open=0 conv=0x00) comp="" tail="kk"
    +100ms: A(open=1 conv=0x09) B(open=1 conv=0x09) T(open=1 conv=0x09) G(open=0 conv=0x00) comp="" tail="kk"
    +400ms: A(open=1 conv=0x09) B(open=1 conv=0x09) T(open=1 conv=0x09) G(open=0 conv=0x00) comp="" tail="kk"
    +1500ms: A(open=1 conv=0x09) B(open=1 conv=0x09) T(open=1 conv=0x09) G(open=0 conv=0x00) comp="" tail="kk"
    差分 (前→+100ms): Δ open A:0→1 B:0→1 / tsf-thread open:0→1 conv:0x09→0x09   (前→+400ms): Δ open A:0→1 B:0→1 / tsf-thread open:0→1 conv:0x09→0x09   (前→+1500ms): Δ open A:0→1 B:0→1 / tsf-thread open:0→1 conv:0x09→0x09
[WALK 10/100] 注入: ひらがな vk=0xF2
[13:08:23.950Z] KEY [準備/その他] ひらがな(0xF2) vk=0xF2 scan=0x70 press=13:08:22.379Z (auto)  状態=IME ON・入力なし
    前     : A(open=1 conv=0x09) B(open=1 conv=0x09) T(open=1 conv=0x09) G(open=0 conv=0x00) comp="" tail="kk"
    +100ms: A(open=0 conv=0x09) B(open=0 conv=0x09) T(open=0 conv=0x09) G(open=0 conv=0x00) comp="" tail="kk"
    +400ms: A(open=0 conv=0x09) B(open=0 conv=0x09) T(open=0 conv=0x09) G(open=0 conv=0x00) comp="" tail="kk"
    +1500ms: A(open=0 conv=0x09) B(open=0 conv=0x09) T(open=0 conv=0x09) G(open=0 conv=0x00) comp="" tail="kk"
    差分 (前→+100ms): Δ open A:1→0 B:1→0 / tsf-thread open:1→0 conv:0x09→0x09   (前→+400ms): Δ open A:1→0 B:1→0 / tsf-thread open:1→0 conv:0x09→0x09   (前→+1500ms): Δ open A:1→0 B:1→0 / tsf-thread open:1→0 conv:0x09→0x09
[WALK 11/100] 注入: Esc vk=0x1B
[13:08:25.957Z] KEY [準備/その他] ESC vk=0x1B scan=0x01 press=13:08:24.324Z (auto)  状態=直接入力
    前     : A(open=0 conv=0x09) B(open=0 conv=0x09) T(open=0 conv=0x09) G(open=0 conv=0x00) comp="" tail="kk"
    +100ms: A(open=0 conv=0x09) B(open=0 conv=0x09) T(open=0 conv=0x09) G(open=0 conv=0x00) comp="" tail="kk"
    +400ms: A(open=0 conv=0x09) B(open=0 conv=0x09) T(open=0 conv=0x09) G(open=0 conv=0x00) comp="" tail="kk"
    +1500ms: A(open=0 conv=0x09) B(open=0 conv=0x09) T(open=0 conv=0x09) G(open=0 conv=0x00) comp="" tail="kk"
    差分 (前→+100ms): Δなし   (前→+400ms): Δなし   (前→+1500ms): Δなし
[WALK 12/100] 注入: ひらがな vk=0xF2
[13:08:27.825Z] KEY [準備/その他] ひらがな(0xF2) vk=0xF2 scan=0x70 press=13:08:26.260Z (auto)  状態=直接入力
    前     : A(open=0 conv=0x09) B(open=0 conv=0x09) T(open=0 conv=0x09) G(open=0 conv=0x00) comp="" tail="kk"
    +100ms: A(open=1 conv=0x09) B(open=1 conv=0x09) T(open=1 conv=0x09) G(open=0 conv=0x00) comp="" tail="kk"
    +400ms: A(open=1 conv=0x09) B(open=1 conv=0x09) T(open=1 conv=0x09) G(open=0 conv=0x00) comp="" tail="kk"
    +1500ms: A(open=1 conv=0x09) B(open=1 conv=0x09) T(open=1 conv=0x09) G(open=0 conv=0x00) comp="" tail="kk"
    差分 (前→+100ms): Δ open A:0→1 B:0→1 / tsf-thread open:0→1 conv:0x09→0x09   (前→+400ms): Δ open A:0→1 B:0→1 / tsf-thread open:0→1 conv:0x09→0x09   (前→+1500ms): Δ open A:0→1 B:0→1 / tsf-thread open:0→1 conv:0x09→0x09
[WALK 13/100] 注入: ひらがな vk=0xF2
[13:08:29.820Z] KEY [準備/その他] ひらがな(0xF2) vk=0xF2 scan=0x70 press=13:08:28.203Z (auto)  状態=IME ON・入力なし
    前     : A(open=1 conv=0x09) B(open=1 conv=0x09) T(open=1 conv=0x09) G(open=0 conv=0x00) comp="" tail="kk"
    +100ms: A(open=0 conv=0x09) B(open=0 conv=0x09) T(open=0 conv=0x09) G(open=0 conv=0x00) comp="" tail="kk"
    +400ms: A(open=0 conv=0x09) B(open=0 conv=0x09) T(open=0 conv=0x09) G(open=0 conv=0x00) comp="" tail="kk"
    +1500ms: A(open=0 conv=0x09) B(open=0 conv=0x09) T(open=0 conv=0x09) G(open=0 conv=0x00) comp="" tail="kk"
    差分 (前→+100ms): Δ open A:1→0 B:1→0 / tsf-thread open:1→0 conv:0x09→0x09   (前→+400ms): Δ open A:1→0 B:1→0 / tsf-thread open:1→0 conv:0x09→0x09   (前→+1500ms): Δ open A:1→0 B:1→0 / tsf-thread open:1→0 conv:0x09→0x09
[WALK 14/100] 注入: ひらがな vk=0xF2
[13:08:31.728Z] KEY [準備/その他] ひらがな(0xF2) vk=0xF2 scan=0x70 press=13:08:30.136Z (auto)  状態=直接入力
    前     : A(open=0 conv=0x09) B(open=0 conv=0x09) T(open=0 conv=0x09) G(open=0 conv=0x00) comp="" tail="kk"
    +100ms: A(open=1 conv=0x09) B(open=1 conv=0x09) T(open=1 conv=0x09) G(open=0 conv=0x00) comp="" tail="kk"
    +400ms: A(open=1 conv=0x09) B(open=1 conv=0x09) T(open=1 conv=0x09) G(open=0 conv=0x00) comp="" tail="kk"
    +1500ms: A(open=1 conv=0x09) B(open=1 conv=0x09) T(open=1 conv=0x09) G(open=0 conv=0x00) comp="" tail="kk"
    差分 (前→+100ms): Δ open A:0→1 B:0→1 / tsf-thread open:0→1 conv:0x09→0x09   (前→+400ms): Δ open A:0→1 B:0→1 / tsf-thread open:0→1 conv:0x09→0x09   (前→+1500ms): Δ open A:0→1 B:0→1 / tsf-thread open:0→1 conv:0x09→0x09
[WALK 15/100] 注入: 無変換 vk=0x1D
[13:08:33.662Z] KEY [準備/その他] 無変換 vk=0x1D scan=0x7B press=13:08:32.042Z (auto)  状態=IME ON・入力なし
    前     : A(open=1 conv=0x09) B(open=1 conv=0x09) T(open=1 conv=0x09) G(open=0 conv=0x00) comp="" tail="kk"
    +100ms: A(open=0 conv=0x09) B(open=0 conv=0x09) T(open=0 conv=0x09) G(open=0 conv=0x00) comp="" tail="kk"
    +400ms: A(open=0 conv=0x09) B(open=0 conv=0x09) T(open=0 conv=0x09) G(open=0 conv=0x00) comp="" tail="kk"
    +1500ms: A(open=0 conv=0x09) B(open=0 conv=0x09) T(open=0 conv=0x09) G(open=0 conv=0x00) comp="" tail="kk"
    差分 (前→+100ms): Δ open A:1→0 B:1→0 / tsf-thread open:1→0 conv:0x09→0x09   (前→+400ms): Δ open A:1→0 B:1→0 / tsf-thread open:1→0 conv:0x09→0x09   (前→+1500ms): Δ open A:1→0 B:1→0 / tsf-thread open:1→0 conv:0x09→0x09
[WALK 16/100] 注入: ひらがな vk=0xF2
[13:08:35.546Z] KEY [準備/その他] ひらがな(0xF2) vk=0xF2 scan=0x70 press=13:08:33.978Z (auto)  状態=直接入力
    前     : A(open=0 conv=0x09) B(open=0 conv=0x09) T(open=0 conv=0x09) G(open=0 conv=0x00) comp="" tail="kk"
    +100ms: A(open=1 conv=0x09) B(open=1 conv=0x09) T(open=1 conv=0x09) G(open=0 conv=0x00) comp="" tail="kk"
    +400ms: A(open=1 conv=0x09) B(open=1 conv=0x09) T(open=1 conv=0x09) G(open=0 conv=0x00) comp="" tail="kk"
    +1500ms: A(open=1 conv=0x09) B(open=1 conv=0x09) T(open=1 conv=0x09) G(open=0 conv=0x00) comp="" tail="kk"
    差分 (前→+100ms): Δ open A:0→1 B:0→1 / tsf-thread open:0→1 conv:0x09→0x09   (前→+400ms): Δ open A:0→1 B:0→1 / tsf-thread open:0→1 conv:0x09→0x09   (前→+1500ms): Δ open A:0→1 B:0→1 / tsf-thread open:0→1 conv:0x09→0x09
[WALK 17/100] 注入: ひらがな vk=0xF2
[13:08:37.539Z] KEY [準備/その他] ひらがな(0xF2) vk=0xF2 scan=0x70 press=13:08:35.920Z (auto)  状態=IME ON・入力なし
    前     : A(open=1 conv=0x09) B(open=1 conv=0x09) T(open=1 conv=0x09) G(open=0 conv=0x00) comp="" tail="kk"
    +100ms: A(open=0 conv=0x09) B(open=0 conv=0x09) T(open=0 conv=0x09) G(open=0 conv=0x00) comp="" tail="kk"
    +400ms: A(open=0 conv=0x09) B(open=0 conv=0x09) T(open=0 conv=0x09) G(open=0 conv=0x00) comp="" tail="kk"
    +1500ms: A(open=0 conv=0x09) B(open=0 conv=0x09) T(open=0 conv=0x09) G(open=0 conv=0x00) comp="" tail="kk"
    差分 (前→+100ms): Δ open A:1→0 B:1→0 / tsf-thread open:1→0 conv:0x09→0x09   (前→+400ms): Δ open A:1→0 B:1→0 / tsf-thread open:1→0 conv:0x09→0x09   (前→+1500ms): Δ open A:1→0 B:1→0 / tsf-thread open:1→0 conv:0x09→0x09
[WALK 18/100] 注入: a vk=0x41
[13:08:39.476Z] KEY [準備/その他] a vk=0x41 scan=0x1E press=13:08:37.854Z (auto)  状態=直接入力
    前     : A(open=0 conv=0x09) B(open=0 conv=0x09) T(open=0 conv=0x09) G(open=0 conv=0x00) comp="" tail="kk"
    +100ms: A(open=0 conv=0x09) B(open=0 conv=0x09) T(open=0 conv=0x09) G(open=0 conv=0x00) comp="" tail="kka"
    +400ms: A(open=0 conv=0x09) B(open=0 conv=0x09) T(open=0 conv=0x09) G(open=0 conv=0x00) comp="" tail="kka"
    +1500ms: A(open=0 conv=0x09) B(open=0 conv=0x09) T(open=0 conv=0x09) G(open=0 conv=0x00) comp="" tail="kka"
    差分 (前→+100ms): Δ tail:"kk"→"kka"   (前→+400ms): Δ tail:"kk"→"kka"   (前→+1500ms): Δ tail:"kk"→"kka"
[WALK 19/100] 注入: Enter vk=0x0D
[13:08:41.359Z] KEY [準備/その他] Enter vk=0x0D scan=0x1C press=13:08:39.791Z (auto)  状態=直接入力
    前     : A(open=0 conv=0x09) B(open=0 conv=0x09) T(open=0 conv=0x09) G(open=0 conv=0x00) comp="" tail="kka"
    +100ms: A(open=0 conv=0x09) B(open=0 conv=0x09) T(open=0 conv=0x09) G(open=0 conv=0x00) comp="" tail="kka"
    +400ms: A(open=0 conv=0x09) B(open=0 conv=0x09) T(open=0 conv=0x09) G(open=0 conv=0x00) comp="" tail="kka"
    +1500ms: A(open=0 conv=0x09) B(open=0 conv=0x09) T(open=0 conv=0x09) G(open=0 conv=0x00) comp="" tail="kka"
    差分 (前→+100ms): Δなし   (前→+400ms): Δなし   (前→+1500ms): Δなし
[WALK 20/100] 注入: Esc vk=0x1B
[13:08:43.350Z] KEY [準備/その他] ESC vk=0x1B scan=0x01 press=13:08:41.736Z (auto)  状態=直接入力
    前     : A(open=0 conv=0x09) B(open=0 conv=0x09) T(open=0 conv=0x09) G(open=0 conv=0x00) comp="" tail="kka"
    +100ms: A(open=0 conv=0x09) B(open=0 conv=0x09) T(open=0 conv=0x09) G(open=0 conv=0x00) comp="" tail="kka"
    +400ms: A(open=0 conv=0x09) B(open=0 conv=0x09) T(open=0 conv=0x09) G(open=0 conv=0x00) comp="" tail="kka"
    +1500ms: A(open=0 conv=0x09) B(open=0 conv=0x09) T(open=0 conv=0x09) G(open=0 conv=0x00) comp="" tail="kka"
    差分 (前→+100ms): Δなし   (前→+400ms): Δなし   (前→+1500ms): Δなし
[WALK 21/100] 注入: 無変換 vk=0x1D
[13:08:45.236Z] KEY [準備/その他] 無変換 vk=0x1D scan=0x7B press=13:08:43.662Z (auto)  状態=直接入力
    前     : A(open=0 conv=0x09) B(open=0 conv=0x09) T(open=0 conv=0x09) G(open=0 conv=0x00) comp="" tail="kka"
    +100ms: A(open=1 conv=0x09) B(open=1 conv=0x09) T(open=1 conv=0x09) G(open=0 conv=0x00) comp="" tail="kka"
    +400ms: A(open=1 conv=0x09) B(open=1 conv=0x09) T(open=1 conv=0x09) G(open=0 conv=0x00) comp="" tail="kka"
    +1500ms: A(open=1 conv=0x09) B(open=1 conv=0x09) T(open=1 conv=0x09) G(open=0 conv=0x00) comp="" tail="kka"
    差分 (前→+100ms): Δ open A:0→1 B:0→1 / tsf-thread open:0→1 conv:0x09→0x09   (前→+400ms): Δ open A:0→1 B:0→1 / tsf-thread open:0→1 conv:0x09→0x09   (前→+1500ms): Δ open A:0→1 B:0→1 / tsf-thread open:0→1 conv:0x09→0x09
[WALK 22/100] 注入: Enter vk=0x0D
[13:08:47.174Z] KEY [準備/その他] Enter vk=0x0D scan=0x1C press=13:08:45.607Z (auto)  状態=IME ON・入力なし
    前     : A(open=1 conv=0x09) B(open=1 conv=0x09) T(open=1 conv=0x09) G(open=0 conv=0x00) comp="" tail="kka"
    +100ms: A(open=1 conv=0x09) B(open=1 conv=0x09) T(open=1 conv=0x09) G(open=0 conv=0x00) comp="" tail="kka"
    +400ms: A(open=1 conv=0x09) B(open=1 conv=0x09) T(open=1 conv=0x09) G(open=0 conv=0x00) comp="" tail="kka"
    +1500ms: A(open=1 conv=0x09) B(open=1 conv=0x09) T(open=1 conv=0x09) G(open=0 conv=0x00) comp="" tail="kka"
    差分 (前→+100ms): Δなし   (前→+400ms): Δなし   (前→+1500ms): Δなし
[WALK 23/100] 注入: k vk=0x4B
[13:08:49.172Z] KEY [準備/その他] k vk=0x4B scan=0x25 press=13:08:47.549Z (auto)  状態=IME ON・入力なし
    前     : A(open=1 conv=0x09) B(open=1 conv=0x09) T(open=1 conv=0x09) G(open=0 conv=0x00) comp="" tail="kka"
    +100ms: A(open=1 conv=0x09) B(open=1 conv=0x09) T(open=1 conv=0x09) G(open=0 conv=0x00) comp="ｋ" tail="kka"
    +400ms: A(open=1 conv=0x09) B(open=1 conv=0x09) T(open=1 conv=0x09) G(open=0 conv=0x00) comp="ｋ" tail="kka"
    +1500ms: A(open=1 conv=0x09) B(open=1 conv=0x09) T(open=1 conv=0x09) G(open=0 conv=0x00) comp="ｋ" tail="kka"
    差分 (前→+100ms): Δ comp:Some("")→Some("ｋ")   (前→+400ms): Δ comp:Some("")→Some("ｋ")   (前→+1500ms): Δ comp:Some("")→Some("ｋ")
[WALK 24/100] 注入: ひらがな vk=0xF2
[13:08:51.100Z] KEY [準備/その他] ひらがな(0xF2) vk=0xF2 scan=0x70 press=13:08:49.488Z (auto)  状態=IME ON・入力中
    前     : A(open=1 conv=0x09) B(open=1 conv=0x09) T(open=1 conv=0x09) G(open=0 conv=0x00) comp="ｋ" tail="kka"
    +100ms: A(open=1 conv=0x00) B(open=1 conv=0x00) T(open=1 conv=0x00) G(open=0 conv=0x00) comp="ｋ" tail="kka"
    +400ms: A(open=1 conv=0x00) B(open=1 conv=0x00) T(open=1 conv=0x00) G(open=0 conv=0x00) comp="ｋ" tail="kka"
    +1500ms: A(open=1 conv=0x00) B(open=1 conv=0x00) T(open=1 conv=0x00) G(open=0 conv=0x00) comp="ｋ" tail="kka"
    差分 (前→+100ms): Δ conv A:0x09→0x00 B:0x09→0x00 / tsf-thread open:1→1 conv:0x09→0x00   (前→+400ms): Δ conv A:0x09→0x00 B:0x09→0x00 / tsf-thread open:1→1 conv:0x09→0x00   (前→+1500ms): Δ conv A:0x09→0x00 B:0x09→0x00 / tsf-thread open:1→1 conv:0x09→0x00
[WALK 25/100] 注入: a vk=0x41
[13:08:52.979Z] KEY [準備/その他] a vk=0x41 scan=0x1E press=13:08:51.412Z (auto)  状態=IME ON・入力中
    前     : A(open=1 conv=0x00) B(open=1 conv=0x00) T(open=1 conv=0x00) G(open=0 conv=0x00) comp="ｋ" tail="kka"
    +100ms: A(open=1 conv=0x00) B(open=1 conv=0x00) T(open=1 conv=0x00) G(open=0 conv=0x00) comp="ｋa" tail="kka"
    +400ms: A(open=1 conv=0x00) B(open=1 conv=0x00) T(open=1 conv=0x00) G(open=0 conv=0x00) comp="ｋa" tail="kka"
    +1500ms: A(open=1 conv=0x00) B(open=1 conv=0x00) T(open=1 conv=0x00) G(open=0 conv=0x00) comp="ｋa" tail="kka"
    差分 (前→+100ms): Δ comp:Some("ｋ")→Some("ｋa")   (前→+400ms): Δ comp:Some("ｋ")→Some("ｋa")   (前→+1500ms): Δ comp:Some("ｋ")→Some("ｋa")
[WALK 26/100] 注入: Enter vk=0x0D
[13:08:54.977Z] KEY [準備/その他] Enter vk=0x0D scan=0x1C press=13:08:53.354Z (auto)  状態=IME ON・入力中
    前     : A(open=1 conv=0x00) B(open=1 conv=0x00) T(open=1 conv=0x00) G(open=0 conv=0x00) comp="ｋa" tail="kka"
    +100ms: A(open=0 conv=0x00) B(open=0 conv=0x00) T(open=0 conv=0x00) G(open=0 conv=0x00) comp="" tail="kkaｋa"
    +400ms: A(open=0 conv=0x00) B(open=0 conv=0x00) T(open=0 conv=0x00) G(open=0 conv=0x00) comp="" tail="kkaｋa"
    +1500ms: A(open=0 conv=0x00) B(open=0 conv=0x00) T(open=0 conv=0x00) G(open=0 conv=0x00) comp="" tail="kkaｋa"
    差分 (前→+100ms): Δ open A:1→0 B:1→0 / tsf-thread open:1→0 conv:0x00→0x00 / comp:Some("ｋa")→Some("") / tail:"kka"→"kkaｋa"   (前→+400ms): Δ open A:1→0 B:1→0 / tsf-thread open:1→0 conv:0x00→0x00 / comp:Some("ｋa")→Some("") / tail:"kka"→"kkaｋa"   (前→+1500ms): Δ open A:1→0 B:1→0 / tsf-thread open:1→0 conv:0x00→0x00 / comp:Some("ｋa")→Some("") / tail:"kka"→"kkaｋa"
[WALK 27/100] 注入: Esc vk=0x1B
[13:08:56.853Z] KEY [準備/その他] ESC vk=0x1B scan=0x01 press=13:08:55.291Z (auto)  状態=直接入力
    前     : A(open=0 conv=0x00) B(open=0 conv=0x00) T(open=0 conv=0x00) G(open=0 conv=0x00) comp="" tail="kkaｋa"
    +100ms: A(open=0 conv=0x00) B(open=0 conv=0x00) T(open=0 conv=0x00) G(open=0 conv=0x00) comp="" tail="kkaｋa"
    +400ms: A(open=0 conv=0x00) B(open=0 conv=0x00) T(open=0 conv=0x00) G(open=0 conv=0x00) comp="" tail="kkaｋa"
    +1500ms: A(open=0 conv=0x00) B(open=0 conv=0x00) T(open=0 conv=0x00) G(open=0 conv=0x00) comp="" tail="kkaｋa"
    差分 (前→+100ms): Δなし   (前→+400ms): Δなし   (前→+1500ms): Δなし
[WALK 28/100] 注入: ひらがな vk=0xF2
[13:08:58.798Z] KEY [準備/その他] ひらがな(0xF2) vk=0xF2 scan=0x70 press=13:08:57.229Z (auto)  状態=直接入力
    前     : A(open=0 conv=0x00) B(open=0 conv=0x00) T(open=0 conv=0x00) G(open=0 conv=0x00) comp="" tail="kkaｋa"
    +100ms: A(open=1 conv=0x09) B(open=1 conv=0x09) T(open=1 conv=0x09) G(open=0 conv=0x00) comp="" tail="kkaｋa"
    +400ms: A(open=1 conv=0x09) B(open=1 conv=0x09) T(open=1 conv=0x09) G(open=0 conv=0x00) comp="" tail="kkaｋa"
    +1500ms: A(open=1 conv=0x09) B(open=1 conv=0x09) T(open=1 conv=0x09) G(open=0 conv=0x00) comp="" tail="kkaｋa"
    差分 (前→+100ms): Δ open A:0→1 B:0→1 / conv A:0x00→0x09 B:0x00→0x09 / tsf-thread open:0→1 conv:0x00→0x09   (前→+400ms): Δ open A:0→1 B:0→1 / conv A:0x00→0x09 B:0x00→0x09 / tsf-thread open:0→1 conv:0x00→0x09   (前→+1500ms): Δ open A:0→1 B:0→1 / conv A:0x00→0x09 B:0x00→0x09 / tsf-thread open:0→1 conv:0x00→0x09
[WALK 29/100] 注入: Esc vk=0x1B
[13:09:00.737Z] KEY [準備/その他] ESC vk=0x1B scan=0x01 press=13:08:59.175Z (auto)  状態=IME ON・入力なし
    前     : A(open=1 conv=0x09) B(open=1 conv=0x09) T(open=1 conv=0x09) G(open=0 conv=0x00) comp="" tail="kkaｋa"
    +100ms: A(open=1 conv=0x09) B(open=1 conv=0x09) T(open=1 conv=0x09) G(open=0 conv=0x00) comp="" tail="kkaｋa"
    +400ms: A(open=1 conv=0x09) B(open=1 conv=0x09) T(open=1 conv=0x09) G(open=0 conv=0x00) comp="" tail="kkaｋa"
    +1500ms: A(open=1 conv=0x09) B(open=1 conv=0x09) T(open=1 conv=0x09) G(open=0 conv=0x00) comp="" tail="kkaｋa"
    差分 (前→+100ms): Δなし   (前→+400ms): Δなし   (前→+1500ms): Δなし
[WALK 30/100] 注入: 半角/全角 vk=0xF3
[13:09:02.684Z] KEY [準備/その他] 半角/全角(0xF3) vk=0xF3 scan=0x29 press=13:09:01.113Z (auto)  状態=IME ON・入力なし
    前     : A(open=1 conv=0x09) B(open=1 conv=0x09) T(open=1 conv=0x09) G(open=0 conv=0x00) comp="" tail="kkaｋa"
    +100ms: A(open=0 conv=0x09) B(open=0 conv=0x09) T(open=0 conv=0x09) G(open=0 conv=0x00) comp="" tail="kkaｋa"
    +400ms: A(open=0 conv=0x09) B(open=0 conv=0x09) T(open=0 conv=0x09) G(open=0 conv=0x00) comp="" tail="kkaｋa"
    +1500ms: A(open=0 conv=0x09) B(open=0 conv=0x09) T(open=0 conv=0x09) G(open=0 conv=0x00) comp="" tail="kkaｋa"
    差分 (前→+100ms): Δ open A:1→0 B:1→0 / tsf-thread open:1→0 conv:0x09→0x09   (前→+400ms): Δ open A:1→0 B:1→0 / tsf-thread open:1→0 conv:0x09→0x09   (前→+1500ms): Δ open A:1→0 B:1→0 / tsf-thread open:1→0 conv:0x09→0x09
[WALK 31/100] 注入: Enter vk=0x0D
[13:09:04.687Z] KEY [準備/その他] Enter vk=0x0D scan=0x1C press=13:09:03.064Z (auto)  状態=直接入力
    前     : A(open=0 conv=0x09) B(open=0 conv=0x09) T(open=0 conv=0x09) G(open=0 conv=0x00) comp="" tail="kkaｋa"
    +100ms: A(open=0 conv=0x09) B(open=0 conv=0x09) T(open=0 conv=0x09) G(open=0 conv=0x00) comp="" tail="kkaｋa"
    +400ms: A(open=0 conv=0x09) B(open=0 conv=0x09) T(open=0 conv=0x09) G(open=0 conv=0x00) comp="" tail="kkaｋa"
    +1500ms: A(open=0 conv=0x09) B(open=0 conv=0x09) T(open=0 conv=0x09) G(open=0 conv=0x00) comp="" tail="kkaｋa"
    差分 (前→+100ms): Δなし   (前→+400ms): Δなし   (前→+1500ms): Δなし
[WALK 32/100] 注入: k vk=0x4B
[13:09:06.572Z] KEY [準備/その他] k vk=0x4B scan=0x25 press=13:09:05.001Z (auto)  状態=直接入力
    前     : A(open=0 conv=0x09) B(open=0 conv=0x09) T(open=0 conv=0x09) G(open=0 conv=0x00) comp="" tail="kkaｋa"
    +100ms: A(open=0 conv=0x09) B(open=0 conv=0x09) T(open=0 conv=0x09) G(open=0 conv=0x00) comp="" tail="kkaｋak"
    +400ms: A(open=0 conv=0x09) B(open=0 conv=0x09) T(open=0 conv=0x09) G(open=0 conv=0x00) comp="" tail="kkaｋak"
    +1500ms: A(open=0 conv=0x09) B(open=0 conv=0x09) T(open=0 conv=0x09) G(open=0 conv=0x00) comp="" tail="kkaｋak"
    差分 (前→+100ms): Δ tail:"kkaｋa"→"kkaｋak"   (前→+400ms): Δ tail:"kkaｋa"→"kkaｋak"   (前→+1500ms): Δ tail:"kkaｋa"→"kkaｋak"
[WALK 33/100] 注入: a vk=0x41
[13:09:08.513Z] KEY [準備/その他] a vk=0x41 scan=0x1E press=13:09:06.945Z (auto)  状態=直接入力
    前     : A(open=0 conv=0x09) B(open=0 conv=0x09) T(open=0 conv=0x09) G(open=0 conv=0x00) comp="" tail="kkaｋak"
    +100ms: A(open=0 conv=0x09) B(open=0 conv=0x09) T(open=0 conv=0x09) G(open=0 conv=0x00) comp="" tail="kkaｋaka"
    +400ms: A(open=0 conv=0x09) B(open=0 conv=0x09) T(open=0 conv=0x09) G(open=0 conv=0x00) comp="" tail="kkaｋaka"
    +1500ms: A(open=0 conv=0x09) B(open=0 conv=0x09) T(open=0 conv=0x09) G(open=0 conv=0x00) comp="" tail="kkaｋaka"
    差分 (前→+100ms): Δ tail:"kkaｋak"→"kkaｋaka"   (前→+400ms): Δ tail:"kkaｋak"→"kkaｋaka"   (前→+1500ms): Δ tail:"kkaｋak"→"kkaｋaka"
[WALK 34/100] 注入: Enter vk=0x0D
[13:09:10.505Z] KEY [準備/その他] Enter vk=0x0D scan=0x1C press=13:09:08.890Z (auto)  状態=直接入力
    前     : A(open=0 conv=0x09) B(open=0 conv=0x09) T(open=0 conv=0x09) G(open=0 conv=0x00) comp="" tail="kkaｋaka"
    +100ms: A(open=0 conv=0x09) B(open=0 conv=0x09) T(open=0 conv=0x09) G(open=0 conv=0x00) comp="" tail="kkaｋaka"
    +400ms: A(open=0 conv=0x09) B(open=0 conv=0x09) T(open=0 conv=0x09) G(open=0 conv=0x00) comp="" tail="kkaｋaka"
    +1500ms: A(open=0 conv=0x09) B(open=0 conv=0x09) T(open=0 conv=0x09) G(open=0 conv=0x00) comp="" tail="kkaｋaka"
    差分 (前→+100ms): Δなし   (前→+400ms): Δなし   (前→+1500ms): Δなし
[WALK 35/100] 注入: 半角/全角 vk=0xF3
[13:09:12.391Z] KEY [準備/その他] 半角/全角(0xF4) vk=0xF4 scan=0x29 press=13:09:10.818Z (auto)  状態=直接入力
    前     : A(open=0 conv=0x09) B(open=0 conv=0x09) T(open=0 conv=0x09) G(open=0 conv=0x00) comp="" tail="kkaｋaka"
    +100ms: A(open=1 conv=0x09) B(open=1 conv=0x09) T(open=1 conv=0x09) G(open=0 conv=0x00) comp="" tail="kkaｋaka"
    +400ms: A(open=1 conv=0x09) B(open=1 conv=0x09) T(open=1 conv=0x09) G(open=0 conv=0x00) comp="" tail="kkaｋaka"
    +1500ms: A(open=1 conv=0x09) B(open=1 conv=0x09) T(open=1 conv=0x09) G(open=0 conv=0x00) comp="" tail="kkaｋaka"
    差分 (前→+100ms): Δ open A:0→1 B:0→1 / tsf-thread open:0→1 conv:0x09→0x09   (前→+400ms): Δ open A:0→1 B:0→1 / tsf-thread open:0→1 conv:0x09→0x09   (前→+1500ms): Δ open A:0→1 B:0→1 / tsf-thread open:0→1 conv:0x09→0x09
[WALK 36/100] 注入: 変換 vk=0x1C
[13:09:14.388Z] KEY [準備/その他] 変換 vk=0x1C scan=0x79 press=13:09:12.768Z (auto)  状態=IME ON・入力なし
    前     : A(open=1 conv=0x09) B(open=1 conv=0x09) T(open=1 conv=0x09) G(open=0 conv=0x00) comp="" tail="kkaｋaka"
    +100ms: A(open=0 conv=0x09) B(open=0 conv=0x09) T(open=0 conv=0x09) G(open=0 conv=0x00) comp="" tail="kkaｋaka"
    +400ms: A(open=0 conv=0x09) B(open=0 conv=0x09) T(open=0 conv=0x09) G(open=0 conv=0x00) comp="" tail="kkaｋaka"
    +1500ms: A(open=0 conv=0x09) B(open=0 conv=0x09) T(open=0 conv=0x09) G(open=0 conv=0x00) comp="" tail="kkaｋaka"
    差分 (前→+100ms): Δ open A:1→0 B:1→0 / tsf-thread open:1→0 conv:0x09→0x09   (前→+400ms): Δ open A:1→0 B:1→0 / tsf-thread open:1→0 conv:0x09→0x09   (前→+1500ms): Δ open A:1→0 B:1→0 / tsf-thread open:1→0 conv:0x09→0x09
[WALK 37/100] 注入: 変換 vk=0x1C
[13:09:16.277Z] KEY [準備/その他] 変換 vk=0x1C scan=0x79 press=13:09:14.703Z (auto)  状態=直接入力
    前     : A(open=0 conv=0x09) B(open=0 conv=0x09) T(open=0 conv=0x09) G(open=0 conv=0x00) comp="" tail="kkaｋaka"
    +100ms: A(open=1 conv=0x09) B(open=1 conv=0x09) T(open=1 conv=0x09) G(open=0 conv=0x00) comp="" tail="kkaｋaka"
    +400ms: A(open=1 conv=0x09) B(open=1 conv=0x09) T(open=1 conv=0x09) G(open=0 conv=0x00) comp="" tail="kkaｋaka"
    +1500ms: A(open=1 conv=0x09) B(open=1 conv=0x09) T(open=1 conv=0x09) G(open=0 conv=0x00) comp="" tail="kkaｋaka"
    差分 (前→+100ms): Δ open A:0→1 B:0→1 / tsf-thread open:0→1 conv:0x09→0x09   (前→+400ms): Δ open A:0→1 B:0→1 / tsf-thread open:0→1 conv:0x09→0x09   (前→+1500ms): Δ open A:0→1 B:0→1 / tsf-thread open:0→1 conv:0x09→0x09
[WALK 38/100] 注入: k vk=0x4B
[13:09:18.217Z] KEY [準備/その他] k vk=0x4B scan=0x25 press=13:09:16.649Z (auto)  状態=IME ON・入力なし
    前     : A(open=1 conv=0x09) B(open=1 conv=0x09) T(open=1 conv=0x09) G(open=0 conv=0x00) comp="" tail="kkaｋaka"
    +100ms: A(open=1 conv=0x09) B(open=1 conv=0x09) T(open=1 conv=0x09) G(open=0 conv=0x00) comp="ｋ" tail="kkaｋaka"
    +400ms: A(open=1 conv=0x09) B(open=1 conv=0x09) T(open=1 conv=0x09) G(open=0 conv=0x00) comp="ｋ" tail="kkaｋaka"
    +1500ms: A(open=1 conv=0x09) B(open=1 conv=0x09) T(open=1 conv=0x09) G(open=0 conv=0x00) comp="ｋ" tail="kkaｋaka"
    差分 (前→+100ms): Δ comp:Some("")→Some("ｋ")   (前→+400ms): Δ comp:Some("")→Some("ｋ")   (前→+1500ms): Δ comp:Some("")→Some("ｋ")
[WALK 39/100] 注入: 無変換 vk=0x1D
[13:09:20.161Z] KEY [準備/その他] 無変換 vk=0x1D scan=0x7B press=13:09:18.592Z (auto)  状態=IME ON・入力中
    前     : A(open=1 conv=0x09) B(open=1 conv=0x09) T(open=1 conv=0x09) G(open=0 conv=0x00) comp="ｋ" tail="kkaｋaka"
    +100ms: A(open=1 conv=0x00) B(open=1 conv=0x00) T(open=1 conv=0x00) G(open=0 conv=0x00) comp="ｋ" tail="kkaｋaka"
    +400ms: A(open=1 conv=0x00) B(open=1 conv=0x00) T(open=1 conv=0x00) G(open=0 conv=0x00) comp="ｋ" tail="kkaｋaka"
    +1500ms: A(open=1 conv=0x00) B(open=1 conv=0x00) T(open=1 conv=0x00) G(open=0 conv=0x00) comp="ｋ" tail="kkaｋaka"
    差分 (前→+100ms): Δ conv A:0x09→0x00 B:0x09→0x00 / tsf-thread open:1→1 conv:0x09→0x00   (前→+400ms): Δ conv A:0x09→0x00 B:0x09→0x00 / tsf-thread open:1→1 conv:0x09→0x00   (前→+1500ms): Δ conv A:0x09→0x00 B:0x09→0x00 / tsf-thread open:1→1 conv:0x09→0x00
[WALK 40/100] 注入: k vk=0x4B
[13:09:22.111Z] KEY [準備/その他] k vk=0x4B scan=0x25 press=13:09:20.536Z (auto)  状態=IME ON・入力中
    前     : A(open=1 conv=0x00) B(open=1 conv=0x00) T(open=1 conv=0x00) G(open=0 conv=0x00) comp="ｋ" tail="kkaｋaka"
    +100ms: A(open=1 conv=0x00) B(open=1 conv=0x00) T(open=1 conv=0x00) G(open=0 conv=0x00) comp="ｋk" tail="kkaｋaka"
    +400ms: A(open=1 conv=0x00) B(open=1 conv=0x00) T(open=1 conv=0x00) G(open=0 conv=0x00) comp="ｋk" tail="kkaｋaka"
    +1500ms: A(open=1 conv=0x00) B(open=1 conv=0x00) T(open=1 conv=0x00) G(open=0 conv=0x00) comp="ｋk" tail="kkaｋaka"
    差分 (前→+100ms): Δ comp:Some("ｋ")→Some("ｋk")   (前→+400ms): Δ comp:Some("ｋ")→Some("ｋk")   (前→+1500ms): Δ comp:Some("ｋ")→Some("ｋk")
[WALK 41/100] 注入: Esc vk=0x1B
[13:09:24.061Z] KEY [準備/その他] ESC vk=0x1B scan=0x01 press=13:09:22.489Z (auto)  状態=IME ON・入力中
    前     : A(open=1 conv=0x00) B(open=1 conv=0x00) T(open=1 conv=0x00) G(open=0 conv=0x00) comp="ｋk" tail="kkaｋaka"
    +100ms: A(open=0 conv=0x00) B(open=0 conv=0x00) T(open=0 conv=0x00) G(open=0 conv=0x00) comp="" tail="kkaｋaka"
    +400ms: A(open=0 conv=0x00) B(open=0 conv=0x00) T(open=0 conv=0x00) G(open=0 conv=0x00) comp="" tail="kkaｋaka"
    +1500ms: A(open=0 conv=0x00) B(open=0 conv=0x00) T(open=0 conv=0x00) G(open=0 conv=0x00) comp="" tail="kkaｋaka"
    差分 (前→+100ms): Δ open A:1→0 B:1→0 / tsf-thread open:1→0 conv:0x00→0x00 / comp:Some("ｋk")→Some("")   (前→+400ms): Δ open A:1→0 B:1→0 / tsf-thread open:1→0 conv:0x00→0x00 / comp:Some("ｋk")→Some("")   (前→+1500ms): Δ open A:1→0 B:1→0 / tsf-thread open:1→0 conv:0x00→0x00 / comp:Some("ｋk")→Some("")
[WALK 42/100] 注入: k vk=0x4B
[13:09:26.054Z] KEY [準備/その他] k vk=0x4B scan=0x25 press=13:09:24.439Z (auto)  状態=直接入力
    前     : A(open=0 conv=0x00) B(open=0 conv=0x00) T(open=0 conv=0x00) G(open=0 conv=0x00) comp="" tail="kkaｋaka"
    +100ms: A(open=0 conv=0x00) B(open=0 conv=0x00) T(open=0 conv=0x00) G(open=0 conv=0x00) comp="" tail="kkaｋakak"
    +400ms: A(open=0 conv=0x00) B(open=0 conv=0x00) T(open=0 conv=0x00) G(open=0 conv=0x00) comp="" tail="kkaｋakak"
    +1500ms: A(open=0 conv=0x00) B(open=0 conv=0x00) T(open=0 conv=0x00) G(open=0 conv=0x00) comp="" tail="kkaｋakak"
    差分 (前→+100ms): Δ tail:"kkaｋaka"→"kkaｋakak"   (前→+400ms): Δ tail:"kkaｋaka"→"kkaｋakak"   (前→+1500ms): Δ tail:"kkaｋaka"→"kkaｋakak"
[WALK 43/100] 注入: 半角/全角 vk=0xF3
[13:09:27.942Z] KEY [準備/その他] 半角/全角(0xF4) vk=0xF4 scan=0x29 press=13:09:26.367Z (auto)  状態=直接入力
    前     : A(open=0 conv=0x00) B(open=0 conv=0x00) T(open=0 conv=0x00) G(open=0 conv=0x00) comp="" tail="kkaｋakak"
    +100ms: A(open=1 conv=0x09) B(open=1 conv=0x09) T(open=1 conv=0x09) G(open=0 conv=0x00) comp="" tail="kkaｋakak"
    +400ms: A(open=1 conv=0x09) B(open=1 conv=0x09) T(open=1 conv=0x09) G(open=0 conv=0x00) comp="" tail="kkaｋakak"
    +1500ms: A(open=1 conv=0x09) B(open=1 conv=0x09) T(open=1 conv=0x09) G(open=0 conv=0x00) comp="" tail="kkaｋakak"
    差分 (前→+100ms): Δ open A:0→1 B:0→1 / conv A:0x00→0x09 B:0x00→0x09 / tsf-thread open:0→1 conv:0x00→0x09   (前→+400ms): Δ open A:0→1 B:0→1 / conv A:0x00→0x09 B:0x00→0x09 / tsf-thread open:0→1 conv:0x00→0x09   (前→+1500ms): Δ open A:0→1 B:0→1 / conv A:0x00→0x09 B:0x00→0x09 / tsf-thread open:0→1 conv:0x00→0x09
[WALK 44/100] 注入: Esc vk=0x1B
[13:09:29.888Z] KEY [準備/その他] ESC vk=0x1B scan=0x01 press=13:09:28.322Z (auto)  状態=IME ON・入力なし
    前     : A(open=1 conv=0x09) B(open=1 conv=0x09) T(open=1 conv=0x09) G(open=0 conv=0x00) comp="" tail="kkaｋakak"
    +100ms: A(open=1 conv=0x09) B(open=1 conv=0x09) T(open=1 conv=0x09) G(open=0 conv=0x00) comp="" tail="kkaｋakak"
    +400ms: A(open=1 conv=0x09) B(open=1 conv=0x09) T(open=1 conv=0x09) G(open=0 conv=0x00) comp="" tail="kkaｋakak"
    +1500ms: A(open=1 conv=0x09) B(open=1 conv=0x09) T(open=1 conv=0x09) G(open=0 conv=0x00) comp="" tail="kkaｋakak"
    差分 (前→+100ms): Δなし   (前→+400ms): Δなし   (前→+1500ms): Δなし
[WALK 45/100] 注入: k vk=0x4B
[13:09:31.832Z] KEY [準備/その他] k vk=0x4B scan=0x25 press=13:09:30.264Z (auto)  状態=IME ON・入力なし
    前     : A(open=1 conv=0x09) B(open=1 conv=0x09) T(open=1 conv=0x09) G(open=0 conv=0x00) comp="" tail="kkaｋakak"
    +100ms: A(open=1 conv=0x09) B(open=1 conv=0x09) T(open=1 conv=0x09) G(open=0 conv=0x00) comp="ｋ" tail="kkaｋakak"
    +400ms: A(open=1 conv=0x09) B(open=1 conv=0x09) T(open=1 conv=0x09) G(open=0 conv=0x00) comp="ｋ" tail="kkaｋakak"
    +1500ms: A(open=1 conv=0x09) B(open=1 conv=0x09) T(open=1 conv=0x09) G(open=0 conv=0x00) comp="ｋ" tail="kkaｋakak"
    差分 (前→+100ms): Δ comp:Some("")→Some("ｋ")   (前→+400ms): Δ comp:Some("")→Some("ｋ")   (前→+1500ms): Δ comp:Some("")→Some("ｋ")
[WALK 46/100] 注入: k vk=0x4B
[13:09:33.839Z] KEY [準備/その他] k vk=0x4B scan=0x25 press=13:09:32.223Z (auto)  状態=IME ON・入力中
    前     : A(open=1 conv=0x09) B(open=1 conv=0x09) T(open=1 conv=0x09) G(open=0 conv=0x00) comp="ｋ" tail="kkaｋakak"
    +100ms: A(open=1 conv=0x09) B(open=1 conv=0x09) T(open=1 conv=0x09) G(open=0 conv=0x00) comp="ｋｋ" tail="kkaｋakak"
    +400ms: A(open=1 conv=0x09) B(open=1 conv=0x09) T(open=1 conv=0x09) G(open=0 conv=0x00) comp="ｋｋ" tail="kkaｋakak"
    +1500ms: A(open=1 conv=0x09) B(open=1 conv=0x09) T(open=1 conv=0x09) G(open=0 conv=0x00) comp="ｋｋ" tail="kkaｋakak"
    差分 (前→+100ms): Δ comp:Some("ｋ")→Some("ｋｋ")   (前→+400ms): Δ comp:Some("ｋ")→Some("ｋｋ")   (前→+1500ms): Δ comp:Some("ｋ")→Some("ｋｋ")
[WALK 47/100] 注入: 無変換 vk=0x1D
[13:09:35.720Z] KEY [準備/その他] 無変換 vk=0x1D scan=0x7B press=13:09:34.150Z (auto)  状態=IME ON・入力中
    前     : A(open=1 conv=0x09) B(open=1 conv=0x09) T(open=1 conv=0x09) G(open=0 conv=0x00) comp="ｋｋ" tail="kkaｋakak"
    +100ms: A(open=1 conv=0x00) B(open=1 conv=0x00) T(open=1 conv=0x00) G(open=0 conv=0x00) comp="ｋｋ" tail="kkaｋakak"
    +400ms: A(open=1 conv=0x00) B(open=1 conv=0x00) T(open=1 conv=0x00) G(open=0 conv=0x00) comp="ｋｋ" tail="kkaｋakak"
    +1500ms: A(open=1 conv=0x00) B(open=1 conv=0x00) T(open=1 conv=0x00) G(open=0 conv=0x00) comp="ｋｋ" tail="kkaｋakak"
    差分 (前→+100ms): Δ conv A:0x09→0x00 B:0x09→0x00 / tsf-thread open:1→1 conv:0x09→0x00   (前→+400ms): Δ conv A:0x09→0x00 B:0x09→0x00 / tsf-thread open:1→1 conv:0x09→0x00   (前→+1500ms): Δ conv A:0x09→0x00 B:0x09→0x00 / tsf-thread open:1→1 conv:0x09→0x00
[WALK 48/100] 注入: Esc vk=0x1B
[13:09:37.668Z] KEY [準備/その他] ESC vk=0x1B scan=0x01 press=13:09:36.094Z (auto)  状態=IME ON・入力中
    前     : A(open=1 conv=0x00) B(open=1 conv=0x00) T(open=1 conv=0x00) G(open=0 conv=0x00) comp="ｋｋ" tail="kkaｋakak"
    +100ms: A(open=0 conv=0x00) B(open=0 conv=0x00) T(open=0 conv=0x00) G(open=0 conv=0x00) comp="" tail="kkaｋakak"
    +400ms: A(open=0 conv=0x00) B(open=0 conv=0x00) T(open=0 conv=0x00) G(open=0 conv=0x00) comp="" tail="kkaｋakak"
    +1500ms: A(open=0 conv=0x00) B(open=0 conv=0x00) T(open=0 conv=0x00) G(open=0 conv=0x00) comp="" tail="kkaｋakak"
    差分 (前→+100ms): Δ open A:1→0 B:1→0 / tsf-thread open:1→0 conv:0x00→0x00 / comp:Some("ｋｋ")→Some("")   (前→+400ms): Δ open A:1→0 B:1→0 / tsf-thread open:1→0 conv:0x00→0x00 / comp:Some("ｋｋ")→Some("")   (前→+1500ms): Δ open A:1→0 B:1→0 / tsf-thread open:1→0 conv:0x00→0x00 / comp:Some("ｋｋ")→Some("")
[WALK 49/100] 注入: ひらがな vk=0xF2
[13:09:39.607Z] KEY [準備/その他] ひらがな(0xF2) vk=0xF2 scan=0x70 press=13:09:38.043Z (auto)  状態=直接入力
    前     : A(open=0 conv=0x00) B(open=0 conv=0x00) T(open=0 conv=0x00) G(open=0 conv=0x00) comp="" tail="kkaｋakak"
    +100ms: A(open=1 conv=0x09) B(open=1 conv=0x09) T(open=1 conv=0x09) G(open=0 conv=0x00) comp="" tail="kkaｋakak"
    +400ms: A(open=1 conv=0x09) B(open=1 conv=0x09) T(open=1 conv=0x09) G(open=0 conv=0x00) comp="" tail="kkaｋakak"
    +1500ms: A(open=1 conv=0x09) B(open=1 conv=0x09) T(open=1 conv=0x09) G(open=0 conv=0x00) comp="" tail="kkaｋakak"
    差分 (前→+100ms): Δ open A:0→1 B:0→1 / conv A:0x00→0x09 B:0x00→0x09 / tsf-thread open:0→1 conv:0x00→0x09   (前→+400ms): Δ open A:0→1 B:0→1 / conv A:0x00→0x09 B:0x00→0x09 / tsf-thread open:0→1 conv:0x00→0x09   (前→+1500ms): Δ open A:0→1 B:0→1 / conv A:0x00→0x09 B:0x00→0x09 / tsf-thread open:0→1 conv:0x00→0x09
[WALK 50/100] 注入: Enter vk=0x0D
[13:09:41.581Z] KEY [準備/その他] Enter vk=0x0D scan=0x1C press=13:09:39.982Z (auto)  状態=IME ON・入力なし
    前     : A(open=1 conv=0x09) B(open=1 conv=0x09) T(open=1 conv=0x09) G(open=0 conv=0x00) comp="" tail="kkaｋakak"
    +100ms: A(open=1 conv=0x09) B(open=1 conv=0x09) T(open=1 conv=0x09) G(open=0 conv=0x00) comp="" tail="kkaｋakak"
    +400ms: A(open=1 conv=0x09) B(open=1 conv=0x09) T(open=1 conv=0x09) G(open=0 conv=0x00) comp="" tail="kkaｋakak"
    +1500ms: A(open=1 conv=0x09) B(open=1 conv=0x09) T(open=1 conv=0x09) G(open=0 conv=0x00) comp="" tail="kkaｋakak"
    差分 (前→+100ms): Δなし   (前→+400ms): Δなし   (前→+1500ms): Δなし
[WALK 51/100] 注入: 半角/全角 vk=0xF3
[13:09:43.506Z] KEY [準備/その他] 半角/全角(0xF3) vk=0xF3 scan=0x29 press=13:09:41.894Z (auto)  状態=IME ON・入力なし
    前     : A(open=1 conv=0x09) B(open=1 conv=0x09) T(open=1 conv=0x09) G(open=0 conv=0x00) comp="" tail="kkaｋakak"
    +100ms: A(open=0 conv=0x09) B(open=0 conv=0x09) T(open=0 conv=0x09) G(open=0 conv=0x00) comp="" tail="kkaｋakak"
    +400ms: A(open=0 conv=0x09) B(open=0 conv=0x09) T(open=0 conv=0x09) G(open=0 conv=0x00) comp="" tail="kkaｋakak"
    +1500ms: A(open=0 conv=0x09) B(open=0 conv=0x09) T(open=0 conv=0x09) G(open=0 conv=0x00) comp="" tail="kkaｋakak"
    差分 (前→+100ms): Δ open A:1→0 B:1→0 / tsf-thread open:1→0 conv:0x09→0x09   (前→+400ms): Δ open A:1→0 B:1→0 / tsf-thread open:1→0 conv:0x09→0x09   (前→+1500ms): Δ open A:1→0 B:1→0 / tsf-thread open:1→0 conv:0x09→0x09
[WALK 52/100] 注入: 変換 vk=0x1C
[13:09:45.386Z] KEY [準備/その他] 変換 vk=0x1C scan=0x79 press=13:09:43.819Z (auto)  状態=直接入力
    前     : A(open=0 conv=0x09) B(open=0 conv=0x09) T(open=0 conv=0x09) G(open=0 conv=0x00) comp="" tail="kkaｋakak"
    +100ms: A(open=1 conv=0x09) B(open=1 conv=0x09) T(open=1 conv=0x09) G(open=0 conv=0x00) comp="" tail="kkaｋakak"
    +400ms: A(open=1 conv=0x09) B(open=1 conv=0x09) T(open=1 conv=0x09) G(open=0 conv=0x00) comp="" tail="kkaｋakak"
    +1500ms: A(open=1 conv=0x09) B(open=1 conv=0x09) T(open=1 conv=0x09) G(open=0 conv=0x00) comp="" tail="kkaｋakak"
    差分 (前→+100ms): Δ open A:0→1 B:0→1 / tsf-thread open:0→1 conv:0x09→0x09   (前→+400ms): Δ open A:0→1 B:0→1 / tsf-thread open:0→1 conv:0x09→0x09   (前→+1500ms): Δ open A:0→1 B:0→1 / tsf-thread open:0→1 conv:0x09→0x09
[WALK 53/100] 注入: Enter vk=0x0D
[13:09:47.325Z] KEY [準備/その他] Enter vk=0x0D scan=0x1C press=13:09:45.761Z (auto)  状態=IME ON・入力なし
    前     : A(open=1 conv=0x09) B(open=1 conv=0x09) T(open=1 conv=0x09) G(open=0 conv=0x00) comp="" tail="kkaｋakak"
    +100ms: A(open=1 conv=0x09) B(open=1 conv=0x09) T(open=1 conv=0x09) G(open=0 conv=0x00) comp="" tail="kkaｋakak"
    +400ms: A(open=1 conv=0x09) B(open=1 conv=0x09) T(open=1 conv=0x09) G(open=0 conv=0x00) comp="" tail="kkaｋakak"
    +1500ms: A(open=1 conv=0x09) B(open=1 conv=0x09) T(open=1 conv=0x09) G(open=0 conv=0x00) comp="" tail="kkaｋakak"
    差分 (前→+100ms): Δなし   (前→+400ms): Δなし   (前→+1500ms): Δなし
[WALK 54/100] 注入: k vk=0x4B
[13:09:49.266Z] KEY [準備/その他] k vk=0x4B scan=0x25 press=13:09:47.700Z (auto)  状態=IME ON・入力なし
    前     : A(open=1 conv=0x09) B(open=1 conv=0x09) T(open=1 conv=0x09) G(open=0 conv=0x00) comp="" tail="kkaｋakak"
    +100ms: A(open=1 conv=0x09) B(open=1 conv=0x09) T(open=1 conv=0x09) G(open=0 conv=0x00) comp="ｋ" tail="kkaｋakak"
    +400ms: A(open=1 conv=0x09) B(open=1 conv=0x09) T(open=1 conv=0x09) G(open=0 conv=0x00) comp="ｋ" tail="kkaｋakak"
    +1500ms: A(open=1 conv=0x09) B(open=1 conv=0x09) T(open=1 conv=0x09) G(open=0 conv=0x00) comp="ｋ" tail="kkaｋakak"
    差分 (前→+100ms): Δ comp:Some("")→Some("ｋ")   (前→+400ms): Δ comp:Some("")→Some("ｋ")   (前→+1500ms): Δ comp:Some("")→Some("ｋ")
[WALK 55/100] 注入: 無変換 vk=0x1D
[13:09:51.212Z] KEY [準備/その他] 無変換 vk=0x1D scan=0x7B press=13:09:49.640Z (auto)  状態=IME ON・入力中
    前     : A(open=1 conv=0x09) B(open=1 conv=0x09) T(open=1 conv=0x09) G(open=0 conv=0x00) comp="ｋ" tail="kkaｋakak"
    +100ms: A(open=1 conv=0x00) B(open=1 conv=0x00) T(open=1 conv=0x00) G(open=0 conv=0x00) comp="ｋ" tail="kkaｋakak"
    +400ms: A(open=1 conv=0x00) B(open=1 conv=0x00) T(open=1 conv=0x00) G(open=0 conv=0x00) comp="ｋ" tail="kkaｋakak"
    +1500ms: A(open=1 conv=0x00) B(open=1 conv=0x00) T(open=1 conv=0x00) G(open=0 conv=0x00) comp="ｋ" tail="kkaｋakak"
    差分 (前→+100ms): Δ conv A:0x09→0x00 B:0x09→0x00 / tsf-thread open:1→1 conv:0x09→0x00   (前→+400ms): Δ conv A:0x09→0x00 B:0x09→0x00 / tsf-thread open:1→1 conv:0x09→0x00   (前→+1500ms): Δ conv A:0x09→0x00 B:0x09→0x00 / tsf-thread open:1→1 conv:0x09→0x00
[WALK 56/100] 注入: 変換 vk=0x1C
[13:09:53.152Z] KEY [準備/その他] 変換 vk=0x1C scan=0x79 press=13:09:51.585Z (auto)  状態=IME ON・入力中
    前     : A(open=1 conv=0x00) B(open=1 conv=0x00) T(open=1 conv=0x00) G(open=0 conv=0x00) comp="ｋ" tail="kkaｋakak"
    +100ms: A(open=1 conv=0x00) B(open=1 conv=0x00) T(open=1 conv=0x00) G(open=0 conv=0x00) comp="k" tail="kkaｋakak"
    +400ms: A(open=1 conv=0x00) B(open=1 conv=0x00) T(open=1 conv=0x00) G(open=0 conv=0x00) comp="k" tail="kkaｋakak"
    +1500ms: A(open=1 conv=0x00) B(open=1 conv=0x00) T(open=1 conv=0x00) G(open=0 conv=0x00) comp="k" tail="kkaｋakak"
    差分 (前→+100ms): Δ comp:Some("ｋ")→Some("k")   (前→+400ms): Δ comp:Some("ｋ")→Some("k")   (前→+1500ms): Δ comp:Some("ｋ")→Some("k")
[WALK 57/100] 注入: ひらがな vk=0xF2
[13:09:55.148Z] KEY [準備/その他] ひらがな(0xF2) vk=0xF2 scan=0x70 press=13:09:53.530Z (auto)  状態=IME ON・入力中
    前     : A(open=1 conv=0x00) B(open=1 conv=0x00) T(open=1 conv=0x00) G(open=0 conv=0x00) comp="k" tail="kkaｋakak"
    +100ms: A(open=1 conv=0x09) B(open=1 conv=0x09) T(open=1 conv=0x09) G(open=0 conv=0x00) comp="k" tail="kkaｋakak"
    +400ms: A(open=1 conv=0x09) B(open=1 conv=0x09) T(open=1 conv=0x09) G(open=0 conv=0x00) comp="k" tail="kkaｋakak"
    +1500ms: A(open=1 conv=0x09) B(open=1 conv=0x09) T(open=1 conv=0x09) G(open=0 conv=0x00) comp="k" tail="kkaｋakak"
    差分 (前→+100ms): Δ conv A:0x00→0x09 B:0x00→0x09 / tsf-thread open:1→1 conv:0x00→0x09   (前→+400ms): Δ conv A:0x00→0x09 B:0x00→0x09 / tsf-thread open:1→1 conv:0x00→0x09   (前→+1500ms): Δ conv A:0x00→0x09 B:0x00→0x09 / tsf-thread open:1→1 conv:0x00→0x09
[WALK 58/100] 注入: 半角/全角 vk=0xF3
[13:09:57.030Z] KEY [準備/その他] 半角/全角(0xF3) vk=0xF3 scan=0x29 press=13:09:55.462Z (auto)  状態=IME ON・入力中
    前     : A(open=1 conv=0x09) B(open=1 conv=0x09) T(open=1 conv=0x09) G(open=0 conv=0x00) comp="k" tail="kkaｋakak"
    +100ms: A(open=0 conv=0x09) B(open=0 conv=0x09) T(open=0 conv=0x09) G(open=0 conv=0x00) comp="" tail="kaｋakakk"
    +400ms: A(open=0 conv=0x09) B(open=0 conv=0x09) T(open=0 conv=0x09) G(open=0 conv=0x00) comp="" tail="kaｋakakk"
    +1500ms: A(open=0 conv=0x09) B(open=0 conv=0x09) T(open=0 conv=0x09) G(open=0 conv=0x00) comp="" tail="kaｋakakk"
    差分 (前→+100ms): Δ open A:1→0 B:1→0 / tsf-thread open:1→0 conv:0x09→0x09 / comp:Some("k")→Some("") / tail:"kkaｋakak"→"kaｋakakk"   (前→+400ms): Δ open A:1→0 B:1→0 / tsf-thread open:1→0 conv:0x09→0x09 / comp:Some("k")→Some("") / tail:"kkaｋakak"→"kaｋakakk"   (前→+1500ms): Δ open A:1→0 B:1→0 / tsf-thread open:1→0 conv:0x09→0x09 / comp:Some("k")→Some("") / tail:"kkaｋakak"→"kaｋakakk"
[WALK 59/100] 注入: 半角/全角 vk=0xF3
[13:09:58.979Z] KEY [準備/その他] 半角/全角(0xF4) vk=0xF4 scan=0x29 press=13:09:57.408Z (auto)  状態=直接入力
    前     : A(open=0 conv=0x09) B(open=0 conv=0x09) T(open=0 conv=0x09) G(open=0 conv=0x00) comp="" tail="kaｋakakk"
    +100ms: A(open=1 conv=0x09) B(open=1 conv=0x09) T(open=1 conv=0x09) G(open=0 conv=0x00) comp="" tail="kaｋakakk"
    +400ms: A(open=1 conv=0x09) B(open=1 conv=0x09) T(open=1 conv=0x09) G(open=0 conv=0x00) comp="" tail="kaｋakakk"
    +1500ms: A(open=1 conv=0x09) B(open=1 conv=0x09) T(open=1 conv=0x09) G(open=0 conv=0x00) comp="" tail="kaｋakakk"
    差分 (前→+100ms): Δ open A:0→1 B:0→1 / tsf-thread open:0→1 conv:0x09→0x09   (前→+400ms): Δ open A:0→1 B:0→1 / tsf-thread open:0→1 conv:0x09→0x09   (前→+1500ms): Δ open A:0→1 B:0→1 / tsf-thread open:0→1 conv:0x09→0x09
[WALK 60/100] 注入: ひらがな vk=0xF2
[13:10:00.975Z] KEY [準備/その他] ひらがな(0xF2) vk=0xF2 scan=0x70 press=13:09:59.356Z (auto)  状態=IME ON・入力なし
    前     : A(open=1 conv=0x09) B(open=1 conv=0x09) T(open=1 conv=0x09) G(open=0 conv=0x00) comp="" tail="kaｋakakk"
    +100ms: A(open=0 conv=0x09) B(open=0 conv=0x09) T(open=0 conv=0x09) G(open=0 conv=0x00) comp="" tail="kaｋakakk"
    +400ms: A(open=0 conv=0x09) B(open=0 conv=0x09) T(open=0 conv=0x09) G(open=0 conv=0x00) comp="" tail="kaｋakakk"
    +1500ms: A(open=0 conv=0x09) B(open=0 conv=0x09) T(open=0 conv=0x09) G(open=0 conv=0x00) comp="" tail="kaｋakakk"
    差分 (前→+100ms): Δ open A:1→0 B:1→0 / tsf-thread open:1→0 conv:0x09→0x09   (前→+400ms): Δ open A:1→0 B:1→0 / tsf-thread open:1→0 conv:0x09→0x09   (前→+1500ms): Δ open A:1→0 B:1→0 / tsf-thread open:1→0 conv:0x09→0x09
[WALK 61/100] 注入: ひらがな vk=0xF2
[13:10:02.852Z] KEY [準備/その他] ひらがな(0xF2) vk=0xF2 scan=0x70 press=13:10:01.288Z (auto)  状態=直接入力
    前     : A(open=0 conv=0x09) B(open=0 conv=0x09) T(open=0 conv=0x09) G(open=0 conv=0x00) comp="" tail="kaｋakakk"
    +100ms: A(open=1 conv=0x09) B(open=1 conv=0x09) T(open=1 conv=0x09) G(open=0 conv=0x00) comp="" tail="kaｋakakk"
    +400ms: A(open=1 conv=0x09) B(open=1 conv=0x09) T(open=1 conv=0x09) G(open=0 conv=0x00) comp="" tail="kaｋakakk"
    +1500ms: A(open=1 conv=0x09) B(open=1 conv=0x09) T(open=1 conv=0x09) G(open=0 conv=0x00) comp="" tail="kaｋakakk"
    差分 (前→+100ms): Δ open A:0→1 B:0→1 / tsf-thread open:0→1 conv:0x09→0x09   (前→+400ms): Δ open A:0→1 B:0→1 / tsf-thread open:0→1 conv:0x09→0x09   (前→+1500ms): Δ open A:0→1 B:0→1 / tsf-thread open:0→1 conv:0x09→0x09
[WALK 62/100] 注入: Enter vk=0x0D
[13:10:04.793Z] KEY [準備/その他] Enter vk=0x0D scan=0x1C press=13:10:03.226Z (auto)  状態=IME ON・入力なし
    前     : A(open=1 conv=0x09) B(open=1 conv=0x09) T(open=1 conv=0x09) G(open=0 conv=0x00) comp="" tail="kaｋakakk"
    +100ms: A(open=1 conv=0x09) B(open=1 conv=0x09) T(open=1 conv=0x09) G(open=0 conv=0x00) comp="" tail="kaｋakakk"
    +400ms: A(open=1 conv=0x09) B(open=1 conv=0x09) T(open=1 conv=0x09) G(open=0 conv=0x00) comp="" tail="kaｋakakk"
    +1500ms: A(open=1 conv=0x09) B(open=1 conv=0x09) T(open=1 conv=0x09) G(open=0 conv=0x00) comp="" tail="kaｋakakk"
    差分 (前→+100ms): Δなし   (前→+400ms): Δなし   (前→+1500ms): Δなし
[WALK 63/100] 注入: ひらがな vk=0xF2
[13:10:06.732Z] KEY [準備/その他] ひらがな(0xF2) vk=0xF2 scan=0x70 press=13:10:05.167Z (auto)  状態=IME ON・入力なし
    前     : A(open=1 conv=0x09) B(open=1 conv=0x09) T(open=1 conv=0x09) G(open=0 conv=0x00) comp="" tail="kaｋakakk"
    +100ms: A(open=0 conv=0x09) B(open=0 conv=0x09) T(open=0 conv=0x09) G(open=0 conv=0x00) comp="" tail="kaｋakakk"
    +400ms: A(open=0 conv=0x09) B(open=0 conv=0x09) T(open=0 conv=0x09) G(open=0 conv=0x00) comp="" tail="kaｋakakk"
    +1500ms: A(open=0 conv=0x09) B(open=0 conv=0x09) T(open=0 conv=0x09) G(open=0 conv=0x00) comp="" tail="kaｋakakk"
    差分 (前→+100ms): Δ open A:1→0 B:1→0 / tsf-thread open:1→0 conv:0x09→0x09   (前→+400ms): Δ open A:1→0 B:1→0 / tsf-thread open:1→0 conv:0x09→0x09   (前→+1500ms): Δ open A:1→0 B:1→0 / tsf-thread open:1→0 conv:0x09→0x09
[WALK 64/100] 注入: a vk=0x41
[13:10:08.725Z] KEY [準備/その他] a vk=0x41 scan=0x1E press=13:10:07.109Z (auto)  状態=直接入力
    前     : A(open=0 conv=0x09) B(open=0 conv=0x09) T(open=0 conv=0x09) G(open=0 conv=0x00) comp="" tail="kaｋakakk"
    +100ms: A(open=0 conv=0x09) B(open=0 conv=0x09) T(open=0 conv=0x09) G(open=0 conv=0x00) comp="" tail="aｋakakka"
    +400ms: A(open=0 conv=0x09) B(open=0 conv=0x09) T(open=0 conv=0x09) G(open=0 conv=0x00) comp="" tail="aｋakakka"
    +1500ms: A(open=0 conv=0x09) B(open=0 conv=0x09) T(open=0 conv=0x09) G(open=0 conv=0x00) comp="" tail="aｋakakka"
    差分 (前→+100ms): Δ tail:"kaｋakakk"→"aｋakakka"   (前→+400ms): Δ tail:"kaｋakakk"→"aｋakakka"   (前→+1500ms): Δ tail:"kaｋakakk"→"aｋakakka"
[WALK 65/100] 注入: a vk=0x41
[13:10:10.608Z] KEY [準備/その他] a vk=0x41 scan=0x1E press=13:10:09.041Z (auto)  状態=直接入力
    前     : A(open=0 conv=0x09) B(open=0 conv=0x09) T(open=0 conv=0x09) G(open=0 conv=0x00) comp="" tail="aｋakakka"
    +100ms: A(open=0 conv=0x09) B(open=0 conv=0x09) T(open=0 conv=0x09) G(open=0 conv=0x00) comp="" tail="ｋakakkaa"
    +400ms: A(open=0 conv=0x09) B(open=0 conv=0x09) T(open=0 conv=0x09) G(open=0 conv=0x00) comp="" tail="ｋakakkaa"
    +1500ms: A(open=0 conv=0x09) B(open=0 conv=0x09) T(open=0 conv=0x09) G(open=0 conv=0x00) comp="" tail="ｋakakkaa"
    差分 (前→+100ms): Δ tail:"aｋakakka"→"ｋakakkaa"   (前→+400ms): Δ tail:"aｋakakka"→"ｋakakkaa"   (前→+1500ms): Δ tail:"aｋakakka"→"ｋakakkaa"
[WALK 66/100] 注入: 変換 vk=0x1C
[13:10:12.552Z] KEY [準備/その他] 変換 vk=0x1C scan=0x79 press=13:10:10.985Z (auto)  状態=直接入力
    前     : A(open=0 conv=0x09) B(open=0 conv=0x09) T(open=0 conv=0x09) G(open=0 conv=0x00) comp="" tail="ｋakakkaa"
    +100ms: A(open=1 conv=0x09) B(open=1 conv=0x09) T(open=1 conv=0x09) G(open=0 conv=0x00) comp="" tail="ｋakakkaa"
    +400ms: A(open=1 conv=0x09) B(open=1 conv=0x09) T(open=1 conv=0x09) G(open=0 conv=0x00) comp="" tail="ｋakakkaa"
    +1500ms: A(open=1 conv=0x09) B(open=1 conv=0x09) T(open=1 conv=0x09) G(open=0 conv=0x00) comp="" tail="ｋakakkaa"
    差分 (前→+100ms): Δ open A:0→1 B:0→1 / tsf-thread open:0→1 conv:0x09→0x09   (前→+400ms): Δ open A:0→1 B:0→1 / tsf-thread open:0→1 conv:0x09→0x09   (前→+1500ms): Δ open A:0→1 B:0→1 / tsf-thread open:0→1 conv:0x09→0x09
[WALK 67/100] 注入: 半角/全角 vk=0xF3
[13:10:14.498Z] KEY [準備/その他] 半角/全角(0xF3) vk=0xF3 scan=0x29 press=13:10:12.929Z (auto)  状態=IME ON・入力なし
    前     : A(open=1 conv=0x09) B(open=1 conv=0x09) T(open=1 conv=0x09) G(open=0 conv=0x00) comp="" tail="ｋakakkaa"
    +100ms: A(open=0 conv=0x09) B(open=0 conv=0x09) T(open=0 conv=0x09) G(open=0 conv=0x00) comp="" tail="ｋakakkaa"
    +400ms: A(open=0 conv=0x09) B(open=0 conv=0x09) T(open=0 conv=0x09) G(open=0 conv=0x00) comp="" tail="ｋakakkaa"
    +1500ms: A(open=0 conv=0x09) B(open=0 conv=0x09) T(open=0 conv=0x09) G(open=0 conv=0x00) comp="" tail="ｋakakkaa"
    差分 (前→+100ms): Δ open A:1→0 B:1→0 / tsf-thread open:1→0 conv:0x09→0x09   (前→+400ms): Δ open A:1→0 B:1→0 / tsf-thread open:1→0 conv:0x09→0x09   (前→+1500ms): Δ open A:1→0 B:1→0 / tsf-thread open:1→0 conv:0x09→0x09
[WALK 68/100] 注入: k vk=0x4B
[13:10:16.440Z] KEY [準備/その他] k vk=0x4B scan=0x25 press=13:10:14.872Z (auto)  状態=直接入力
    前     : A(open=0 conv=0x09) B(open=0 conv=0x09) T(open=0 conv=0x09) G(open=0 conv=0x00) comp="" tail="ｋakakkaa"
    +100ms: A(open=0 conv=0x09) B(open=0 conv=0x09) T(open=0 conv=0x09) G(open=0 conv=0x00) comp="" tail="akakkaak"
    +400ms: A(open=0 conv=0x09) B(open=0 conv=0x09) T(open=0 conv=0x09) G(open=0 conv=0x00) comp="" tail="akakkaak"
    +1500ms: A(open=0 conv=0x09) B(open=0 conv=0x09) T(open=0 conv=0x09) G(open=0 conv=0x00) comp="" tail="akakkaak"
    差分 (前→+100ms): Δ tail:"ｋakakkaa"→"akakkaak"   (前→+400ms): Δ tail:"ｋakakkaa"→"akakkaak"   (前→+1500ms): Δ tail:"ｋakakkaa"→"akakkaak"
[WALK 69/100] 注入: 無変換 vk=0x1D
[13:10:18.399Z] KEY [準備/その他] 無変換 vk=0x1D scan=0x7B press=13:10:16.816Z (auto)  状態=直接入力
    前     : A(open=0 conv=0x09) B(open=0 conv=0x09) T(open=0 conv=0x09) G(open=0 conv=0x00) comp="" tail="akakkaak"
    +100ms: A(open=1 conv=0x09) B(open=1 conv=0x09) T(open=1 conv=0x09) G(open=0 conv=0x00) comp="" tail="akakkaak"
    +400ms: A(open=1 conv=0x09) B(open=1 conv=0x09) T(open=1 conv=0x09) G(open=0 conv=0x00) comp="" tail="akakkaak"
    +1500ms: A(open=1 conv=0x09) B(open=1 conv=0x09) T(open=1 conv=0x09) G(open=0 conv=0x00) comp="" tail="akakkaak"
    差分 (前→+100ms): Δ open A:0→1 B:0→1 / tsf-thread open:0→1 conv:0x09→0x09   (前→+400ms): Δ open A:0→1 B:0→1 / tsf-thread open:0→1 conv:0x09→0x09   (前→+1500ms): Δ open A:0→1 B:0→1 / tsf-thread open:0→1 conv:0x09→0x09
[WALK 70/100] 注入: 変換 vk=0x1C
[13:10:20.344Z] KEY [準備/その他] 変換 vk=0x1C scan=0x79 press=13:10:18.775Z (auto)  状態=IME ON・入力なし
    前     : A(open=1 conv=0x09) B(open=1 conv=0x09) T(open=1 conv=0x09) G(open=0 conv=0x00) comp="" tail="akakkaak"
    +100ms: A(open=0 conv=0x09) B(open=0 conv=0x09) T(open=0 conv=0x09) G(open=0 conv=0x00) comp="" tail="akakkaak"
    +400ms: A(open=0 conv=0x09) B(open=0 conv=0x09) T(open=0 conv=0x09) G(open=0 conv=0x00) comp="" tail="akakkaak"
    +1500ms: A(open=0 conv=0x09) B(open=0 conv=0x09) T(open=0 conv=0x09) G(open=0 conv=0x00) comp="" tail="akakkaak"
    差分 (前→+100ms): Δ open A:1→0 B:1→0 / tsf-thread open:1→0 conv:0x09→0x09   (前→+400ms): Δ open A:1→0 B:1→0 / tsf-thread open:1→0 conv:0x09→0x09   (前→+1500ms): Δ open A:1→0 B:1→0 / tsf-thread open:1→0 conv:0x09→0x09
[WALK 71/100] 注入: 半角/全角 vk=0xF3
[13:10:22.343Z] KEY [準備/その他] 半角/全角(0xF4) vk=0xF4 scan=0x29 press=13:10:20.724Z (auto)  状態=直接入力
    前     : A(open=0 conv=0x09) B(open=0 conv=0x09) T(open=0 conv=0x09) G(open=0 conv=0x00) comp="" tail="akakkaak"
    +100ms: A(open=1 conv=0x09) B(open=1 conv=0x09) T(open=1 conv=0x09) G(open=0 conv=0x00) comp="" tail="akakkaak"
    +400ms: A(open=1 conv=0x09) B(open=1 conv=0x09) T(open=1 conv=0x09) G(open=0 conv=0x00) comp="" tail="akakkaak"
    +1500ms: A(open=1 conv=0x09) B(open=1 conv=0x09) T(open=1 conv=0x09) G(open=0 conv=0x00) comp="" tail="akakkaak"
    差分 (前→+100ms): Δ open A:0→1 B:0→1 / tsf-thread open:0→1 conv:0x09→0x09   (前→+400ms): Δ open A:0→1 B:0→1 / tsf-thread open:0→1 conv:0x09→0x09   (前→+1500ms): Δ open A:0→1 B:0→1 / tsf-thread open:0→1 conv:0x09→0x09
[WALK 72/100] 注入: k vk=0x4B
[13:10:24.229Z] KEY [準備/その他] k vk=0x4B scan=0x25 press=13:10:22.657Z (auto)  状態=IME ON・入力なし
    前     : A(open=1 conv=0x09) B(open=1 conv=0x09) T(open=1 conv=0x09) G(open=0 conv=0x00) comp="" tail="akakkaak"
    +100ms: A(open=1 conv=0x09) B(open=1 conv=0x09) T(open=1 conv=0x09) G(open=0 conv=0x00) comp="ｋ" tail="akakkaak"
    +400ms: A(open=1 conv=0x09) B(open=1 conv=0x09) T(open=1 conv=0x09) G(open=0 conv=0x00) comp="ｋ" tail="akakkaak"
    +1500ms: A(open=1 conv=0x09) B(open=1 conv=0x09) T(open=1 conv=0x09) G(open=0 conv=0x00) comp="ｋ" tail="akakkaak"
    差分 (前→+100ms): Δ comp:Some("")→Some("ｋ")   (前→+400ms): Δ comp:Some("")→Some("ｋ")   (前→+1500ms): Δ comp:Some("")→Some("ｋ")
[WALK 73/100] 注入: ひらがな vk=0xF2
[13:10:26.176Z] KEY [準備/その他] ひらがな(0xF2) vk=0xF2 scan=0x70 press=13:10:24.606Z (auto)  状態=IME ON・入力中
    前     : A(open=1 conv=0x09) B(open=1 conv=0x09) T(open=1 conv=0x09) G(open=0 conv=0x00) comp="ｋ" tail="akakkaak"
    +100ms: A(open=1 conv=0x00) B(open=1 conv=0x00) T(open=1 conv=0x00) G(open=0 conv=0x00) comp="ｋ" tail="akakkaak"
    +400ms: A(open=1 conv=0x00) B(open=1 conv=0x00) T(open=1 conv=0x00) G(open=0 conv=0x00) comp="ｋ" tail="akakkaak"
    +1500ms: A(open=1 conv=0x00) B(open=1 conv=0x00) T(open=1 conv=0x00) G(open=0 conv=0x00) comp="ｋ" tail="akakkaak"
    差分 (前→+100ms): Δ conv A:0x09→0x00 B:0x09→0x00 / tsf-thread open:1→1 conv:0x09→0x00   (前→+400ms): Δ conv A:0x09→0x00 B:0x09→0x00 / tsf-thread open:1→1 conv:0x09→0x00   (前→+1500ms): Δ conv A:0x09→0x00 B:0x09→0x00 / tsf-thread open:1→1 conv:0x09→0x00
[WALK 74/100] 注入: a vk=0x41
[13:10:28.104Z] KEY [準備/その他] a vk=0x41 scan=0x1E press=13:10:26.536Z (auto)  状態=IME ON・入力中
    前     : A(open=1 conv=0x00) B(open=1 conv=0x00) T(open=1 conv=0x00) G(open=0 conv=0x00) comp="ｋ" tail="akakkaak"
    +100ms: A(open=1 conv=0x00) B(open=1 conv=0x00) T(open=1 conv=0x00) G(open=0 conv=0x00) comp="ｋa" tail="akakkaak"
    +400ms: A(open=1 conv=0x00) B(open=1 conv=0x00) T(open=1 conv=0x00) G(open=0 conv=0x00) comp="ｋa" tail="akakkaak"
    +1500ms: A(open=1 conv=0x00) B(open=1 conv=0x00) T(open=1 conv=0x00) G(open=0 conv=0x00) comp="ｋa" tail="akakkaak"
    差分 (前→+100ms): Δ comp:Some("ｋ")→Some("ｋa")   (前→+400ms): Δ comp:Some("ｋ")→Some("ｋa")   (前→+1500ms): Δ comp:Some("ｋ")→Some("ｋa")
[WALK 75/100] 注入: ひらがな vk=0xF2
[13:10:30.100Z] KEY [準備/その他] ひらがな(0xF2) vk=0xF2 scan=0x70 press=13:10:28.481Z (auto)  状態=IME ON・入力中
    前     : A(open=1 conv=0x00) B(open=1 conv=0x00) T(open=1 conv=0x00) G(open=0 conv=0x00) comp="ｋa" tail="akakkaak"
    +100ms: A(open=1 conv=0x09) B(open=1 conv=0x09) T(open=1 conv=0x09) G(open=0 conv=0x00) comp="ｋa" tail="akakkaak"
    +400ms: A(open=1 conv=0x09) B(open=1 conv=0x09) T(open=1 conv=0x09) G(open=0 conv=0x00) comp="ｋa" tail="akakkaak"
    +1500ms: A(open=1 conv=0x09) B(open=1 conv=0x09) T(open=1 conv=0x09) G(open=0 conv=0x00) comp="ｋa" tail="akakkaak"
    差分 (前→+100ms): Δ conv A:0x00→0x09 B:0x00→0x09 / tsf-thread open:1→1 conv:0x00→0x09   (前→+400ms): Δ conv A:0x00→0x09 B:0x00→0x09 / tsf-thread open:1→1 conv:0x00→0x09   (前→+1500ms): Δ conv A:0x00→0x09 B:0x00→0x09 / tsf-thread open:1→1 conv:0x00→0x09
[WALK 76/100] 注入: 無変換 vk=0x1D
[13:10:31.976Z] KEY [準備/その他] 無変換 vk=0x1D scan=0x7B press=13:10:30.413Z (auto)  状態=IME ON・入力中
    前     : A(open=1 conv=0x09) B(open=1 conv=0x09) T(open=1 conv=0x09) G(open=0 conv=0x00) comp="ｋa" tail="akakkaak"
    +100ms: A(open=1 conv=0x00) B(open=1 conv=0x00) T(open=1 conv=0x00) G(open=0 conv=0x00) comp="ｋa" tail="akakkaak"
    +400ms: A(open=1 conv=0x00) B(open=1 conv=0x00) T(open=1 conv=0x00) G(open=0 conv=0x00) comp="ｋa" tail="akakkaak"
    +1500ms: A(open=1 conv=0x00) B(open=1 conv=0x00) T(open=1 conv=0x00) G(open=0 conv=0x00) comp="ｋa" tail="akakkaak"
    差分 (前→+100ms): Δ conv A:0x09→0x00 B:0x09→0x00 / tsf-thread open:1→1 conv:0x09→0x00   (前→+400ms): Δ conv A:0x09→0x00 B:0x09→0x00 / tsf-thread open:1→1 conv:0x09→0x00   (前→+1500ms): Δ conv A:0x09→0x00 B:0x09→0x00 / tsf-thread open:1→1 conv:0x09→0x00
[WALK 77/100] 注入: Enter vk=0x0D
[13:10:33.926Z] KEY [準備/その他] Enter vk=0x0D scan=0x1C press=13:10:32.352Z (auto)  状態=IME ON・入力中
    前     : A(open=1 conv=0x00) B(open=1 conv=0x00) T(open=1 conv=0x00) G(open=0 conv=0x00) comp="ｋa" tail="akakkaak"
    +100ms: A(open=0 conv=0x00) B(open=0 conv=0x00) T(open=0 conv=0x00) G(open=0 conv=0x00) comp="" tail="akkaakｋa"
    +400ms: A(open=0 conv=0x00) B(open=0 conv=0x00) T(open=0 conv=0x00) G(open=0 conv=0x00) comp="" tail="akkaakｋa"
    +1500ms: A(open=0 conv=0x00) B(open=0 conv=0x00) T(open=0 conv=0x00) G(open=0 conv=0x00) comp="" tail="akkaakｋa"
    差分 (前→+100ms): Δ open A:1→0 B:1→0 / tsf-thread open:1→0 conv:0x00→0x00 / comp:Some("ｋa")→Some("") / tail:"akakkaak"→"akkaakｋa"   (前→+400ms): Δ open A:1→0 B:1→0 / tsf-thread open:1→0 conv:0x00→0x00 / comp:Some("ｋa")→Some("") / tail:"akakkaak"→"akkaakｋa"   (前→+1500ms): Δ open A:1→0 B:1→0 / tsf-thread open:1→0 conv:0x00→0x00 / comp:Some("ｋa")→Some("") / tail:"akakkaak"→"akkaakｋa"
[WALK 78/100] 注入: Enter vk=0x0D
[13:10:35.871Z] KEY [準備/その他] Enter vk=0x0D scan=0x1C press=13:10:34.304Z (auto)  状態=直接入力
    前     : A(open=0 conv=0x00) B(open=0 conv=0x00) T(open=0 conv=0x00) G(open=0 conv=0x00) comp="" tail="akkaakｋa"
    +100ms: A(open=0 conv=0x00) B(open=0 conv=0x00) T(open=0 conv=0x00) G(open=0 conv=0x00) comp="" tail="akkaakｋa"
    +400ms: A(open=0 conv=0x00) B(open=0 conv=0x00) T(open=0 conv=0x00) G(open=0 conv=0x00) comp="" tail="akkaakｋa"
    +1500ms: A(open=0 conv=0x00) B(open=0 conv=0x00) T(open=0 conv=0x00) G(open=0 conv=0x00) comp="" tail="akkaakｋa"
    差分 (前→+100ms): Δなし   (前→+400ms): Δなし   (前→+1500ms): Δなし
[WALK 79/100] 注入: a vk=0x41
[13:10:37.812Z] KEY [準備/その他] a vk=0x41 scan=0x1E press=13:10:36.246Z (auto)  状態=直接入力
    前     : A(open=0 conv=0x00) B(open=0 conv=0x00) T(open=0 conv=0x00) G(open=0 conv=0x00) comp="" tail="akkaakｋa"
    +100ms: A(open=0 conv=0x00) B(open=0 conv=0x00) T(open=0 conv=0x00) G(open=0 conv=0x00) comp="" tail="kkaakｋaa"
    +400ms: A(open=0 conv=0x00) B(open=0 conv=0x00) T(open=0 conv=0x00) G(open=0 conv=0x00) comp="" tail="kkaakｋaa"
    +1500ms: A(open=0 conv=0x00) B(open=0 conv=0x00) T(open=0 conv=0x00) G(open=0 conv=0x00) comp="" tail="kkaakｋaa"
    差分 (前→+100ms): Δ tail:"akkaakｋa"→"kkaakｋaa"   (前→+400ms): Δ tail:"akkaakｋa"→"kkaakｋaa"   (前→+1500ms): Δ tail:"akkaakｋa"→"kkaakｋaa"
[WALK 80/100] 注入: 無変換 vk=0x1D
[13:10:39.758Z] KEY [準備/その他] 無変換 vk=0x1D scan=0x7B press=13:10:38.191Z (auto)  状態=直接入力
    前     : A(open=0 conv=0x00) B(open=0 conv=0x00) T(open=0 conv=0x00) G(open=0 conv=0x00) comp="" tail="kkaakｋaa"
    +100ms: A(open=1 conv=0x09) B(open=1 conv=0x09) T(open=1 conv=0x09) G(open=0 conv=0x00) comp="" tail="kkaakｋaa"
    +400ms: A(open=1 conv=0x09) B(open=1 conv=0x09) T(open=1 conv=0x09) G(open=0 conv=0x00) comp="" tail="kkaakｋaa"
    +1500ms: A(open=1 conv=0x09) B(open=1 conv=0x09) T(open=1 conv=0x09) G(open=0 conv=0x00) comp="" tail="kkaakｋaa"
    差分 (前→+100ms): Δ open A:0→1 B:0→1 / conv A:0x00→0x09 B:0x00→0x09 / tsf-thread open:0→1 conv:0x00→0x09   (前→+400ms): Δ open A:0→1 B:0→1 / conv A:0x00→0x09 B:0x00→0x09 / tsf-thread open:0→1 conv:0x00→0x09   (前→+1500ms): Δ open A:0→1 B:0→1 / conv A:0x00→0x09 B:0x00→0x09 / tsf-thread open:0→1 conv:0x00→0x09
[WALK 81/100] 注入: ひらがな vk=0xF2
[13:10:41.698Z] KEY [準備/その他] ひらがな(0xF2) vk=0xF2 scan=0x70 press=13:10:40.132Z (auto)  状態=IME ON・入力なし
    前     : A(open=1 conv=0x09) B(open=1 conv=0x09) T(open=1 conv=0x09) G(open=0 conv=0x00) comp="" tail="kkaakｋaa"
    +100ms: A(open=0 conv=0x09) B(open=0 conv=0x09) T(open=0 conv=0x09) G(open=0 conv=0x00) comp="" tail="kkaakｋaa"
    +400ms: A(open=0 conv=0x09) B(open=0 conv=0x09) T(open=0 conv=0x09) G(open=0 conv=0x00) comp="" tail="kkaakｋaa"
    +1500ms: A(open=0 conv=0x09) B(open=0 conv=0x09) T(open=0 conv=0x09) G(open=0 conv=0x00) comp="" tail="kkaakｋaa"
    差分 (前→+100ms): Δ open A:1→0 B:1→0 / tsf-thread open:1→0 conv:0x09→0x09   (前→+400ms): Δ open A:1→0 B:1→0 / tsf-thread open:1→0 conv:0x09→0x09   (前→+1500ms): Δ open A:1→0 B:1→0 / tsf-thread open:1→0 conv:0x09→0x09
[WALK 82/100] 注入: 変換 vk=0x1C
[13:10:43.645Z] KEY [準備/その他] 変換 vk=0x1C scan=0x79 press=13:10:42.076Z (auto)  状態=直接入力
    前     : A(open=0 conv=0x09) B(open=0 conv=0x09) T(open=0 conv=0x09) G(open=0 conv=0x00) comp="" tail="kkaakｋaa"
    +100ms: A(open=1 conv=0x09) B(open=1 conv=0x09) T(open=1 conv=0x09) G(open=0 conv=0x00) comp="" tail="kkaakｋaa"
    +400ms: A(open=1 conv=0x09) B(open=1 conv=0x09) T(open=1 conv=0x09) G(open=0 conv=0x00) comp="" tail="kkaakｋaa"
    +1500ms: A(open=1 conv=0x09) B(open=1 conv=0x09) T(open=1 conv=0x09) G(open=0 conv=0x00) comp="" tail="kkaakｋaa"
    差分 (前→+100ms): Δ open A:0→1 B:0→1 / tsf-thread open:0→1 conv:0x09→0x09   (前→+400ms): Δ open A:0→1 B:0→1 / tsf-thread open:0→1 conv:0x09→0x09   (前→+1500ms): Δ open A:0→1 B:0→1 / tsf-thread open:0→1 conv:0x09→0x09
[WALK 83/100] 注入: Enter vk=0x0D
[13:10:45.598Z] KEY [準備/その他] Enter vk=0x0D scan=0x1C press=13:10:44.022Z (auto)  状態=IME ON・入力なし
    前     : A(open=1 conv=0x09) B(open=1 conv=0x09) T(open=1 conv=0x09) G(open=0 conv=0x00) comp="" tail="kkaakｋaa"
    +100ms: A(open=1 conv=0x09) B(open=1 conv=0x09) T(open=1 conv=0x09) G(open=0 conv=0x00) comp="" tail="kkaakｋaa"
    +400ms: A(open=1 conv=0x09) B(open=1 conv=0x09) T(open=1 conv=0x09) G(open=0 conv=0x00) comp="" tail="kkaakｋaa"
    +1500ms: A(open=1 conv=0x09) B(open=1 conv=0x09) T(open=1 conv=0x09) G(open=0 conv=0x00) comp="" tail="kkaakｋaa"
    差分 (前→+100ms): Δなし   (前→+400ms): Δなし   (前→+1500ms): Δなし
[WALK 84/100] 注入: ひらがな vk=0xF2
[13:10:47.543Z] KEY [準備/その他] ひらがな(0xF2) vk=0xF2 scan=0x70 press=13:10:45.977Z (auto)  状態=IME ON・入力なし
    前     : A(open=1 conv=0x09) B(open=1 conv=0x09) T(open=1 conv=0x09) G(open=0 conv=0x00) comp="" tail="kkaakｋaa"
    +100ms: A(open=0 conv=0x09) B(open=0 conv=0x09) T(open=0 conv=0x09) G(open=0 conv=0x00) comp="" tail="kkaakｋaa"
    +400ms: A(open=0 conv=0x09) B(open=0 conv=0x09) T(open=0 conv=0x09) G(open=0 conv=0x00) comp="" tail="kkaakｋaa"
    +1500ms: A(open=0 conv=0x09) B(open=0 conv=0x09) T(open=0 conv=0x09) G(open=0 conv=0x00) comp="" tail="kkaakｋaa"
    差分 (前→+100ms): Δ open A:1→0 B:1→0 / tsf-thread open:1→0 conv:0x09→0x09   (前→+400ms): Δ open A:1→0 B:1→0 / tsf-thread open:1→0 conv:0x09→0x09   (前→+1500ms): Δ open A:1→0 B:1→0 / tsf-thread open:1→0 conv:0x09→0x09
[WALK 85/100] 注入: Esc vk=0x1B
[13:10:49.539Z] KEY [準備/その他] ESC vk=0x1B scan=0x01 press=13:10:47.918Z (auto)  状態=直接入力
    前     : A(open=0 conv=0x09) B(open=0 conv=0x09) T(open=0 conv=0x09) G(open=0 conv=0x00) comp="" tail="kkaakｋaa"
    +100ms: A(open=0 conv=0x09) B(open=0 conv=0x09) T(open=0 conv=0x09) G(open=0 conv=0x00) comp="" tail="kkaakｋaa"
    +400ms: A(open=0 conv=0x09) B(open=0 conv=0x09) T(open=0 conv=0x09) G(open=0 conv=0x00) comp="" tail="kkaakｋaa"
    +1500ms: A(open=0 conv=0x09) B(open=0 conv=0x09) T(open=0 conv=0x09) G(open=0 conv=0x00) comp="" tail="kkaakｋaa"
    差分 (前→+100ms): Δなし   (前→+400ms): Δなし   (前→+1500ms): Δなし
[WALK 86/100] 注入: Enter vk=0x0D
[13:10:51.419Z] KEY [準備/その他] Enter vk=0x0D scan=0x1C press=13:10:49.855Z (auto)  状態=直接入力
    前     : A(open=0 conv=0x09) B(open=0 conv=0x09) T(open=0 conv=0x09) G(open=0 conv=0x00) comp="" tail="kkaakｋaa"
    +100ms: A(open=0 conv=0x09) B(open=0 conv=0x09) T(open=0 conv=0x09) G(open=0 conv=0x00) comp="" tail="kkaakｋaa"
    +400ms: A(open=0 conv=0x09) B(open=0 conv=0x09) T(open=0 conv=0x09) G(open=0 conv=0x00) comp="" tail="kkaakｋaa"
    +1500ms: A(open=0 conv=0x09) B(open=0 conv=0x09) T(open=0 conv=0x09) G(open=0 conv=0x00) comp="" tail="kkaakｋaa"
    差分 (前→+100ms): Δなし   (前→+400ms): Δなし   (前→+1500ms): Δなし
[WALK 87/100] 注入: ひらがな vk=0xF2
[13:10:53.412Z] KEY [準備/その他] ひらがな(0xF2) vk=0xF2 scan=0x70 press=13:10:51.798Z (auto)  状態=直接入力
    前     : A(open=0 conv=0x09) B(open=0 conv=0x09) T(open=0 conv=0x09) G(open=0 conv=0x00) comp="" tail="kkaakｋaa"
    +100ms: A(open=1 conv=0x09) B(open=1 conv=0x09) T(open=1 conv=0x09) G(open=0 conv=0x00) comp="" tail="kkaakｋaa"
    +400ms: A(open=1 conv=0x09) B(open=1 conv=0x09) T(open=1 conv=0x09) G(open=0 conv=0x00) comp="" tail="kkaakｋaa"
    +1500ms: A(open=1 conv=0x09) B(open=1 conv=0x09) T(open=1 conv=0x09) G(open=0 conv=0x00) comp="" tail="kkaakｋaa"
    差分 (前→+100ms): Δ open A:0→1 B:0→1 / tsf-thread open:0→1 conv:0x09→0x09   (前→+400ms): Δ open A:0→1 B:0→1 / tsf-thread open:0→1 conv:0x09→0x09   (前→+1500ms): Δ open A:0→1 B:0→1 / tsf-thread open:0→1 conv:0x09→0x09
[WALK 88/100] 注入: a vk=0x41
[13:10:55.296Z] KEY [準備/その他] a vk=0x41 scan=0x1E press=13:10:53.729Z (auto)  状態=IME ON・入力なし
    前     : A(open=1 conv=0x09) B(open=1 conv=0x09) T(open=1 conv=0x09) G(open=0 conv=0x00) comp="" tail="kkaakｋaa"
    +100ms: A(open=1 conv=0x09) B(open=1 conv=0x09) T(open=1 conv=0x09) G(open=0 conv=0x00) comp="あ" tail="kkaakｋaa"
    +400ms: A(open=1 conv=0x09) B(open=1 conv=0x09) T(open=1 conv=0x09) G(open=0 conv=0x00) comp="あ" tail="kkaakｋaa"
    +1500ms: A(open=1 conv=0x09) B(open=1 conv=0x09) T(open=1 conv=0x09) G(open=0 conv=0x00) comp="あ" tail="kkaakｋaa"
    差分 (前→+100ms): Δ comp:Some("")→Some("あ")   (前→+400ms): Δ comp:Some("")→Some("あ")   (前→+1500ms): Δ comp:Some("")→Some("あ")
[WALK 89/100] 注入: Enter vk=0x0D
[13:10:57.295Z] KEY [準備/その他] Enter vk=0x0D scan=0x1C press=13:10:55.675Z (auto)  状態=IME ON・入力中
    前     : A(open=1 conv=0x09) B(open=1 conv=0x09) T(open=1 conv=0x09) G(open=0 conv=0x00) comp="あ" tail="kkaakｋaa"
    +100ms: A(open=1 conv=0x09) B(open=1 conv=0x09) T(open=1 conv=0x09) G(open=0 conv=0x00) comp="" tail="kaakｋaaあ"
    +400ms: A(open=1 conv=0x09) B(open=1 conv=0x09) T(open=1 conv=0x09) G(open=0 conv=0x00) comp="" tail="kaakｋaaあ"
    +1500ms: A(open=1 conv=0x09) B(open=1 conv=0x09) T(open=1 conv=0x09) G(open=0 conv=0x00) comp="" tail="kaakｋaaあ"
    差分 (前→+100ms): Δ comp:Some("あ")→Some("") / tail:"kkaakｋaa"→"kaakｋaaあ"   (前→+400ms): Δ comp:Some("あ")→Some("") / tail:"kkaakｋaa"→"kaakｋaaあ"   (前→+1500ms): Δ comp:Some("あ")→Some("") / tail:"kkaakｋaa"→"kaakｋaaあ"
[WALK 90/100] 注入: Enter vk=0x0D
[13:10:59.192Z] KEY [準備/その他] Enter vk=0x0D scan=0x1C press=13:10:57.611Z (auto)  状態=IME ON・入力なし
    前     : A(open=1 conv=0x09) B(open=1 conv=0x09) T(open=1 conv=0x09) G(open=0 conv=0x00) comp="" tail="kaakｋaaあ"
    +100ms: A(open=1 conv=0x09) B(open=1 conv=0x09) T(open=1 conv=0x09) G(open=0 conv=0x00) comp="" tail="kaakｋaaあ"
    +400ms: A(open=1 conv=0x09) B(open=1 conv=0x09) T(open=1 conv=0x09) G(open=0 conv=0x00) comp="" tail="kaakｋaaあ"
    +1500ms: A(open=1 conv=0x09) B(open=1 conv=0x09) T(open=1 conv=0x09) G(open=0 conv=0x00) comp="" tail="kaakｋaaあ"
    差分 (前→+100ms): Δなし   (前→+400ms): Δなし   (前→+1500ms): Δなし
[WALK 91/100] 注入: a vk=0x41
[13:11:01.136Z] KEY [準備/その他] a vk=0x41 scan=0x1E press=13:10:59.520Z (auto)  状態=IME ON・入力なし
    前     : A(open=1 conv=0x09) B(open=1 conv=0x09) T(open=1 conv=0x09) G(open=0 conv=0x00) comp="" tail="kaakｋaaあ"
    +100ms: A(open=1 conv=0x09) B(open=1 conv=0x09) T(open=1 conv=0x09) G(open=0 conv=0x00) comp="あ" tail="kaakｋaaあ"
    +400ms: A(open=1 conv=0x09) B(open=1 conv=0x09) T(open=1 conv=0x09) G(open=0 conv=0x00) comp="あ" tail="kaakｋaaあ"
    +1500ms: A(open=1 conv=0x09) B(open=1 conv=0x09) T(open=1 conv=0x09) G(open=0 conv=0x00) comp="あ" tail="kaakｋaaあ"
    差分 (前→+100ms): Δ comp:Some("")→Some("あ")   (前→+400ms): Δ comp:Some("")→Some("あ")   (前→+1500ms): Δ comp:Some("")→Some("あ")
[WALK 92/100] 注入: 変換 vk=0x1C
[13:11:03.011Z] KEY [準備/その他] 変換 vk=0x1C scan=0x79 press=13:11:01.448Z (auto)  状態=IME ON・入力中
    前     : A(open=1 conv=0x09) B(open=1 conv=0x09) T(open=1 conv=0x09) G(open=0 conv=0x00) comp="あ" tail="kaakｋaaあ"
    +100ms: A(open=1 conv=0x09) B(open=1 conv=0x09) T(open=1 conv=0x09) G(open=0 conv=0x00) comp="あ" tail="kaakｋaaあ"
    +400ms: A(open=1 conv=0x09) B(open=1 conv=0x09) T(open=1 conv=0x09) G(open=0 conv=0x00) comp="あ" tail="kaakｋaaあ"
    +1500ms: A(open=1 conv=0x09) B(open=1 conv=0x09) T(open=1 conv=0x09) G(open=0 conv=0x00) comp="あ" tail="kaakｋaaあ"
    差分 (前→+100ms): Δなし   (前→+400ms): Δなし   (前→+1500ms): Δなし
[WALK 93/100] 注入: Esc vk=0x1B
[13:11:05.012Z] KEY [準備/その他] ESC vk=0x1B scan=0x01 press=13:11:03.388Z (auto)  状態=IME ON・入力中
    前     : A(open=1 conv=0x09) B(open=1 conv=0x09) T(open=1 conv=0x09) G(open=0 conv=0x00) comp="あ" tail="kaakｋaaあ"
    +100ms: A(open=1 conv=0x09) B(open=1 conv=0x09) T(open=1 conv=0x09) G(open=0 conv=0x00) comp="" tail="kaakｋaaあ"
    +400ms: A(open=1 conv=0x09) B(open=1 conv=0x09) T(open=1 conv=0x09) G(open=0 conv=0x00) comp="" tail="kaakｋaaあ"
    +1500ms: A(open=1 conv=0x09) B(open=1 conv=0x09) T(open=1 conv=0x09) G(open=0 conv=0x00) comp="" tail="kaakｋaaあ"
    差分 (前→+100ms): Δ comp:Some("あ")→Some("")   (前→+400ms): Δ comp:Some("あ")→Some("")   (前→+1500ms): Δ comp:Some("あ")→Some("")
[WALK 94/100] 注入: 半角/全角 vk=0xF3
[13:11:06.948Z] KEY [準備/その他] 半角/全角(0xF3) vk=0xF3 scan=0x29 press=13:11:05.329Z (auto)  状態=IME ON・入力なし
    前     : A(open=1 conv=0x09) B(open=1 conv=0x09) T(open=1 conv=0x09) G(open=0 conv=0x00) comp="" tail="kaakｋaaあ"
    +100ms: A(open=0 conv=0x09) B(open=0 conv=0x09) T(open=0 conv=0x09) G(open=0 conv=0x00) comp="" tail="kaakｋaaあ"
    +400ms: A(open=0 conv=0x09) B(open=0 conv=0x09) T(open=0 conv=0x09) G(open=0 conv=0x00) comp="" tail="kaakｋaaあ"
    +1500ms: A(open=0 conv=0x09) B(open=0 conv=0x09) T(open=0 conv=0x09) G(open=0 conv=0x00) comp="" tail="kaakｋaaあ"
    差分 (前→+100ms): Δ open A:1→0 B:1→0 / tsf-thread open:1→0 conv:0x09→0x09   (前→+400ms): Δ open A:1→0 B:1→0 / tsf-thread open:1→0 conv:0x09→0x09   (前→+1500ms): Δ open A:1→0 B:1→0 / tsf-thread open:1→0 conv:0x09→0x09
[WALK 95/100] 注入: a vk=0x41
[13:11:08.884Z] KEY [準備/その他] a vk=0x41 scan=0x1E press=13:11:07.263Z (auto)  状態=直接入力
    前     : A(open=0 conv=0x09) B(open=0 conv=0x09) T(open=0 conv=0x09) G(open=0 conv=0x00) comp="" tail="kaakｋaaあ"
    +100ms: A(open=0 conv=0x09) B(open=0 conv=0x09) T(open=0 conv=0x09) G(open=0 conv=0x00) comp="" tail="aakｋaaあa"
    +400ms: A(open=0 conv=0x09) B(open=0 conv=0x09) T(open=0 conv=0x09) G(open=0 conv=0x00) comp="" tail="aakｋaaあa"
    +1500ms: A(open=0 conv=0x09) B(open=0 conv=0x09) T(open=0 conv=0x09) G(open=0 conv=0x00) comp="" tail="aakｋaaあa"
    差分 (前→+100ms): Δ tail:"kaakｋaaあ"→"aakｋaaあa"   (前→+400ms): Δ tail:"kaakｋaaあ"→"aakｋaaあa"   (前→+1500ms): Δ tail:"kaakｋaaあ"→"aakｋaaあa"
[WALK 96/100] 注入: Enter vk=0x0D
[13:11:10.763Z] KEY [準備/その他] Enter vk=0x0D scan=0x1C press=13:11:09.197Z (auto)  状態=直接入力
    前     : A(open=0 conv=0x09) B(open=0 conv=0x09) T(open=0 conv=0x09) G(open=0 conv=0x00) comp="" tail="aakｋaaあa"
    +100ms: A(open=0 conv=0x09) B(open=0 conv=0x09) T(open=0 conv=0x09) G(open=0 conv=0x00) comp="" tail="aakｋaaあa"
    +400ms: A(open=0 conv=0x09) B(open=0 conv=0x09) T(open=0 conv=0x09) G(open=0 conv=0x00) comp="" tail="aakｋaaあa"
    +1500ms: A(open=0 conv=0x09) B(open=0 conv=0x09) T(open=0 conv=0x09) G(open=0 conv=0x00) comp="" tail="aakｋaaあa"
    差分 (前→+100ms): Δなし   (前→+400ms): Δなし   (前→+1500ms): Δなし
[WALK 97/100] 注入: ひらがな vk=0xF2
[13:11:12.706Z] KEY [準備/その他] ひらがな(0xF2) vk=0xF2 scan=0x70 press=13:11:11.142Z (auto)  状態=直接入力
    前     : A(open=0 conv=0x09) B(open=0 conv=0x09) T(open=0 conv=0x09) G(open=0 conv=0x00) comp="" tail="aakｋaaあa"
    +100ms: A(open=1 conv=0x09) B(open=1 conv=0x09) T(open=1 conv=0x09) G(open=0 conv=0x00) comp="" tail="aakｋaaあa"
    +400ms: A(open=1 conv=0x09) B(open=1 conv=0x09) T(open=1 conv=0x09) G(open=0 conv=0x00) comp="" tail="aakｋaaあa"
    +1500ms: A(open=1 conv=0x09) B(open=1 conv=0x09) T(open=1 conv=0x09) G(open=0 conv=0x00) comp="" tail="aakｋaaあa"
    差分 (前→+100ms): Δ open A:0→1 B:0→1 / tsf-thread open:0→1 conv:0x09→0x09   (前→+400ms): Δ open A:0→1 B:0→1 / tsf-thread open:0→1 conv:0x09→0x09   (前→+1500ms): Δ open A:0→1 B:0→1 / tsf-thread open:0→1 conv:0x09→0x09
[WALK 98/100] 注入: ひらがな vk=0xF2
[13:11:14.641Z] KEY [準備/その他] ひらがな(0xF2) vk=0xF2 scan=0x70 press=13:11:13.069Z (auto)  状態=IME ON・入力なし
    前     : A(open=1 conv=0x09) B(open=1 conv=0x09) T(open=1 conv=0x09) G(open=0 conv=0x00) comp="" tail="aakｋaaあa"
    +100ms: A(open=0 conv=0x09) B(open=0 conv=0x09) T(open=0 conv=0x09) G(open=0 conv=0x00) comp="" tail="aakｋaaあa"
    +400ms: A(open=0 conv=0x09) B(open=0 conv=0x09) T(open=0 conv=0x09) G(open=0 conv=0x00) comp="" tail="aakｋaaあa"
    +1500ms: A(open=0 conv=0x09) B(open=0 conv=0x09) T(open=0 conv=0x09) G(open=0 conv=0x00) comp="" tail="aakｋaaあa"
    差分 (前→+100ms): Δ open A:1→0 B:1→0 / tsf-thread open:1→0 conv:0x09→0x09   (前→+400ms): Δ open A:1→0 B:1→0 / tsf-thread open:1→0 conv:0x09→0x09   (前→+1500ms): Δ open A:1→0 B:1→0 / tsf-thread open:1→0 conv:0x09→0x09
[WALK 99/100] 注入: 変換 vk=0x1C
[13:11:16.643Z] KEY [準備/その他] 変換 vk=0x1C scan=0x79 press=13:11:15.018Z (auto)  状態=直接入力
    前     : A(open=0 conv=0x09) B(open=0 conv=0x09) T(open=0 conv=0x09) G(open=0 conv=0x00) comp="" tail="aakｋaaあa"
    +100ms: A(open=1 conv=0x09) B(open=1 conv=0x09) T(open=1 conv=0x09) G(open=0 conv=0x00) comp="" tail="aakｋaaあa"
    +400ms: A(open=1 conv=0x09) B(open=1 conv=0x09) T(open=1 conv=0x09) G(open=0 conv=0x00) comp="" tail="aakｋaaあa"
    +1500ms: A(open=1 conv=0x09) B(open=1 conv=0x09) T(open=1 conv=0x09) G(open=0 conv=0x00) comp="" tail="aakｋaaあa"
    差分 (前→+100ms): Δ open A:0→1 B:0→1 / tsf-thread open:0→1 conv:0x09→0x09   (前→+400ms): Δ open A:0→1 B:0→1 / tsf-thread open:0→1 conv:0x09→0x09   (前→+1500ms): Δ open A:0→1 B:0→1 / tsf-thread open:0→1 conv:0x09→0x09
[WALK 100/100] 注入: 無変換 vk=0x1D
[13:11:18.516Z] KEY [準備/その他] 無変換 vk=0x1D scan=0x7B press=13:11:16.945Z (auto)  状態=IME ON・入力なし
    前     : A(open=1 conv=0x09) B(open=1 conv=0x09) T(open=1 conv=0x09) G(open=0 conv=0x00) comp="" tail="aakｋaaあa"
    +100ms: A(open=0 conv=0x09) B(open=0 conv=0x09) T(open=0 conv=0x09) G(open=0 conv=0x00) comp="" tail="aakｋaaあa"
    +400ms: A(open=0 conv=0x09) B(open=0 conv=0x09) T(open=0 conv=0x09) G(open=0 conv=0x00) comp="" tail="aakｋaaあa"
    +1500ms: A(open=0 conv=0x09) B(open=0 conv=0x09) T(open=0 conv=0x09) G(open=0 conv=0x00) comp="" tail="aakｋaaあa"
    差分 (前→+100ms): Δ open A:1→0 B:1→0 / tsf-thread open:1→0 conv:0x09→0x09   (前→+400ms): Δ open A:1→0 B:1→0 / tsf-thread open:1→0 conv:0x09→0x09   (前→+1500ms): Δ open A:1→0 B:1→0 / tsf-thread open:1→0 conv:0x09→0x09
[WALK] 100手完了（1.5秒後に自動で閉じます）
script error: Output type incorrect: bool (expecting ())
