=== IME key matrix spike (awase 非依存) ===
観測: A=IMM(ImmGet*) / B=WM_IME_CONTROL / T=TSFスレッドcompartment / G=TSFグローバルcompartment
conv の目安: 0x19=ひらがな(NATIVE|FULLSHAPE|ROMAN) 0x10=半角英数(ROMAN) 0x00=直接入力系
手順: awase を止める → 画面中段の案内に従ってキーを1回ずつ押す（全 2ラウンド×20ステップ、各押下後は3秒待機）
ROUND1=標準EDIT / ROUND2=RichEdit(TSFネイティブ)。そのキーが無い場合は Ctrl+Shift+F12 でスキップ
ログファイル: C:\Users\cuzic\scoop\persist\msys2\home\cuzic\awase-spike\target\debug\examples\ime_key_matrix_spike.log

=== ROUND 2/2: 対象コントロール = RichEdit 5.0(TSFネイティブ) ===
[AUTO] フォーカス復帰(入力欄)
[ROMAN] 前 open=0 conv=0x19 → 後 open=1 conv=0x19
[WALK 1/100] 注入: k vk=0x4B
[13:23:50.870Z] KEY [準備/その他] k vk=0x4B scan=0x25 press=13:23:49.305Z (auto)  状態=IME ON・入力なし
    前     : A(open=1 conv=0x19) B(open=1 conv=0x19) T(open=1 conv=0x00) G(open=0 conv=0x00) comp="" tail=""
    +100ms: A(open=1 conv=0x19) B(open=1 conv=0x19) T(open=1 conv=0x00) G(open=0 conv=0x00) comp="ｋ" tail=""
    +400ms: A(open=1 conv=0x19) B(open=1 conv=0x19) T(open=1 conv=0x00) G(open=0 conv=0x00) comp="ｋ" tail=""
    +1500ms: A(open=1 conv=0x19) B(open=1 conv=0x19) T(open=1 conv=0x00) G(open=0 conv=0x00) comp="ｋ" tail=""
    差分 (前→+100ms): Δ comp:Some("")→Some("ｋ")   (前→+400ms): Δ comp:Some("")→Some("ｋ")   (前→+1500ms): Δ comp:Some("")→Some("ｋ")
[WALK 2/100] 注入: ひらがな vk=0xF2
[13:23:52.814Z] KEY [準備/その他] ひらがな(0xF2) vk=0xF2 scan=0x70 press=13:23:51.247Z (auto)  状態=IME ON・入力中
    前     : A(open=1 conv=0x19) B(open=1 conv=0x19) T(open=1 conv=0x00) G(open=0 conv=0x00) comp="ｋ" tail=""
    +100ms: A(open=1 conv=0x00) B(open=1 conv=0x00) T(open=1 conv=0x00) G(open=0 conv=0x00) comp="ｋ" tail=""
    +400ms: A(open=1 conv=0x00) B(open=1 conv=0x00) T(open=1 conv=0x00) G(open=0 conv=0x00) comp="ｋ" tail=""
    +1500ms: A(open=1 conv=0x00) B(open=1 conv=0x00) T(open=1 conv=0x00) G(open=0 conv=0x00) comp="ｋ" tail=""
    差分 (前→+100ms): Δ conv A:0x19→0x00 B:0x19→0x00   (前→+400ms): Δ conv A:0x19→0x00 B:0x19→0x00   (前→+1500ms): Δ conv A:0x19→0x00 B:0x19→0x00
[WALK 3/100] 注入: 無変換 vk=0x1D
[13:23:54.803Z] KEY [準備/その他] 無変換 vk=0x1D scan=0x7B press=13:23:53.188Z (auto)  状態=IME ON・入力中
    前     : A(open=1 conv=0x00) B(open=1 conv=0x00) T(open=1 conv=0x00) G(open=0 conv=0x00) comp="ｋ" tail=""
    +100ms: A(open=1 conv=0x09) B(open=1 conv=0x09) T(open=1 conv=0x09) G(open=0 conv=0x00) comp="ｋ" tail=""
    +400ms: A(open=1 conv=0x09) B(open=1 conv=0x09) T(open=1 conv=0x09) G(open=0 conv=0x00) comp="ｋ" tail=""
    +1500ms: A(open=1 conv=0x09) B(open=1 conv=0x09) T(open=1 conv=0x09) G(open=0 conv=0x00) comp="ｋ" tail=""
    差分 (前→+100ms): Δ conv A:0x00→0x09 B:0x00→0x09 / tsf-thread open:1→1 conv:0x00→0x09   (前→+400ms): Δ conv A:0x00→0x09 B:0x00→0x09 / tsf-thread open:1→1 conv:0x00→0x09   (前→+1500ms): Δ conv A:0x00→0x09 B:0x00→0x09 / tsf-thread open:1→1 conv:0x00→0x09
[WALK 4/100] 注入: 無変換 vk=0x1D
[13:23:56.681Z] KEY [準備/その他] 無変換 vk=0x1D scan=0x7B press=13:23:55.118Z (auto)  状態=IME ON・入力中
    前     : A(open=1 conv=0x09) B(open=1 conv=0x09) T(open=1 conv=0x09) G(open=0 conv=0x00) comp="ｋ" tail=""
    +100ms: A(open=1 conv=0x00) B(open=1 conv=0x00) T(open=1 conv=0x00) G(open=0 conv=0x00) comp="ｋ" tail=""
    +400ms: A(open=1 conv=0x00) B(open=1 conv=0x00) T(open=1 conv=0x00) G(open=0 conv=0x00) comp="ｋ" tail=""
    +1500ms: A(open=1 conv=0x00) B(open=1 conv=0x00) T(open=1 conv=0x00) G(open=0 conv=0x00) comp="ｋ" tail=""
    差分 (前→+100ms): Δ conv A:0x09→0x00 B:0x09→0x00 / tsf-thread open:1→1 conv:0x09→0x00   (前→+400ms): Δ conv A:0x09→0x00 B:0x09→0x00 / tsf-thread open:1→1 conv:0x09→0x00   (前→+1500ms): Δ conv A:0x09→0x00 B:0x09→0x00 / tsf-thread open:1→1 conv:0x09→0x00
[WALK 5/100] 注入: Esc vk=0x1B
[13:23:58.628Z] KEY [準備/その他] ESC vk=0x1B scan=0x01 press=13:23:57.058Z (auto)  状態=IME ON・入力中
    前     : A(open=1 conv=0x00) B(open=1 conv=0x00) T(open=1 conv=0x00) G(open=0 conv=0x00) comp="ｋ" tail=""
    +100ms: A(open=0 conv=0x00) B(open=0 conv=0x00) T(open=0 conv=0x00) G(open=0 conv=0x00) comp="" tail=""
    +400ms: A(open=0 conv=0x00) B(open=0 conv=0x00) T(open=0 conv=0x00) G(open=0 conv=0x00) comp="" tail=""
    +1500ms: A(open=0 conv=0x00) B(open=0 conv=0x00) T(open=0 conv=0x00) G(open=0 conv=0x00) comp="" tail=""
    差分 (前→+100ms): Δ open A:1→0 B:1→0 / tsf-thread open:1→0 conv:0x00→0x00 / comp:Some("ｋ")→Some("")   (前→+400ms): Δ open A:1→0 B:1→0 / tsf-thread open:1→0 conv:0x00→0x00 / comp:Some("ｋ")→Some("")   (前→+1500ms): Δ open A:1→0 B:1→0 / tsf-thread open:1→0 conv:0x00→0x00 / comp:Some("ｋ")→Some("")
[WALK 6/100] 注入: 半角/全角 vk=0xF3
[13:24:00.616Z] KEY [準備/その他] 半角/全角(0xF4) vk=0xF4 scan=0x29 press=13:23:59.003Z (auto)  状態=直接入力
    前     : A(open=0 conv=0x00) B(open=0 conv=0x00) T(open=0 conv=0x00) G(open=0 conv=0x00) comp="" tail=""
    +100ms: A(open=1 conv=0x09) B(open=1 conv=0x09) T(open=1 conv=0x09) G(open=0 conv=0x00) comp="" tail=""
    +400ms: A(open=1 conv=0x09) B(open=1 conv=0x09) T(open=1 conv=0x09) G(open=0 conv=0x00) comp="" tail=""
    +1500ms: A(open=1 conv=0x09) B(open=1 conv=0x09) T(open=1 conv=0x09) G(open=0 conv=0x00) comp="" tail=""
    差分 (前→+100ms): Δ open A:0→1 B:0→1 / conv A:0x00→0x09 B:0x00→0x09 / tsf-thread open:0→1 conv:0x00→0x09   (前→+400ms): Δ open A:0→1 B:0→1 / conv A:0x00→0x09 B:0x00→0x09 / tsf-thread open:0→1 conv:0x00→0x09   (前→+1500ms): Δ open A:0→1 B:0→1 / conv A:0x00→0x09 B:0x00→0x09 / tsf-thread open:0→1 conv:0x00→0x09
[WALK 7/100] 注入: k vk=0x4B
[13:24:02.497Z] KEY [準備/その他] k vk=0x4B scan=0x25 press=13:24:00.930Z (auto)  状態=IME ON・入力なし
    前     : A(open=1 conv=0x09) B(open=1 conv=0x09) T(open=1 conv=0x09) G(open=0 conv=0x00) comp="" tail=""
    +100ms: A(open=1 conv=0x09) B(open=1 conv=0x09) T(open=1 conv=0x09) G(open=0 conv=0x00) comp="ｋ" tail=""
    +400ms: A(open=1 conv=0x09) B(open=1 conv=0x09) T(open=1 conv=0x09) G(open=0 conv=0x00) comp="ｋ" tail=""
    +1500ms: A(open=1 conv=0x09) B(open=1 conv=0x09) T(open=1 conv=0x09) G(open=0 conv=0x00) comp="ｋ" tail=""
    差分 (前→+100ms): Δ comp:Some("")→Some("ｋ")   (前→+400ms): Δ comp:Some("")→Some("ｋ")   (前→+1500ms): Δ comp:Some("")→Some("ｋ")
[WALK 8/100] 注入: Enter vk=0x0D
[13:24:04.448Z] KEY [準備/その他] Enter vk=0x0D scan=0x1C press=13:24:02.871Z (auto)  状態=IME ON・入力中
    前     : A(open=1 conv=0x09) B(open=1 conv=0x09) T(open=1 conv=0x09) G(open=0 conv=0x00) comp="ｋ" tail=""
    +100ms: A(open=1 conv=0x09) B(open=1 conv=0x09) T(open=1 conv=0x09) G(open=0 conv=0x00) comp="" tail="ｋ"
    +400ms: A(open=1 conv=0x09) B(open=1 conv=0x09) T(open=1 conv=0x09) G(open=0 conv=0x00) comp="" tail="ｋ"
    +1500ms: A(open=1 conv=0x09) B(open=1 conv=0x09) T(open=1 conv=0x09) G(open=0 conv=0x00) comp="" tail="ｋ"
    差分 (前→+100ms): Δ comp:Some("ｋ")→Some("") / tail:""→"ｋ"   (前→+400ms): Δ comp:Some("ｋ")→Some("") / tail:""→"ｋ"   (前→+1500ms): Δ comp:Some("ｋ")→Some("") / tail:""→"ｋ"
[WALK 9/100] 注入: 変換 vk=0x1C
[13:24:06.401Z] KEY [準備/その他] 変換 vk=0x1C scan=0x79 press=13:24:04.827Z (auto)  状態=IME ON・入力なし
    前     : A(open=1 conv=0x09) B(open=1 conv=0x09) T(open=1 conv=0x09) G(open=0 conv=0x00) comp="" tail="ｋ"
    +100ms: A(open=0 conv=0x09) B(open=0 conv=0x09) T(open=0 conv=0x09) G(open=0 conv=0x00) comp="" tail="ｋ"
    +400ms: A(open=0 conv=0x09) B(open=0 conv=0x09) T(open=0 conv=0x09) G(open=0 conv=0x00) comp="" tail="ｋ"
    +1500ms: A(open=0 conv=0x09) B(open=0 conv=0x09) T(open=0 conv=0x09) G(open=0 conv=0x00) comp="" tail="ｋ"
    差分 (前→+100ms): Δ open A:1→0 B:1→0 / tsf-thread open:1→0 conv:0x09→0x09   (前→+400ms): Δ open A:1→0 B:1→0 / tsf-thread open:1→0 conv:0x09→0x09   (前→+1500ms): Δ open A:1→0 B:1→0 / tsf-thread open:1→0 conv:0x09→0x09
[WALK 10/100] 注入: ひらがな vk=0xF2
[13:24:08.345Z] KEY [準備/その他] ひらがな(0xF2) vk=0xF2 scan=0x70 press=13:24:06.779Z (auto)  状態=直接入力
    前     : A(open=0 conv=0x09) B(open=0 conv=0x09) T(open=0 conv=0x09) G(open=0 conv=0x00) comp="" tail="ｋ"
    +100ms: A(open=1 conv=0x09) B(open=1 conv=0x09) T(open=1 conv=0x09) G(open=0 conv=0x00) comp="" tail="ｋ"
    +400ms: A(open=1 conv=0x09) B(open=1 conv=0x09) T(open=1 conv=0x09) G(open=0 conv=0x00) comp="" tail="ｋ"
    +1500ms: A(open=1 conv=0x09) B(open=1 conv=0x09) T(open=1 conv=0x09) G(open=0 conv=0x00) comp="" tail="ｋ"
    差分 (前→+100ms): Δ open A:0→1 B:0→1 / tsf-thread open:0→1 conv:0x09→0x09   (前→+400ms): Δ open A:0→1 B:0→1 / tsf-thread open:0→1 conv:0x09→0x09   (前→+1500ms): Δ open A:0→1 B:0→1 / tsf-thread open:0→1 conv:0x09→0x09
[WALK 11/100] 注入: Esc vk=0x1B
[13:24:10.288Z] KEY [準備/その他] ESC vk=0x1B scan=0x01 press=13:24:08.723Z (auto)  状態=IME ON・入力なし
    前     : A(open=1 conv=0x09) B(open=1 conv=0x09) T(open=1 conv=0x09) G(open=0 conv=0x00) comp="" tail="ｋ"
    +100ms: A(open=1 conv=0x09) B(open=1 conv=0x09) T(open=1 conv=0x09) G(open=0 conv=0x00) comp="" tail="ｋ"
    +400ms: A(open=1 conv=0x09) B(open=1 conv=0x09) T(open=1 conv=0x09) G(open=0 conv=0x00) comp="" tail="ｋ"
    +1500ms: A(open=1 conv=0x09) B(open=1 conv=0x09) T(open=1 conv=0x09) G(open=0 conv=0x00) comp="" tail="ｋ"
    差分 (前→+100ms): Δなし   (前→+400ms): Δなし   (前→+1500ms): Δなし
[WALK 12/100] 注入: ひらがな vk=0xF2
[13:24:12.233Z] KEY [準備/その他] ひらがな(0xF2) vk=0xF2 scan=0x70 press=13:24:10.666Z (auto)  状態=IME ON・入力なし
    前     : A(open=1 conv=0x09) B(open=1 conv=0x09) T(open=1 conv=0x09) G(open=0 conv=0x00) comp="" tail="ｋ"
    +100ms: A(open=1 conv=0x08) B(open=1 conv=0x08) T(open=1 conv=0x08) G(open=0 conv=0x00) comp="" tail="ｋ"
    +400ms: A(open=1 conv=0x08) B(open=1 conv=0x08) T(open=1 conv=0x08) G(open=0 conv=0x00) comp="" tail="ｋ"
    +1500ms: A(open=1 conv=0x08) B(open=1 conv=0x08) T(open=1 conv=0x08) G(open=0 conv=0x00) comp="" tail="ｋ"
    差分 (前→+100ms): Δ conv A:0x09→0x08 B:0x09→0x08 / tsf-thread open:1→1 conv:0x09→0x08   (前→+400ms): Δ conv A:0x09→0x08 B:0x09→0x08 / tsf-thread open:1→1 conv:0x09→0x08   (前→+1500ms): Δ conv A:0x09→0x08 B:0x09→0x08 / tsf-thread open:1→1 conv:0x09→0x08
[WALK 13/100] 注入: ひらがな vk=0xF2
[13:24:14.193Z] KEY [準備/その他] ひらがな(0xF2) vk=0xF2 scan=0x70 press=13:24:12.609Z (auto)  状態=IME ON・入力なし
    前     : A(open=1 conv=0x08) B(open=1 conv=0x08) T(open=1 conv=0x08) G(open=0 conv=0x00) comp="" tail="ｋ"
    +100ms: A(open=1 conv=0x09) B(open=1 conv=0x09) T(open=1 conv=0x09) G(open=0 conv=0x00) comp="" tail="ｋ"
    +400ms: A(open=1 conv=0x09) B(open=1 conv=0x09) T(open=1 conv=0x09) G(open=0 conv=0x00) comp="" tail="ｋ"
    +1500ms: A(open=1 conv=0x09) B(open=1 conv=0x09) T(open=1 conv=0x09) G(open=0 conv=0x00) comp="" tail="ｋ"
    差分 (前→+100ms): Δ conv A:0x08→0x09 B:0x08→0x09 / tsf-thread open:1→1 conv:0x08→0x09   (前→+400ms): Δ conv A:0x08→0x09 B:0x08→0x09 / tsf-thread open:1→1 conv:0x08→0x09   (前→+1500ms): Δ conv A:0x08→0x09 B:0x08→0x09 / tsf-thread open:1→1 conv:0x08→0x09
[WALK 14/100] 注入: ひらがな vk=0xF2
[13:24:16.077Z] KEY [準備/その他] ひらがな(0xF2) vk=0xF2 scan=0x70 press=13:24:14.509Z (auto)  状態=IME ON・入力なし
    前     : A(open=1 conv=0x09) B(open=1 conv=0x09) T(open=1 conv=0x09) G(open=0 conv=0x00) comp="" tail="ｋ"
    +100ms: A(open=1 conv=0x08) B(open=1 conv=0x08) T(open=1 conv=0x08) G(open=0 conv=0x00) comp="" tail="ｋ"
    +400ms: A(open=1 conv=0x08) B(open=1 conv=0x08) T(open=1 conv=0x08) G(open=0 conv=0x00) comp="" tail="ｋ"
    +1500ms: A(open=1 conv=0x08) B(open=1 conv=0x08) T(open=1 conv=0x08) G(open=0 conv=0x00) comp="" tail="ｋ"
    差分 (前→+100ms): Δ conv A:0x09→0x08 B:0x09→0x08 / tsf-thread open:1→1 conv:0x09→0x08   (前→+400ms): Δ conv A:0x09→0x08 B:0x09→0x08 / tsf-thread open:1→1 conv:0x09→0x08   (前→+1500ms): Δ conv A:0x09→0x08 B:0x09→0x08 / tsf-thread open:1→1 conv:0x09→0x08
[WALK 15/100] 注入: 無変換 vk=0x1D
[13:24:18.076Z] KEY [準備/その他] 無変換 vk=0x1D scan=0x7B press=13:24:16.452Z (auto)  状態=IME ON・入力なし
    前     : A(open=1 conv=0x08) B(open=1 conv=0x08) T(open=1 conv=0x08) G(open=0 conv=0x00) comp="" tail="ｋ"
    +100ms: A(open=1 conv=0x09) B(open=1 conv=0x09) T(open=1 conv=0x09) G(open=0 conv=0x00) comp="" tail="ｋ"
    +400ms: A(open=1 conv=0x09) B(open=1 conv=0x09) T(open=1 conv=0x09) G(open=0 conv=0x00) comp="" tail="ｋ"
    +1500ms: A(open=1 conv=0x09) B(open=1 conv=0x09) T(open=1 conv=0x09) G(open=0 conv=0x00) comp="" tail="ｋ"
    差分 (前→+100ms): Δ conv A:0x08→0x09 B:0x08→0x09 / tsf-thread open:1→1 conv:0x08→0x09   (前→+400ms): Δ conv A:0x08→0x09 B:0x08→0x09 / tsf-thread open:1→1 conv:0x08→0x09   (前→+1500ms): Δ conv A:0x08→0x09 B:0x08→0x09 / tsf-thread open:1→1 conv:0x08→0x09
[WALK 16/100] 注入: ひらがな vk=0xF2
[13:24:19.958Z] KEY [準備/その他] ひらがな(0xF2) vk=0xF2 scan=0x70 press=13:24:18.388Z (auto)  状態=IME ON・入力なし
    前     : A(open=1 conv=0x09) B(open=1 conv=0x09) T(open=1 conv=0x09) G(open=0 conv=0x00) comp="" tail="ｋ"
    +100ms: A(open=1 conv=0x08) B(open=1 conv=0x08) T(open=1 conv=0x08) G(open=0 conv=0x00) comp="" tail="ｋ"
    +400ms: A(open=1 conv=0x08) B(open=1 conv=0x08) T(open=1 conv=0x08) G(open=0 conv=0x00) comp="" tail="ｋ"
    +1500ms: A(open=1 conv=0x08) B(open=1 conv=0x08) T(open=1 conv=0x08) G(open=0 conv=0x00) comp="" tail="ｋ"
    差分 (前→+100ms): Δ conv A:0x09→0x08 B:0x09→0x08 / tsf-thread open:1→1 conv:0x09→0x08   (前→+400ms): Δ conv A:0x09→0x08 B:0x09→0x08 / tsf-thread open:1→1 conv:0x09→0x08   (前→+1500ms): Δ conv A:0x09→0x08 B:0x09→0x08 / tsf-thread open:1→1 conv:0x09→0x08
[WALK 17/100] 注入: ひらがな vk=0xF2
[13:24:21.904Z] KEY [準備/その他] ひらがな(0xF2) vk=0xF2 scan=0x70 press=13:24:20.335Z (auto)  状態=IME ON・入力なし
    前     : A(open=1 conv=0x08) B(open=1 conv=0x08) T(open=1 conv=0x08) G(open=0 conv=0x00) comp="" tail="ｋ"
    +100ms: A(open=1 conv=0x09) B(open=1 conv=0x09) T(open=1 conv=0x09) G(open=0 conv=0x00) comp="" tail="ｋ"
    +400ms: A(open=1 conv=0x09) B(open=1 conv=0x09) T(open=1 conv=0x09) G(open=0 conv=0x00) comp="" tail="ｋ"
    +1500ms: A(open=1 conv=0x09) B(open=1 conv=0x09) T(open=1 conv=0x09) G(open=0 conv=0x00) comp="" tail="ｋ"
    差分 (前→+100ms): Δ conv A:0x08→0x09 B:0x08→0x09 / tsf-thread open:1→1 conv:0x08→0x09   (前→+400ms): Δ conv A:0x08→0x09 B:0x08→0x09 / tsf-thread open:1→1 conv:0x08→0x09   (前→+1500ms): Δ conv A:0x08→0x09 B:0x08→0x09 / tsf-thread open:1→1 conv:0x08→0x09
[WALK 18/100] 注入: a vk=0x41
[13:24:23.846Z] KEY [準備/その他] a vk=0x41 scan=0x1E press=13:24:22.279Z (auto)  状態=IME ON・入力なし
    前     : A(open=1 conv=0x09) B(open=1 conv=0x09) T(open=1 conv=0x09) G(open=0 conv=0x00) comp="" tail="ｋ"
    +100ms: A(open=1 conv=0x09) B(open=1 conv=0x09) T(open=1 conv=0x09) G(open=0 conv=0x00) comp="あ" tail="ｋ"
    +400ms: A(open=1 conv=0x09) B(open=1 conv=0x09) T(open=1 conv=0x09) G(open=0 conv=0x00) comp="あ" tail="ｋ"
    +1500ms: A(open=1 conv=0x09) B(open=1 conv=0x09) T(open=1 conv=0x09) G(open=0 conv=0x00) comp="あ" tail="ｋ"
    差分 (前→+100ms): Δ comp:Some("")→Some("あ")   (前→+400ms): Δ comp:Some("")→Some("あ")   (前→+1500ms): Δ comp:Some("")→Some("あ")
[WALK 19/100] 注入: Enter vk=0x0D
[13:24:25.809Z] KEY [準備/その他] Enter vk=0x0D scan=0x1C press=13:24:24.239Z (auto)  状態=IME ON・入力中
    前     : A(open=1 conv=0x09) B(open=1 conv=0x09) T(open=1 conv=0x09) G(open=0 conv=0x00) comp="あ" tail="ｋ"
    +100ms: A(open=1 conv=0x09) B(open=1 conv=0x09) T(open=1 conv=0x09) G(open=0 conv=0x00) comp="" tail="ｋあ"
    +400ms: A(open=1 conv=0x09) B(open=1 conv=0x09) T(open=1 conv=0x09) G(open=0 conv=0x00) comp="" tail="ｋあ"
    +1500ms: A(open=1 conv=0x09) B(open=1 conv=0x09) T(open=1 conv=0x09) G(open=0 conv=0x00) comp="" tail="ｋあ"
    差分 (前→+100ms): Δ comp:Some("あ")→Some("") / tail:"ｋ"→"ｋあ"   (前→+400ms): Δ comp:Some("あ")→Some("") / tail:"ｋ"→"ｋあ"   (前→+1500ms): Δ comp:Some("あ")→Some("") / tail:"ｋ"→"ｋあ"
[WALK 20/100] 注入: Esc vk=0x1B
[13:24:27.751Z] KEY [準備/その他] ESC vk=0x1B scan=0x01 press=13:24:26.186Z (auto)  状態=IME ON・入力なし
    前     : A(open=1 conv=0x09) B(open=1 conv=0x09) T(open=1 conv=0x09) G(open=0 conv=0x00) comp="" tail="ｋあ"
    +100ms: A(open=1 conv=0x09) B(open=1 conv=0x09) T(open=1 conv=0x09) G(open=0 conv=0x00) comp="" tail="ｋあ"
    +400ms: A(open=1 conv=0x09) B(open=1 conv=0x09) T(open=1 conv=0x09) G(open=0 conv=0x00) comp="" tail="ｋあ"
    +1500ms: A(open=1 conv=0x09) B(open=1 conv=0x09) T(open=1 conv=0x09) G(open=0 conv=0x00) comp="" tail="ｋあ"
    差分 (前→+100ms): Δなし   (前→+400ms): Δなし   (前→+1500ms): Δなし
[WALK 21/100] 注入: 無変換 vk=0x1D
[13:24:29.745Z] KEY [準備/その他] 無変換 vk=0x1D scan=0x7B press=13:24:28.128Z (auto)  状態=IME ON・入力なし
    前     : A(open=1 conv=0x09) B(open=1 conv=0x09) T(open=1 conv=0x09) G(open=0 conv=0x00) comp="" tail="ｋあ"
    +100ms: A(open=0 conv=0x09) B(open=0 conv=0x09) T(open=0 conv=0x09) G(open=0 conv=0x00) comp="" tail="ｋあ"
    +400ms: A(open=0 conv=0x09) B(open=0 conv=0x09) T(open=0 conv=0x09) G(open=0 conv=0x00) comp="" tail="ｋあ"
    +1500ms: A(open=0 conv=0x09) B(open=0 conv=0x09) T(open=0 conv=0x09) G(open=0 conv=0x00) comp="" tail="ｋあ"
    差分 (前→+100ms): Δ open A:1→0 B:1→0 / tsf-thread open:1→0 conv:0x09→0x09   (前→+400ms): Δ open A:1→0 B:1→0 / tsf-thread open:1→0 conv:0x09→0x09   (前→+1500ms): Δ open A:1→0 B:1→0 / tsf-thread open:1→0 conv:0x09→0x09
[WALK 22/100] 注入: Enter vk=0x0D
[13:24:31.621Z] KEY [準備/その他] Enter vk=0x0D scan=0x1C press=13:24:30.058Z (auto)  状態=直接入力
    前     : A(open=0 conv=0x09) B(open=0 conv=0x09) T(open=0 conv=0x09) G(open=0 conv=0x00) comp="" tail="ｋあ"
    +100ms: A(open=0 conv=0x09) B(open=0 conv=0x09) T(open=0 conv=0x09) G(open=0 conv=0x00) comp="" tail="ｋあ"
    +400ms: A(open=0 conv=0x09) B(open=0 conv=0x09) T(open=0 conv=0x09) G(open=0 conv=0x00) comp="" tail="ｋあ"
    +1500ms: A(open=0 conv=0x09) B(open=0 conv=0x09) T(open=0 conv=0x09) G(open=0 conv=0x00) comp="" tail="ｋあ"
    差分 (前→+100ms): Δなし   (前→+400ms): Δなし   (前→+1500ms): Δなし
[WALK 23/100] 注入: k vk=0x4B
[13:24:33.619Z] KEY [準備/その他] k vk=0x4B scan=0x25 press=13:24:31.997Z (auto)  状態=直接入力
    前     : A(open=0 conv=0x09) B(open=0 conv=0x09) T(open=0 conv=0x09) G(open=0 conv=0x00) comp="" tail="ｋあ"
    +100ms: A(open=0 conv=0x09) B(open=0 conv=0x09) T(open=0 conv=0x09) G(open=0 conv=0x00) comp="" tail="ｋあk"
    +400ms: A(open=0 conv=0x09) B(open=0 conv=0x09) T(open=0 conv=0x09) G(open=0 conv=0x00) comp="" tail="ｋあk"
    +1500ms: A(open=0 conv=0x09) B(open=0 conv=0x09) T(open=0 conv=0x09) G(open=0 conv=0x00) comp="" tail="ｋあk"
    差分 (前→+100ms): Δ tail:"ｋあ"→"ｋあk"   (前→+400ms): Δ tail:"ｋあ"→"ｋあk"   (前→+1500ms): Δ tail:"ｋあ"→"ｋあk"
[WALK 24/100] 注入: ひらがな vk=0xF2
[13:24:35.497Z] KEY [準備/その他] ひらがな(0xF2) vk=0xF2 scan=0x70 press=13:24:33.934Z (auto)  状態=直接入力
    前     : A(open=0 conv=0x09) B(open=0 conv=0x09) T(open=0 conv=0x09) G(open=0 conv=0x00) comp="" tail="ｋあk"
    +100ms: A(open=1 conv=0x09) B(open=1 conv=0x09) T(open=1 conv=0x09) G(open=0 conv=0x00) comp="" tail="ｋあk"
    +400ms: A(open=1 conv=0x09) B(open=1 conv=0x09) T(open=1 conv=0x09) G(open=0 conv=0x00) comp="" tail="ｋあk"
    +1500ms: A(open=1 conv=0x09) B(open=1 conv=0x09) T(open=1 conv=0x09) G(open=0 conv=0x00) comp="" tail="ｋあk"
    差分 (前→+100ms): Δ open A:0→1 B:0→1 / tsf-thread open:0→1 conv:0x09→0x09   (前→+400ms): Δ open A:0→1 B:0→1 / tsf-thread open:0→1 conv:0x09→0x09   (前→+1500ms): Δ open A:0→1 B:0→1 / tsf-thread open:0→1 conv:0x09→0x09
[WALK 25/100] 注入: a vk=0x41
[13:24:37.439Z] KEY [準備/その他] a vk=0x41 scan=0x1E press=13:24:35.874Z (auto)  状態=IME ON・入力なし
    前     : A(open=1 conv=0x09) B(open=1 conv=0x09) T(open=1 conv=0x09) G(open=0 conv=0x00) comp="" tail="ｋあk"
    +100ms: A(open=1 conv=0x09) B(open=1 conv=0x09) T(open=1 conv=0x09) G(open=0 conv=0x00) comp="あ" tail="ｋあk"
    +400ms: A(open=1 conv=0x09) B(open=1 conv=0x09) T(open=1 conv=0x09) G(open=0 conv=0x00) comp="あ" tail="ｋあk"
    +1500ms: A(open=1 conv=0x09) B(open=1 conv=0x09) T(open=1 conv=0x09) G(open=0 conv=0x00) comp="あ" tail="ｋあk"
    差分 (前→+100ms): Δ comp:Some("")→Some("あ")   (前→+400ms): Δ comp:Some("")→Some("あ")   (前→+1500ms): Δ comp:Some("")→Some("あ")
[WALK 26/100] 注入: Enter vk=0x0D
[13:24:39.436Z] KEY [準備/その他] Enter vk=0x0D scan=0x1C press=13:24:37.814Z (auto)  状態=IME ON・入力中
    前     : A(open=1 conv=0x09) B(open=1 conv=0x09) T(open=1 conv=0x09) G(open=0 conv=0x00) comp="あ" tail="ｋあk"
    +100ms: A(open=1 conv=0x09) B(open=1 conv=0x09) T(open=1 conv=0x09) G(open=0 conv=0x00) comp="" tail="ｋあkあ"
    +400ms: A(open=1 conv=0x09) B(open=1 conv=0x09) T(open=1 conv=0x09) G(open=0 conv=0x00) comp="" tail="ｋあkあ"
    +1500ms: A(open=1 conv=0x09) B(open=1 conv=0x09) T(open=1 conv=0x09) G(open=0 conv=0x00) comp="" tail="ｋあkあ"
    差分 (前→+100ms): Δ comp:Some("あ")→Some("") / tail:"ｋあk"→"ｋあkあ"   (前→+400ms): Δ comp:Some("あ")→Some("") / tail:"ｋあk"→"ｋあkあ"   (前→+1500ms): Δ comp:Some("あ")→Some("") / tail:"ｋあk"→"ｋあkあ"
[WALK 27/100] 注入: Esc vk=0x1B
[13:24:41.310Z] KEY [準備/その他] ESC vk=0x1B scan=0x01 press=13:24:39.748Z (auto)  状態=IME ON・入力なし
    前     : A(open=1 conv=0x09) B(open=1 conv=0x09) T(open=1 conv=0x09) G(open=0 conv=0x00) comp="" tail="ｋあkあ"
    +100ms: A(open=1 conv=0x09) B(open=1 conv=0x09) T(open=1 conv=0x09) G(open=0 conv=0x00) comp="" tail="ｋあkあ"
    +400ms: A(open=1 conv=0x09) B(open=1 conv=0x09) T(open=1 conv=0x09) G(open=0 conv=0x00) comp="" tail="ｋあkあ"
    +1500ms: A(open=1 conv=0x09) B(open=1 conv=0x09) T(open=1 conv=0x09) G(open=0 conv=0x00) comp="" tail="ｋあkあ"
    差分 (前→+100ms): Δなし   (前→+400ms): Δなし   (前→+1500ms): Δなし
[WALK 28/100] 注入: ひらがな vk=0xF2
[13:24:43.307Z] KEY [準備/その他] ひらがな(0xF2) vk=0xF2 scan=0x70 press=13:24:41.686Z (auto)  状態=IME ON・入力なし
    前     : A(open=1 conv=0x09) B(open=1 conv=0x09) T(open=1 conv=0x09) G(open=0 conv=0x00) comp="" tail="ｋあkあ"
    +100ms: A(open=1 conv=0x08) B(open=1 conv=0x08) T(open=1 conv=0x08) G(open=0 conv=0x00) comp="" tail="ｋあkあ"
    +400ms: A(open=1 conv=0x08) B(open=1 conv=0x08) T(open=1 conv=0x08) G(open=0 conv=0x00) comp="" tail="ｋあkあ"
    +1500ms: A(open=1 conv=0x08) B(open=1 conv=0x08) T(open=1 conv=0x08) G(open=0 conv=0x00) comp="" tail="ｋあkあ"
    差分 (前→+100ms): Δ conv A:0x09→0x08 B:0x09→0x08 / tsf-thread open:1→1 conv:0x09→0x08   (前→+400ms): Δ conv A:0x09→0x08 B:0x09→0x08 / tsf-thread open:1→1 conv:0x09→0x08   (前→+1500ms): Δ conv A:0x09→0x08 B:0x09→0x08 / tsf-thread open:1→1 conv:0x09→0x08
[WALK 29/100] 注入: Esc vk=0x1B
[13:24:45.243Z] KEY [準備/その他] ESC vk=0x1B scan=0x01 press=13:24:43.619Z (auto)  状態=IME ON・入力なし
    前     : A(open=1 conv=0x08) B(open=1 conv=0x08) T(open=1 conv=0x08) G(open=0 conv=0x00) comp="" tail="ｋあkあ"
    +100ms: A(open=1 conv=0x08) B(open=1 conv=0x08) T(open=1 conv=0x08) G(open=0 conv=0x00) comp="" tail="ｋあkあ"
    +400ms: A(open=1 conv=0x08) B(open=1 conv=0x08) T(open=1 conv=0x08) G(open=0 conv=0x00) comp="" tail="ｋあkあ"
    +1500ms: A(open=1 conv=0x08) B(open=1 conv=0x08) T(open=1 conv=0x08) G(open=0 conv=0x00) comp="" tail="ｋあkあ"
    差分 (前→+100ms): Δなし   (前→+400ms): Δなし   (前→+1500ms): Δなし
[WALK 30/100] 注入: 半角/全角 vk=0xF3
[13:24:47.127Z] KEY [準備/その他] 半角/全角(0xF3) vk=0xF3 scan=0x29 press=13:24:45.558Z (auto)  状態=IME ON・入力なし
    前     : A(open=1 conv=0x08) B(open=1 conv=0x08) T(open=1 conv=0x08) G(open=0 conv=0x00) comp="" tail="ｋあkあ"
    +100ms: A(open=0 conv=0x08) B(open=0 conv=0x08) T(open=0 conv=0x08) G(open=0 conv=0x00) comp="" tail="ｋあkあ"
    +400ms: A(open=0 conv=0x08) B(open=0 conv=0x08) T(open=0 conv=0x08) G(open=0 conv=0x00) comp="" tail="ｋあkあ"
    +1500ms: A(open=0 conv=0x08) B(open=0 conv=0x08) T(open=0 conv=0x08) G(open=0 conv=0x00) comp="" tail="ｋあkあ"
    差分 (前→+100ms): Δ open A:1→0 B:1→0 / tsf-thread open:1→0 conv:0x08→0x08   (前→+400ms): Δ open A:1→0 B:1→0 / tsf-thread open:1→0 conv:0x08→0x08   (前→+1500ms): Δ open A:1→0 B:1→0 / tsf-thread open:1→0 conv:0x08→0x08
[WALK 31/100] 注入: Enter vk=0x0D
[13:24:49.117Z] KEY [準備/その他] Enter vk=0x0D scan=0x1C press=13:24:47.500Z (auto)  状態=直接入力
    前     : A(open=0 conv=0x08) B(open=0 conv=0x08) T(open=0 conv=0x08) G(open=0 conv=0x00) comp="" tail="ｋあkあ"
    +100ms: A(open=0 conv=0x08) B(open=0 conv=0x08) T(open=0 conv=0x08) G(open=0 conv=0x00) comp="" tail="ｋあkあ"
    +400ms: A(open=0 conv=0x08) B(open=0 conv=0x08) T(open=0 conv=0x08) G(open=0 conv=0x00) comp="" tail="ｋあkあ"
    +1500ms: A(open=0 conv=0x08) B(open=0 conv=0x08) T(open=0 conv=0x08) G(open=0 conv=0x00) comp="" tail="ｋあkあ"
    差分 (前→+100ms): Δなし   (前→+400ms): Δなし   (前→+1500ms): Δなし
[WALK 32/100] 注入: k vk=0x4B
[13:24:51.056Z] KEY [準備/その他] k vk=0x4B scan=0x25 press=13:24:49.434Z (auto)  状態=直接入力
    前     : A(open=0 conv=0x08) B(open=0 conv=0x08) T(open=0 conv=0x08) G(open=0 conv=0x00) comp="" tail="ｋあkあ"
    +100ms: A(open=0 conv=0x08) B(open=0 conv=0x08) T(open=0 conv=0x08) G(open=0 conv=0x00) comp="" tail="ｋあkあk"
    +400ms: A(open=0 conv=0x08) B(open=0 conv=0x08) T(open=0 conv=0x08) G(open=0 conv=0x00) comp="" tail="ｋあkあk"
    +1500ms: A(open=0 conv=0x08) B(open=0 conv=0x08) T(open=0 conv=0x08) G(open=0 conv=0x00) comp="" tail="ｋあkあk"
    差分 (前→+100ms): Δ tail:"ｋあkあ"→"ｋあkあk"   (前→+400ms): Δ tail:"ｋあkあ"→"ｋあkあk"   (前→+1500ms): Δ tail:"ｋあkあ"→"ｋあkあk"
[WALK 33/100] 注入: a vk=0x41
[13:24:52.936Z] KEY [準備/その他] a vk=0x41 scan=0x1E press=13:24:51.370Z (auto)  状態=直接入力
    前     : A(open=0 conv=0x08) B(open=0 conv=0x08) T(open=0 conv=0x08) G(open=0 conv=0x00) comp="" tail="ｋあkあk"
    +100ms: A(open=0 conv=0x08) B(open=0 conv=0x08) T(open=0 conv=0x08) G(open=0 conv=0x00) comp="" tail="ｋあkあka"
    +400ms: A(open=0 conv=0x08) B(open=0 conv=0x08) T(open=0 conv=0x08) G(open=0 conv=0x00) comp="" tail="ｋあkあka"
    +1500ms: A(open=0 conv=0x08) B(open=0 conv=0x08) T(open=0 conv=0x08) G(open=0 conv=0x00) comp="" tail="ｋあkあka"
    差分 (前→+100ms): Δ tail:"ｋあkあk"→"ｋあkあka"   (前→+400ms): Δ tail:"ｋあkあk"→"ｋあkあka"   (前→+1500ms): Δ tail:"ｋあkあk"→"ｋあkあka"
[WALK 34/100] 注入: Enter vk=0x0D
[13:24:54.898Z] KEY [準備/その他] Enter vk=0x0D scan=0x1C press=13:24:53.317Z (auto)  状態=直接入力
    前     : A(open=0 conv=0x08) B(open=0 conv=0x08) T(open=0 conv=0x08) G(open=0 conv=0x00) comp="" tail="ｋあkあka"
    +100ms: A(open=0 conv=0x08) B(open=0 conv=0x08) T(open=0 conv=0x08) G(open=0 conv=0x00) comp="" tail="ｋあkあka"
    +400ms: A(open=0 conv=0x08) B(open=0 conv=0x08) T(open=0 conv=0x08) G(open=0 conv=0x00) comp="" tail="ｋあkあka"
    +1500ms: A(open=0 conv=0x08) B(open=0 conv=0x08) T(open=0 conv=0x08) G(open=0 conv=0x00) comp="" tail="ｋあkあka"
    差分 (前→+100ms): Δなし   (前→+400ms): Δなし   (前→+1500ms): Δなし
[WALK 35/100] 注入: 半角/全角 vk=0xF3
[13:24:56.852Z] KEY [準備/その他] 半角/全角(0xF4) vk=0xF4 scan=0x29 press=13:24:55.276Z (auto)  状態=直接入力
    前     : A(open=0 conv=0x08) B(open=0 conv=0x08) T(open=0 conv=0x08) G(open=0 conv=0x00) comp="" tail="ｋあkあka"
    +100ms: A(open=1 conv=0x09) B(open=1 conv=0x09) T(open=1 conv=0x09) G(open=0 conv=0x00) comp="" tail="ｋあkあka"
    +400ms: A(open=1 conv=0x09) B(open=1 conv=0x09) T(open=1 conv=0x09) G(open=0 conv=0x00) comp="" tail="ｋあkあka"
    +1500ms: A(open=1 conv=0x09) B(open=1 conv=0x09) T(open=1 conv=0x09) G(open=0 conv=0x00) comp="" tail="ｋあkあka"
    差分 (前→+100ms): Δ open A:0→1 B:0→1 / conv A:0x08→0x09 B:0x08→0x09 / tsf-thread open:0→1 conv:0x08→0x09   (前→+400ms): Δ open A:0→1 B:0→1 / conv A:0x08→0x09 B:0x08→0x09 / tsf-thread open:0→1 conv:0x08→0x09   (前→+1500ms): Δ open A:0→1 B:0→1 / conv A:0x08→0x09 B:0x08→0x09 / tsf-thread open:0→1 conv:0x08→0x09
[WALK 36/100] 注入: 変換 vk=0x1C
[13:24:58.850Z] KEY [準備/その他] 変換 vk=0x1C scan=0x79 press=13:24:57.228Z (auto)  状態=IME ON・入力なし
    前     : A(open=1 conv=0x09) B(open=1 conv=0x09) T(open=1 conv=0x09) G(open=0 conv=0x00) comp="" tail="ｋあkあka"
    +100ms: A(open=0 conv=0x09) B(open=0 conv=0x09) T(open=0 conv=0x09) G(open=0 conv=0x00) comp="" tail="ｋあkあka"
    +400ms: A(open=0 conv=0x09) B(open=0 conv=0x09) T(open=0 conv=0x09) G(open=0 conv=0x00) comp="" tail="ｋあkあka"
    +1500ms: A(open=0 conv=0x09) B(open=0 conv=0x09) T(open=0 conv=0x09) G(open=0 conv=0x00) comp="" tail="ｋあkあka"
    差分 (前→+100ms): Δ open A:1→0 B:1→0 / tsf-thread open:1→0 conv:0x09→0x09   (前→+400ms): Δ open A:1→0 B:1→0 / tsf-thread open:1→0 conv:0x09→0x09   (前→+1500ms): Δ open A:1→0 B:1→0 / tsf-thread open:1→0 conv:0x09→0x09
[WALK 37/100] 注入: 変換 vk=0x1C
[13:25:00.732Z] KEY [準備/その他] 変換 vk=0x1C scan=0x79 press=13:24:59.163Z (auto)  状態=直接入力
    前     : A(open=0 conv=0x09) B(open=0 conv=0x09) T(open=0 conv=0x09) G(open=0 conv=0x00) comp="" tail="ｋあkあka"
    +100ms: A(open=1 conv=0x09) B(open=1 conv=0x09) T(open=1 conv=0x09) G(open=0 conv=0x00) comp="" tail="ｋあkあka"
    +400ms: A(open=1 conv=0x09) B(open=1 conv=0x09) T(open=1 conv=0x09) G(open=0 conv=0x00) comp="" tail="ｋあkあka"
    +1500ms: A(open=1 conv=0x09) B(open=1 conv=0x09) T(open=1 conv=0x09) G(open=0 conv=0x00) comp="" tail="ｋあkあka"
    差分 (前→+100ms): Δ open A:0→1 B:0→1 / tsf-thread open:0→1 conv:0x09→0x09   (前→+400ms): Δ open A:0→1 B:0→1 / tsf-thread open:0→1 conv:0x09→0x09   (前→+1500ms): Δ open A:0→1 B:0→1 / tsf-thread open:0→1 conv:0x09→0x09
[WALK 38/100] 注入: k vk=0x4B
[13:25:02.730Z] KEY [準備/その他] k vk=0x4B scan=0x25 press=13:25:01.109Z (auto)  状態=IME ON・入力なし
    前     : A(open=1 conv=0x09) B(open=1 conv=0x09) T(open=1 conv=0x09) G(open=0 conv=0x00) comp="" tail="ｋあkあka"
    +100ms: A(open=1 conv=0x09) B(open=1 conv=0x09) T(open=1 conv=0x09) G(open=0 conv=0x00) comp="ｋ" tail="ｋあkあka"
    +400ms: A(open=1 conv=0x09) B(open=1 conv=0x09) T(open=1 conv=0x09) G(open=0 conv=0x00) comp="ｋ" tail="ｋあkあka"
    +1500ms: A(open=1 conv=0x09) B(open=1 conv=0x09) T(open=1 conv=0x09) G(open=0 conv=0x00) comp="ｋ" tail="ｋあkあka"
    差分 (前→+100ms): Δ comp:Some("")→Some("ｋ")   (前→+400ms): Δ comp:Some("")→Some("ｋ")   (前→+1500ms): Δ comp:Some("")→Some("ｋ")
[WALK 39/100] 注入: 無変換 vk=0x1D
[13:25:04.668Z] KEY [準備/その他] 無変換 vk=0x1D scan=0x7B press=13:25:03.046Z (auto)  状態=IME ON・入力中
    前     : A(open=1 conv=0x09) B(open=1 conv=0x09) T(open=1 conv=0x09) G(open=0 conv=0x00) comp="ｋ" tail="ｋあkあka"
    +100ms: A(open=1 conv=0x00) B(open=1 conv=0x00) T(open=1 conv=0x00) G(open=0 conv=0x00) comp="ｋ" tail="ｋあkあka"
    +400ms: A(open=1 conv=0x00) B(open=1 conv=0x00) T(open=1 conv=0x00) G(open=0 conv=0x00) comp="ｋ" tail="ｋあkあka"
    +1500ms: A(open=1 conv=0x00) B(open=1 conv=0x00) T(open=1 conv=0x00) G(open=0 conv=0x00) comp="ｋ" tail="ｋあkあka"
    差分 (前→+100ms): Δ conv A:0x09→0x00 B:0x09→0x00 / tsf-thread open:1→1 conv:0x09→0x00   (前→+400ms): Δ conv A:0x09→0x00 B:0x09→0x00 / tsf-thread open:1→1 conv:0x09→0x00   (前→+1500ms): Δ conv A:0x09→0x00 B:0x09→0x00 / tsf-thread open:1→1 conv:0x09→0x00
[WALK 40/100] 注入: k vk=0x4B
[13:25:06.603Z] KEY [準備/その他] k vk=0x4B scan=0x25 press=13:25:04.984Z (auto)  状態=IME ON・入力中
    前     : A(open=1 conv=0x00) B(open=1 conv=0x00) T(open=1 conv=0x00) G(open=0 conv=0x00) comp="ｋ" tail="ｋあkあka"
    +100ms: A(open=1 conv=0x00) B(open=1 conv=0x00) T(open=1 conv=0x00) G(open=0 conv=0x00) comp="ｋk" tail="ｋあkあka"
    +400ms: A(open=1 conv=0x00) B(open=1 conv=0x00) T(open=1 conv=0x00) G(open=0 conv=0x00) comp="ｋk" tail="ｋあkあka"
    +1500ms: A(open=1 conv=0x00) B(open=1 conv=0x00) T(open=1 conv=0x00) G(open=0 conv=0x00) comp="ｋk" tail="ｋあkあka"
    差分 (前→+100ms): Δ comp:Some("ｋ")→Some("ｋk")   (前→+400ms): Δ comp:Some("ｋ")→Some("ｋk")   (前→+1500ms): Δ comp:Some("ｋ")→Some("ｋk")
[WALK 41/100] 注入: Esc vk=0x1B
[13:25:08.485Z] KEY [準備/その他] ESC vk=0x1B scan=0x01 press=13:25:06.916Z (auto)  状態=IME ON・入力中
    前     : A(open=1 conv=0x00) B(open=1 conv=0x00) T(open=1 conv=0x00) G(open=0 conv=0x00) comp="ｋk" tail="ｋあkあka"
    +100ms: A(open=0 conv=0x00) B(open=0 conv=0x00) T(open=0 conv=0x00) G(open=0 conv=0x00) comp="" tail="ｋあkあka"
    +400ms: A(open=0 conv=0x00) B(open=0 conv=0x00) T(open=0 conv=0x00) G(open=0 conv=0x00) comp="" tail="ｋあkあka"
    +1500ms: A(open=0 conv=0x00) B(open=0 conv=0x00) T(open=0 conv=0x00) G(open=0 conv=0x00) comp="" tail="ｋあkあka"
    差分 (前→+100ms): Δ open A:1→0 B:1→0 / tsf-thread open:1→0 conv:0x00→0x00 / comp:Some("ｋk")→Some("")   (前→+400ms): Δ open A:1→0 B:1→0 / tsf-thread open:1→0 conv:0x00→0x00 / comp:Some("ｋk")→Some("")   (前→+1500ms): Δ open A:1→0 B:1→0 / tsf-thread open:1→0 conv:0x00→0x00 / comp:Some("ｋk")→Some("")
[WALK 42/100] 注入: k vk=0x4B
[13:25:10.436Z] KEY [準備/その他] k vk=0x4B scan=0x25 press=13:25:08.865Z (auto)  状態=直接入力
    前     : A(open=0 conv=0x00) B(open=0 conv=0x00) T(open=0 conv=0x00) G(open=0 conv=0x00) comp="" tail="ｋあkあka"
    +100ms: A(open=0 conv=0x00) B(open=0 conv=0x00) T(open=0 conv=0x00) G(open=0 conv=0x00) comp="" tail="ｋあkあkak"
    +400ms: A(open=0 conv=0x00) B(open=0 conv=0x00) T(open=0 conv=0x00) G(open=0 conv=0x00) comp="" tail="ｋあkあkak"
    +1500ms: A(open=0 conv=0x00) B(open=0 conv=0x00) T(open=0 conv=0x00) G(open=0 conv=0x00) comp="" tail="ｋあkあkak"
    差分 (前→+100ms): Δ tail:"ｋあkあka"→"ｋあkあkak"   (前→+400ms): Δ tail:"ｋあkあka"→"ｋあkあkak"   (前→+1500ms): Δ tail:"ｋあkあka"→"ｋあkあkak"
[WALK 43/100] 注入: 半角/全角 vk=0xF3
[13:25:12.371Z] KEY [準備/その他] 半角/全角(0xF4) vk=0xF4 scan=0x29 press=13:25:10.811Z (auto)  状態=直接入力
    前     : A(open=0 conv=0x00) B(open=0 conv=0x00) T(open=0 conv=0x00) G(open=0 conv=0x00) comp="" tail="ｋあkあkak"
    +100ms: A(open=1 conv=0x09) B(open=1 conv=0x09) T(open=1 conv=0x09) G(open=0 conv=0x00) comp="" tail="ｋあkあkak"
    +400ms: A(open=1 conv=0x09) B(open=1 conv=0x09) T(open=1 conv=0x09) G(open=0 conv=0x00) comp="" tail="ｋあkあkak"
    +1500ms: A(open=1 conv=0x09) B(open=1 conv=0x09) T(open=1 conv=0x09) G(open=0 conv=0x00) comp="" tail="ｋあkあkak"
    差分 (前→+100ms): Δ open A:0→1 B:0→1 / conv A:0x00→0x09 B:0x00→0x09 / tsf-thread open:0→1 conv:0x00→0x09   (前→+400ms): Δ open A:0→1 B:0→1 / conv A:0x00→0x09 B:0x00→0x09 / tsf-thread open:0→1 conv:0x00→0x09   (前→+1500ms): Δ open A:0→1 B:0→1 / conv A:0x00→0x09 B:0x00→0x09 / tsf-thread open:0→1 conv:0x00→0x09
[WALK 44/100] 注入: Esc vk=0x1B
[13:25:14.365Z] KEY [準備/その他] ESC vk=0x1B scan=0x01 press=13:25:12.750Z (auto)  状態=IME ON・入力なし
    前     : A(open=1 conv=0x09) B(open=1 conv=0x09) T(open=1 conv=0x09) G(open=0 conv=0x00) comp="" tail="ｋあkあkak"
    +100ms: A(open=1 conv=0x09) B(open=1 conv=0x09) T(open=1 conv=0x09) G(open=0 conv=0x00) comp="" tail="ｋあkあkak"
    +400ms: A(open=1 conv=0x09) B(open=1 conv=0x09) T(open=1 conv=0x09) G(open=0 conv=0x00) comp="" tail="ｋあkあkak"
    +1500ms: A(open=1 conv=0x09) B(open=1 conv=0x09) T(open=1 conv=0x09) G(open=0 conv=0x00) comp="" tail="ｋあkあkak"
    差分 (前→+100ms): Δなし   (前→+400ms): Δなし   (前→+1500ms): Δなし
[WALK 45/100] 注入: k vk=0x4B
[13:25:16.252Z] KEY [準備/その他] k vk=0x4B scan=0x25 press=13:25:14.680Z (auto)  状態=IME ON・入力なし
    前     : A(open=1 conv=0x09) B(open=1 conv=0x09) T(open=1 conv=0x09) G(open=0 conv=0x00) comp="" tail="ｋあkあkak"
    +100ms: A(open=1 conv=0x09) B(open=1 conv=0x09) T(open=1 conv=0x09) G(open=0 conv=0x00) comp="ｋ" tail="ｋあkあkak"
    +400ms: A(open=1 conv=0x09) B(open=1 conv=0x09) T(open=1 conv=0x09) G(open=0 conv=0x00) comp="ｋ" tail="ｋあkあkak"
    +1500ms: A(open=1 conv=0x09) B(open=1 conv=0x09) T(open=1 conv=0x09) G(open=0 conv=0x00) comp="ｋ" tail="ｋあkあkak"
    差分 (前→+100ms): Δ comp:Some("")→Some("ｋ")   (前→+400ms): Δ comp:Some("")→Some("ｋ")   (前→+1500ms): Δ comp:Some("")→Some("ｋ")
[WALK 46/100] 注入: k vk=0x4B
[13:25:18.210Z] KEY [準備/その他] k vk=0x4B scan=0x25 press=13:25:16.626Z (auto)  状態=IME ON・入力中
    前     : A(open=1 conv=0x09) B(open=1 conv=0x09) T(open=1 conv=0x09) G(open=0 conv=0x00) comp="ｋ" tail="ｋあkあkak"
    +100ms: A(open=1 conv=0x09) B(open=1 conv=0x09) T(open=1 conv=0x09) G(open=0 conv=0x00) comp="ｋｋ" tail="ｋあkあkak"
    +400ms: A(open=1 conv=0x09) B(open=1 conv=0x09) T(open=1 conv=0x09) G(open=0 conv=0x00) comp="ｋｋ" tail="ｋあkあkak"
    +1500ms: A(open=1 conv=0x09) B(open=1 conv=0x09) T(open=1 conv=0x09) G(open=0 conv=0x00) comp="ｋｋ" tail="ｋあkあkak"
    差分 (前→+100ms): Δ comp:Some("ｋ")→Some("ｋｋ")   (前→+400ms): Δ comp:Some("ｋ")→Some("ｋｋ")   (前→+1500ms): Δ comp:Some("ｋ")→Some("ｋｋ")
[WALK 47/100] 注入: 無変換 vk=0x1D
[13:25:20.160Z] KEY [準備/その他] 無変換 vk=0x1D scan=0x7B press=13:25:18.585Z (auto)  状態=IME ON・入力中
    前     : A(open=1 conv=0x09) B(open=1 conv=0x09) T(open=1 conv=0x09) G(open=0 conv=0x00) comp="ｋｋ" tail="ｋあkあkak"
    +100ms: A(open=1 conv=0x00) B(open=1 conv=0x00) T(open=1 conv=0x00) G(open=0 conv=0x00) comp="ｋｋ" tail="ｋあkあkak"
    +400ms: A(open=1 conv=0x00) B(open=1 conv=0x00) T(open=1 conv=0x00) G(open=0 conv=0x00) comp="ｋｋ" tail="ｋあkあkak"
    +1500ms: A(open=1 conv=0x00) B(open=1 conv=0x00) T(open=1 conv=0x00) G(open=0 conv=0x00) comp="ｋｋ" tail="ｋあkあkak"
    差分 (前→+100ms): Δ conv A:0x09→0x00 B:0x09→0x00 / tsf-thread open:1→1 conv:0x09→0x00   (前→+400ms): Δ conv A:0x09→0x00 B:0x09→0x00 / tsf-thread open:1→1 conv:0x09→0x00   (前→+1500ms): Δ conv A:0x09→0x00 B:0x09→0x00 / tsf-thread open:1→1 conv:0x09→0x00
[WALK 48/100] 注入: Esc vk=0x1B
[13:25:22.089Z] KEY [準備/その他] ESC vk=0x1B scan=0x01 press=13:25:20.522Z (auto)  状態=IME ON・入力中
    前     : A(open=1 conv=0x00) B(open=1 conv=0x00) T(open=1 conv=0x00) G(open=0 conv=0x00) comp="ｋｋ" tail="ｋあkあkak"
    +100ms: A(open=0 conv=0x00) B(open=0 conv=0x00) T(open=0 conv=0x00) G(open=0 conv=0x00) comp="" tail="ｋあkあkak"
    +400ms: A(open=0 conv=0x00) B(open=0 conv=0x00) T(open=0 conv=0x00) G(open=0 conv=0x00) comp="" tail="ｋあkあkak"
    +1500ms: A(open=0 conv=0x00) B(open=0 conv=0x00) T(open=0 conv=0x00) G(open=0 conv=0x00) comp="" tail="ｋあkあkak"
    差分 (前→+100ms): Δ open A:1→0 B:1→0 / tsf-thread open:1→0 conv:0x00→0x00 / comp:Some("ｋｋ")→Some("")   (前→+400ms): Δ open A:1→0 B:1→0 / tsf-thread open:1→0 conv:0x00→0x00 / comp:Some("ｋｋ")→Some("")   (前→+1500ms): Δ open A:1→0 B:1→0 / tsf-thread open:1→0 conv:0x00→0x00 / comp:Some("ｋｋ")→Some("")
[WALK 49/100] 注入: ひらがな vk=0xF2
[13:25:24.034Z] KEY [準備/その他] ひらがな(0xF2) vk=0xF2 scan=0x70 press=13:25:22.463Z (auto)  状態=直接入力
    前     : A(open=0 conv=0x00) B(open=0 conv=0x00) T(open=0 conv=0x00) G(open=0 conv=0x00) comp="" tail="ｋあkあkak"
    +100ms: A(open=1 conv=0x09) B(open=1 conv=0x09) T(open=1 conv=0x09) G(open=0 conv=0x00) comp="" tail="ｋあkあkak"
    +400ms: A(open=1 conv=0x09) B(open=1 conv=0x09) T(open=1 conv=0x09) G(open=0 conv=0x00) comp="" tail="ｋあkあkak"
    +1500ms: A(open=1 conv=0x09) B(open=1 conv=0x09) T(open=1 conv=0x09) G(open=0 conv=0x00) comp="" tail="ｋあkあkak"
    差分 (前→+100ms): Δ open A:0→1 B:0→1 / conv A:0x00→0x09 B:0x00→0x09 / tsf-thread open:0→1 conv:0x00→0x09   (前→+400ms): Δ open A:0→1 B:0→1 / conv A:0x00→0x09 B:0x00→0x09 / tsf-thread open:0→1 conv:0x00→0x09   (前→+1500ms): Δ open A:0→1 B:0→1 / conv A:0x00→0x09 B:0x00→0x09 / tsf-thread open:0→1 conv:0x00→0x09
[WALK 50/100] 注入: Enter vk=0x0D
[13:25:25.975Z] KEY [準備/その他] Enter vk=0x0D scan=0x1C press=13:25:24.408Z (auto)  状態=IME ON・入力なし
    前     : A(open=1 conv=0x09) B(open=1 conv=0x09) T(open=1 conv=0x09) G(open=0 conv=0x00) comp="" tail="ｋあkあkak"
    +100ms: A(open=1 conv=0x09) B(open=1 conv=0x09) T(open=1 conv=0x09) G(open=0 conv=0x00) comp="" tail="ｋあkあkak"
    +400ms: A(open=1 conv=0x09) B(open=1 conv=0x09) T(open=1 conv=0x09) G(open=0 conv=0x00) comp="" tail="ｋあkあkak"
    +1500ms: A(open=1 conv=0x09) B(open=1 conv=0x09) T(open=1 conv=0x09) G(open=0 conv=0x00) comp="" tail="ｋあkあkak"
    差分 (前→+100ms): Δなし   (前→+400ms): Δなし   (前→+1500ms): Δなし
[WALK 51/100] 注入: 半角/全角 vk=0xF3
[13:25:27.922Z] KEY [準備/その他] 半角/全角(0xF3) vk=0xF3 scan=0x29 press=13:25:26.355Z (auto)  状態=IME ON・入力なし
    前     : A(open=1 conv=0x09) B(open=1 conv=0x09) T(open=1 conv=0x09) G(open=0 conv=0x00) comp="" tail="ｋあkあkak"
    +100ms: A(open=0 conv=0x09) B(open=0 conv=0x09) T(open=0 conv=0x09) G(open=0 conv=0x00) comp="" tail="ｋあkあkak"
    +400ms: A(open=0 conv=0x09) B(open=0 conv=0x09) T(open=0 conv=0x09) G(open=0 conv=0x00) comp="" tail="ｋあkあkak"
    +1500ms: A(open=0 conv=0x09) B(open=0 conv=0x09) T(open=0 conv=0x09) G(open=0 conv=0x00) comp="" tail="ｋあkあkak"
    差分 (前→+100ms): Δ open A:1→0 B:1→0 / tsf-thread open:1→0 conv:0x09→0x09   (前→+400ms): Δ open A:1→0 B:1→0 / tsf-thread open:1→0 conv:0x09→0x09   (前→+1500ms): Δ open A:1→0 B:1→0 / tsf-thread open:1→0 conv:0x09→0x09
[WALK 52/100] 注入: 変換 vk=0x1C
[13:25:29.865Z] KEY [準備/その他] 変換 vk=0x1C scan=0x79 press=13:25:28.299Z (auto)  状態=直接入力
    前     : A(open=0 conv=0x09) B(open=0 conv=0x09) T(open=0 conv=0x09) G(open=0 conv=0x00) comp="" tail="ｋあkあkak"
    +100ms: A(open=1 conv=0x09) B(open=1 conv=0x09) T(open=1 conv=0x09) G(open=0 conv=0x00) comp="" tail="ｋあkあkak"
    +400ms: A(open=1 conv=0x09) B(open=1 conv=0x09) T(open=1 conv=0x09) G(open=0 conv=0x00) comp="" tail="ｋあkあkak"
    +1500ms: A(open=1 conv=0x09) B(open=1 conv=0x09) T(open=1 conv=0x09) G(open=0 conv=0x00) comp="" tail="ｋあkあkak"
    差分 (前→+100ms): Δ open A:0→1 B:0→1 / tsf-thread open:0→1 conv:0x09→0x09   (前→+400ms): Δ open A:0→1 B:0→1 / tsf-thread open:0→1 conv:0x09→0x09   (前→+1500ms): Δ open A:0→1 B:0→1 / tsf-thread open:0→1 conv:0x09→0x09
[WALK 53/100] 注入: Enter vk=0x0D
[13:25:31.803Z] KEY [準備/その他] Enter vk=0x0D scan=0x1C press=13:25:30.240Z (auto)  状態=IME ON・入力なし
    前     : A(open=1 conv=0x09) B(open=1 conv=0x09) T(open=1 conv=0x09) G(open=0 conv=0x00) comp="" tail="ｋあkあkak"
    +100ms: A(open=1 conv=0x09) B(open=1 conv=0x09) T(open=1 conv=0x09) G(open=0 conv=0x00) comp="" tail="ｋあkあkak"
    +400ms: A(open=1 conv=0x09) B(open=1 conv=0x09) T(open=1 conv=0x09) G(open=0 conv=0x00) comp="" tail="ｋあkあkak"
    +1500ms: A(open=1 conv=0x09) B(open=1 conv=0x09) T(open=1 conv=0x09) G(open=0 conv=0x00) comp="" tail="ｋあkあkak"
    差分 (前→+100ms): Δなし   (前→+400ms): Δなし   (前→+1500ms): Δなし
[WALK 54/100] 注入: k vk=0x4B
[13:25:33.762Z] KEY [準備/その他] k vk=0x4B scan=0x25 press=13:25:32.177Z (auto)  状態=IME ON・入力なし
    前     : A(open=1 conv=0x09) B(open=1 conv=0x09) T(open=1 conv=0x09) G(open=0 conv=0x00) comp="" tail="ｋあkあkak"
    +100ms: A(open=1 conv=0x09) B(open=1 conv=0x09) T(open=1 conv=0x09) G(open=0 conv=0x00) comp="ｋ" tail="ｋあkあkak"
    +400ms: A(open=1 conv=0x09) B(open=1 conv=0x09) T(open=1 conv=0x09) G(open=0 conv=0x00) comp="ｋ" tail="ｋあkあkak"
    +1500ms: A(open=1 conv=0x09) B(open=1 conv=0x09) T(open=1 conv=0x09) G(open=0 conv=0x00) comp="ｋ" tail="ｋあkあkak"
    差分 (前→+100ms): Δ comp:Some("")→Some("ｋ")   (前→+400ms): Δ comp:Some("")→Some("ｋ")   (前→+1500ms): Δ comp:Some("")→Some("ｋ")
[WALK 55/100] 注入: 無変換 vk=0x1D
[13:25:35.703Z] KEY [準備/その他] 無変換 vk=0x1D scan=0x7B press=13:25:34.136Z (auto)  状態=IME ON・入力中
    前     : A(open=1 conv=0x09) B(open=1 conv=0x09) T(open=1 conv=0x09) G(open=0 conv=0x00) comp="ｋ" tail="ｋあkあkak"
    +100ms: A(open=1 conv=0x00) B(open=1 conv=0x00) T(open=1 conv=0x00) G(open=0 conv=0x00) comp="ｋ" tail="ｋあkあkak"
    +400ms: A(open=1 conv=0x00) B(open=1 conv=0x00) T(open=1 conv=0x00) G(open=0 conv=0x00) comp="ｋ" tail="ｋあkあkak"
    +1500ms: A(open=1 conv=0x00) B(open=1 conv=0x00) T(open=1 conv=0x00) G(open=0 conv=0x00) comp="ｋ" tail="ｋあkあkak"
    差分 (前→+100ms): Δ conv A:0x09→0x00 B:0x09→0x00 / tsf-thread open:1→1 conv:0x09→0x00   (前→+400ms): Δ conv A:0x09→0x00 B:0x09→0x00 / tsf-thread open:1→1 conv:0x09→0x00   (前→+1500ms): Δ conv A:0x09→0x00 B:0x09→0x00 / tsf-thread open:1→1 conv:0x09→0x00
[WALK 56/100] 注入: 変換 vk=0x1C
[13:25:37.644Z] KEY [準備/その他] 変換 vk=0x1C scan=0x79 press=13:25:36.079Z (auto)  状態=IME ON・入力中
    前     : A(open=1 conv=0x00) B(open=1 conv=0x00) T(open=1 conv=0x00) G(open=0 conv=0x00) comp="ｋ" tail="ｋあkあkak"
    +100ms: A(open=1 conv=0x00) B(open=1 conv=0x00) T(open=1 conv=0x00) G(open=0 conv=0x00) comp="ｋ" tail="ｋあkあkak"
    +400ms: A(open=1 conv=0x00) B(open=1 conv=0x00) T(open=1 conv=0x00) G(open=0 conv=0x00) comp="ｋ" tail="ｋあkあkak"
    +1500ms: A(open=1 conv=0x00) B(open=1 conv=0x00) T(open=1 conv=0x00) G(open=0 conv=0x00) comp="ｋ" tail="ｋあkあkak"
    差分 (前→+100ms): Δなし   (前→+400ms): Δなし   (前→+1500ms): Δなし
[WALK 57/100] 注入: ひらがな vk=0xF2
[13:25:39.591Z] KEY [準備/その他] ひらがな(0xF2) vk=0xF2 scan=0x70 press=13:25:38.022Z (auto)  状態=IME ON・入力中
    前     : A(open=1 conv=0x00) B(open=1 conv=0x00) T(open=1 conv=0x00) G(open=0 conv=0x00) comp="ｋ" tail="ｋあkあkak"
    +100ms: A(open=1 conv=0x09) B(open=1 conv=0x09) T(open=1 conv=0x09) G(open=0 conv=0x00) comp="ｋ" tail="ｋあkあkak"
    +400ms: A(open=1 conv=0x09) B(open=1 conv=0x09) T(open=1 conv=0x09) G(open=0 conv=0x00) comp="ｋ" tail="ｋあkあkak"
    +1500ms: A(open=1 conv=0x09) B(open=1 conv=0x09) T(open=1 conv=0x09) G(open=0 conv=0x00) comp="ｋ" tail="ｋあkあkak"
    差分 (前→+100ms): Δ conv A:0x00→0x09 B:0x00→0x09 / tsf-thread open:1→1 conv:0x00→0x09   (前→+400ms): Δ conv A:0x00→0x09 B:0x00→0x09 / tsf-thread open:1→1 conv:0x00→0x09   (前→+1500ms): Δ conv A:0x00→0x09 B:0x00→0x09 / tsf-thread open:1→1 conv:0x00→0x09
[WALK 58/100] 注入: 半角/全角 vk=0xF3
[13:25:41.535Z] KEY [準備/その他] 半角/全角(0xF3) vk=0xF3 scan=0x29 press=13:25:39.972Z (auto)  状態=IME ON・入力中
    前     : A(open=1 conv=0x09) B(open=1 conv=0x09) T(open=1 conv=0x09) G(open=0 conv=0x00) comp="ｋ" tail="ｋあkあkak"
    +100ms: A(open=0 conv=0x09) B(open=0 conv=0x09) T(open=0 conv=0x09) G(open=0 conv=0x00) comp="" tail="ｋあkあkakｋ"
    +400ms: A(open=0 conv=0x09) B(open=0 conv=0x09) T(open=0 conv=0x09) G(open=0 conv=0x00) comp="" tail="ｋあkあkakｋ"
    +1500ms: A(open=0 conv=0x09) B(open=0 conv=0x09) T(open=0 conv=0x09) G(open=0 conv=0x00) comp="" tail="ｋあkあkakｋ"
    差分 (前→+100ms): Δ open A:1→0 B:1→0 / tsf-thread open:1→0 conv:0x09→0x09 / comp:Some("ｋ")→Some("") / tail:"ｋあkあkak"→"ｋあkあkakｋ"   (前→+400ms): Δ open A:1→0 B:1→0 / tsf-thread open:1→0 conv:0x09→0x09 / comp:Some("ｋ")→Some("") / tail:"ｋあkあkak"→"ｋあkあkakｋ"   (前→+1500ms): Δ open A:1→0 B:1→0 / tsf-thread open:1→0 conv:0x09→0x09 / comp:Some("ｋ")→Some("") / tail:"ｋあkあkak"→"ｋあkあkakｋ"
[WALK 59/100] 注入: 半角/全角 vk=0xF3
[13:25:43.496Z] KEY [準備/その他] 半角/全角(0xF4) vk=0xF4 scan=0x29 press=13:25:41.913Z (auto)  状態=直接入力
    前     : A(open=0 conv=0x09) B(open=0 conv=0x09) T(open=0 conv=0x09) G(open=0 conv=0x00) comp="" tail="ｋあkあkakｋ"
    +100ms: A(open=1 conv=0x09) B(open=1 conv=0x09) T(open=1 conv=0x09) G(open=0 conv=0x00) comp="" tail="ｋあkあkakｋ"
    +400ms: A(open=1 conv=0x09) B(open=1 conv=0x09) T(open=1 conv=0x09) G(open=0 conv=0x00) comp="" tail="ｋあkあkakｋ"
    +1500ms: A(open=1 conv=0x09) B(open=1 conv=0x09) T(open=1 conv=0x09) G(open=0 conv=0x00) comp="" tail="ｋあkあkakｋ"
    差分 (前→+100ms): Δ open A:0→1 B:0→1 / tsf-thread open:0→1 conv:0x09→0x09   (前→+400ms): Δ open A:0→1 B:0→1 / tsf-thread open:0→1 conv:0x09→0x09   (前→+1500ms): Δ open A:0→1 B:0→1 / tsf-thread open:0→1 conv:0x09→0x09
[WALK 60/100] 注入: ひらがな vk=0xF2
[13:25:45.435Z] KEY [準備/その他] ひらがな(0xF2) vk=0xF2 scan=0x70 press=13:25:43.872Z (auto)  状態=IME ON・入力なし
    前     : A(open=1 conv=0x09) B(open=1 conv=0x09) T(open=1 conv=0x09) G(open=0 conv=0x00) comp="" tail="ｋあkあkakｋ"
    +100ms: A(open=1 conv=0x08) B(open=1 conv=0x08) T(open=1 conv=0x08) G(open=0 conv=0x00) comp="" tail="ｋあkあkakｋ"
    +400ms: A(open=1 conv=0x08) B(open=1 conv=0x08) T(open=1 conv=0x08) G(open=0 conv=0x00) comp="" tail="ｋあkあkakｋ"
    +1500ms: A(open=1 conv=0x08) B(open=1 conv=0x08) T(open=1 conv=0x08) G(open=0 conv=0x00) comp="" tail="ｋあkあkakｋ"
    差分 (前→+100ms): Δ conv A:0x09→0x08 B:0x09→0x08 / tsf-thread open:1→1 conv:0x09→0x08   (前→+400ms): Δ conv A:0x09→0x08 B:0x09→0x08 / tsf-thread open:1→1 conv:0x09→0x08   (前→+1500ms): Δ conv A:0x09→0x08 B:0x09→0x08 / tsf-thread open:1→1 conv:0x09→0x08
[WALK 61/100] 注入: ひらがな vk=0xF2
[13:25:47.379Z] KEY [準備/その他] ひらがな(0xF2) vk=0xF2 scan=0x70 press=13:25:45.811Z (auto)  状態=IME ON・入力なし
    前     : A(open=1 conv=0x08) B(open=1 conv=0x08) T(open=1 conv=0x08) G(open=0 conv=0x00) comp="" tail="ｋあkあkakｋ"
    +100ms: A(open=1 conv=0x09) B(open=1 conv=0x09) T(open=1 conv=0x09) G(open=0 conv=0x00) comp="" tail="ｋあkあkakｋ"
    +400ms: A(open=1 conv=0x09) B(open=1 conv=0x09) T(open=1 conv=0x09) G(open=0 conv=0x00) comp="" tail="ｋあkあkakｋ"
    +1500ms: A(open=1 conv=0x09) B(open=1 conv=0x09) T(open=1 conv=0x09) G(open=0 conv=0x00) comp="" tail="ｋあkあkakｋ"
    差分 (前→+100ms): Δ conv A:0x08→0x09 B:0x08→0x09 / tsf-thread open:1→1 conv:0x08→0x09   (前→+400ms): Δ conv A:0x08→0x09 B:0x08→0x09 / tsf-thread open:1→1 conv:0x08→0x09   (前→+1500ms): Δ conv A:0x08→0x09 B:0x08→0x09 / tsf-thread open:1→1 conv:0x08→0x09
[WALK 62/100] 注入: Enter vk=0x0D
[13:25:49.308Z] KEY [準備/その他] Enter vk=0x0D scan=0x1C press=13:25:47.742Z (auto)  状態=IME ON・入力なし
    前     : A(open=1 conv=0x09) B(open=1 conv=0x09) T(open=1 conv=0x09) G(open=0 conv=0x00) comp="" tail="ｋあkあkakｋ"
    +100ms: A(open=1 conv=0x09) B(open=1 conv=0x09) T(open=1 conv=0x09) G(open=0 conv=0x00) comp="" tail="ｋあkあkakｋ"
    +400ms: A(open=1 conv=0x09) B(open=1 conv=0x09) T(open=1 conv=0x09) G(open=0 conv=0x00) comp="" tail="ｋあkあkakｋ"
    +1500ms: A(open=1 conv=0x09) B(open=1 conv=0x09) T(open=1 conv=0x09) G(open=0 conv=0x00) comp="" tail="ｋあkあkakｋ"
    差分 (前→+100ms): Δなし   (前→+400ms): Δなし   (前→+1500ms): Δなし
[WALK 63/100] 注入: ひらがな vk=0xF2
[13:25:51.247Z] KEY [準備/その他] ひらがな(0xF2) vk=0xF2 scan=0x70 press=13:25:49.683Z (auto)  状態=IME ON・入力なし
    前     : A(open=1 conv=0x09) B(open=1 conv=0x09) T(open=1 conv=0x09) G(open=0 conv=0x00) comp="" tail="ｋあkあkakｋ"
    +100ms: A(open=1 conv=0x08) B(open=1 conv=0x08) T(open=1 conv=0x08) G(open=0 conv=0x00) comp="" tail="ｋあkあkakｋ"
    +400ms: A(open=1 conv=0x08) B(open=1 conv=0x08) T(open=1 conv=0x08) G(open=0 conv=0x00) comp="" tail="ｋあkあkakｋ"
    +1500ms: A(open=1 conv=0x08) B(open=1 conv=0x08) T(open=1 conv=0x08) G(open=0 conv=0x00) comp="" tail="ｋあkあkakｋ"
    差分 (前→+100ms): Δ conv A:0x09→0x08 B:0x09→0x08 / tsf-thread open:1→1 conv:0x09→0x08   (前→+400ms): Δ conv A:0x09→0x08 B:0x09→0x08 / tsf-thread open:1→1 conv:0x09→0x08   (前→+1500ms): Δ conv A:0x09→0x08 B:0x09→0x08 / tsf-thread open:1→1 conv:0x09→0x08
[WALK 64/100] 注入: a vk=0x41
[13:25:53.186Z] KEY [準備/その他] a vk=0x41 scan=0x1E press=13:25:51.621Z (auto)  状態=IME ON・入力なし
    前     : A(open=1 conv=0x08) B(open=1 conv=0x08) T(open=1 conv=0x08) G(open=0 conv=0x00) comp="" tail="ｋあkあkakｋ"
    +100ms: A(open=1 conv=0x08) B(open=1 conv=0x08) T(open=1 conv=0x08) G(open=0 conv=0x00) comp="ａ" tail="ｋあkあkakｋ"
    +400ms: A(open=1 conv=0x08) B(open=1 conv=0x08) T(open=1 conv=0x08) G(open=0 conv=0x00) comp="ａ" tail="ｋあkあkakｋ"
    +1500ms: A(open=1 conv=0x08) B(open=1 conv=0x08) T(open=1 conv=0x08) G(open=0 conv=0x00) comp="ａ" tail="ｋあkあkakｋ"
    差分 (前→+100ms): Δ comp:Some("")→Some("ａ")   (前→+400ms): Δ comp:Some("")→Some("ａ")   (前→+1500ms): Δ comp:Some("")→Some("ａ")
[WALK 65/100] 注入: a vk=0x41
[13:25:55.125Z] KEY [準備/その他] a vk=0x41 scan=0x1E press=13:25:53.561Z (auto)  状態=IME ON・入力中
    前     : A(open=1 conv=0x08) B(open=1 conv=0x08) T(open=1 conv=0x08) G(open=0 conv=0x00) comp="ａ" tail="ｋあkあkakｋ"
    +100ms: A(open=1 conv=0x08) B(open=1 conv=0x08) T(open=1 conv=0x08) G(open=0 conv=0x00) comp="ａａ" tail="ｋあkあkakｋ"
    +400ms: A(open=1 conv=0x08) B(open=1 conv=0x08) T(open=1 conv=0x08) G(open=0 conv=0x00) comp="ａａ" tail="ｋあkあkakｋ"
    +1500ms: A(open=1 conv=0x08) B(open=1 conv=0x08) T(open=1 conv=0x08) G(open=0 conv=0x00) comp="ａａ" tail="ｋあkあkakｋ"
    差分 (前→+100ms): Δ comp:Some("ａ")→Some("ａａ")   (前→+400ms): Δ comp:Some("ａ")→Some("ａａ")   (前→+1500ms): Δ comp:Some("ａ")→Some("ａａ")
[WALK 66/100] 注入: 変換 vk=0x1C
[13:25:57.065Z] KEY [準備/その他] 変換 vk=0x1C scan=0x79 press=13:25:55.499Z (auto)  状態=IME ON・入力中
    前     : A(open=1 conv=0x08) B(open=1 conv=0x08) T(open=1 conv=0x08) G(open=0 conv=0x00) comp="ａａ" tail="ｋあkあkakｋ"
    +100ms: A(open=1 conv=0x08) B(open=1 conv=0x08) T(open=1 conv=0x08) G(open=0 conv=0x00) comp="ａａ" tail="ｋあkあkakｋ"
    +400ms: A(open=1 conv=0x08) B(open=1 conv=0x08) T(open=1 conv=0x08) G(open=0 conv=0x00) comp="ａａ" tail="ｋあkあkakｋ"
    +1500ms: A(open=1 conv=0x08) B(open=1 conv=0x08) T(open=1 conv=0x08) G(open=0 conv=0x00) comp="ａａ" tail="ｋあkあkakｋ"
    差分 (前→+100ms): Δなし   (前→+400ms): Δなし   (前→+1500ms): Δなし
[WALK 67/100] 注入: 半角/全角 vk=0xF3
[13:25:59.010Z] KEY [準備/その他] 半角/全角(0xF3) vk=0xF3 scan=0x29 press=13:25:57.442Z (auto)  状態=IME ON・入力中
    前     : A(open=1 conv=0x08) B(open=1 conv=0x08) T(open=1 conv=0x08) G(open=0 conv=0x00) comp="ａａ" tail="ｋあkあkakｋ"
    +100ms: A(open=0 conv=0x08) B(open=0 conv=0x08) T(open=0 conv=0x08) G(open=0 conv=0x00) comp="" tail="kあkakｋａａ"
    +400ms: A(open=0 conv=0x08) B(open=0 conv=0x08) T(open=0 conv=0x08) G(open=0 conv=0x00) comp="" tail="kあkakｋａａ"
    +1500ms: A(open=0 conv=0x08) B(open=0 conv=0x08) T(open=0 conv=0x08) G(open=0 conv=0x00) comp="" tail="kあkakｋａａ"
    差分 (前→+100ms): Δ open A:1→0 B:1→0 / tsf-thread open:1→0 conv:0x08→0x08 / comp:Some("ａａ")→Some("") / tail:"ｋあkあkakｋ"→"kあkakｋａａ"   (前→+400ms): Δ open A:1→0 B:1→0 / tsf-thread open:1→0 conv:0x08→0x08 / comp:Some("ａａ")→Some("") / tail:"ｋあkあkakｋ"→"kあkakｋａａ"   (前→+1500ms): Δ open A:1→0 B:1→0 / tsf-thread open:1→0 conv:0x08→0x08 / comp:Some("ａａ")→Some("") / tail:"ｋあkあkakｋ"→"kあkakｋａａ"
[WALK 68/100] 注入: k vk=0x4B
[13:26:00.957Z] KEY [準備/その他] k vk=0x4B scan=0x25 press=13:25:59.386Z (auto)  状態=直接入力
    前     : A(open=0 conv=0x08) B(open=0 conv=0x08) T(open=0 conv=0x08) G(open=0 conv=0x00) comp="" tail="kあkakｋａａ"
    +100ms: A(open=0 conv=0x08) B(open=0 conv=0x08) T(open=0 conv=0x08) G(open=0 conv=0x00) comp="" tail="あkakｋａａk"
    +400ms: A(open=0 conv=0x08) B(open=0 conv=0x08) T(open=0 conv=0x08) G(open=0 conv=0x00) comp="" tail="あkakｋａａk"
    +1500ms: A(open=0 conv=0x08) B(open=0 conv=0x08) T(open=0 conv=0x08) G(open=0 conv=0x00) comp="" tail="あkakｋａａk"
    差分 (前→+100ms): Δ tail:"kあkakｋａａ"→"あkakｋａａk"   (前→+400ms): Δ tail:"kあkakｋａａ"→"あkakｋａａk"   (前→+1500ms): Δ tail:"kあkakｋａａ"→"あkakｋａａk"
[WALK 69/100] 注入: 無変換 vk=0x1D
[13:26:02.891Z] KEY [準備/その他] 無変換 vk=0x1D scan=0x7B press=13:26:01.332Z (auto)  状態=直接入力
    前     : A(open=0 conv=0x08) B(open=0 conv=0x08) T(open=0 conv=0x08) G(open=0 conv=0x00) comp="" tail="あkakｋａａk"
    +100ms: A(open=1 conv=0x09) B(open=1 conv=0x09) T(open=1 conv=0x09) G(open=0 conv=0x00) comp="" tail="あkakｋａａk"
    +400ms: A(open=1 conv=0x09) B(open=1 conv=0x09) T(open=1 conv=0x09) G(open=0 conv=0x00) comp="" tail="あkakｋａａk"
    +1500ms: A(open=1 conv=0x09) B(open=1 conv=0x09) T(open=1 conv=0x09) G(open=0 conv=0x00) comp="" tail="あkakｋａａk"
    差分 (前→+100ms): Δ open A:0→1 B:0→1 / conv A:0x08→0x09 B:0x08→0x09 / tsf-thread open:0→1 conv:0x08→0x09   (前→+400ms): Δ open A:0→1 B:0→1 / conv A:0x08→0x09 B:0x08→0x09 / tsf-thread open:0→1 conv:0x08→0x09   (前→+1500ms): Δ open A:0→1 B:0→1 / conv A:0x08→0x09 B:0x08→0x09 / tsf-thread open:0→1 conv:0x08→0x09
[WALK 70/100] 注入: 変換 vk=0x1C
[13:26:04.834Z] KEY [準備/その他] 変換 vk=0x1C scan=0x79 press=13:26:03.270Z (auto)  状態=IME ON・入力なし
    前     : A(open=1 conv=0x09) B(open=1 conv=0x09) T(open=1 conv=0x09) G(open=0 conv=0x00) comp="" tail="あkakｋａａk"
    +100ms: A(open=0 conv=0x09) B(open=0 conv=0x09) T(open=0 conv=0x09) G(open=0 conv=0x00) comp="" tail="あkakｋａａk"
    +400ms: A(open=0 conv=0x09) B(open=0 conv=0x09) T(open=0 conv=0x09) G(open=0 conv=0x00) comp="" tail="あkakｋａａk"
    +1500ms: A(open=0 conv=0x09) B(open=0 conv=0x09) T(open=0 conv=0x09) G(open=0 conv=0x00) comp="" tail="あkakｋａａk"
    差分 (前→+100ms): Δ open A:1→0 B:1→0 / tsf-thread open:1→0 conv:0x09→0x09   (前→+400ms): Δ open A:1→0 B:1→0 / tsf-thread open:1→0 conv:0x09→0x09   (前→+1500ms): Δ open A:1→0 B:1→0 / tsf-thread open:1→0 conv:0x09→0x09
[WALK 71/100] 注入: 半角/全角 vk=0xF3
[13:26:06.781Z] KEY [準備/その他] 半角/全角(0xF4) vk=0xF4 scan=0x29 press=13:26:05.209Z (auto)  状態=直接入力
    前     : A(open=0 conv=0x09) B(open=0 conv=0x09) T(open=0 conv=0x09) G(open=0 conv=0x00) comp="" tail="あkakｋａａk"
    +100ms: A(open=1 conv=0x09) B(open=1 conv=0x09) T(open=1 conv=0x09) G(open=0 conv=0x00) comp="" tail="あkakｋａａk"
    +400ms: A(open=1 conv=0x09) B(open=1 conv=0x09) T(open=1 conv=0x09) G(open=0 conv=0x00) comp="" tail="あkakｋａａk"
    +1500ms: A(open=1 conv=0x09) B(open=1 conv=0x09) T(open=1 conv=0x09) G(open=0 conv=0x00) comp="" tail="あkakｋａａk"
    差分 (前→+100ms): Δ open A:0→1 B:0→1 / tsf-thread open:0→1 conv:0x09→0x09   (前→+400ms): Δ open A:0→1 B:0→1 / tsf-thread open:0→1 conv:0x09→0x09   (前→+1500ms): Δ open A:0→1 B:0→1 / tsf-thread open:0→1 conv:0x09→0x09
[WALK 72/100] 注入: k vk=0x4B
[13:26:08.731Z] KEY [準備/その他] k vk=0x4B scan=0x25 press=13:26:07.159Z (auto)  状態=IME ON・入力なし
    前     : A(open=1 conv=0x09) B(open=1 conv=0x09) T(open=1 conv=0x09) G(open=0 conv=0x00) comp="" tail="あkakｋａａk"
    +100ms: A(open=1 conv=0x09) B(open=1 conv=0x09) T(open=1 conv=0x09) G(open=0 conv=0x00) comp="ｋ" tail="あkakｋａａk"
    +400ms: A(open=1 conv=0x09) B(open=1 conv=0x09) T(open=1 conv=0x09) G(open=0 conv=0x00) comp="ｋ" tail="あkakｋａａk"
    +1500ms: A(open=1 conv=0x09) B(open=1 conv=0x09) T(open=1 conv=0x09) G(open=0 conv=0x00) comp="ｋ" tail="あkakｋａａk"
    差分 (前→+100ms): Δ comp:Some("")→Some("ｋ")   (前→+400ms): Δ comp:Some("")→Some("ｋ")   (前→+1500ms): Δ comp:Some("")→Some("ｋ")
[WALK 73/100] 注入: ひらがな vk=0xF2
[13:26:10.727Z] KEY [準備/その他] ひらがな(0xF2) vk=0xF2 scan=0x70 press=13:26:09.105Z (auto)  状態=IME ON・入力中
    前     : A(open=1 conv=0x09) B(open=1 conv=0x09) T(open=1 conv=0x09) G(open=0 conv=0x00) comp="ｋ" tail="あkakｋａａk"
    +100ms: A(open=1 conv=0x08) B(open=1 conv=0x08) T(open=1 conv=0x08) G(open=0 conv=0x00) comp="ｋ" tail="あkakｋａａk"
    +400ms: A(open=1 conv=0x08) B(open=1 conv=0x08) T(open=1 conv=0x08) G(open=0 conv=0x00) comp="ｋ" tail="あkakｋａａk"
    +1500ms: A(open=1 conv=0x08) B(open=1 conv=0x08) T(open=1 conv=0x08) G(open=0 conv=0x00) comp="ｋ" tail="あkakｋａａk"
    差分 (前→+100ms): Δ conv A:0x09→0x08 B:0x09→0x08 / tsf-thread open:1→1 conv:0x09→0x08   (前→+400ms): Δ conv A:0x09→0x08 B:0x09→0x08 / tsf-thread open:1→1 conv:0x09→0x08   (前→+1500ms): Δ conv A:0x09→0x08 B:0x09→0x08 / tsf-thread open:1→1 conv:0x09→0x08
[WALK 74/100] 注入: a vk=0x41
[13:26:12.609Z] KEY [準備/その他] a vk=0x41 scan=0x1E press=13:26:11.039Z (auto)  状態=IME ON・入力中
    前     : A(open=1 conv=0x08) B(open=1 conv=0x08) T(open=1 conv=0x08) G(open=0 conv=0x00) comp="ｋ" tail="あkakｋａａk"
    +100ms: A(open=1 conv=0x08) B(open=1 conv=0x08) T(open=1 conv=0x08) G(open=0 conv=0x00) comp="ｋａ" tail="あkakｋａａk"
    +400ms: A(open=1 conv=0x08) B(open=1 conv=0x08) T(open=1 conv=0x08) G(open=0 conv=0x00) comp="ｋａ" tail="あkakｋａａk"
    +1500ms: A(open=1 conv=0x08) B(open=1 conv=0x08) T(open=1 conv=0x08) G(open=0 conv=0x00) comp="ｋａ" tail="あkakｋａａk"
    差分 (前→+100ms): Δ comp:Some("ｋ")→Some("ｋａ")   (前→+400ms): Δ comp:Some("ｋ")→Some("ｋａ")   (前→+1500ms): Δ comp:Some("ｋ")→Some("ｋａ")
[WALK 75/100] 注入: ひらがな vk=0xF2
[13:26:14.588Z] KEY [準備/その他] ひらがな(0xF2) vk=0xF2 scan=0x70 press=13:26:12.988Z (auto)  状態=IME ON・入力中
    前     : A(open=1 conv=0x08) B(open=1 conv=0x08) T(open=1 conv=0x08) G(open=0 conv=0x00) comp="ｋａ" tail="あkakｋａａk"
    +100ms: A(open=1 conv=0x09) B(open=1 conv=0x09) T(open=1 conv=0x09) G(open=0 conv=0x00) comp="ｋａ" tail="あkakｋａａk"
    +400ms: A(open=1 conv=0x09) B(open=1 conv=0x09) T(open=1 conv=0x09) G(open=0 conv=0x00) comp="ｋａ" tail="あkakｋａａk"
    +1500ms: A(open=1 conv=0x09) B(open=1 conv=0x09) T(open=1 conv=0x09) G(open=0 conv=0x00) comp="ｋａ" tail="あkakｋａａk"
    差分 (前→+100ms): Δ conv A:0x08→0x09 B:0x08→0x09 / tsf-thread open:1→1 conv:0x08→0x09   (前→+400ms): Δ conv A:0x08→0x09 B:0x08→0x09 / tsf-thread open:1→1 conv:0x08→0x09   (前→+1500ms): Δ conv A:0x08→0x09 B:0x08→0x09 / tsf-thread open:1→1 conv:0x08→0x09
[WALK 76/100] 注入: 無変換 vk=0x1D
[13:26:16.478Z] KEY [準備/その他] 無変換 vk=0x1D scan=0x7B press=13:26:14.902Z (auto)  状態=IME ON・入力中
    前     : A(open=1 conv=0x09) B(open=1 conv=0x09) T(open=1 conv=0x09) G(open=0 conv=0x00) comp="ｋａ" tail="あkakｋａａk"
    +100ms: A(open=1 conv=0x00) B(open=1 conv=0x00) T(open=1 conv=0x00) G(open=0 conv=0x00) comp="ｋａ" tail="あkakｋａａk"
    +400ms: A(open=1 conv=0x00) B(open=1 conv=0x00) T(open=1 conv=0x00) G(open=0 conv=0x00) comp="ｋａ" tail="あkakｋａａk"
    +1500ms: A(open=1 conv=0x00) B(open=1 conv=0x00) T(open=1 conv=0x00) G(open=0 conv=0x00) comp="ｋａ" tail="あkakｋａａk"
    差分 (前→+100ms): Δ conv A:0x09→0x00 B:0x09→0x00 / tsf-thread open:1→1 conv:0x09→0x00   (前→+400ms): Δ conv A:0x09→0x00 B:0x09→0x00 / tsf-thread open:1→1 conv:0x09→0x00   (前→+1500ms): Δ conv A:0x09→0x00 B:0x09→0x00 / tsf-thread open:1→1 conv:0x09→0x00
[WALK 77/100] 注入: Enter vk=0x0D
[13:26:18.425Z] KEY [準備/その他] Enter vk=0x0D scan=0x1C press=13:26:16.856Z (auto)  状態=IME ON・入力中
    前     : A(open=1 conv=0x00) B(open=1 conv=0x00) T(open=1 conv=0x00) G(open=0 conv=0x00) comp="ｋａ" tail="あkakｋａａk"
    +100ms: A(open=0 conv=0x00) B(open=0 conv=0x00) T(open=0 conv=0x00) G(open=0 conv=0x00) comp="" tail="akｋａａkｋａ"
    +400ms: A(open=0 conv=0x00) B(open=0 conv=0x00) T(open=0 conv=0x00) G(open=0 conv=0x00) comp="" tail="akｋａａkｋａ"
    +1500ms: A(open=0 conv=0x00) B(open=0 conv=0x00) T(open=0 conv=0x00) G(open=0 conv=0x00) comp="" tail="akｋａａkｋａ"
    差分 (前→+100ms): Δ open A:1→0 B:1→0 / tsf-thread open:1→0 conv:0x00→0x00 / comp:Some("ｋａ")→Some("") / tail:"あkakｋａａk"→"akｋａａkｋａ"   (前→+400ms): Δ open A:1→0 B:1→0 / tsf-thread open:1→0 conv:0x00→0x00 / comp:Some("ｋａ")→Some("") / tail:"あkakｋａａk"→"akｋａａkｋａ"   (前→+1500ms): Δ open A:1→0 B:1→0 / tsf-thread open:1→0 conv:0x00→0x00 / comp:Some("ｋａ")→Some("") / tail:"あkakｋａａk"→"akｋａａkｋａ"
[WALK 78/100] 注入: Enter vk=0x0D
[13:26:20.359Z] KEY [準備/その他] Enter vk=0x0D scan=0x1C press=13:26:18.788Z (auto)  状態=直接入力
    前     : A(open=0 conv=0x00) B(open=0 conv=0x00) T(open=0 conv=0x00) G(open=0 conv=0x00) comp="" tail="akｋａａkｋａ"
    +100ms: A(open=0 conv=0x00) B(open=0 conv=0x00) T(open=0 conv=0x00) G(open=0 conv=0x00) comp="" tail="akｋａａkｋａ"
    +400ms: A(open=0 conv=0x00) B(open=0 conv=0x00) T(open=0 conv=0x00) G(open=0 conv=0x00) comp="" tail="akｋａａkｋａ"
    +1500ms: A(open=0 conv=0x00) B(open=0 conv=0x00) T(open=0 conv=0x00) G(open=0 conv=0x00) comp="" tail="akｋａａkｋａ"
    差分 (前→+100ms): Δなし   (前→+400ms): Δなし   (前→+1500ms): Δなし
[WALK 79/100] 注入: a vk=0x41
[13:26:22.356Z] KEY [準備/その他] a vk=0x41 scan=0x1E press=13:26:20.737Z (auto)  状態=直接入力
    前     : A(open=0 conv=0x00) B(open=0 conv=0x00) T(open=0 conv=0x00) G(open=0 conv=0x00) comp="" tail="akｋａａkｋａ"
    +100ms: A(open=0 conv=0x00) B(open=0 conv=0x00) T(open=0 conv=0x00) G(open=0 conv=0x00) comp="" tail="kｋａａkｋａa"
    +400ms: A(open=0 conv=0x00) B(open=0 conv=0x00) T(open=0 conv=0x00) G(open=0 conv=0x00) comp="" tail="kｋａａkｋａa"
    +1500ms: A(open=0 conv=0x00) B(open=0 conv=0x00) T(open=0 conv=0x00) G(open=0 conv=0x00) comp="" tail="kｋａａkｋａa"
    差分 (前→+100ms): Δ tail:"akｋａａkｋａ"→"kｋａａkｋａa"   (前→+400ms): Δ tail:"akｋａａkｋａ"→"kｋａａkｋａa"   (前→+1500ms): Δ tail:"akｋａａkｋａ"→"kｋａａkｋａa"
[WALK 80/100] 注入: 無変換 vk=0x1D
[13:26:24.242Z] KEY [準備/その他] 無変換 vk=0x1D scan=0x7B press=13:26:22.671Z (auto)  状態=直接入力
    前     : A(open=0 conv=0x00) B(open=0 conv=0x00) T(open=0 conv=0x00) G(open=0 conv=0x00) comp="" tail="kｋａａkｋａa"
    +100ms: A(open=1 conv=0x09) B(open=1 conv=0x09) T(open=1 conv=0x09) G(open=0 conv=0x00) comp="" tail="kｋａａkｋａa"
    +400ms: A(open=1 conv=0x09) B(open=1 conv=0x09) T(open=1 conv=0x09) G(open=0 conv=0x00) comp="" tail="kｋａａkｋａa"
    +1500ms: A(open=1 conv=0x09) B(open=1 conv=0x09) T(open=1 conv=0x09) G(open=0 conv=0x00) comp="" tail="kｋａａkｋａa"
    差分 (前→+100ms): Δ open A:0→1 B:0→1 / conv A:0x00→0x09 B:0x00→0x09 / tsf-thread open:0→1 conv:0x00→0x09   (前→+400ms): Δ open A:0→1 B:0→1 / conv A:0x00→0x09 B:0x00→0x09 / tsf-thread open:0→1 conv:0x00→0x09   (前→+1500ms): Δ open A:0→1 B:0→1 / conv A:0x00→0x09 B:0x00→0x09 / tsf-thread open:0→1 conv:0x00→0x09
[WALK 81/100] 注入: ひらがな vk=0xF2
[13:26:26.190Z] KEY [準備/その他] ひらがな(0xF2) vk=0xF2 scan=0x70 press=13:26:24.620Z (auto)  状態=IME ON・入力なし
    前     : A(open=1 conv=0x09) B(open=1 conv=0x09) T(open=1 conv=0x09) G(open=0 conv=0x00) comp="" tail="kｋａａkｋａa"
    +100ms: A(open=1 conv=0x08) B(open=1 conv=0x08) T(open=1 conv=0x08) G(open=0 conv=0x00) comp="" tail="kｋａａkｋａa"
    +400ms: A(open=1 conv=0x08) B(open=1 conv=0x08) T(open=1 conv=0x08) G(open=0 conv=0x00) comp="" tail="kｋａａkｋａa"
    +1500ms: A(open=1 conv=0x08) B(open=1 conv=0x08) T(open=1 conv=0x08) G(open=0 conv=0x00) comp="" tail="kｋａａkｋａa"
    差分 (前→+100ms): Δ conv A:0x09→0x08 B:0x09→0x08 / tsf-thread open:1→1 conv:0x09→0x08   (前→+400ms): Δ conv A:0x09→0x08 B:0x09→0x08 / tsf-thread open:1→1 conv:0x09→0x08   (前→+1500ms): Δ conv A:0x09→0x08 B:0x09→0x08 / tsf-thread open:1→1 conv:0x09→0x08
[WALK 82/100] 注入: 変換 vk=0x1C
[13:26:28.132Z] KEY [準備/その他] 変換 vk=0x1C scan=0x79 press=13:26:26.566Z (auto)  状態=IME ON・入力なし
    前     : A(open=1 conv=0x08) B(open=1 conv=0x08) T(open=1 conv=0x08) G(open=0 conv=0x00) comp="" tail="kｋａａkｋａa"
    +100ms: A(open=0 conv=0x08) B(open=0 conv=0x08) T(open=0 conv=0x08) G(open=0 conv=0x00) comp="" tail="kｋａａkｋａa"
    +400ms: A(open=0 conv=0x08) B(open=0 conv=0x08) T(open=0 conv=0x08) G(open=0 conv=0x00) comp="" tail="kｋａａkｋａa"
    +1500ms: A(open=0 conv=0x08) B(open=0 conv=0x08) T(open=0 conv=0x08) G(open=0 conv=0x00) comp="" tail="kｋａａkｋａa"
    差分 (前→+100ms): Δ open A:1→0 B:1→0 / tsf-thread open:1→0 conv:0x08→0x08   (前→+400ms): Δ open A:1→0 B:1→0 / tsf-thread open:1→0 conv:0x08→0x08   (前→+1500ms): Δ open A:1→0 B:1→0 / tsf-thread open:1→0 conv:0x08→0x08
[WALK 83/100] 注入: Enter vk=0x0D
[13:26:30.074Z] KEY [準備/その他] Enter vk=0x0D scan=0x1C press=13:26:28.508Z (auto)  状態=直接入力
    前     : A(open=0 conv=0x08) B(open=0 conv=0x08) T(open=0 conv=0x08) G(open=0 conv=0x00) comp="" tail="kｋａａkｋａa"
    +100ms: A(open=0 conv=0x08) B(open=0 conv=0x08) T(open=0 conv=0x08) G(open=0 conv=0x00) comp="" tail="kｋａａkｋａa"
    +400ms: A(open=0 conv=0x08) B(open=0 conv=0x08) T(open=0 conv=0x08) G(open=0 conv=0x00) comp="" tail="kｋａａkｋａa"
    +1500ms: A(open=0 conv=0x08) B(open=0 conv=0x08) T(open=0 conv=0x08) G(open=0 conv=0x00) comp="" tail="kｋａａkｋａa"
    差分 (前→+100ms): Δなし   (前→+400ms): Δなし   (前→+1500ms): Δなし
[WALK 84/100] 注入: ひらがな vk=0xF2
[13:26:32.021Z] KEY [準備/その他] ひらがな(0xF2) vk=0xF2 scan=0x70 press=13:26:30.450Z (auto)  状態=直接入力
    前     : A(open=0 conv=0x08) B(open=0 conv=0x08) T(open=0 conv=0x08) G(open=0 conv=0x00) comp="" tail="kｋａａkｋａa"
    +100ms: A(open=1 conv=0x09) B(open=1 conv=0x09) T(open=1 conv=0x09) G(open=0 conv=0x00) comp="" tail="kｋａａkｋａa"
    +400ms: A(open=1 conv=0x09) B(open=1 conv=0x09) T(open=1 conv=0x09) G(open=0 conv=0x00) comp="" tail="kｋａａkｋａa"
    +1500ms: A(open=1 conv=0x09) B(open=1 conv=0x09) T(open=1 conv=0x09) G(open=0 conv=0x00) comp="" tail="kｋａａkｋａa"
    差分 (前→+100ms): Δ open A:0→1 B:0→1 / conv A:0x08→0x09 B:0x08→0x09 / tsf-thread open:0→1 conv:0x08→0x09   (前→+400ms): Δ open A:0→1 B:0→1 / conv A:0x08→0x09 B:0x08→0x09 / tsf-thread open:0→1 conv:0x08→0x09   (前→+1500ms): Δ open A:0→1 B:0→1 / conv A:0x08→0x09 B:0x08→0x09 / tsf-thread open:0→1 conv:0x08→0x09
[WALK 85/100] 注入: Esc vk=0x1B
[13:26:33.980Z] KEY [準備/その他] ESC vk=0x1B scan=0x01 press=13:26:32.412Z (auto)  状態=IME ON・入力なし
    前     : A(open=1 conv=0x09) B(open=1 conv=0x09) T(open=1 conv=0x09) G(open=0 conv=0x00) comp="" tail="kｋａａkｋａa"
    +100ms: A(open=1 conv=0x09) B(open=1 conv=0x09) T(open=1 conv=0x09) G(open=0 conv=0x00) comp="" tail="kｋａａkｋａa"
    +400ms: A(open=1 conv=0x09) B(open=1 conv=0x09) T(open=1 conv=0x09) G(open=0 conv=0x00) comp="" tail="kｋａａkｋａa"
    +1500ms: A(open=1 conv=0x09) B(open=1 conv=0x09) T(open=1 conv=0x09) G(open=0 conv=0x00) comp="" tail="kｋａａkｋａa"
    差分 (前→+100ms): Δなし   (前→+400ms): Δなし   (前→+1500ms): Δなし
[WALK 86/100] 注入: Enter vk=0x0D
[13:26:35.923Z] KEY [準備/その他] Enter vk=0x0D scan=0x1C press=13:26:34.357Z (auto)  状態=IME ON・入力なし
    前     : A(open=1 conv=0x09) B(open=1 conv=0x09) T(open=1 conv=0x09) G(open=0 conv=0x00) comp="" tail="kｋａａkｋａa"
    +100ms: A(open=1 conv=0x09) B(open=1 conv=0x09) T(open=1 conv=0x09) G(open=0 conv=0x00) comp="" tail="kｋａａkｋａa"
    +400ms: A(open=1 conv=0x09) B(open=1 conv=0x09) T(open=1 conv=0x09) G(open=0 conv=0x00) comp="" tail="kｋａａkｋａa"
    +1500ms: A(open=1 conv=0x09) B(open=1 conv=0x09) T(open=1 conv=0x09) G(open=0 conv=0x00) comp="" tail="kｋａａkｋａa"
    差分 (前→+100ms): Δなし   (前→+400ms): Δなし   (前→+1500ms): Δなし
[WALK 87/100] 注入: ひらがな vk=0xF2
[13:26:37.918Z] KEY [準備/その他] ひらがな(0xF2) vk=0xF2 scan=0x70 press=13:26:36.300Z (auto)  状態=IME ON・入力なし
    前     : A(open=1 conv=0x09) B(open=1 conv=0x09) T(open=1 conv=0x09) G(open=0 conv=0x00) comp="" tail="kｋａａkｋａa"
    +100ms: A(open=1 conv=0x08) B(open=1 conv=0x08) T(open=1 conv=0x08) G(open=0 conv=0x00) comp="" tail="kｋａａkｋａa"
    +400ms: A(open=1 conv=0x08) B(open=1 conv=0x08) T(open=1 conv=0x08) G(open=0 conv=0x00) comp="" tail="kｋａａkｋａa"
    +1500ms: A(open=1 conv=0x08) B(open=1 conv=0x08) T(open=1 conv=0x08) G(open=0 conv=0x00) comp="" tail="kｋａａkｋａa"
    差分 (前→+100ms): Δ conv A:0x09→0x08 B:0x09→0x08 / tsf-thread open:1→1 conv:0x09→0x08   (前→+400ms): Δ conv A:0x09→0x08 B:0x09→0x08 / tsf-thread open:1→1 conv:0x09→0x08   (前→+1500ms): Δ conv A:0x09→0x08 B:0x09→0x08 / tsf-thread open:1→1 conv:0x09→0x08
[WALK 88/100] 注入: a vk=0x41
[13:26:39.800Z] KEY [準備/その他] a vk=0x41 scan=0x1E press=13:26:38.229Z (auto)  状態=IME ON・入力なし
    前     : A(open=1 conv=0x08) B(open=1 conv=0x08) T(open=1 conv=0x08) G(open=0 conv=0x00) comp="" tail="kｋａａkｋａa"
    +100ms: A(open=1 conv=0x08) B(open=1 conv=0x08) T(open=1 conv=0x08) G(open=0 conv=0x00) comp="ａ" tail="kｋａａkｋａa"
    +400ms: A(open=1 conv=0x08) B(open=1 conv=0x08) T(open=1 conv=0x08) G(open=0 conv=0x00) comp="ａ" tail="kｋａａkｋａa"
    +1500ms: A(open=1 conv=0x08) B(open=1 conv=0x08) T(open=1 conv=0x08) G(open=0 conv=0x00) comp="ａ" tail="kｋａａkｋａa"
    差分 (前→+100ms): Δ comp:Some("")→Some("ａ")   (前→+400ms): Δ comp:Some("")→Some("ａ")   (前→+1500ms): Δ comp:Some("")→Some("ａ")
[WALK 89/100] 注入: Enter vk=0x0D
[13:26:41.738Z] KEY [準備/その他] Enter vk=0x0D scan=0x1C press=13:26:40.163Z (auto)  状態=IME ON・入力中
    前     : A(open=1 conv=0x08) B(open=1 conv=0x08) T(open=1 conv=0x08) G(open=0 conv=0x00) comp="ａ" tail="kｋａａkｋａa"
    +100ms: A(open=1 conv=0x08) B(open=1 conv=0x08) T(open=1 conv=0x08) G(open=0 conv=0x00) comp="" tail="ｋａａkｋａaａ"
    +400ms: A(open=1 conv=0x08) B(open=1 conv=0x08) T(open=1 conv=0x08) G(open=0 conv=0x00) comp="" tail="ｋａａkｋａaａ"
    +1500ms: A(open=1 conv=0x08) B(open=1 conv=0x08) T(open=1 conv=0x08) G(open=0 conv=0x00) comp="" tail="ｋａａkｋａaａ"
    差分 (前→+100ms): Δ comp:Some("ａ")→Some("") / tail:"kｋａａkｋａa"→"ｋａａkｋａaａ"   (前→+400ms): Δ comp:Some("ａ")→Some("") / tail:"kｋａａkｋａa"→"ｋａａkｋａaａ"   (前→+1500ms): Δ comp:Some("ａ")→Some("") / tail:"kｋａａkｋａa"→"ｋａａkｋａaａ"
[WALK 90/100] 注入: Enter vk=0x0D
[13:26:43.683Z] KEY [準備/その他] Enter vk=0x0D scan=0x1C press=13:26:42.112Z (auto)  状態=IME ON・入力なし
    前     : A(open=1 conv=0x08) B(open=1 conv=0x08) T(open=1 conv=0x08) G(open=0 conv=0x00) comp="" tail="ｋａａkｋａaａ"
    +100ms: A(open=1 conv=0x08) B(open=1 conv=0x08) T(open=1 conv=0x08) G(open=0 conv=0x00) comp="" tail="ｋａａkｋａaａ"
    +400ms: A(open=1 conv=0x08) B(open=1 conv=0x08) T(open=1 conv=0x08) G(open=0 conv=0x00) comp="" tail="ｋａａkｋａaａ"
    +1500ms: A(open=1 conv=0x08) B(open=1 conv=0x08) T(open=1 conv=0x08) G(open=0 conv=0x00) comp="" tail="ｋａａkｋａaａ"
    差分 (前→+100ms): Δなし   (前→+400ms): Δなし   (前→+1500ms): Δなし
[WALK 91/100] 注入: a vk=0x41
[13:26:45.628Z] KEY [準備/その他] a vk=0x41 scan=0x1E press=13:26:44.058Z (auto)  状態=IME ON・入力なし
    前     : A(open=1 conv=0x08) B(open=1 conv=0x08) T(open=1 conv=0x08) G(open=0 conv=0x00) comp="" tail="ｋａａkｋａaａ"
    +100ms: A(open=1 conv=0x08) B(open=1 conv=0x08) T(open=1 conv=0x08) G(open=0 conv=0x00) comp="ａ" tail="ｋａａkｋａaａ"
    +400ms: A(open=1 conv=0x08) B(open=1 conv=0x08) T(open=1 conv=0x08) G(open=0 conv=0x00) comp="ａ" tail="ｋａａkｋａaａ"
    +1500ms: A(open=1 conv=0x08) B(open=1 conv=0x08) T(open=1 conv=0x08) G(open=0 conv=0x00) comp="ａ" tail="ｋａａkｋａaａ"
    差分 (前→+100ms): Δ comp:Some("")→Some("ａ")   (前→+400ms): Δ comp:Some("")→Some("ａ")   (前→+1500ms): Δ comp:Some("")→Some("ａ")
[WALK 92/100] 注入: 変換 vk=0x1C
[13:26:47.562Z] KEY [準備/その他] 変換 vk=0x1C scan=0x79 press=13:26:45.990Z (auto)  状態=IME ON・入力中
    前     : A(open=1 conv=0x08) B(open=1 conv=0x08) T(open=1 conv=0x08) G(open=0 conv=0x00) comp="ａ" tail="ｋａａkｋａaａ"
    +100ms: A(open=1 conv=0x08) B(open=1 conv=0x08) T(open=1 conv=0x08) G(open=0 conv=0x00) comp="ａ" tail="ｋａａkｋａaａ"
    +400ms: A(open=1 conv=0x08) B(open=1 conv=0x08) T(open=1 conv=0x08) G(open=0 conv=0x00) comp="ａ" tail="ｋａａkｋａaａ"
    +1500ms: A(open=1 conv=0x08) B(open=1 conv=0x08) T(open=1 conv=0x08) G(open=0 conv=0x00) comp="ａ" tail="ｋａａkｋａaａ"
    差分 (前→+100ms): Δなし   (前→+400ms): Δなし   (前→+1500ms): Δなし
[WALK 93/100] 注入: Esc vk=0x1B
[13:26:49.553Z] KEY [準備/その他] ESC vk=0x1B scan=0x01 press=13:26:47.939Z (auto)  状態=IME ON・入力中
    前     : A(open=1 conv=0x08) B(open=1 conv=0x08) T(open=1 conv=0x08) G(open=0 conv=0x00) comp="ａ" tail="ｋａａkｋａaａ"
    +100ms: A(open=1 conv=0x08) B(open=1 conv=0x08) T(open=1 conv=0x08) G(open=0 conv=0x00) comp="" tail="ｋａａkｋａaａ"
    +400ms: A(open=1 conv=0x08) B(open=1 conv=0x08) T(open=1 conv=0x08) G(open=0 conv=0x00) comp="" tail="ｋａａkｋａaａ"
    +1500ms: A(open=1 conv=0x08) B(open=1 conv=0x08) T(open=1 conv=0x08) G(open=0 conv=0x00) comp="" tail="ｋａａkｋａaａ"
    差分 (前→+100ms): Δ comp:Some("ａ")→Some("")   (前→+400ms): Δ comp:Some("ａ")→Some("")   (前→+1500ms): Δ comp:Some("ａ")→Some("")
[WALK 94/100] 注入: 半角/全角 vk=0xF3
[13:26:51.434Z] KEY [準備/その他] 半角/全角(0xF3) vk=0xF3 scan=0x29 press=13:26:49.866Z (auto)  状態=IME ON・入力なし
    前     : A(open=1 conv=0x08) B(open=1 conv=0x08) T(open=1 conv=0x08) G(open=0 conv=0x00) comp="" tail="ｋａａkｋａaａ"
    +100ms: A(open=0 conv=0x08) B(open=0 conv=0x08) T(open=0 conv=0x08) G(open=0 conv=0x00) comp="" tail="ｋａａkｋａaａ"
    +400ms: A(open=0 conv=0x08) B(open=0 conv=0x08) T(open=0 conv=0x08) G(open=0 conv=0x00) comp="" tail="ｋａａkｋａaａ"
    +1500ms: A(open=0 conv=0x08) B(open=0 conv=0x08) T(open=0 conv=0x08) G(open=0 conv=0x00) comp="" tail="ｋａａkｋａaａ"
    差分 (前→+100ms): Δ open A:1→0 B:1→0 / tsf-thread open:1→0 conv:0x08→0x08   (前→+400ms): Δ open A:1→0 B:1→0 / tsf-thread open:1→0 conv:0x08→0x08   (前→+1500ms): Δ open A:1→0 B:1→0 / tsf-thread open:1→0 conv:0x08→0x08
[WALK 95/100] 注入: a vk=0x41
[13:26:53.381Z] KEY [準備/その他] a vk=0x41 scan=0x1E press=13:26:51.810Z (auto)  状態=直接入力
    前     : A(open=0 conv=0x08) B(open=0 conv=0x08) T(open=0 conv=0x08) G(open=0 conv=0x00) comp="" tail="ｋａａkｋａaａ"
    +100ms: A(open=0 conv=0x08) B(open=0 conv=0x08) T(open=0 conv=0x08) G(open=0 conv=0x00) comp="" tail="ａａkｋａaａa"
    +400ms: A(open=0 conv=0x08) B(open=0 conv=0x08) T(open=0 conv=0x08) G(open=0 conv=0x00) comp="" tail="ａａkｋａaａa"
    +1500ms: A(open=0 conv=0x08) B(open=0 conv=0x08) T(open=0 conv=0x08) G(open=0 conv=0x00) comp="" tail="ａａkｋａaａa"
    差分 (前→+100ms): Δ tail:"ｋａａkｋａaａ"→"ａａkｋａaａa"   (前→+400ms): Δ tail:"ｋａａkｋａaａ"→"ａａkｋａaａa"   (前→+1500ms): Δ tail:"ｋａａkｋａaａ"→"ａａkｋａaａa"
[WALK 96/100] 注入: Enter vk=0x0D
[13:26:55.334Z] KEY [準備/その他] Enter vk=0x0D scan=0x1C press=13:26:53.756Z (auto)  状態=直接入力
    前     : A(open=0 conv=0x08) B(open=0 conv=0x08) T(open=0 conv=0x08) G(open=0 conv=0x00) comp="" tail="ａａkｋａaａa"
    +100ms: A(open=0 conv=0x08) B(open=0 conv=0x08) T(open=0 conv=0x08) G(open=0 conv=0x00) comp="" tail="ａａkｋａaａa"
    +400ms: A(open=0 conv=0x08) B(open=0 conv=0x08) T(open=0 conv=0x08) G(open=0 conv=0x00) comp="" tail="ａａkｋａaａa"
    +1500ms: A(open=0 conv=0x08) B(open=0 conv=0x08) T(open=0 conv=0x08) G(open=0 conv=0x00) comp="" tail="ａａkｋａaａa"
    差分 (前→+100ms): Δなし   (前→+400ms): Δなし   (前→+1500ms): Δなし
[WALK 97/100] 注入: ひらがな vk=0xF2
[13:26:57.282Z] KEY [準備/その他] ひらがな(0xF2) vk=0xF2 scan=0x70 press=13:26:55.715Z (auto)  状態=直接入力
    前     : A(open=0 conv=0x08) B(open=0 conv=0x08) T(open=0 conv=0x08) G(open=0 conv=0x00) comp="" tail="ａａkｋａaａa"
    +100ms: A(open=1 conv=0x09) B(open=1 conv=0x09) T(open=1 conv=0x09) G(open=0 conv=0x00) comp="" tail="ａａkｋａaａa"
    +400ms: A(open=1 conv=0x09) B(open=1 conv=0x09) T(open=1 conv=0x09) G(open=0 conv=0x00) comp="" tail="ａａkｋａaａa"
    +1500ms: A(open=1 conv=0x09) B(open=1 conv=0x09) T(open=1 conv=0x09) G(open=0 conv=0x00) comp="" tail="ａａkｋａaａa"
    差分 (前→+100ms): Δ open A:0→1 B:0→1 / conv A:0x08→0x09 B:0x08→0x09 / tsf-thread open:0→1 conv:0x08→0x09   (前→+400ms): Δ open A:0→1 B:0→1 / conv A:0x08→0x09 B:0x08→0x09 / tsf-thread open:0→1 conv:0x08→0x09   (前→+1500ms): Δ open A:0→1 B:0→1 / conv A:0x08→0x09 B:0x08→0x09 / tsf-thread open:0→1 conv:0x08→0x09
[WALK 98/100] 注入: ひらがな vk=0xF2
[13:26:59.277Z] KEY [準備/その他] ひらがな(0xF2) vk=0xF2 scan=0x70 press=13:26:57.658Z (auto)  状態=IME ON・入力なし
    前     : A(open=1 conv=0x09) B(open=1 conv=0x09) T(open=1 conv=0x09) G(open=0 conv=0x00) comp="" tail="ａａkｋａaａa"
    +100ms: A(open=1 conv=0x08) B(open=1 conv=0x08) T(open=1 conv=0x08) G(open=0 conv=0x00) comp="" tail="ａａkｋａaａa"
    +400ms: A(open=1 conv=0x08) B(open=1 conv=0x08) T(open=1 conv=0x08) G(open=0 conv=0x00) comp="" tail="ａａkｋａaａa"
    +1500ms: A(open=1 conv=0x08) B(open=1 conv=0x08) T(open=1 conv=0x08) G(open=0 conv=0x00) comp="" tail="ａａkｋａaａa"
    差分 (前→+100ms): Δ conv A:0x09→0x08 B:0x09→0x08 / tsf-thread open:1→1 conv:0x09→0x08   (前→+400ms): Δ conv A:0x09→0x08 B:0x09→0x08 / tsf-thread open:1→1 conv:0x09→0x08   (前→+1500ms): Δ conv A:0x09→0x08 B:0x09→0x08 / tsf-thread open:1→1 conv:0x09→0x08
[WALK 99/100] 注入: 変換 vk=0x1C
[13:27:01.156Z] KEY [準備/その他] 変換 vk=0x1C scan=0x79 press=13:26:59.590Z (auto)  状態=IME ON・入力なし
    前     : A(open=1 conv=0x08) B(open=1 conv=0x08) T(open=1 conv=0x08) G(open=0 conv=0x00) comp="" tail="ａａkｋａaａa"
    +100ms: A(open=0 conv=0x08) B(open=0 conv=0x08) T(open=0 conv=0x08) G(open=0 conv=0x00) comp="" tail="ａａkｋａaａa"
    +400ms: A(open=0 conv=0x08) B(open=0 conv=0x08) T(open=0 conv=0x08) G(open=0 conv=0x00) comp="" tail="ａａkｋａaａa"
    +1500ms: A(open=0 conv=0x08) B(open=0 conv=0x08) T(open=0 conv=0x08) G(open=0 conv=0x00) comp="" tail="ａａkｋａaａa"
    差分 (前→+100ms): Δ open A:1→0 B:1→0 / tsf-thread open:1→0 conv:0x08→0x08   (前→+400ms): Δ open A:1→0 B:1→0 / tsf-thread open:1→0 conv:0x08→0x08   (前→+1500ms): Δ open A:1→0 B:1→0 / tsf-thread open:1→0 conv:0x08→0x08
[WALK 100/100] 注入: 無変換 vk=0x1D
[13:27:03.095Z] KEY [準備/その他] 無変換 vk=0x1D scan=0x7B press=13:27:01.531Z (auto)  状態=直接入力
    前     : A(open=0 conv=0x08) B(open=0 conv=0x08) T(open=0 conv=0x08) G(open=0 conv=0x00) comp="" tail="ａａkｋａaａa"
    +100ms: A(open=1 conv=0x09) B(open=1 conv=0x09) T(open=1 conv=0x09) G(open=0 conv=0x00) comp="" tail="ａａkｋａaａa"
    +400ms: A(open=1 conv=0x09) B(open=1 conv=0x09) T(open=1 conv=0x09) G(open=0 conv=0x00) comp="" tail="ａａkｋａaａa"
    +1500ms: A(open=1 conv=0x09) B(open=1 conv=0x09) T(open=1 conv=0x09) G(open=0 conv=0x00) comp="" tail="ａａkｋａaａa"
    差分 (前→+100ms): Δ open A:0→1 B:0→1 / conv A:0x08→0x09 B:0x08→0x09 / tsf-thread open:0→1 conv:0x08→0x09   (前→+400ms): Δ open A:0→1 B:0→1 / conv A:0x08→0x09 B:0x08→0x09 / tsf-thread open:0→1 conv:0x08→0x09   (前→+1500ms): Δ open A:0→1 B:0→1 / conv A:0x08→0x09 B:0x08→0x09 / tsf-thread open:0→1 conv:0x08→0x09
[WALK] 100手完了（1.5秒後に自動で閉じます）
script error: Output type incorrect: bool (expecting ())
