=== IME key matrix spike (awase 非依存) ===
観測: A=IMM(ImmGet*) / B=WM_IME_CONTROL / T=TSFスレッドcompartment / G=TSFグローバルcompartment
conv の目安: 0x19=ひらがな(NATIVE|FULLSHAPE|ROMAN) 0x10=半角英数(ROMAN) 0x00=直接入力系
手順: awase を止める → 画面中段の案内に従ってキーを1回ずつ押す（全 2ラウンド×20ステップ、各押下後は3秒待機）
ROUND1=標準EDIT / ROUND2=RichEdit(TSFネイティブ)。そのキーが無い場合は Ctrl+Shift+F12 でスキップ
ログファイル: C:\Users\cuzic\scoop\persist\msys2\home\cuzic\awase-spike\target\debug\examples\ime_key_matrix_spike.log

=== ROUND 2/2: 対象コントロール = RichEdit 5.0(TSFネイティブ) ===
[AUTO] フォーカス復帰(入力欄)
[14:06:52.420Z] KEY [準備/その他] ひらがな(0xF2) vk=0xF2 scan=0x70 press=14:06:50.849Z (auto)  状態=直接入力
    前     : A(open=0 conv=0x19) B(open=0 conv=0x19) T(open=0 conv=0x00) G(open=0 conv=0x00) comp="" tail=""
    +100ms: A(open=1 conv=0x09) B(open=1 conv=0x09) T(open=1 conv=0x09) G(open=0 conv=0x00) comp="" tail=""
    +400ms: A(open=1 conv=0x09) B(open=1 conv=0x09) T(open=1 conv=0x09) G(open=0 conv=0x00) comp="" tail=""
    +1500ms: A(open=1 conv=0x19) B(open=1 conv=0x19) T(open=1 conv=0x19) G(open=0 conv=0x00) comp="" tail=""
    差分 (前→+100ms): Δ open A:0→1 B:0→1 / conv A:0x19→0x09 B:0x19→0x09 / tsf-thread open:0→1 conv:0x00→0x09   (前→+400ms): Δ open A:0→1 B:0→1 / conv A:0x19→0x09 B:0x19→0x09 / tsf-thread open:0→1 conv:0x00→0x09   (前→+1500ms): Δ open A:0→1 B:0→1 / tsf-thread open:0→1 conv:0x00→0x19
[EXP-POST] cond=scan70/write trial=1 pre(open=1 conv=0x19) post(open=0 conv=0x19 comp="")
[14:06:54.166Z] KEY [準備/その他] ひらがな(0xF2) vk=0xF2 scan=0x70 press=14:06:52.545Z (auto)  状態=IME ON・入力なし
    前     : A(open=1 conv=0x19) B(open=1 conv=0x19) T(open=1 conv=0x19) G(open=0 conv=0x00) comp="" tail=""
    +100ms: A(open=0 conv=0x19) B(open=0 conv=0x19) T(open=0 conv=0x19) G(open=0 conv=0x00) comp="" tail=""
    +400ms: A(open=0 conv=0x19) B(open=0 conv=0x19) T(open=0 conv=0x19) G(open=0 conv=0x00) comp="" tail=""
    +1500ms: A(open=0 conv=0x19) B(open=0 conv=0x19) T(open=0 conv=0x19) G(open=0 conv=0x00) comp="" tail="a"
    差分 (前→+100ms): Δ open A:1→0 B:1→0 / tsf-thread open:1→0 conv:0x19→0x19   (前→+400ms): Δ open A:1→0 B:1→0 / tsf-thread open:1→0 conv:0x19→0x19   (前→+1500ms): Δ open A:1→0 B:1→0 / tsf-thread open:1→0 conv:0x19→0x19 / tail:""→"a"
[EXP] cond=scan70/write trial=1 probe(a): open=0 conv=0x19 comp="" tail="a"
[14:06:55.359Z] KEY [準備/その他] a vk=0x41 scan=0x1E press=14:06:53.806Z (auto)  状態=直接入力
    前     : A(open=0 conv=0x19) B(open=0 conv=0x19) T(open=0 conv=0x19) G(open=0 conv=0x00) comp="" tail=""
    +100ms: A(open=0 conv=0x19) B(open=0 conv=0x19) T(open=0 conv=0x19) G(open=0 conv=0x00) comp="" tail="a"
    +400ms: A(open=0 conv=0x19) B(open=0 conv=0x19) T(open=0 conv=0x19) G(open=0 conv=0x00) comp="" tail="a"
    +1500ms: A(open=0 conv=0x19) B(open=0 conv=0x19) T(open=0 conv=0x19) G(open=0 conv=0x00) comp="" tail="a"
    差分 (前→+100ms): Δ tail:""→"a"   (前→+400ms): Δ tail:""→"a"   (前→+1500ms): Δ tail:""→"a"
[14:06:56.359Z] KEY [準備/その他] ESC vk=0x1B scan=0x01 press=14:06:54.794Z (auto)  状態=直接入力
    前     : A(open=0 conv=0x19) B(open=0 conv=0x19) T(open=0 conv=0x19) G(open=0 conv=0x00) comp="" tail="a"
    +100ms: A(open=0 conv=0x19) B(open=0 conv=0x19) T(open=0 conv=0x19) G(open=0 conv=0x00) comp="" tail="a"
    +400ms: A(open=0 conv=0x19) B(open=0 conv=0x19) T(open=0 conv=0x19) G(open=0 conv=0x00) comp="" tail="a"
    +1500ms: A(open=1 conv=0x09) B(open=1 conv=0x09) T(open=1 conv=0x09) G(open=0 conv=0x00) comp="" tail="a"
    差分 (前→+100ms): Δなし   (前→+400ms): Δなし   (前→+1500ms): Δ open A:0→1 B:0→1 / conv A:0x19→0x09 B:0x19→0x09 / tsf-thread open:0→1 conv:0x19→0x09
[14:06:57.361Z] KEY [準備/その他] ひらがな(0xF2) vk=0xF2 scan=0x70 press=14:06:55.798Z (auto)  状態=直接入力
    前     : A(open=0 conv=0x19) B(open=0 conv=0x19) T(open=0 conv=0x19) G(open=0 conv=0x00) comp="" tail="a"
    +100ms: A(open=1 conv=0x09) B(open=1 conv=0x09) T(open=1 conv=0x09) G(open=0 conv=0x00) comp="" tail="a"
    +400ms: A(open=1 conv=0x09) B(open=1 conv=0x09) T(open=1 conv=0x09) G(open=0 conv=0x00) comp="" tail="a"
    +1500ms: A(open=1 conv=0x19) B(open=1 conv=0x19) T(open=1 conv=0x19) G(open=0 conv=0x00) comp="" tail="a"
    差分 (前→+100ms): Δ open A:0→1 B:0→1 / conv A:0x19→0x09 B:0x19→0x09 / tsf-thread open:0→1 conv:0x19→0x09   (前→+400ms): Δ open A:0→1 B:0→1 / conv A:0x19→0x09 B:0x19→0x09 / tsf-thread open:0→1 conv:0x19→0x09   (前→+1500ms): Δ open A:0→1 B:0→1 / tsf-thread open:0→1 conv:0x19→0x19
[EXP-POST] cond=scan70/write trial=2 pre(open=1 conv=0x19) post(open=0 conv=0x19 comp="")
[14:06:59.129Z] KEY [準備/その他] ひらがな(0xF2) vk=0xF2 scan=0x70 press=14:06:57.551Z (auto)  状態=IME ON・入力なし
    前     : A(open=1 conv=0x19) B(open=1 conv=0x19) T(open=1 conv=0x19) G(open=0 conv=0x00) comp="" tail="a"
    +100ms: A(open=0 conv=0x19) B(open=0 conv=0x19) T(open=0 conv=0x19) G(open=0 conv=0x00) comp="" tail="a"
    +400ms: A(open=0 conv=0x19) B(open=0 conv=0x19) T(open=0 conv=0x19) G(open=0 conv=0x00) comp="" tail="a"
    +1500ms: A(open=0 conv=0x19) B(open=0 conv=0x19) T(open=0 conv=0x19) G(open=0 conv=0x00) comp="" tail="aa"
    差分 (前→+100ms): Δ open A:1→0 B:1→0 / tsf-thread open:1→0 conv:0x19→0x19   (前→+400ms): Δ open A:1→0 B:1→0 / tsf-thread open:1→0 conv:0x19→0x19   (前→+1500ms): Δ open A:1→0 B:1→0 / tsf-thread open:1→0 conv:0x19→0x19 / tail:"a"→"aa"
[EXP] cond=scan70/write trial=2 probe(a): open=0 conv=0x19 comp="" tail="aa"
[14:07:00.376Z] KEY [準備/その他] a vk=0x41 scan=0x1E press=14:06:58.769Z (auto)  状態=直接入力
    前     : A(open=0 conv=0x19) B(open=0 conv=0x19) T(open=0 conv=0x19) G(open=0 conv=0x00) comp="" tail="a"
    +100ms: A(open=0 conv=0x19) B(open=0 conv=0x19) T(open=0 conv=0x19) G(open=0 conv=0x00) comp="" tail="aa"
    +400ms: A(open=0 conv=0x19) B(open=0 conv=0x19) T(open=0 conv=0x19) G(open=0 conv=0x00) comp="" tail="aa"
    +1500ms: A(open=0 conv=0x19) B(open=0 conv=0x19) T(open=0 conv=0x19) G(open=0 conv=0x00) comp="" tail="aa"
    差分 (前→+100ms): Δ tail:"a"→"aa"   (前→+400ms): Δ tail:"a"→"aa"   (前→+1500ms): Δ tail:"a"→"aa"
[14:07:01.312Z] KEY [準備/その他] ESC vk=0x1B scan=0x01 press=14:06:59.744Z (auto)  状態=直接入力
    前     : A(open=0 conv=0x19) B(open=0 conv=0x19) T(open=0 conv=0x19) G(open=0 conv=0x00) comp="" tail="aa"
    +100ms: A(open=0 conv=0x19) B(open=0 conv=0x19) T(open=0 conv=0x19) G(open=0 conv=0x00) comp="" tail="aa"
    +400ms: A(open=0 conv=0x19) B(open=0 conv=0x19) T(open=0 conv=0x19) G(open=0 conv=0x00) comp="" tail="aa"
    +1500ms: A(open=1 conv=0x09) B(open=1 conv=0x09) T(open=1 conv=0x09) G(open=0 conv=0x00) comp="" tail="aa"
    差分 (前→+100ms): Δなし   (前→+400ms): Δなし   (前→+1500ms): Δ open A:0→1 B:0→1 / conv A:0x19→0x09 B:0x19→0x09 / tsf-thread open:0→1 conv:0x19→0x09
[14:07:02.322Z] KEY [準備/その他] ひらがな(0xF2) vk=0xF2 scan=0x70 press=14:07:00.752Z (auto)  状態=直接入力
    前     : A(open=0 conv=0x19) B(open=0 conv=0x19) T(open=0 conv=0x19) G(open=0 conv=0x00) comp="" tail="aa"
    +100ms: A(open=1 conv=0x09) B(open=1 conv=0x09) T(open=1 conv=0x09) G(open=0 conv=0x00) comp="" tail="aa"
    +400ms: A(open=1 conv=0x09) B(open=1 conv=0x09) T(open=1 conv=0x09) G(open=0 conv=0x00) comp="" tail="aa"
    +1500ms: A(open=1 conv=0x19) B(open=1 conv=0x19) T(open=1 conv=0x19) G(open=0 conv=0x00) comp="" tail="aa"
    差分 (前→+100ms): Δ open A:0→1 B:0→1 / conv A:0x19→0x09 B:0x19→0x09 / tsf-thread open:0→1 conv:0x19→0x09   (前→+400ms): Δ open A:0→1 B:0→1 / conv A:0x19→0x09 B:0x19→0x09 / tsf-thread open:0→1 conv:0x19→0x09   (前→+1500ms): Δ open A:0→1 B:0→1 / tsf-thread open:0→1 conv:0x19→0x19
[EXP-POST] cond=scan70/write trial=3 pre(open=1 conv=0x19) post(open=0 conv=0x19 comp="")
[14:07:04.133Z] KEY [準備/その他] ひらがな(0xF2) vk=0xF2 scan=0x70 press=14:07:02.511Z (auto)  状態=IME ON・入力なし
    前     : A(open=1 conv=0x19) B(open=1 conv=0x19) T(open=1 conv=0x19) G(open=0 conv=0x00) comp="" tail="aa"
    +100ms: A(open=0 conv=0x19) B(open=0 conv=0x19) T(open=0 conv=0x19) G(open=0 conv=0x00) comp="" tail="aa"
    +400ms: A(open=0 conv=0x19) B(open=0 conv=0x19) T(open=0 conv=0x19) G(open=0 conv=0x00) comp="" tail="aa"
    +1500ms: A(open=0 conv=0x19) B(open=0 conv=0x19) T(open=0 conv=0x19) G(open=0 conv=0x00) comp="" tail="aaa"
    差分 (前→+100ms): Δ open A:1→0 B:1→0 / tsf-thread open:1→0 conv:0x19→0x19   (前→+400ms): Δ open A:1→0 B:1→0 / tsf-thread open:1→0 conv:0x19→0x19   (前→+1500ms): Δ open A:1→0 B:1→0 / tsf-thread open:1→0 conv:0x19→0x19 / tail:"aa"→"aaa"
[EXP] cond=scan70/write trial=3 probe(a): open=0 conv=0x19 comp="" tail="aaa"
[14:07:05.321Z] KEY [準備/その他] a vk=0x41 scan=0x1E press=14:07:03.728Z (auto)  状態=直接入力
    前     : A(open=0 conv=0x19) B(open=0 conv=0x19) T(open=0 conv=0x19) G(open=0 conv=0x00) comp="" tail="aa"
    +100ms: A(open=0 conv=0x19) B(open=0 conv=0x19) T(open=0 conv=0x19) G(open=0 conv=0x00) comp="" tail="aaa"
    +400ms: A(open=0 conv=0x19) B(open=0 conv=0x19) T(open=0 conv=0x19) G(open=0 conv=0x00) comp="" tail="aaa"
    +1500ms: A(open=0 conv=0x19) B(open=0 conv=0x19) T(open=0 conv=0x19) G(open=0 conv=0x00) comp="" tail="aaa"
    差分 (前→+100ms): Δ tail:"aa"→"aaa"   (前→+400ms): Δ tail:"aa"→"aaa"   (前→+1500ms): Δ tail:"aa"→"aaa"
[14:07:06.273Z] KEY [準備/その他] ESC vk=0x1B scan=0x01 press=14:07:04.697Z (auto)  状態=直接入力
    前     : A(open=0 conv=0x19) B(open=0 conv=0x19) T(open=0 conv=0x19) G(open=0 conv=0x00) comp="" tail="aaa"
    +100ms: A(open=0 conv=0x19) B(open=0 conv=0x19) T(open=0 conv=0x19) G(open=0 conv=0x00) comp="" tail="aaa"
    +400ms: A(open=0 conv=0x19) B(open=0 conv=0x19) T(open=0 conv=0x19) G(open=0 conv=0x00) comp="" tail="aaa"
    +1500ms: A(open=1 conv=0x09) B(open=1 conv=0x09) T(open=1 conv=0x09) G(open=0 conv=0x00) comp="" tail="aaa"
    差分 (前→+100ms): Δなし   (前→+400ms): Δなし   (前→+1500ms): Δ open A:0→1 B:0→1 / conv A:0x19→0x09 B:0x19→0x09 / tsf-thread open:0→1 conv:0x19→0x09
[14:07:07.346Z] KEY [準備/その他] ひらがな(0xF2) vk=0xF2 scan=0x70 press=14:07:05.757Z (auto)  状態=直接入力
    前     : A(open=0 conv=0x19) B(open=0 conv=0x19) T(open=0 conv=0x19) G(open=0 conv=0x00) comp="" tail="aaa"
    +100ms: A(open=1 conv=0x09) B(open=1 conv=0x09) T(open=1 conv=0x09) G(open=0 conv=0x00) comp="" tail="aaa"
    +400ms: A(open=1 conv=0x09) B(open=1 conv=0x09) T(open=1 conv=0x09) G(open=0 conv=0x00) comp="" tail="aaa"
    +1500ms: A(open=1 conv=0x19) B(open=1 conv=0x19) T(open=1 conv=0x19) G(open=0 conv=0x00) comp="" tail="aaa"
    差分 (前→+100ms): Δ open A:0→1 B:0→1 / conv A:0x19→0x09 B:0x19→0x09 / tsf-thread open:0→1 conv:0x19→0x09   (前→+400ms): Δ open A:0→1 B:0→1 / conv A:0x19→0x09 B:0x19→0x09 / tsf-thread open:0→1 conv:0x19→0x09   (前→+1500ms): Δ open A:0→1 B:0→1 / tsf-thread open:0→1 conv:0x19→0x19
[EXP-POST] cond=scan70/write trial=4 pre(open=1 conv=0x19) post(open=0 conv=0x19 comp="")
[14:07:09.048Z] KEY [準備/その他] ひらがな(0xF2) vk=0xF2 scan=0x70 press=14:07:07.472Z (auto)  状態=IME ON・入力なし
    前     : A(open=1 conv=0x19) B(open=1 conv=0x19) T(open=1 conv=0x19) G(open=0 conv=0x00) comp="" tail="aaa"
    +100ms: A(open=0 conv=0x19) B(open=0 conv=0x19) T(open=0 conv=0x19) G(open=0 conv=0x00) comp="" tail="aaa"
    +400ms: A(open=0 conv=0x19) B(open=0 conv=0x19) T(open=0 conv=0x19) G(open=0 conv=0x00) comp="" tail="aaa"
    +1500ms: A(open=0 conv=0x19) B(open=0 conv=0x19) T(open=0 conv=0x19) G(open=0 conv=0x00) comp="" tail="aaaa"
    差分 (前→+100ms): Δ open A:1→0 B:1→0 / tsf-thread open:1→0 conv:0x19→0x19   (前→+400ms): Δ open A:1→0 B:1→0 / tsf-thread open:1→0 conv:0x19→0x19   (前→+1500ms): Δ open A:1→0 B:1→0 / tsf-thread open:1→0 conv:0x19→0x19 / tail:"aaa"→"aaaa"
[EXP] cond=scan70/write trial=4 probe(a): open=0 conv=0x19 comp="" tail="aaaa"
[14:07:10.242Z] KEY [準備/その他] a vk=0x41 scan=0x1E press=14:07:08.697Z (auto)  状態=直接入力
    前     : A(open=0 conv=0x19) B(open=0 conv=0x19) T(open=0 conv=0x19) G(open=0 conv=0x00) comp="" tail="aaa"
    +100ms: A(open=0 conv=0x19) B(open=0 conv=0x19) T(open=0 conv=0x19) G(open=0 conv=0x00) comp="" tail="aaaa"
    +400ms: A(open=0 conv=0x19) B(open=0 conv=0x19) T(open=0 conv=0x19) G(open=0 conv=0x00) comp="" tail="aaaa"
    +1500ms: A(open=0 conv=0x19) B(open=0 conv=0x19) T(open=0 conv=0x19) G(open=0 conv=0x00) comp="" tail="aaaa"
    差分 (前→+100ms): Δ tail:"aaa"→"aaaa"   (前→+400ms): Δ tail:"aaa"→"aaaa"   (前→+1500ms): Δ tail:"aaa"→"aaaa"
[14:07:11.242Z] KEY [準備/その他] ESC vk=0x1B scan=0x01 press=14:07:09.678Z (auto)  状態=直接入力
    前     : A(open=0 conv=0x19) B(open=0 conv=0x19) T(open=0 conv=0x19) G(open=0 conv=0x00) comp="" tail="aaaa"
    +100ms: A(open=0 conv=0x19) B(open=0 conv=0x19) T(open=0 conv=0x19) G(open=0 conv=0x00) comp="" tail="aaaa"
    +400ms: A(open=0 conv=0x19) B(open=0 conv=0x19) T(open=0 conv=0x19) G(open=0 conv=0x00) comp="" tail="aaaa"
    +1500ms: A(open=1 conv=0x09) B(open=1 conv=0x09) T(open=1 conv=0x09) G(open=0 conv=0x00) comp="" tail="aaaa"
    差分 (前→+100ms): Δなし   (前→+400ms): Δなし   (前→+1500ms): Δ open A:0→1 B:0→1 / conv A:0x19→0x09 B:0x19→0x09 / tsf-thread open:0→1 conv:0x19→0x09
[14:07:12.253Z] KEY [準備/その他] ひらがな(0xF2) vk=0xF2 scan=0x70 press=14:07:10.682Z (auto)  状態=直接入力
    前     : A(open=0 conv=0x19) B(open=0 conv=0x19) T(open=0 conv=0x19) G(open=0 conv=0x00) comp="" tail="aaaa"
    +100ms: A(open=1 conv=0x09) B(open=1 conv=0x09) T(open=1 conv=0x09) G(open=0 conv=0x00) comp="" tail="aaaa"
    +400ms: A(open=1 conv=0x09) B(open=1 conv=0x09) T(open=1 conv=0x09) G(open=0 conv=0x00) comp="" tail="aaaa"
    +1500ms: A(open=1 conv=0x19) B(open=1 conv=0x19) T(open=1 conv=0x19) G(open=0 conv=0x00) comp="" tail="aaaa"
    差分 (前→+100ms): Δ open A:0→1 B:0→1 / conv A:0x19→0x09 B:0x19→0x09 / tsf-thread open:0→1 conv:0x19→0x09   (前→+400ms): Δ open A:0→1 B:0→1 / conv A:0x19→0x09 B:0x19→0x09 / tsf-thread open:0→1 conv:0x19→0x09   (前→+1500ms): Δ open A:0→1 B:0→1 / tsf-thread open:0→1 conv:0x19→0x19
[EXP-POST] cond=scan70/write trial=5 pre(open=1 conv=0x19) post(open=0 conv=0x19 comp="")
[14:07:14.019Z] KEY [準備/その他] ひらがな(0xF2) vk=0xF2 scan=0x70 press=14:07:12.443Z (auto)  状態=IME ON・入力なし
    前     : A(open=1 conv=0x19) B(open=1 conv=0x19) T(open=1 conv=0x19) G(open=0 conv=0x00) comp="" tail="aaaa"
    +100ms: A(open=0 conv=0x19) B(open=0 conv=0x19) T(open=0 conv=0x19) G(open=0 conv=0x00) comp="" tail="aaaa"
    +400ms: A(open=0 conv=0x19) B(open=0 conv=0x19) T(open=0 conv=0x19) G(open=0 conv=0x00) comp="" tail="aaaa"
    +1500ms: A(open=0 conv=0x19) B(open=0 conv=0x19) T(open=0 conv=0x19) G(open=0 conv=0x00) comp="" tail="aaaaa"
    差分 (前→+100ms): Δ open A:1→0 B:1→0 / tsf-thread open:1→0 conv:0x19→0x19   (前→+400ms): Δ open A:1→0 B:1→0 / tsf-thread open:1→0 conv:0x19→0x19   (前→+1500ms): Δ open A:1→0 B:1→0 / tsf-thread open:1→0 conv:0x19→0x19 / tail:"aaaa"→"aaaaa"
[EXP] cond=scan70/write trial=5 probe(a): open=0 conv=0x19 comp="" tail="aaaaa"
[14:07:15.264Z] KEY [準備/その他] a vk=0x41 scan=0x1E press=14:07:13.655Z (auto)  状態=直接入力
    前     : A(open=0 conv=0x19) B(open=0 conv=0x19) T(open=0 conv=0x19) G(open=0 conv=0x00) comp="" tail="aaaa"
    +100ms: A(open=0 conv=0x19) B(open=0 conv=0x19) T(open=0 conv=0x19) G(open=0 conv=0x00) comp="" tail="aaaaa"
    +400ms: A(open=0 conv=0x19) B(open=0 conv=0x19) T(open=0 conv=0x19) G(open=0 conv=0x00) comp="" tail="aaaaa"
    +1500ms: A(open=0 conv=0x19) B(open=0 conv=0x19) T(open=0 conv=0x19) G(open=0 conv=0x00) comp="" tail="aaaaa"
    差分 (前→+100ms): Δ tail:"aaaa"→"aaaaa"   (前→+400ms): Δ tail:"aaaa"→"aaaaa"   (前→+1500ms): Δ tail:"aaaa"→"aaaaa"
[14:07:16.205Z] KEY [準備/その他] ESC vk=0x1B scan=0x01 press=14:07:14.635Z (auto)  状態=直接入力
    前     : A(open=0 conv=0x19) B(open=0 conv=0x19) T(open=0 conv=0x19) G(open=0 conv=0x00) comp="" tail="aaaaa"
    +100ms: A(open=0 conv=0x19) B(open=0 conv=0x19) T(open=0 conv=0x19) G(open=0 conv=0x00) comp="" tail="aaaaa"
    +400ms: A(open=0 conv=0x19) B(open=0 conv=0x19) T(open=0 conv=0x19) G(open=0 conv=0x00) comp="" tail="aaaaa"
    +1500ms: A(open=1 conv=0x09) B(open=1 conv=0x09) T(open=1 conv=0x09) G(open=0 conv=0x00) comp="" tail="aaaaa"
    差分 (前→+100ms): Δなし   (前→+400ms): Δなし   (前→+1500ms): Δ open A:0→1 B:0→1 / conv A:0x19→0x09 B:0x19→0x09 / tsf-thread open:0→1 conv:0x19→0x09
[14:07:17.229Z] KEY [準備/その他] ひらがな(0xF2) vk=0xF2 scan=0x70 press=14:07:15.643Z (auto)  状態=直接入力
    前     : A(open=0 conv=0x19) B(open=0 conv=0x19) T(open=0 conv=0x19) G(open=0 conv=0x00) comp="" tail="aaaaa"
    +100ms: A(open=1 conv=0x09) B(open=1 conv=0x09) T(open=1 conv=0x09) G(open=0 conv=0x00) comp="" tail="aaaaa"
    +400ms: A(open=1 conv=0x09) B(open=1 conv=0x09) T(open=1 conv=0x09) G(open=0 conv=0x00) comp="" tail="aaaaa"
    +1500ms: A(open=1 conv=0x19) B(open=1 conv=0x19) T(open=1 conv=0x19) G(open=0 conv=0x00) comp="" tail="aaaaa"
    差分 (前→+100ms): Δ open A:0→1 B:0→1 / conv A:0x19→0x09 B:0x19→0x09 / tsf-thread open:0→1 conv:0x19→0x09   (前→+400ms): Δ open A:0→1 B:0→1 / conv A:0x19→0x09 B:0x19→0x09 / tsf-thread open:0→1 conv:0x19→0x09   (前→+1500ms): Δ open A:0→1 B:0→1 / tsf-thread open:0→1 conv:0x19→0x19
[EXP-POST] cond=scan70/write trial=6 pre(open=1 conv=0x19) post(open=0 conv=0x19 comp="")
[14:07:19.040Z] KEY [準備/その他] ひらがな(0xF2) vk=0xF2 scan=0x70 press=14:07:17.419Z (auto)  状態=IME ON・入力なし
    前     : A(open=1 conv=0x19) B(open=1 conv=0x19) T(open=1 conv=0x19) G(open=0 conv=0x00) comp="" tail="aaaaa"
    +100ms: A(open=0 conv=0x19) B(open=0 conv=0x19) T(open=0 conv=0x19) G(open=0 conv=0x00) comp="" tail="aaaaa"
    +400ms: A(open=0 conv=0x19) B(open=0 conv=0x19) T(open=0 conv=0x19) G(open=0 conv=0x00) comp="" tail="aaaaa"
    +1500ms: A(open=0 conv=0x19) B(open=0 conv=0x19) T(open=0 conv=0x19) G(open=0 conv=0x00) comp="" tail="aaaaaa"
    差分 (前→+100ms): Δ open A:1→0 B:1→0 / tsf-thread open:1→0 conv:0x19→0x19   (前→+400ms): Δ open A:1→0 B:1→0 / tsf-thread open:1→0 conv:0x19→0x19   (前→+1500ms): Δ open A:1→0 B:1→0 / tsf-thread open:1→0 conv:0x19→0x19 / tail:"aaaaa"→"aaaaaa"
[EXP] cond=scan70/write trial=6 probe(a): open=0 conv=0x19 comp="" tail="aaaaaa"
[14:07:20.169Z] KEY [準備/その他] a vk=0x41 scan=0x1E press=14:07:18.642Z (auto)  状態=直接入力
    前     : A(open=0 conv=0x19) B(open=0 conv=0x19) T(open=0 conv=0x19) G(open=0 conv=0x00) comp="" tail="aaaaa"
    +100ms: A(open=0 conv=0x19) B(open=0 conv=0x19) T(open=0 conv=0x19) G(open=0 conv=0x00) comp="" tail="aaaaaa"
    +400ms: A(open=0 conv=0x19) B(open=0 conv=0x19) T(open=0 conv=0x19) G(open=0 conv=0x00) comp="" tail="aaaaaa"
    +1500ms: A(open=0 conv=0x19) B(open=0 conv=0x19) T(open=0 conv=0x19) G(open=0 conv=0x00) comp="" tail="aaaaaa"
    差分 (前→+100ms): Δ tail:"aaaaa"→"aaaaaa"   (前→+400ms): Δ tail:"aaaaa"→"aaaaaa"   (前→+1500ms): Δ tail:"aaaaa"→"aaaaaa"
[14:07:21.234Z] KEY [準備/その他] ESC vk=0x1B scan=0x01 press=14:07:19.609Z (auto)  状態=直接入力
    前     : A(open=0 conv=0x19) B(open=0 conv=0x19) T(open=0 conv=0x19) G(open=0 conv=0x00) comp="" tail="aaaaaa"
    +100ms: A(open=0 conv=0x19) B(open=0 conv=0x19) T(open=0 conv=0x19) G(open=0 conv=0x00) comp="" tail="aaaaaa"
    +400ms: A(open=0 conv=0x19) B(open=0 conv=0x19) T(open=0 conv=0x19) G(open=0 conv=0x00) comp="" tail="aaaaaa"
    +1500ms: A(open=1 conv=0x09) B(open=1 conv=0x09) T(open=1 conv=0x09) G(open=0 conv=0x00) comp="" tail="aaaaaa"
    差分 (前→+100ms): Δなし   (前→+400ms): Δなし   (前→+1500ms): Δ open A:0→1 B:0→1 / conv A:0x19→0x09 B:0x19→0x09 / tsf-thread open:0→1 conv:0x19→0x09
[14:07:22.244Z] KEY [準備/その他] ひらがな(0xF2) vk=0xF2 scan=0x70 press=14:07:20.671Z (auto)  状態=直接入力
    前     : A(open=0 conv=0x19) B(open=0 conv=0x19) T(open=0 conv=0x19) G(open=0 conv=0x00) comp="" tail="aaaaaa"
    +100ms: A(open=1 conv=0x09) B(open=1 conv=0x09) T(open=1 conv=0x09) G(open=0 conv=0x00) comp="" tail="aaaaaa"
    +400ms: A(open=1 conv=0x09) B(open=1 conv=0x09) T(open=1 conv=0x09) G(open=0 conv=0x00) comp="" tail="aaaaaa"
    +1500ms: A(open=1 conv=0x19) B(open=1 conv=0x19) T(open=1 conv=0x19) G(open=0 conv=0x00) comp="" tail="aaaaaa"
    差分 (前→+100ms): Δ open A:0→1 B:0→1 / conv A:0x19→0x09 B:0x19→0x09 / tsf-thread open:0→1 conv:0x19→0x09   (前→+400ms): Δ open A:0→1 B:0→1 / conv A:0x19→0x09 B:0x19→0x09 / tsf-thread open:0→1 conv:0x19→0x09   (前→+1500ms): Δ open A:0→1 B:0→1 / tsf-thread open:0→1 conv:0x19→0x19
[EXP-POST] cond=scan70/write trial=7 pre(open=1 conv=0x19) post(open=0 conv=0x19 comp="")
[14:07:23.997Z] KEY [準備/その他] ひらがな(0xF2) vk=0xF2 scan=0x70 press=14:07:22.434Z (auto)  状態=IME ON・入力なし
    前     : A(open=1 conv=0x19) B(open=1 conv=0x19) T(open=1 conv=0x19) G(open=0 conv=0x00) comp="" tail="aaaaaa"
    +100ms: A(open=0 conv=0x19) B(open=0 conv=0x19) T(open=0 conv=0x19) G(open=0 conv=0x00) comp="" tail="aaaaaa"
    +400ms: A(open=0 conv=0x19) B(open=0 conv=0x19) T(open=0 conv=0x19) G(open=0 conv=0x00) comp="" tail="aaaaaa"
    +1500ms: A(open=0 conv=0x19) B(open=0 conv=0x19) T(open=0 conv=0x19) G(open=0 conv=0x00) comp="" tail="aaaaaaa"
    差分 (前→+100ms): Δ open A:1→0 B:1→0 / tsf-thread open:1→0 conv:0x19→0x19   (前→+400ms): Δ open A:1→0 B:1→0 / tsf-thread open:1→0 conv:0x19→0x19   (前→+1500ms): Δ open A:1→0 B:1→0 / tsf-thread open:1→0 conv:0x19→0x19 / tail:"aaaaaa"→"aaaaaaa"
[EXP] cond=scan70/write trial=7 probe(a): open=0 conv=0x19 comp="" tail="aaaaaaa"
[14:07:25.250Z] KEY [準備/その他] a vk=0x41 scan=0x1E press=14:07:23.701Z (auto)  状態=直接入力
    前     : A(open=0 conv=0x19) B(open=0 conv=0x19) T(open=0 conv=0x19) G(open=0 conv=0x00) comp="" tail="aaaaaa"
    +100ms: A(open=0 conv=0x19) B(open=0 conv=0x19) T(open=0 conv=0x19) G(open=0 conv=0x00) comp="" tail="aaaaaaa"
    +400ms: A(open=0 conv=0x19) B(open=0 conv=0x19) T(open=0 conv=0x19) G(open=0 conv=0x00) comp="" tail="aaaaaaa"
    +1500ms: A(open=0 conv=0x19) B(open=0 conv=0x19) T(open=0 conv=0x19) G(open=0 conv=0x00) comp="" tail="aaaaaaa"
    差分 (前→+100ms): Δ tail:"aaaaaa"→"aaaaaaa"   (前→+400ms): Δ tail:"aaaaaa"→"aaaaaaa"   (前→+1500ms): Δ tail:"aaaaaa"→"aaaaaaa"
[14:07:26.308Z] KEY [準備/その他] ESC vk=0x1B scan=0x01 press=14:07:24.686Z (auto)  状態=直接入力
    前     : A(open=0 conv=0x19) B(open=0 conv=0x19) T(open=0 conv=0x19) G(open=0 conv=0x00) comp="" tail="aaaaaaa"
    +100ms: A(open=0 conv=0x19) B(open=0 conv=0x19) T(open=0 conv=0x19) G(open=0 conv=0x00) comp="" tail="aaaaaaa"
    +400ms: A(open=0 conv=0x19) B(open=0 conv=0x19) T(open=0 conv=0x19) G(open=0 conv=0x00) comp="" tail="aaaaaaa"
    +1500ms: A(open=1 conv=0x09) B(open=1 conv=0x09) T(open=1 conv=0x09) G(open=0 conv=0x00) comp="" tail="aaaaaaa"
    差分 (前→+100ms): Δなし   (前→+400ms): Δなし   (前→+1500ms): Δ open A:0→1 B:0→1 / conv A:0x19→0x09 B:0x19→0x09 / tsf-thread open:0→1 conv:0x19→0x09
[14:07:27.314Z] KEY [準備/その他] ひらがな(0xF2) vk=0xF2 scan=0x70 press=14:07:25.750Z (auto)  状態=直接入力
    前     : A(open=0 conv=0x19) B(open=0 conv=0x19) T(open=0 conv=0x19) G(open=0 conv=0x00) comp="" tail="aaaaaaa"
    +100ms: A(open=1 conv=0x09) B(open=1 conv=0x09) T(open=1 conv=0x09) G(open=0 conv=0x00) comp="" tail="aaaaaaa"
    +400ms: A(open=1 conv=0x09) B(open=1 conv=0x09) T(open=1 conv=0x09) G(open=0 conv=0x00) comp="" tail="aaaaaaa"
    +1500ms: A(open=1 conv=0x19) B(open=1 conv=0x19) T(open=1 conv=0x19) G(open=0 conv=0x00) comp="" tail="aaaaaaa"
    差分 (前→+100ms): Δ open A:0→1 B:0→1 / conv A:0x19→0x09 B:0x19→0x09 / tsf-thread open:0→1 conv:0x19→0x09   (前→+400ms): Δ open A:0→1 B:0→1 / conv A:0x19→0x09 B:0x19→0x09 / tsf-thread open:0→1 conv:0x19→0x09   (前→+1500ms): Δ open A:0→1 B:0→1 / tsf-thread open:0→1 conv:0x19→0x19
[EXP-POST] cond=scan70/write trial=8 pre(open=1 conv=0x19) post(open=0 conv=0x19 comp="")
[14:07:29.068Z] KEY [準備/その他] ひらがな(0xF2) vk=0xF2 scan=0x70 press=14:07:27.504Z (auto)  状態=IME ON・入力なし
    前     : A(open=1 conv=0x19) B(open=1 conv=0x19) T(open=1 conv=0x19) G(open=0 conv=0x00) comp="" tail="aaaaaaa"
    +100ms: A(open=0 conv=0x19) B(open=0 conv=0x19) T(open=0 conv=0x19) G(open=0 conv=0x00) comp="" tail="aaaaaaa"
    +400ms: A(open=0 conv=0x19) B(open=0 conv=0x19) T(open=0 conv=0x19) G(open=0 conv=0x00) comp="" tail="aaaaaaa"
    +1500ms: A(open=0 conv=0x19) B(open=0 conv=0x19) T(open=0 conv=0x19) G(open=0 conv=0x00) comp="" tail="aaaaaaaa"
    差分 (前→+100ms): Δ open A:1→0 B:1→0 / tsf-thread open:1→0 conv:0x19→0x19   (前→+400ms): Δ open A:1→0 B:1→0 / tsf-thread open:1→0 conv:0x19→0x19   (前→+1500ms): Δ open A:1→0 B:1→0 / tsf-thread open:1→0 conv:0x19→0x19 / tail:"aaaaaaa"→"aaaaaaaa"
[EXP] cond=scan70/write trial=8 probe(a): open=0 conv=0x19 comp="" tail="aaaaaaaa"
[14:07:30.328Z] KEY [準備/その他] a vk=0x41 scan=0x1E press=14:07:28.779Z (auto)  状態=直接入力
    前     : A(open=0 conv=0x19) B(open=0 conv=0x19) T(open=0 conv=0x19) G(open=0 conv=0x00) comp="" tail="aaaaaaa"
    +100ms: A(open=0 conv=0x19) B(open=0 conv=0x19) T(open=0 conv=0x19) G(open=0 conv=0x00) comp="" tail="aaaaaaaa"
    +400ms: A(open=0 conv=0x19) B(open=0 conv=0x19) T(open=0 conv=0x19) G(open=0 conv=0x00) comp="" tail="aaaaaaaa"
    +1500ms: A(open=0 conv=0x19) B(open=0 conv=0x19) T(open=0 conv=0x19) G(open=0 conv=0x00) comp="" tail="aaaaaaaa"
    差分 (前→+100ms): Δ tail:"aaaaaaa"→"aaaaaaaa"   (前→+400ms): Δ tail:"aaaaaaa"→"aaaaaaaa"   (前→+1500ms): Δ tail:"aaaaaaa"→"aaaaaaaa"
[14:07:31.387Z] KEY [準備/その他] ESC vk=0x1B scan=0x01 press=14:07:29.764Z (auto)  状態=直接入力
    前     : A(open=0 conv=0x19) B(open=0 conv=0x19) T(open=0 conv=0x19) G(open=0 conv=0x00) comp="" tail="aaaaaaaa"
    +100ms: A(open=0 conv=0x19) B(open=0 conv=0x19) T(open=0 conv=0x19) G(open=0 conv=0x00) comp="" tail="aaaaaaaa"
    +400ms: A(open=0 conv=0x19) B(open=0 conv=0x19) T(open=0 conv=0x19) G(open=0 conv=0x00) comp="" tail="aaaaaaaa"
    +1500ms: A(open=1 conv=0x09) B(open=1 conv=0x09) T(open=1 conv=0x09) G(open=0 conv=0x00) comp="" tail="aaaaaaaa"
    差分 (前→+100ms): Δなし   (前→+400ms): Δなし   (前→+1500ms): Δ open A:0→1 B:0→1 / conv A:0x19→0x09 B:0x19→0x09 / tsf-thread open:0→1 conv:0x19→0x09
[14:07:32.387Z] KEY [準備/その他] ひらがな(0xF2) vk=0xF2 scan=0x70 press=14:07:30.766Z (auto)  状態=直接入力
    前     : A(open=0 conv=0x19) B(open=0 conv=0x19) T(open=0 conv=0x19) G(open=0 conv=0x00) comp="" tail="aaaaaaaa"
    +100ms: A(open=1 conv=0x09) B(open=1 conv=0x09) T(open=1 conv=0x09) G(open=0 conv=0x00) comp="" tail="aaaaaaaa"
    +400ms: A(open=1 conv=0x09) B(open=1 conv=0x09) T(open=1 conv=0x09) G(open=0 conv=0x00) comp="" tail="aaaaaaaa"
    +1500ms: A(open=1 conv=0x19) B(open=1 conv=0x19) T(open=1 conv=0x19) G(open=0 conv=0x00) comp="" tail="aaaaaaaa"
    差分 (前→+100ms): Δ open A:0→1 B:0→1 / conv A:0x19→0x09 B:0x19→0x09 / tsf-thread open:0→1 conv:0x19→0x09   (前→+400ms): Δ open A:0→1 B:0→1 / conv A:0x19→0x09 B:0x19→0x09 / tsf-thread open:0→1 conv:0x19→0x09   (前→+1500ms): Δ open A:0→1 B:0→1 / tsf-thread open:0→1 conv:0x19→0x19
[EXP-POST] cond=scan70/write trial=9 pre(open=1 conv=0x19) post(open=0 conv=0x19 comp="")
[14:07:34.136Z] KEY [準備/その他] ひらがな(0xF2) vk=0xF2 scan=0x70 press=14:07:32.512Z (auto)  状態=IME ON・入力なし
    前     : A(open=1 conv=0x19) B(open=1 conv=0x19) T(open=1 conv=0x19) G(open=0 conv=0x00) comp="" tail="aaaaaaaa"
    +100ms: A(open=0 conv=0x19) B(open=0 conv=0x19) T(open=0 conv=0x19) G(open=0 conv=0x00) comp="" tail="aaaaaaaa"
    +400ms: A(open=0 conv=0x19) B(open=0 conv=0x19) T(open=0 conv=0x19) G(open=0 conv=0x00) comp="" tail="aaaaaaaa"
    +1500ms: A(open=0 conv=0x19) B(open=0 conv=0x19) T(open=0 conv=0x19) G(open=0 conv=0x00) comp="" tail="aaaaaaaa"
    差分 (前→+100ms): Δ open A:1→0 B:1→0 / tsf-thread open:1→0 conv:0x19→0x19   (前→+400ms): Δ open A:1→0 B:1→0 / tsf-thread open:1→0 conv:0x19→0x19   (前→+1500ms): Δ open A:1→0 B:1→0 / tsf-thread open:1→0 conv:0x19→0x19
[EXP] cond=scan70/write trial=9 probe(a): open=0 conv=0x19 comp="" tail="aaaaaaaa"
[14:07:35.263Z] KEY [準備/その他] a vk=0x41 scan=0x1E press=14:07:33.729Z (auto)  状態=直接入力
    前     : A(open=0 conv=0x19) B(open=0 conv=0x19) T(open=0 conv=0x19) G(open=0 conv=0x00) comp="" tail="aaaaaaaa"
    +100ms: A(open=0 conv=0x19) B(open=0 conv=0x19) T(open=0 conv=0x19) G(open=0 conv=0x00) comp="" tail="aaaaaaaa"
    +400ms: A(open=0 conv=0x19) B(open=0 conv=0x19) T(open=0 conv=0x19) G(open=0 conv=0x00) comp="" tail="aaaaaaaa"
    +1500ms: A(open=0 conv=0x19) B(open=0 conv=0x19) T(open=0 conv=0x19) G(open=0 conv=0x00) comp="" tail="aaaaaaaa"
    差分 (前→+100ms): Δなし   (前→+400ms): Δなし   (前→+1500ms): Δなし
[14:07:36.325Z] KEY [準備/その他] ESC vk=0x1B scan=0x01 press=14:07:34.704Z (auto)  状態=直接入力
    前     : A(open=0 conv=0x19) B(open=0 conv=0x19) T(open=0 conv=0x19) G(open=0 conv=0x00) comp="" tail="aaaaaaaa"
    +100ms: A(open=0 conv=0x19) B(open=0 conv=0x19) T(open=0 conv=0x19) G(open=0 conv=0x00) comp="" tail="aaaaaaaa"
    +400ms: A(open=0 conv=0x19) B(open=0 conv=0x19) T(open=0 conv=0x19) G(open=0 conv=0x00) comp="" tail="aaaaaaaa"
    +1500ms: A(open=1 conv=0x09) B(open=1 conv=0x09) T(open=1 conv=0x09) G(open=0 conv=0x00) comp="" tail="aaaaaaaa"
    差分 (前→+100ms): Δなし   (前→+400ms): Δなし   (前→+1500ms): Δ open A:0→1 B:0→1 / conv A:0x19→0x09 B:0x19→0x09 / tsf-thread open:0→1 conv:0x19→0x09
[14:07:37.384Z] KEY [準備/その他] ひらがな(0xF2) vk=0xF2 scan=0x70 press=14:07:35.764Z (auto)  状態=直接入力
    前     : A(open=0 conv=0x19) B(open=0 conv=0x19) T(open=0 conv=0x19) G(open=0 conv=0x00) comp="" tail="aaaaaaaa"
    +100ms: A(open=1 conv=0x09) B(open=1 conv=0x09) T(open=1 conv=0x09) G(open=0 conv=0x00) comp="" tail="aaaaaaaa"
    +400ms: A(open=1 conv=0x09) B(open=1 conv=0x09) T(open=1 conv=0x09) G(open=0 conv=0x00) comp="" tail="aaaaaaaa"
    +1500ms: A(open=1 conv=0x19) B(open=1 conv=0x19) T(open=1 conv=0x19) G(open=0 conv=0x00) comp="" tail="aaaaaaaa"
    差分 (前→+100ms): Δ open A:0→1 B:0→1 / conv A:0x19→0x09 B:0x19→0x09 / tsf-thread open:0→1 conv:0x19→0x09   (前→+400ms): Δ open A:0→1 B:0→1 / conv A:0x19→0x09 B:0x19→0x09 / tsf-thread open:0→1 conv:0x19→0x09   (前→+1500ms): Δ open A:0→1 B:0→1 / tsf-thread open:0→1 conv:0x19→0x19
[EXP-POST] cond=scan70/write trial=10 pre(open=1 conv=0x19) post(open=0 conv=0x19 comp="")
[14:07:39.200Z] KEY [準備/その他] ひらがな(0xF2) vk=0xF2 scan=0x70 press=14:07:37.575Z (auto)  状態=IME ON・入力なし
    前     : A(open=1 conv=0x19) B(open=1 conv=0x19) T(open=1 conv=0x19) G(open=0 conv=0x00) comp="" tail="aaaaaaaa"
    +100ms: A(open=0 conv=0x19) B(open=0 conv=0x19) T(open=0 conv=0x19) G(open=0 conv=0x00) comp="" tail="aaaaaaaa"
    +400ms: A(open=0 conv=0x19) B(open=0 conv=0x19) T(open=0 conv=0x19) G(open=0 conv=0x00) comp="" tail="aaaaaaaa"
    +1500ms: A(open=0 conv=0x19) B(open=0 conv=0x19) T(open=0 conv=0x19) G(open=0 conv=0x00) comp="" tail="aaaaaaaa"
    差分 (前→+100ms): Δ open A:1→0 B:1→0 / tsf-thread open:1→0 conv:0x19→0x19   (前→+400ms): Δ open A:1→0 B:1→0 / tsf-thread open:1→0 conv:0x19→0x19   (前→+1500ms): Δ open A:1→0 B:1→0 / tsf-thread open:1→0 conv:0x19→0x19
[EXP] cond=scan70/write trial=10 probe(a): open=0 conv=0x19 comp="" tail="aaaaaaaa"
[14:07:40.399Z] KEY [準備/その他] a vk=0x41 scan=0x1E press=14:07:38.846Z (auto)  状態=直接入力
    前     : A(open=0 conv=0x19) B(open=0 conv=0x19) T(open=0 conv=0x19) G(open=0 conv=0x00) comp="" tail="aaaaaaaa"
    +100ms: A(open=0 conv=0x19) B(open=0 conv=0x19) T(open=0 conv=0x19) G(open=0 conv=0x00) comp="" tail="aaaaaaaa"
    +400ms: A(open=0 conv=0x19) B(open=0 conv=0x19) T(open=0 conv=0x19) G(open=0 conv=0x00) comp="" tail="aaaaaaaa"
    +1500ms: A(open=0 conv=0x19) B(open=0 conv=0x19) T(open=0 conv=0x19) G(open=0 conv=0x00) comp="" tail="aaaaaaaa"
    差分 (前→+100ms): Δなし   (前→+400ms): Δなし   (前→+1500ms): Δなし
[14:07:41.426Z] KEY [準備/その他] ESC vk=0x1B scan=0x01 press=14:07:39.833Z (auto)  状態=直接入力
    前     : A(open=0 conv=0x19) B(open=0 conv=0x19) T(open=0 conv=0x19) G(open=0 conv=0x00) comp="" tail="aaaaaaaa"
    +100ms: A(open=0 conv=0x19) B(open=0 conv=0x19) T(open=0 conv=0x19) G(open=0 conv=0x00) comp="" tail="aaaaaaaa"
    +400ms: A(open=0 conv=0x19) B(open=0 conv=0x19) T(open=0 conv=0x19) G(open=0 conv=0x00) comp="" tail="aaaaaaaa"
    +1500ms: A(open=1 conv=0x09) B(open=1 conv=0x09) T(open=1 conv=0x09) G(open=0 conv=0x00) comp="" tail="aaaaaaaa"
    差分 (前→+100ms): Δなし   (前→+400ms): Δなし   (前→+1500ms): Δ open A:0→1 B:0→1 / conv A:0x19→0x09 B:0x19→0x09 / tsf-thread open:0→1 conv:0x19→0x09
[14:07:42.434Z] KEY [準備/その他] ひらがな(0xF2) vk=0xF2 scan=0x70 press=14:07:40.837Z (auto)  状態=直接入力
    前     : A(open=0 conv=0x19) B(open=0 conv=0x19) T(open=0 conv=0x19) G(open=0 conv=0x00) comp="" tail="aaaaaaaa"
    +100ms: A(open=1 conv=0x09) B(open=1 conv=0x09) T(open=1 conv=0x09) G(open=0 conv=0x00) comp="" tail="aaaaaaaa"
    +400ms: A(open=1 conv=0x09) B(open=1 conv=0x09) T(open=1 conv=0x09) G(open=0 conv=0x00) comp="" tail="aaaaaaaa"
    +1500ms: A(open=1 conv=0x19) B(open=1 conv=0x19) T(open=1 conv=0x19) G(open=0 conv=0x00) comp="" tail="aaaaaaaa"
    差分 (前→+100ms): Δ open A:0→1 B:0→1 / conv A:0x19→0x09 B:0x19→0x09 / tsf-thread open:0→1 conv:0x19→0x09   (前→+400ms): Δ open A:0→1 B:0→1 / conv A:0x19→0x09 B:0x19→0x09 / tsf-thread open:0→1 conv:0x19→0x09   (前→+1500ms): Δ open A:0→1 B:0→1 / tsf-thread open:0→1 conv:0x19→0x19
[EXP-POST] cond=scan70/write trial=11 pre(open=1 conv=0x19) post(open=0 conv=0x19 comp="")
[14:07:44.125Z] KEY [準備/その他] ひらがな(0xF2) vk=0xF2 scan=0x70 press=14:07:42.560Z (auto)  状態=IME ON・入力なし
    前     : A(open=1 conv=0x19) B(open=1 conv=0x19) T(open=1 conv=0x19) G(open=0 conv=0x00) comp="" tail="aaaaaaaa"
    +100ms: A(open=0 conv=0x19) B(open=0 conv=0x19) T(open=0 conv=0x19) G(open=0 conv=0x00) comp="" tail="aaaaaaaa"
    +400ms: A(open=0 conv=0x19) B(open=0 conv=0x19) T(open=0 conv=0x19) G(open=0 conv=0x00) comp="" tail="aaaaaaaa"
    +1500ms: A(open=0 conv=0x19) B(open=0 conv=0x19) T(open=0 conv=0x19) G(open=0 conv=0x00) comp="" tail="aaaaaaaa"
    差分 (前→+100ms): Δ open A:1→0 B:1→0 / tsf-thread open:1→0 conv:0x19→0x19   (前→+400ms): Δ open A:1→0 B:1→0 / tsf-thread open:1→0 conv:0x19→0x19   (前→+1500ms): Δ open A:1→0 B:1→0 / tsf-thread open:1→0 conv:0x19→0x19
[EXP] cond=scan70/write trial=11 probe(a): open=0 conv=0x19 comp="" tail="aaaaaaaa"
[14:07:45.395Z] KEY [準備/その他] a vk=0x41 scan=0x1E press=14:07:43.810Z (auto)  状態=直接入力
    前     : A(open=0 conv=0x19) B(open=0 conv=0x19) T(open=0 conv=0x19) G(open=0 conv=0x00) comp="" tail="aaaaaaaa"
    +100ms: A(open=0 conv=0x19) B(open=0 conv=0x19) T(open=0 conv=0x19) G(open=0 conv=0x00) comp="" tail="aaaaaaaa"
    +400ms: A(open=0 conv=0x19) B(open=0 conv=0x19) T(open=0 conv=0x19) G(open=0 conv=0x00) comp="" tail="aaaaaaaa"
    +1500ms: A(open=0 conv=0x19) B(open=0 conv=0x19) T(open=0 conv=0x19) G(open=0 conv=0x00) comp="" tail="aaaaaaaa"
    差分 (前→+100ms): Δなし   (前→+400ms): Δなし   (前→+1500ms): Δなし
[14:07:46.393Z] KEY [準備/その他] ESC vk=0x1B scan=0x01 press=14:07:44.817Z (auto)  状態=直接入力
    前     : A(open=0 conv=0x19) B(open=0 conv=0x19) T(open=0 conv=0x19) G(open=0 conv=0x00) comp="" tail="aaaaaaaa"
    +100ms: A(open=0 conv=0x19) B(open=0 conv=0x19) T(open=0 conv=0x19) G(open=0 conv=0x00) comp="" tail="aaaaaaaa"
    +400ms: A(open=0 conv=0x19) B(open=0 conv=0x19) T(open=0 conv=0x19) G(open=0 conv=0x00) comp="" tail="aaaaaaaa"
    +1500ms: A(open=1 conv=0x09) B(open=1 conv=0x09) T(open=1 conv=0x09) G(open=0 conv=0x00) comp="" tail="aaaaaaaa"
    差分 (前→+100ms): Δなし   (前→+400ms): Δなし   (前→+1500ms): Δ open A:0→1 B:0→1 / conv A:0x19→0x09 B:0x19→0x09 / tsf-thread open:0→1 conv:0x19→0x09
[14:07:47.450Z] KEY [準備/その他] ひらがな(0xF2) vk=0xF2 scan=0x70 press=14:07:45.834Z (auto)  状態=直接入力
    前     : A(open=0 conv=0x19) B(open=0 conv=0x19) T(open=0 conv=0x19) G(open=0 conv=0x00) comp="" tail="aaaaaaaa"
    +100ms: A(open=1 conv=0x09) B(open=1 conv=0x09) T(open=1 conv=0x09) G(open=0 conv=0x00) comp="" tail="aaaaaaaa"
    +400ms: A(open=1 conv=0x09) B(open=1 conv=0x09) T(open=1 conv=0x09) G(open=0 conv=0x00) comp="" tail="aaaaaaaa"
    +1500ms: A(open=1 conv=0x19) B(open=1 conv=0x19) T(open=1 conv=0x19) G(open=0 conv=0x00) comp="" tail="aaaaaaaa"
    差分 (前→+100ms): Δ open A:0→1 B:0→1 / conv A:0x19→0x09 B:0x19→0x09 / tsf-thread open:0→1 conv:0x19→0x09   (前→+400ms): Δ open A:0→1 B:0→1 / conv A:0x19→0x09 B:0x19→0x09 / tsf-thread open:0→1 conv:0x19→0x09   (前→+1500ms): Δ open A:0→1 B:0→1 / tsf-thread open:0→1 conv:0x19→0x19
[EXP-POST] cond=scan70/write trial=12 pre(open=1 conv=0x19) post(open=0 conv=0x19 comp="")
[14:07:49.141Z] KEY [準備/その他] ひらがな(0xF2) vk=0xF2 scan=0x70 press=14:07:47.575Z (auto)  状態=IME ON・入力なし
    前     : A(open=1 conv=0x19) B(open=1 conv=0x19) T(open=1 conv=0x19) G(open=0 conv=0x00) comp="" tail="aaaaaaaa"
    +100ms: A(open=0 conv=0x19) B(open=0 conv=0x19) T(open=0 conv=0x19) G(open=0 conv=0x00) comp="" tail="aaaaaaaa"
    +400ms: A(open=0 conv=0x19) B(open=0 conv=0x19) T(open=0 conv=0x19) G(open=0 conv=0x00) comp="" tail="aaaaaaaa"
    +1500ms: A(open=0 conv=0x19) B(open=0 conv=0x19) T(open=0 conv=0x19) G(open=0 conv=0x00) comp="" tail="aaaaaaaa"
    差分 (前→+100ms): Δ open A:1→0 B:1→0 / tsf-thread open:1→0 conv:0x19→0x19   (前→+400ms): Δ open A:1→0 B:1→0 / tsf-thread open:1→0 conv:0x19→0x19   (前→+1500ms): Δ open A:1→0 B:1→0 / tsf-thread open:1→0 conv:0x19→0x19
[EXP] cond=scan70/write trial=12 probe(a): open=0 conv=0x19 comp="" tail="aaaaaaaa"
[14:07:50.449Z] KEY [準備/その他] a vk=0x41 scan=0x1E press=14:07:48.826Z (auto)  状態=直接入力
    前     : A(open=0 conv=0x19) B(open=0 conv=0x19) T(open=0 conv=0x19) G(open=0 conv=0x00) comp="" tail="aaaaaaaa"
    +100ms: A(open=0 conv=0x19) B(open=0 conv=0x19) T(open=0 conv=0x19) G(open=0 conv=0x00) comp="" tail="aaaaaaaa"
    +400ms: A(open=0 conv=0x19) B(open=0 conv=0x19) T(open=0 conv=0x19) G(open=0 conv=0x00) comp="" tail="aaaaaaaa"
    +1500ms: A(open=0 conv=0x19) B(open=0 conv=0x19) T(open=0 conv=0x19) G(open=0 conv=0x00) comp="" tail="aaaaaaaa"
    差分 (前→+100ms): Δなし   (前→+400ms): Δなし   (前→+1500ms): Δなし
[EXP] cond=scan70/write 12手完了
[EXP] cond=scan70/write 12手完了
[EXP] cond=scan70/write 12手完了
[EXP] cond=scan70/write 12手完了
[EXP] cond=scan70/write 12手完了
[EXP] cond=scan70/write 12手完了
[EXP] cond=scan70/write 12手完了
[EXP] cond=scan70/write 12手完了
[EXP] cond=scan70/write 12手完了
[EXP] cond=scan70/write 12手完了
[14:07:51.382Z] KEY [準備/その他] ESC vk=0x1B scan=0x01 press=14:07:49.820Z (auto)  状態=直接入力
    前     : A(open=0 conv=0x19) B(open=0 conv=0x19) T(open=0 conv=0x19) G(open=0 conv=0x00) comp="" tail="aaaaaaaa"
    +100ms: A(open=0 conv=0x19) B(open=0 conv=0x19) T(open=0 conv=0x19) G(open=0 conv=0x00) comp="" tail="aaaaaaaa"
    +400ms: A(open=0 conv=0x19) B(open=0 conv=0x19) T(open=0 conv=0x19) G(open=0 conv=0x00) comp="" tail="aaaaaaaa"
    +1500ms: A(open=0 conv=0x19) B(open=0 conv=0x19) T(open=0 conv=0x19) G(open=0 conv=0x00) comp="" tail="aaaaaaaa"
    差分 (前→+100ms): Δなし   (前→+400ms): Δなし   (前→+1500ms): Δなし
[EXP] cond=scan70/write 12手完了
[EXP] cond=scan70/write 12手完了
[EXP] cond=scan70/write 12手完了
[EXP] cond=scan70/write 12手完了
[EXP] cond=scan70/write 12手完了
[EXP] cond=scan70/write 12手完了
[EXP] cond=scan70/write 12手完了
[EXP] cond=scan70/write 12手完了
[EXP] cond=scan70/write 12手完了
[EXP] cond=scan70/write 12手完了
[EXP] cond=scan70/write 12手完了
[EXP] cond=scan70/write 12手完了
[EXP] cond=scan70/write 12手完了
[EXP] cond=scan70/write 12手完了
script error: Output type incorrect: bool (expecting ())
