[07:11:21.482Z] chrome=C:\Users\cuzic\scoop\apps\googlechrome\current\chrome.exe port=63336 awase=true repeat=2 settle=500ms
[07:11:24.327Z] 前面化: true
[07:11:25.129Z] [CASE 1/8 run 1/2] かな→無変換=IME OFF
[07:11:25.179Z] KEY vk=0x16 (auto)
[07:11:25.711Z] KEY vk=0x4B (auto)
[07:11:25.776Z] KEY vk=0x41 (auto)
[07:11:26.379Z] PROBE setup:IME_ON後: NICOLA文字(Engine ON) text="きう" Process(229)=true
[07:11:26.501Z] KEY vk=0x1D (auto)
[07:11:27.040Z] KEY vk=0x4B (auto)
[07:11:27.106Z] KEY vk=0x41 (auto)
[07:11:27.689Z] PROBE action後: ka(英数/直接) text="ka" Process(229)=false
[07:11:27.690Z] RESULT PASS
[07:11:27.691Z] [CASE 2/8 run 1/2] 直接入力→無変換=かなON
[07:11:27.743Z] KEY vk=0x16 (auto)
[07:11:28.276Z] KEY vk=0x4B (auto)
[07:11:28.360Z] KEY vk=0x41 (auto)
[07:11:28.963Z] PROBE setup:IME_ON後: NICOLA文字(Engine ON) text="きう" Process(229)=true
[07:11:29.008Z] KEY vk=0x1A (auto)
[07:11:29.540Z] KEY vk=0x4B (auto)
[07:11:29.603Z] KEY vk=0x41 (auto)
[07:11:30.165Z] PROBE setup:IME_OFF後: ka(英数/直接) text="ka" Process(229)=false
[07:11:30.287Z] KEY vk=0x1D (auto)
[07:11:30.824Z] KEY vk=0x4B (auto)
[07:11:30.907Z] KEY vk=0x41 (auto)
[07:11:31.490Z] PROBE action後: NICOLA文字(Engine ON) text="きう" Process(229)=true
[07:11:31.491Z] RESULT PASS
[07:11:31.491Z] [CASE 3/8 run 1/2] かな→ひらがな=半角英数
[07:11:31.538Z] KEY vk=0x16 (auto)
[07:11:32.071Z] KEY vk=0x4B (auto)
[07:11:32.197Z] KEY vk=0x41 (auto)
[07:11:32.803Z] PROBE setup:IME_ON後: NICOLA文字(Engine ON) text="きう" Process(229)=true
[07:11:32.926Z] KEY vk=0xF2 (auto)
[07:11:33.462Z] KEY vk=0x4B (auto)
[07:11:33.540Z] KEY vk=0x41 (auto)
[07:11:34.124Z] PROBE action後: ローマ字のまま(英数なのにEngine ON=未追随) text="kiu" Process(229)=true
[07:11:34.555Z] KEY vk=0x4B (auto)
[07:11:34.620Z] KEY vk=0x41 (auto)
[07:11:35.222Z] PROBE action後2回目: ローマ字のまま(英数なのにEngine ON=未追随) text="kiu" Process(229)=true
[07:11:35.223Z] RESULT FAIL: 期待=ka 実際=ローマ字のまま(英数なのにEngine ON=未追随)
[07:11:35.224Z] [CASE 4/8 run 1/2] 半角英数→ひらがな=かな
[07:11:35.292Z] KEY vk=0x16 (auto)
[07:11:35.826Z] KEY vk=0x4B (auto)
[07:11:35.913Z] KEY vk=0x41 (auto)
[07:11:36.516Z] PROBE setup:IME_ON後: ローマ字のまま(英数なのにEngine ON=未追随) text="kiu" Process(229)=true
[07:11:36.581Z] KEY vk=0xF2 (auto)
[07:11:37.116Z] KEY vk=0x4B (auto)
[07:11:37.206Z] KEY vk=0x41 (auto)
[07:11:37.811Z] PROBE setup:ひらがな後: NICOLA文字(Engine ON) text="きう" Process(229)=true
[07:11:37.875Z] KEY vk=0xF2 (auto)
[07:11:38.408Z] KEY vk=0x4B (auto)
[07:11:38.490Z] KEY vk=0x41 (auto)
[07:11:39.074Z] PROBE setup:ひらがな(かな→半角英数)後: ローマ字のまま(英数なのにEngine ON=未追随) text="kiu" Process(229)=true
[07:11:39.199Z] KEY vk=0xF2 (auto)
[07:11:39.733Z] KEY vk=0x4B (auto)
[07:11:39.809Z] KEY vk=0x41 (auto)
[07:11:40.412Z] PROBE action後: NICOLA文字(Engine ON) text="きう" Process(229)=true
[07:11:40.413Z] RESULT PASS
[07:11:40.414Z] [CASE 5/8 run 1/2] かな→変換=IME OFF
[07:11:40.463Z] KEY vk=0x16 (auto)
[07:11:40.996Z] KEY vk=0x4B (auto)
[07:11:41.063Z] KEY vk=0x41 (auto)
[07:11:41.646Z] PROBE setup:IME_ON後: NICOLA文字(Engine ON) text="きう" Process(229)=true
[07:11:41.771Z] KEY vk=0x1C (auto)
[07:11:42.308Z] KEY vk=0x4B (auto)
[07:11:42.378Z] KEY vk=0x41 (auto)
[07:11:42.962Z] PROBE action後: ka(英数/直接) text="ka" Process(229)=false
[07:11:42.964Z] RESULT PASS
[07:11:42.966Z] [CASE 6/8 run 1/2] 直接入力→変換=かなON
[07:11:43.033Z] KEY vk=0x16 (auto)
[07:11:43.567Z] KEY vk=0x4B (auto)
[07:11:43.690Z] KEY vk=0x41 (auto)
[07:11:44.274Z] PROBE setup:IME_ON後: NICOLA文字(Engine ON) text="きう" Process(229)=true
[07:11:44.317Z] KEY vk=0x1A (auto)
[07:11:44.855Z] KEY vk=0x4B (auto)
[07:11:44.917Z] KEY vk=0x41 (auto)
[07:11:45.480Z] PROBE setup:IME_OFF後: ka(英数/直接) text="ka" Process(229)=false
[07:11:45.603Z] KEY vk=0x1C (auto)
[07:11:46.136Z] KEY vk=0x4B (auto)
[07:11:46.237Z] KEY vk=0x41 (auto)
[07:11:46.841Z] PROBE action後: NICOLA文字(Engine ON) text="きう" Process(229)=true
[07:11:46.841Z] RESULT PASS
[07:11:46.842Z] [CASE 7/8 run 1/2] かな→Shift+無変換=半角英数
[07:11:46.893Z] KEY vk=0x16 (auto)
[07:11:47.425Z] KEY vk=0x4B (auto)
[07:11:47.502Z] KEY vk=0x41 (auto)
[07:11:48.085Z] PROBE setup:IME_ON後: NICOLA文字(Engine ON) text="きう" Process(229)=true
[07:11:49.039Z] KEY vk=0x1D +Shift (auto)
[07:11:49.572Z] KEY vk=0x4B (auto)
[07:11:49.675Z] KEY vk=0x41 (auto)
[07:11:50.280Z] PROBE action後: NICOLA文字(Engine ON) text="きう" Process(229)=true
[07:11:50.714Z] KEY vk=0x4B (auto)
[07:11:50.808Z] KEY vk=0x41 (auto)
[07:11:51.413Z] PROBE action後2回目: NICOLA文字(Engine ON) text="きう" Process(229)=true
[07:11:51.414Z] RESULT FAIL: 期待=ka 実際=NICOLA文字(Engine ON)
[07:11:51.415Z] [CASE 8/8 run 1/2] 直接入力→Shift+無変換=直接入力のまま
[07:11:51.474Z] KEY vk=0x16 (auto)
[07:11:52.010Z] KEY vk=0x4B (auto)
[07:11:52.089Z] KEY vk=0x41 (auto)
[07:11:52.694Z] PROBE setup:IME_ON後: NICOLA文字(Engine ON) text="きう" Process(229)=true
[07:11:52.746Z] KEY vk=0x1A (auto)
[07:11:53.280Z] KEY vk=0x4B (auto)
[07:11:53.342Z] KEY vk=0x41 (auto)
[07:11:53.925Z] PROBE setup:IME_OFF後: ka(英数/直接) text="ka" Process(229)=false
[07:11:54.804Z] KEY vk=0x1D +Shift (auto)
[07:11:55.337Z] KEY vk=0x4B (auto)
[07:11:55.400Z] KEY vk=0x41 (auto)
[07:11:55.982Z] PROBE action後: ka(英数/直接) text="ka" Process(229)=false
[07:11:55.982Z] RESULT PASS
[07:11:55.983Z] [CASE 1/8 run 2/2] かな→無変換=IME OFF
[07:11:56.032Z] KEY vk=0x16 (auto)
[07:11:56.565Z] KEY vk=0x4B (auto)
[07:11:56.710Z] KEY vk=0x41 (auto)
[07:11:57.335Z] PROBE setup:IME_ON後: NICOLA文字(Engine ON) text="きう" Process(229)=true
[07:11:57.458Z] KEY vk=0x1D (auto)
[07:11:57.990Z] KEY vk=0x4B (auto)
[07:11:58.053Z] KEY vk=0x41 (auto)
[07:11:58.616Z] PROBE action後: ka(英数/直接) text="ka" Process(229)=false
[07:11:58.617Z] RESULT PASS
[07:11:58.618Z] [CASE 2/8 run 2/2] 直接入力→無変換=かなON
[07:11:58.674Z] KEY vk=0x16 (auto)
[07:11:59.207Z] KEY vk=0x4B (auto)
[07:11:59.302Z] KEY vk=0x41 (auto)
[07:11:59.906Z] PROBE setup:IME_ON後: NICOLA文字(Engine ON) text="きう" Process(229)=true
[07:11:59.949Z] KEY vk=0x1A (auto)
[07:12:00.486Z] KEY vk=0x4B (auto)
[07:12:00.549Z] KEY vk=0x41 (auto)
[07:12:01.132Z] PROBE setup:IME_OFF後: ka(英数/直接) text="ka" Process(229)=false
[07:12:01.255Z] KEY vk=0x1D (auto)
[07:12:01.788Z] KEY vk=0x4B (auto)
[07:12:01.852Z] KEY vk=0x41 (auto)
[07:12:02.435Z] PROBE action後: NICOLA文字(Engine ON) text="きう" Process(229)=true
[07:12:02.436Z] RESULT PASS
[07:12:02.437Z] [CASE 3/8 run 2/2] かな→ひらがな=半角英数
[07:12:02.496Z] KEY vk=0x16 (auto)
[07:12:03.029Z] KEY vk=0x4B (auto)
[07:12:03.112Z] KEY vk=0x41 (auto)
[07:12:03.717Z] PROBE setup:IME_ON後: NICOLA文字(Engine ON) text="きう" Process(229)=true
[07:12:03.842Z] KEY vk=0xF2 (auto)
[07:12:04.375Z] KEY vk=0x4B (auto)
[07:12:04.463Z] KEY vk=0x41 (auto)
[07:12:05.068Z] PROBE action後: ローマ字のまま(英数なのにEngine ON=未追随) text="kiu" Process(229)=true
[07:12:05.500Z] KEY vk=0x4B (auto)
[07:12:05.583Z] KEY vk=0x41 (auto)
[07:12:06.189Z] PROBE action後2回目: ローマ字のまま(英数なのにEngine ON=未追随) text="kiu" Process(229)=true
[07:12:06.190Z] RESULT FAIL: 期待=ka 実際=ローマ字のまま(英数なのにEngine ON=未追随)
[07:12:06.191Z] [CASE 4/8 run 2/2] 半角英数→ひらがな=かな
[07:12:06.246Z] KEY vk=0x16 (auto)
[07:12:06.779Z] KEY vk=0x4B (auto)
[07:12:06.843Z] KEY vk=0x41 (auto)
[07:12:07.426Z] PROBE setup:IME_ON後: ローマ字のまま(英数なのにEngine ON=未追随) text="kiu" Process(229)=true
[07:12:07.489Z] KEY vk=0xF2 (auto)
[07:12:08.022Z] KEY vk=0x4B (auto)
[07:12:08.102Z] KEY vk=0x41 (auto)
[07:12:08.705Z] PROBE setup:ひらがな後: NICOLA文字(Engine ON) text="きう" Process(229)=true
[07:12:08.768Z] KEY vk=0xF2 (auto)
[07:12:09.301Z] KEY vk=0x4B (auto)
[07:12:09.379Z] KEY vk=0x41 (auto)
[07:12:09.983Z] PROBE setup:ひらがな(かな→半角英数)後: ローマ字のまま(英数なのにEngine ON=未追随) text="kiu" Process(229)=true
[07:12:10.107Z] KEY vk=0xF2 (auto)
[07:12:10.647Z] KEY vk=0x4B (auto)
[07:12:10.758Z] KEY vk=0x41 (auto)
[07:12:11.321Z] PROBE action後: NICOLA文字(Engine ON) text="きう" Process(229)=true
[07:12:11.322Z] RESULT PASS
[07:12:11.322Z] [CASE 5/8 run 2/2] かな→変換=IME OFF
[07:12:11.374Z] KEY vk=0x16 (auto)
[07:12:11.906Z] KEY vk=0x4B (auto)
[07:12:11.980Z] KEY vk=0x41 (auto)
[07:12:12.563Z] PROBE setup:IME_ON後: NICOLA文字(Engine ON) text="きう" Process(229)=true
[07:12:12.686Z] KEY vk=0x1C (auto)
[07:12:13.219Z] KEY vk=0x4B (auto)
[07:12:13.281Z] KEY vk=0x41 (auto)
[07:12:13.865Z] PROBE action後: ka(英数/直接) text="ka" Process(229)=false
[07:12:13.866Z] RESULT PASS
[07:12:13.867Z] [CASE 6/8 run 2/2] 直接入力→変換=かなON
[07:12:13.918Z] KEY vk=0x16 (auto)
[07:12:14.450Z] KEY vk=0x4B (auto)
[07:12:14.563Z] KEY vk=0x41 (auto)
[07:12:15.166Z] PROBE setup:IME_ON後: NICOLA文字(Engine ON) text="きう" Process(229)=true
[07:12:15.211Z] KEY vk=0x1A (auto)
[07:12:15.749Z] KEY vk=0x4B (auto)
[07:12:15.812Z] KEY vk=0x41 (auto)
[07:12:16.374Z] PROBE setup:IME_OFF後: ka(英数/直接) text="ka" Process(229)=false
[07:12:16.498Z] KEY vk=0x1C (auto)
[07:12:17.031Z] KEY vk=0x4B (auto)
[07:12:17.139Z] KEY vk=0x41 (auto)
[07:12:17.745Z] PROBE action後: NICOLA文字(Engine ON) text="きう" Process(229)=true
[07:12:17.746Z] RESULT PASS
[07:12:17.747Z] [CASE 7/8 run 2/2] かな→Shift+無変換=半角英数
[07:12:17.802Z] KEY vk=0x16 (auto)
[07:12:18.337Z] KEY vk=0x4B (auto)
[07:12:18.411Z] KEY vk=0x41 (auto)
[07:12:18.993Z] PROBE setup:IME_ON後: NICOLA文字(Engine ON) text="きう" Process(229)=true
[07:12:19.875Z] KEY vk=0x1D +Shift (auto)
[07:12:20.408Z] KEY vk=0x4B (auto)
[07:12:20.474Z] KEY vk=0x41 (auto)
[07:12:21.038Z] PROBE action後: NICOLA文字(Engine ON) text="きう" Process(229)=true
[07:12:21.470Z] KEY vk=0x4B (auto)
[07:12:21.553Z] KEY vk=0x41 (auto)
[07:12:22.157Z] PROBE action後2回目: NICOLA文字(Engine ON) text="きう" Process(229)=true
[07:12:22.158Z] RESULT FAIL: 期待=ka 実際=NICOLA文字(Engine ON)
[07:12:22.159Z] [CASE 8/8 run 2/2] 直接入力→Shift+無変換=直接入力のまま
[07:12:22.210Z] KEY vk=0x16 (auto)
[07:12:22.745Z] KEY vk=0x4B (auto)
[07:12:22.810Z] KEY vk=0x41 (auto)
[07:12:23.434Z] PROBE setup:IME_ON後: NICOLA文字(Engine ON) text="きう" Process(229)=true
[07:12:23.477Z] KEY vk=0x1A (auto)
[07:12:24.013Z] KEY vk=0x4B (auto)
[07:12:24.083Z] KEY vk=0x41 (auto)
[07:12:24.647Z] PROBE setup:IME_OFF後: ka(英数/直接) text="ka" Process(229)=false
[07:12:25.513Z] KEY vk=0x1D +Shift (auto)
[07:12:26.045Z] KEY vk=0x4B (auto)
[07:12:26.112Z] KEY vk=0x41 (auto)
[07:12:26.697Z] PROBE action後: ka(英数/直接) text="ka" Process(229)=false
[07:12:26.698Z] RESULT PASS
[07:12:26.700Z] SUMMARY PASS=12 RECOVER=0 FAIL=4 INVALID=0
[07:12:26.701Z] === 全ケース完了 ===
script error: Output type incorrect: bool (expecting ())
