=== IME key matrix spike (awase 非依存) ===
観測: A=IMM(ImmGet*) / B=WM_IME_CONTROL / T=TSFスレッドcompartment / G=TSFグローバルcompartment
conv の目安: 0x19=ひらがな(NATIVE|FULLSHAPE|ROMAN) 0x10=半角英数(ROMAN) 0x00=直接入力系
手順: awase を止める → 画面中段の案内に従ってキーを1回ずつ押す（全 2ラウンド×20ステップ、各押下後は3秒待機）
ROUND1=標準EDIT / ROUND2=RichEdit(TSFネイティブ)。そのキーが無い場合は Ctrl+Shift+F12 でスキップ
ログファイル: C:\Users\cuzic\scoop\persist\msys2\home\cuzic\awase-spike\target\debug\examples\ime_key_matrix_spike.log

=== ROUND 2/2: 対象コントロール = RichEdit 5.0(TSFネイティブ) ===
[AUTO] フォーカス復帰(入力欄)
[14:01:03.235Z] KEY [準備/その他] ひらがな(0xF2) vk=0xF2 scan=0x70 press=14:01:01.664Z (auto)  状態=直接入力
    前     : A(open=0 conv=0x19) B(open=0 conv=0x19) T(open=0 conv=0x00) G(open=0 conv=0x00) comp="" tail=""
    +100ms: A(open=1 conv=0x09) B(open=1 conv=0x09) T(open=1 conv=0x09) G(open=0 conv=0x00) comp="" tail=""
    +400ms: A(open=1 conv=0x09) B(open=1 conv=0x09) T(open=1 conv=0x09) G(open=0 conv=0x00) comp="" tail=""
    +1500ms: A(open=1 conv=0x19) B(open=1 conv=0x19) T(open=1 conv=0x19) G(open=0 conv=0x00) comp="" tail=""
    差分 (前→+100ms): Δ open A:0→1 B:0→1 / conv A:0x19→0x09 B:0x19→0x09 / tsf-thread open:0→1 conv:0x00→0x09   (前→+400ms): Δ open A:0→1 B:0→1 / conv A:0x19→0x09 B:0x19→0x09 / tsf-thread open:0→1 conv:0x00→0x09   (前→+1500ms): Δ open A:0→1 B:0→1 / tsf-thread open:0→1 conv:0x00→0x19
[EXP-POST] cond=scan0/write trial=1 pre(open=1 conv=0x19) post(open=0 conv=0x19 comp="")
[14:01:05.001Z] KEY [準備/その他] ひらがな(0xF2) vk=0xF2 scan=0x00 press=14:01:03.424Z (auto)  状態=IME ON・入力なし
    前     : A(open=1 conv=0x19) B(open=1 conv=0x19) T(open=1 conv=0x19) G(open=0 conv=0x00) comp="" tail=""
    +100ms: A(open=0 conv=0x19) B(open=0 conv=0x19) T(open=0 conv=0x19) G(open=0 conv=0x00) comp="" tail=""
    +400ms: A(open=0 conv=0x19) B(open=0 conv=0x19) T(open=0 conv=0x19) G(open=0 conv=0x00) comp="" tail=""
    +1500ms: A(open=0 conv=0x19) B(open=0 conv=0x19) T(open=0 conv=0x19) G(open=0 conv=0x00) comp="" tail="a"
    差分 (前→+100ms): Δ open A:1→0 B:1→0 / tsf-thread open:1→0 conv:0x19→0x19   (前→+400ms): Δ open A:1→0 B:1→0 / tsf-thread open:1→0 conv:0x19→0x19   (前→+1500ms): Δ open A:1→0 B:1→0 / tsf-thread open:1→0 conv:0x19→0x19 / tail:""→"a"
[EXP] cond=scan0/write trial=1 probe(a): open=0 conv=0x19 comp="" tail="a"
[14:01:06.251Z] KEY [準備/その他] a vk=0x41 scan=0x1E press=14:01:04.641Z (auto)  状態=直接入力
    前     : A(open=0 conv=0x19) B(open=0 conv=0x19) T(open=0 conv=0x19) G(open=0 conv=0x00) comp="" tail=""
    +100ms: A(open=0 conv=0x19) B(open=0 conv=0x19) T(open=0 conv=0x19) G(open=0 conv=0x00) comp="" tail="a"
    +400ms: A(open=0 conv=0x19) B(open=0 conv=0x19) T(open=0 conv=0x19) G(open=0 conv=0x00) comp="" tail="a"
    +1500ms: A(open=0 conv=0x19) B(open=0 conv=0x19) T(open=0 conv=0x19) G(open=0 conv=0x00) comp="" tail="a"
    差分 (前→+100ms): Δ tail:""→"a"   (前→+400ms): Δ tail:""→"a"   (前→+1500ms): Δ tail:""→"a"
[14:01:07.191Z] KEY [準備/その他] ESC vk=0x1B scan=0x01 press=14:01:05.619Z (auto)  状態=直接入力
    前     : A(open=0 conv=0x19) B(open=0 conv=0x19) T(open=0 conv=0x19) G(open=0 conv=0x00) comp="" tail="a"
    +100ms: A(open=0 conv=0x19) B(open=0 conv=0x19) T(open=0 conv=0x19) G(open=0 conv=0x00) comp="" tail="a"
    +400ms: A(open=0 conv=0x19) B(open=0 conv=0x19) T(open=0 conv=0x19) G(open=0 conv=0x00) comp="" tail="a"
    +1500ms: A(open=1 conv=0x09) B(open=1 conv=0x09) T(open=1 conv=0x09) G(open=0 conv=0x00) comp="" tail="a"
    差分 (前→+100ms): Δなし   (前→+400ms): Δなし   (前→+1500ms): Δ open A:0→1 B:0→1 / conv A:0x19→0x09 B:0x19→0x09 / tsf-thread open:0→1 conv:0x19→0x09
[14:01:08.192Z] KEY [準備/その他] ひらがな(0xF2) vk=0xF2 scan=0x70 press=14:01:06.631Z (auto)  状態=直接入力
    前     : A(open=0 conv=0x19) B(open=0 conv=0x19) T(open=0 conv=0x19) G(open=0 conv=0x00) comp="" tail="a"
    +100ms: A(open=1 conv=0x09) B(open=1 conv=0x09) T(open=1 conv=0x09) G(open=0 conv=0x00) comp="" tail="a"
    +400ms: A(open=1 conv=0x09) B(open=1 conv=0x09) T(open=1 conv=0x09) G(open=0 conv=0x00) comp="" tail="a"
    +1500ms: A(open=1 conv=0x19) B(open=1 conv=0x19) T(open=1 conv=0x19) G(open=0 conv=0x00) comp="" tail="a"
    差分 (前→+100ms): Δ open A:0→1 B:0→1 / conv A:0x19→0x09 B:0x19→0x09 / tsf-thread open:0→1 conv:0x19→0x09   (前→+400ms): Δ open A:0→1 B:0→1 / conv A:0x19→0x09 B:0x19→0x09 / tsf-thread open:0→1 conv:0x19→0x09   (前→+1500ms): Δ open A:0→1 B:0→1 / tsf-thread open:0→1 conv:0x19→0x19
[EXP-POST] cond=scan0/write trial=2 pre(open=1 conv=0x19) post(open=0 conv=0x19 comp="")
[14:01:09.994Z] KEY [準備/その他] ひらがな(0xF2) vk=0xF2 scan=0x00 press=14:01:08.428Z (auto)  状態=IME ON・入力なし
    前     : A(open=1 conv=0x19) B(open=1 conv=0x19) T(open=1 conv=0x19) G(open=0 conv=0x00) comp="" tail="a"
    +100ms: A(open=0 conv=0x19) B(open=0 conv=0x19) T(open=0 conv=0x19) G(open=0 conv=0x00) comp="" tail="a"
    +400ms: A(open=0 conv=0x19) B(open=0 conv=0x19) T(open=0 conv=0x19) G(open=0 conv=0x00) comp="" tail="a"
    +1500ms: A(open=0 conv=0x19) B(open=0 conv=0x19) T(open=0 conv=0x19) G(open=0 conv=0x00) comp="" tail="aa"
    差分 (前→+100ms): Δ open A:1→0 B:1→0 / tsf-thread open:1→0 conv:0x19→0x19   (前→+400ms): Δ open A:1→0 B:1→0 / tsf-thread open:1→0 conv:0x19→0x19   (前→+1500ms): Δ open A:1→0 B:1→0 / tsf-thread open:1→0 conv:0x19→0x19 / tail:"a"→"aa"
[EXP] cond=scan0/write trial=2 probe(a): open=0 conv=0x19 comp="" tail="aa"
[14:01:11.251Z] KEY [準備/その他] a vk=0x41 scan=0x1E press=14:01:09.652Z (auto)  状態=直接入力
    前     : A(open=0 conv=0x19) B(open=0 conv=0x19) T(open=0 conv=0x19) G(open=0 conv=0x00) comp="" tail="a"
    +100ms: A(open=0 conv=0x19) B(open=0 conv=0x19) T(open=0 conv=0x19) G(open=0 conv=0x00) comp="" tail="aa"
    +400ms: A(open=0 conv=0x19) B(open=0 conv=0x19) T(open=0 conv=0x19) G(open=0 conv=0x00) comp="" tail="aa"
    +1500ms: A(open=0 conv=0x19) B(open=0 conv=0x19) T(open=0 conv=0x19) G(open=0 conv=0x00) comp="" tail="aa"
    差分 (前→+100ms): Δ tail:"a"→"aa"   (前→+400ms): Δ tail:"a"→"aa"   (前→+1500ms): Δ tail:"a"→"aa"
[14:01:12.188Z] KEY [準備/その他] ESC vk=0x1B scan=0x01 press=14:01:10.625Z (auto)  状態=直接入力
    前     : A(open=0 conv=0x19) B(open=0 conv=0x19) T(open=0 conv=0x19) G(open=0 conv=0x00) comp="" tail="aa"
    +100ms: A(open=0 conv=0x19) B(open=0 conv=0x19) T(open=0 conv=0x19) G(open=0 conv=0x00) comp="" tail="aa"
    +400ms: A(open=0 conv=0x19) B(open=0 conv=0x19) T(open=0 conv=0x19) G(open=0 conv=0x00) comp="" tail="aa"
    +1500ms: A(open=1 conv=0x09) B(open=1 conv=0x09) T(open=1 conv=0x09) G(open=0 conv=0x00) comp="" tail="aa"
    差分 (前→+100ms): Δなし   (前→+400ms): Δなし   (前→+1500ms): Δ open A:0→1 B:0→1 / conv A:0x19→0x09 B:0x19→0x09 / tsf-thread open:0→1 conv:0x19→0x09
[14:01:13.244Z] KEY [準備/その他] ひらがな(0xF2) vk=0xF2 scan=0x70 press=14:01:11.628Z (auto)  状態=直接入力
    前     : A(open=0 conv=0x19) B(open=0 conv=0x19) T(open=0 conv=0x19) G(open=0 conv=0x00) comp="" tail="aa"
    +100ms: A(open=1 conv=0x09) B(open=1 conv=0x09) T(open=1 conv=0x09) G(open=0 conv=0x00) comp="" tail="aa"
    +400ms: A(open=1 conv=0x09) B(open=1 conv=0x09) T(open=1 conv=0x09) G(open=0 conv=0x00) comp="" tail="aa"
    +1500ms: A(open=1 conv=0x19) B(open=1 conv=0x19) T(open=1 conv=0x19) G(open=0 conv=0x00) comp="" tail="aa"
    差分 (前→+100ms): Δ open A:0→1 B:0→1 / conv A:0x19→0x09 B:0x19→0x09 / tsf-thread open:0→1 conv:0x19→0x09   (前→+400ms): Δ open A:0→1 B:0→1 / conv A:0x19→0x09 B:0x19→0x09 / tsf-thread open:0→1 conv:0x19→0x09   (前→+1500ms): Δ open A:0→1 B:0→1 / tsf-thread open:0→1 conv:0x19→0x19
[EXP-POST] cond=scan0/write trial=3 pre(open=1 conv=0x19) post(open=0 conv=0x19 comp="")
[14:01:14.951Z] KEY [準備/その他] ひらがな(0xF2) vk=0xF2 scan=0x00 press=14:01:13.370Z (auto)  状態=IME ON・入力なし
    前     : A(open=1 conv=0x19) B(open=1 conv=0x19) T(open=1 conv=0x19) G(open=0 conv=0x00) comp="" tail="aa"
    +100ms: A(open=0 conv=0x19) B(open=0 conv=0x19) T(open=0 conv=0x19) G(open=0 conv=0x00) comp="" tail="aa"
    +400ms: A(open=0 conv=0x19) B(open=0 conv=0x19) T(open=0 conv=0x19) G(open=0 conv=0x00) comp="" tail="aa"
    +1500ms: A(open=0 conv=0x19) B(open=0 conv=0x19) T(open=0 conv=0x19) G(open=0 conv=0x00) comp="" tail="aaa"
    差分 (前→+100ms): Δ open A:1→0 B:1→0 / tsf-thread open:1→0 conv:0x19→0x19   (前→+400ms): Δ open A:1→0 B:1→0 / tsf-thread open:1→0 conv:0x19→0x19   (前→+1500ms): Δ open A:1→0 B:1→0 / tsf-thread open:1→0 conv:0x19→0x19 / tail:"aa"→"aaa"
[EXP] cond=scan0/write trial=3 probe(a): open=0 conv=0x19 comp="" tail="aaa"
[14:01:16.147Z] KEY [準備/その他] a vk=0x41 scan=0x1E press=14:01:14.591Z (auto)  状態=直接入力
    前     : A(open=0 conv=0x19) B(open=0 conv=0x19) T(open=0 conv=0x19) G(open=0 conv=0x00) comp="" tail="aa"
    +100ms: A(open=0 conv=0x19) B(open=0 conv=0x19) T(open=0 conv=0x19) G(open=0 conv=0x00) comp="" tail="aaa"
    +400ms: A(open=0 conv=0x19) B(open=0 conv=0x19) T(open=0 conv=0x19) G(open=0 conv=0x00) comp="" tail="aaa"
    +1500ms: A(open=0 conv=0x19) B(open=0 conv=0x19) T(open=0 conv=0x19) G(open=0 conv=0x00) comp="" tail="aaa"
    差分 (前→+100ms): Δ tail:"aa"→"aaa"   (前→+400ms): Δ tail:"aa"→"aaa"   (前→+1500ms): Δ tail:"aa"→"aaa"
[14:01:17.147Z] KEY [準備/その他] ESC vk=0x1B scan=0x01 press=14:01:15.584Z (auto)  状態=直接入力
    前     : A(open=0 conv=0x19) B(open=0 conv=0x19) T(open=0 conv=0x19) G(open=0 conv=0x00) comp="" tail="aaa"
    +100ms: A(open=0 conv=0x19) B(open=0 conv=0x19) T(open=0 conv=0x19) G(open=0 conv=0x00) comp="" tail="aaa"
    +400ms: A(open=0 conv=0x19) B(open=0 conv=0x19) T(open=0 conv=0x19) G(open=0 conv=0x00) comp="" tail="aaa"
    +1500ms: A(open=1 conv=0x09) B(open=1 conv=0x09) T(open=1 conv=0x09) G(open=0 conv=0x00) comp="" tail="aaa"
    差分 (前→+100ms): Δなし   (前→+400ms): Δなし   (前→+1500ms): Δ open A:0→1 B:0→1 / conv A:0x19→0x09 B:0x19→0x09 / tsf-thread open:0→1 conv:0x19→0x09
[14:01:18.152Z] KEY [準備/その他] ひらがな(0xF2) vk=0xF2 scan=0x70 press=14:01:16.585Z (auto)  状態=直接入力
    前     : A(open=0 conv=0x19) B(open=0 conv=0x19) T(open=0 conv=0x19) G(open=0 conv=0x00) comp="" tail="aaa"
    +100ms: A(open=1 conv=0x09) B(open=1 conv=0x09) T(open=1 conv=0x09) G(open=0 conv=0x00) comp="" tail="aaa"
    +400ms: A(open=1 conv=0x09) B(open=1 conv=0x09) T(open=1 conv=0x09) G(open=0 conv=0x00) comp="" tail="aaa"
    +1500ms: A(open=1 conv=0x19) B(open=1 conv=0x19) T(open=1 conv=0x19) G(open=0 conv=0x00) comp="" tail="aaa"
    差分 (前→+100ms): Δ open A:0→1 B:0→1 / conv A:0x19→0x09 B:0x19→0x09 / tsf-thread open:0→1 conv:0x19→0x09   (前→+400ms): Δ open A:0→1 B:0→1 / conv A:0x19→0x09 B:0x19→0x09 / tsf-thread open:0→1 conv:0x19→0x09   (前→+1500ms): Δ open A:0→1 B:0→1 / tsf-thread open:0→1 conv:0x19→0x19
[EXP-POST] cond=scan0/write trial=4 pre(open=1 conv=0x19) post(open=0 conv=0x19 comp="")
[14:01:19.922Z] KEY [準備/その他] ひらがな(0xF2) vk=0xF2 scan=0x00 press=14:01:18.341Z (auto)  状態=IME ON・入力なし
    前     : A(open=1 conv=0x19) B(open=1 conv=0x19) T(open=1 conv=0x19) G(open=0 conv=0x00) comp="" tail="aaa"
    +100ms: A(open=0 conv=0x19) B(open=0 conv=0x19) T(open=0 conv=0x19) G(open=0 conv=0x00) comp="" tail="aaa"
    +400ms: A(open=0 conv=0x19) B(open=0 conv=0x19) T(open=0 conv=0x19) G(open=0 conv=0x00) comp="" tail="aaa"
    +1500ms: A(open=0 conv=0x19) B(open=0 conv=0x19) T(open=0 conv=0x19) G(open=0 conv=0x00) comp="" tail="aaaa"
    差分 (前→+100ms): Δ open A:1→0 B:1→0 / tsf-thread open:1→0 conv:0x19→0x19   (前→+400ms): Δ open A:1→0 B:1→0 / tsf-thread open:1→0 conv:0x19→0x19   (前→+1500ms): Δ open A:1→0 B:1→0 / tsf-thread open:1→0 conv:0x19→0x19 / tail:"aaa"→"aaaa"
[EXP] cond=scan0/write trial=4 probe(a): open=0 conv=0x19 comp="" tail="aaaa"
[14:01:21.114Z] KEY [準備/その他] a vk=0x41 scan=0x1E press=14:01:19.566Z (auto)  状態=直接入力
    前     : A(open=0 conv=0x19) B(open=0 conv=0x19) T(open=0 conv=0x19) G(open=0 conv=0x00) comp="" tail="aaa"
    +100ms: A(open=0 conv=0x19) B(open=0 conv=0x19) T(open=0 conv=0x19) G(open=0 conv=0x00) comp="" tail="aaaa"
    +400ms: A(open=0 conv=0x19) B(open=0 conv=0x19) T(open=0 conv=0x19) G(open=0 conv=0x00) comp="" tail="aaaa"
    +1500ms: A(open=0 conv=0x19) B(open=0 conv=0x19) T(open=0 conv=0x19) G(open=0 conv=0x00) comp="" tail="aaaa"
    差分 (前→+100ms): Δ tail:"aaa"→"aaaa"   (前→+400ms): Δ tail:"aaa"→"aaaa"   (前→+1500ms): Δ tail:"aaa"→"aaaa"
[14:01:22.177Z] KEY [準備/その他] ESC vk=0x1B scan=0x01 press=14:01:20.550Z (auto)  状態=直接入力
    前     : A(open=0 conv=0x19) B(open=0 conv=0x19) T(open=0 conv=0x19) G(open=0 conv=0x00) comp="" tail="aaaa"
    +100ms: A(open=0 conv=0x19) B(open=0 conv=0x19) T(open=0 conv=0x19) G(open=0 conv=0x00) comp="" tail="aaaa"
    +400ms: A(open=0 conv=0x19) B(open=0 conv=0x19) T(open=0 conv=0x19) G(open=0 conv=0x00) comp="" tail="aaaa"
    +1500ms: A(open=1 conv=0x09) B(open=1 conv=0x09) T(open=1 conv=0x09) G(open=0 conv=0x00) comp="" tail="aaaa"
    差分 (前→+100ms): Δなし   (前→+400ms): Δなし   (前→+1500ms): Δ open A:0→1 B:0→1 / conv A:0x19→0x09 B:0x19→0x09 / tsf-thread open:0→1 conv:0x19→0x09
[14:01:23.232Z] KEY [準備/その他] ひらがな(0xF2) vk=0xF2 scan=0x70 press=14:01:21.600Z (auto)  状態=直接入力
    前     : A(open=0 conv=0x19) B(open=0 conv=0x19) T(open=0 conv=0x19) G(open=0 conv=0x00) comp="" tail="aaaa"
    +100ms: A(open=1 conv=0x09) B(open=1 conv=0x09) T(open=1 conv=0x09) G(open=0 conv=0x00) comp="" tail="aaaa"
    +400ms: A(open=1 conv=0x09) B(open=1 conv=0x09) T(open=1 conv=0x09) G(open=0 conv=0x00) comp="" tail="aaaa"
    +1500ms: A(open=1 conv=0x19) B(open=1 conv=0x19) T(open=1 conv=0x19) G(open=0 conv=0x00) comp="" tail="aaaa"
    差分 (前→+100ms): Δ open A:0→1 B:0→1 / conv A:0x19→0x09 B:0x19→0x09 / tsf-thread open:0→1 conv:0x19→0x09   (前→+400ms): Δ open A:0→1 B:0→1 / conv A:0x19→0x09 B:0x19→0x09 / tsf-thread open:0→1 conv:0x19→0x09   (前→+1500ms): Δ open A:0→1 B:0→1 / tsf-thread open:0→1 conv:0x19→0x19
[EXP-POST] cond=scan0/write trial=5 pre(open=1 conv=0x19) post(open=0 conv=0x19 comp="")
[14:01:24.982Z] KEY [準備/その他] ひらがな(0xF2) vk=0xF2 scan=0x00 press=14:01:23.359Z (auto)  状態=IME ON・入力なし
    前     : A(open=1 conv=0x19) B(open=1 conv=0x19) T(open=1 conv=0x19) G(open=0 conv=0x00) comp="" tail="aaaa"
    +100ms: A(open=0 conv=0x19) B(open=0 conv=0x19) T(open=0 conv=0x19) G(open=0 conv=0x00) comp="" tail="aaaa"
    +400ms: A(open=0 conv=0x19) B(open=0 conv=0x19) T(open=0 conv=0x19) G(open=0 conv=0x00) comp="" tail="aaaa"
    +1500ms: A(open=0 conv=0x19) B(open=0 conv=0x19) T(open=0 conv=0x19) G(open=0 conv=0x00) comp="" tail="aaaaa"
    差分 (前→+100ms): Δ open A:1→0 B:1→0 / tsf-thread open:1→0 conv:0x19→0x19   (前→+400ms): Δ open A:1→0 B:1→0 / tsf-thread open:1→0 conv:0x19→0x19   (前→+1500ms): Δ open A:1→0 B:1→0 / tsf-thread open:1→0 conv:0x19→0x19 / tail:"aaaa"→"aaaaa"
[EXP] cond=scan0/write trial=5 probe(a): open=0 conv=0x19 comp="" tail="aaaaa"
[14:01:26.175Z] KEY [準備/その他] a vk=0x41 scan=0x1E press=14:01:24.628Z (auto)  状態=直接入力
    前     : A(open=0 conv=0x19) B(open=0 conv=0x19) T(open=0 conv=0x19) G(open=0 conv=0x00) comp="" tail="aaaa"
    +100ms: A(open=0 conv=0x19) B(open=0 conv=0x19) T(open=0 conv=0x19) G(open=0 conv=0x00) comp="" tail="aaaaa"
    +400ms: A(open=0 conv=0x19) B(open=0 conv=0x19) T(open=0 conv=0x19) G(open=0 conv=0x00) comp="" tail="aaaaa"
    +1500ms: A(open=0 conv=0x19) B(open=0 conv=0x19) T(open=0 conv=0x19) G(open=0 conv=0x00) comp="" tail="aaaaa"
    差分 (前→+100ms): Δ tail:"aaaa"→"aaaaa"   (前→+400ms): Δ tail:"aaaa"→"aaaaa"   (前→+1500ms): Δ tail:"aaaa"→"aaaaa"
[14:01:27.176Z] KEY [準備/その他] ESC vk=0x1B scan=0x01 press=14:01:25.610Z (auto)  状態=直接入力
    前     : A(open=0 conv=0x19) B(open=0 conv=0x19) T(open=0 conv=0x19) G(open=0 conv=0x00) comp="" tail="aaaaa"
    +100ms: A(open=0 conv=0x19) B(open=0 conv=0x19) T(open=0 conv=0x19) G(open=0 conv=0x00) comp="" tail="aaaaa"
    +400ms: A(open=0 conv=0x19) B(open=0 conv=0x19) T(open=0 conv=0x19) G(open=0 conv=0x00) comp="" tail="aaaaa"
    +1500ms: A(open=1 conv=0x09) B(open=1 conv=0x09) T(open=1 conv=0x09) G(open=0 conv=0x00) comp="" tail="aaaaa"
    差分 (前→+100ms): Δなし   (前→+400ms): Δなし   (前→+1500ms): Δ open A:0→1 B:0→1 / conv A:0x19→0x09 B:0x19→0x09 / tsf-thread open:0→1 conv:0x19→0x09
[14:01:28.236Z] KEY [準備/その他] ひらがな(0xF2) vk=0xF2 scan=0x70 press=14:01:26.616Z (auto)  状態=直接入力
    前     : A(open=0 conv=0x19) B(open=0 conv=0x19) T(open=0 conv=0x19) G(open=0 conv=0x00) comp="" tail="aaaaa"
    +100ms: A(open=1 conv=0x09) B(open=1 conv=0x09) T(open=1 conv=0x09) G(open=0 conv=0x00) comp="" tail="aaaaa"
    +400ms: A(open=1 conv=0x09) B(open=1 conv=0x09) T(open=1 conv=0x09) G(open=0 conv=0x00) comp="" tail="aaaaa"
    +1500ms: A(open=1 conv=0x19) B(open=1 conv=0x19) T(open=1 conv=0x19) G(open=0 conv=0x00) comp="" tail="aaaaa"
    差分 (前→+100ms): Δ open A:0→1 B:0→1 / conv A:0x19→0x09 B:0x19→0x09 / tsf-thread open:0→1 conv:0x19→0x09   (前→+400ms): Δ open A:0→1 B:0→1 / conv A:0x19→0x09 B:0x19→0x09 / tsf-thread open:0→1 conv:0x19→0x09   (前→+1500ms): Δ open A:0→1 B:0→1 / tsf-thread open:0→1 conv:0x19→0x19
[EXP-POST] cond=scan0/write trial=6 pre(open=1 conv=0x19) post(open=0 conv=0x19 comp="")
[14:01:29.929Z] KEY [準備/その他] ひらがな(0xF2) vk=0xF2 scan=0x00 press=14:01:28.362Z (auto)  状態=IME ON・入力なし
    前     : A(open=1 conv=0x19) B(open=1 conv=0x19) T(open=1 conv=0x19) G(open=0 conv=0x00) comp="" tail="aaaaa"
    +100ms: A(open=0 conv=0x19) B(open=0 conv=0x19) T(open=0 conv=0x19) G(open=0 conv=0x00) comp="" tail="aaaaa"
    +400ms: A(open=0 conv=0x19) B(open=0 conv=0x19) T(open=0 conv=0x19) G(open=0 conv=0x00) comp="" tail="aaaaa"
    +1500ms: A(open=0 conv=0x19) B(open=0 conv=0x19) T(open=0 conv=0x19) G(open=0 conv=0x00) comp="" tail="aaaaaa"
    差分 (前→+100ms): Δ open A:1→0 B:1→0 / tsf-thread open:1→0 conv:0x19→0x19   (前→+400ms): Δ open A:1→0 B:1→0 / tsf-thread open:1→0 conv:0x19→0x19   (前→+1500ms): Δ open A:1→0 B:1→0 / tsf-thread open:1→0 conv:0x19→0x19 / tail:"aaaaa"→"aaaaaa"
[EXP] cond=scan0/write trial=6 probe(a): open=0 conv=0x19 comp="" tail="aaaaaa"
[14:01:31.189Z] KEY [準備/その他] a vk=0x41 scan=0x1E press=14:01:29.634Z (auto)  状態=直接入力
    前     : A(open=0 conv=0x19) B(open=0 conv=0x19) T(open=0 conv=0x19) G(open=0 conv=0x00) comp="" tail="aaaaa"
    +100ms: A(open=0 conv=0x19) B(open=0 conv=0x19) T(open=0 conv=0x19) G(open=0 conv=0x00) comp="" tail="aaaaaa"
    +400ms: A(open=0 conv=0x19) B(open=0 conv=0x19) T(open=0 conv=0x19) G(open=0 conv=0x00) comp="" tail="aaaaaa"
    +1500ms: A(open=0 conv=0x19) B(open=0 conv=0x19) T(open=0 conv=0x19) G(open=0 conv=0x00) comp="" tail="aaaaaa"
    差分 (前→+100ms): Δ tail:"aaaaa"→"aaaaaa"   (前→+400ms): Δ tail:"aaaaa"→"aaaaaa"   (前→+1500ms): Δ tail:"aaaaa"→"aaaaaa"
[14:01:32.248Z] KEY [準備/その他] ESC vk=0x1B scan=0x01 press=14:01:30.625Z (auto)  状態=直接入力
    前     : A(open=0 conv=0x19) B(open=0 conv=0x19) T(open=0 conv=0x19) G(open=0 conv=0x00) comp="" tail="aaaaaa"
    +100ms: A(open=0 conv=0x19) B(open=0 conv=0x19) T(open=0 conv=0x19) G(open=0 conv=0x00) comp="" tail="aaaaaa"
    +400ms: A(open=0 conv=0x19) B(open=0 conv=0x19) T(open=0 conv=0x19) G(open=0 conv=0x00) comp="" tail="aaaaaa"
    +1500ms: A(open=1 conv=0x09) B(open=1 conv=0x09) T(open=1 conv=0x09) G(open=0 conv=0x00) comp="" tail="aaaaaa"
    差分 (前→+100ms): Δなし   (前→+400ms): Δなし   (前→+1500ms): Δ open A:0→1 B:0→1 / conv A:0x19→0x09 B:0x19→0x09 / tsf-thread open:0→1 conv:0x19→0x09
[14:01:33.195Z] KEY [準備/その他] ひらがな(0xF2) vk=0xF2 scan=0x70 press=14:01:31.628Z (auto)  状態=直接入力
    前     : A(open=0 conv=0x19) B(open=0 conv=0x19) T(open=0 conv=0x19) G(open=0 conv=0x00) comp="" tail="aaaaaa"
    +100ms: A(open=1 conv=0x09) B(open=1 conv=0x09) T(open=1 conv=0x09) G(open=0 conv=0x00) comp="" tail="aaaaaa"
    +400ms: A(open=1 conv=0x09) B(open=1 conv=0x09) T(open=1 conv=0x09) G(open=0 conv=0x00) comp="" tail="aaaaaa"
    +1500ms: A(open=1 conv=0x19) B(open=1 conv=0x19) T(open=1 conv=0x19) G(open=0 conv=0x00) comp="" tail="aaaaaa"
    差分 (前→+100ms): Δ open A:0→1 B:0→1 / conv A:0x19→0x09 B:0x19→0x09 / tsf-thread open:0→1 conv:0x19→0x09   (前→+400ms): Δ open A:0→1 B:0→1 / conv A:0x19→0x09 B:0x19→0x09 / tsf-thread open:0→1 conv:0x19→0x09   (前→+1500ms): Δ open A:0→1 B:0→1 / tsf-thread open:0→1 conv:0x19→0x19
[EXP-POST] cond=scan0/write trial=7 pre(open=1 conv=0x19) post(open=0 conv=0x19 comp="")
[14:01:34.978Z] KEY [準備/その他] ひらがな(0xF2) vk=0xF2 scan=0x00 press=14:01:33.383Z (auto)  状態=IME ON・入力なし
    前     : A(open=1 conv=0x19) B(open=1 conv=0x19) T(open=1 conv=0x19) G(open=0 conv=0x00) comp="" tail="aaaaaa"
    +100ms: A(open=0 conv=0x19) B(open=0 conv=0x19) T(open=0 conv=0x19) G(open=0 conv=0x00) comp="" tail="aaaaaa"
    +400ms: A(open=0 conv=0x19) B(open=0 conv=0x19) T(open=0 conv=0x19) G(open=0 conv=0x00) comp="" tail="aaaaaa"
    +1500ms: A(open=0 conv=0x19) B(open=0 conv=0x19) T(open=0 conv=0x19) G(open=0 conv=0x00) comp="" tail="aaaaaaa"
    差分 (前→+100ms): Δ open A:1→0 B:1→0 / tsf-thread open:1→0 conv:0x19→0x19   (前→+400ms): Δ open A:1→0 B:1→0 / tsf-thread open:1→0 conv:0x19→0x19   (前→+1500ms): Δ open A:1→0 B:1→0 / tsf-thread open:1→0 conv:0x19→0x19 / tail:"aaaaaa"→"aaaaaaa"
[EXP] cond=scan0/write trial=7 probe(a): open=0 conv=0x19 comp="" tail="aaaaaaa"
[14:01:36.174Z] KEY [準備/その他] a vk=0x41 scan=0x1E press=14:01:34.627Z (auto)  状態=直接入力
    前     : A(open=0 conv=0x19) B(open=0 conv=0x19) T(open=0 conv=0x19) G(open=0 conv=0x00) comp="" tail="aaaaaa"
    +100ms: A(open=0 conv=0x19) B(open=0 conv=0x19) T(open=0 conv=0x19) G(open=0 conv=0x00) comp="" tail="aaaaaaa"
    +400ms: A(open=0 conv=0x19) B(open=0 conv=0x19) T(open=0 conv=0x19) G(open=0 conv=0x00) comp="" tail="aaaaaaa"
    +1500ms: A(open=0 conv=0x19) B(open=0 conv=0x19) T(open=0 conv=0x19) G(open=0 conv=0x00) comp="" tail="aaaaaaa"
    差分 (前→+100ms): Δ tail:"aaaaaa"→"aaaaaaa"   (前→+400ms): Δ tail:"aaaaaa"→"aaaaaaa"   (前→+1500ms): Δ tail:"aaaaaa"→"aaaaaaa"
[14:01:37.174Z] KEY [準備/その他] ESC vk=0x1B scan=0x01 press=14:01:35.609Z (auto)  状態=直接入力
    前     : A(open=0 conv=0x19) B(open=0 conv=0x19) T(open=0 conv=0x19) G(open=0 conv=0x00) comp="" tail="aaaaaaa"
    +100ms: A(open=0 conv=0x19) B(open=0 conv=0x19) T(open=0 conv=0x19) G(open=0 conv=0x00) comp="" tail="aaaaaaa"
    +400ms: A(open=0 conv=0x19) B(open=0 conv=0x19) T(open=0 conv=0x19) G(open=0 conv=0x00) comp="" tail="aaaaaaa"
    +1500ms: A(open=1 conv=0x09) B(open=1 conv=0x09) T(open=1 conv=0x09) G(open=0 conv=0x00) comp="" tail="aaaaaaa"
    差分 (前→+100ms): Δなし   (前→+400ms): Δなし   (前→+1500ms): Δ open A:0→1 B:0→1 / conv A:0x19→0x09 B:0x19→0x09 / tsf-thread open:0→1 conv:0x19→0x09
[14:01:38.230Z] KEY [準備/その他] ひらがな(0xF2) vk=0xF2 scan=0x70 press=14:01:36.613Z (auto)  状態=直接入力
    前     : A(open=0 conv=0x19) B(open=0 conv=0x19) T(open=0 conv=0x19) G(open=0 conv=0x00) comp="" tail="aaaaaaa"
    +100ms: A(open=1 conv=0x09) B(open=1 conv=0x09) T(open=1 conv=0x09) G(open=0 conv=0x00) comp="" tail="aaaaaaa"
    +400ms: A(open=1 conv=0x09) B(open=1 conv=0x09) T(open=1 conv=0x09) G(open=0 conv=0x00) comp="" tail="aaaaaaa"
    +1500ms: A(open=1 conv=0x19) B(open=1 conv=0x19) T(open=1 conv=0x19) G(open=0 conv=0x00) comp="" tail="aaaaaaa"
    差分 (前→+100ms): Δ open A:0→1 B:0→1 / conv A:0x19→0x09 B:0x19→0x09 / tsf-thread open:0→1 conv:0x19→0x09   (前→+400ms): Δ open A:0→1 B:0→1 / conv A:0x19→0x09 B:0x19→0x09 / tsf-thread open:0→1 conv:0x19→0x09   (前→+1500ms): Δ open A:0→1 B:0→1 / tsf-thread open:0→1 conv:0x19→0x19
[EXP-POST] cond=scan0/write trial=8 pre(open=1 conv=0x19) post(open=0 conv=0x19 comp="")
[14:01:39.921Z] KEY [準備/その他] ひらがな(0xF2) vk=0xF2 scan=0x00 press=14:01:38.356Z (auto)  状態=IME ON・入力なし
    前     : A(open=1 conv=0x19) B(open=1 conv=0x19) T(open=1 conv=0x19) G(open=0 conv=0x00) comp="" tail="aaaaaaa"
    +100ms: A(open=0 conv=0x19) B(open=0 conv=0x19) T(open=0 conv=0x19) G(open=0 conv=0x00) comp="" tail="aaaaaaa"
    +400ms: A(open=0 conv=0x19) B(open=0 conv=0x19) T(open=0 conv=0x19) G(open=0 conv=0x00) comp="" tail="aaaaaaa"
    +1500ms: A(open=0 conv=0x19) B(open=0 conv=0x19) T(open=0 conv=0x19) G(open=0 conv=0x00) comp="" tail="aaaaaaaa"
    差分 (前→+100ms): Δ open A:1→0 B:1→0 / tsf-thread open:1→0 conv:0x19→0x19   (前→+400ms): Δ open A:1→0 B:1→0 / tsf-thread open:1→0 conv:0x19→0x19   (前→+1500ms): Δ open A:1→0 B:1→0 / tsf-thread open:1→0 conv:0x19→0x19 / tail:"aaaaaaa"→"aaaaaaaa"
[EXP] cond=scan0/write trial=8 probe(a): open=0 conv=0x19 comp="" tail="aaaaaaaa"
[14:01:41.173Z] KEY [準備/その他] a vk=0x41 scan=0x1E press=14:01:39.622Z (auto)  状態=直接入力
    前     : A(open=0 conv=0x19) B(open=0 conv=0x19) T(open=0 conv=0x19) G(open=0 conv=0x00) comp="" tail="aaaaaaa"
    +100ms: A(open=0 conv=0x19) B(open=0 conv=0x19) T(open=0 conv=0x19) G(open=0 conv=0x00) comp="" tail="aaaaaaaa"
    +400ms: A(open=0 conv=0x19) B(open=0 conv=0x19) T(open=0 conv=0x19) G(open=0 conv=0x00) comp="" tail="aaaaaaaa"
    +1500ms: A(open=0 conv=0x19) B(open=0 conv=0x19) T(open=0 conv=0x19) G(open=0 conv=0x00) comp="" tail="aaaaaaaa"
    差分 (前→+100ms): Δ tail:"aaaaaaa"→"aaaaaaaa"   (前→+400ms): Δ tail:"aaaaaaa"→"aaaaaaaa"   (前→+1500ms): Δ tail:"aaaaaaa"→"aaaaaaaa"
[14:01:42.229Z] KEY [準備/その他] ESC vk=0x1B scan=0x01 press=14:01:40.612Z (auto)  状態=直接入力
    前     : A(open=0 conv=0x19) B(open=0 conv=0x19) T(open=0 conv=0x19) G(open=0 conv=0x00) comp="" tail="aaaaaaaa"
    +100ms: A(open=0 conv=0x19) B(open=0 conv=0x19) T(open=0 conv=0x19) G(open=0 conv=0x00) comp="" tail="aaaaaaaa"
    +400ms: A(open=0 conv=0x19) B(open=0 conv=0x19) T(open=0 conv=0x19) G(open=0 conv=0x00) comp="" tail="aaaaaaaa"
    +1500ms: A(open=1 conv=0x09) B(open=1 conv=0x09) T(open=1 conv=0x09) G(open=0 conv=0x00) comp="" tail="aaaaaaaa"
    差分 (前→+100ms): Δなし   (前→+400ms): Δなし   (前→+1500ms): Δ open A:0→1 B:0→1 / conv A:0x19→0x09 B:0x19→0x09 / tsf-thread open:0→1 conv:0x19→0x09
[14:01:43.236Z] KEY [準備/その他] ひらがな(0xF2) vk=0xF2 scan=0x70 press=14:01:41.671Z (auto)  状態=直接入力
    前     : A(open=0 conv=0x19) B(open=0 conv=0x19) T(open=0 conv=0x19) G(open=0 conv=0x00) comp="" tail="aaaaaaaa"
    +100ms: A(open=1 conv=0x09) B(open=1 conv=0x09) T(open=1 conv=0x09) G(open=0 conv=0x00) comp="" tail="aaaaaaaa"
    +400ms: A(open=1 conv=0x09) B(open=1 conv=0x09) T(open=1 conv=0x09) G(open=0 conv=0x00) comp="" tail="aaaaaaaa"
    +1500ms: A(open=1 conv=0x19) B(open=1 conv=0x19) T(open=1 conv=0x19) G(open=0 conv=0x00) comp="" tail="aaaaaaaa"
    差分 (前→+100ms): Δ open A:0→1 B:0→1 / conv A:0x19→0x09 B:0x19→0x09 / tsf-thread open:0→1 conv:0x19→0x09   (前→+400ms): Δ open A:0→1 B:0→1 / conv A:0x19→0x09 B:0x19→0x09 / tsf-thread open:0→1 conv:0x19→0x09   (前→+1500ms): Δ open A:0→1 B:0→1 / tsf-thread open:0→1 conv:0x19→0x19
[EXP-POST] cond=scan0/write trial=9 pre(open=1 conv=0x19) post(open=0 conv=0x19 comp="")
[14:01:45.015Z] KEY [準備/その他] ひらがな(0xF2) vk=0xF2 scan=0x00 press=14:01:43.424Z (auto)  状態=IME ON・入力なし
    前     : A(open=1 conv=0x19) B(open=1 conv=0x19) T(open=1 conv=0x19) G(open=0 conv=0x00) comp="" tail="aaaaaaaa"
    +100ms: A(open=0 conv=0x19) B(open=0 conv=0x19) T(open=0 conv=0x19) G(open=0 conv=0x00) comp="" tail="aaaaaaaa"
    +400ms: A(open=0 conv=0x19) B(open=0 conv=0x19) T(open=0 conv=0x19) G(open=0 conv=0x00) comp="" tail="aaaaaaaa"
    +1500ms: A(open=0 conv=0x19) B(open=0 conv=0x19) T(open=0 conv=0x19) G(open=0 conv=0x00) comp="" tail="aaaaaaaa"
    差分 (前→+100ms): Δ open A:1→0 B:1→0 / tsf-thread open:1→0 conv:0x19→0x19   (前→+400ms): Δ open A:1→0 B:1→0 / tsf-thread open:1→0 conv:0x19→0x19   (前→+1500ms): Δ open A:1→0 B:1→0 / tsf-thread open:1→0 conv:0x19→0x19
[EXP] cond=scan0/write trial=9 probe(a): open=0 conv=0x19 comp="" tail="aaaaaaaa"
[14:01:46.216Z] KEY [準備/その他] a vk=0x41 scan=0x1E press=14:01:44.656Z (auto)  状態=直接入力
    前     : A(open=0 conv=0x19) B(open=0 conv=0x19) T(open=0 conv=0x19) G(open=0 conv=0x00) comp="" tail="aaaaaaaa"
    +100ms: A(open=0 conv=0x19) B(open=0 conv=0x19) T(open=0 conv=0x19) G(open=0 conv=0x00) comp="" tail="aaaaaaaa"
    +400ms: A(open=0 conv=0x19) B(open=0 conv=0x19) T(open=0 conv=0x19) G(open=0 conv=0x00) comp="" tail="aaaaaaaa"
    +1500ms: A(open=0 conv=0x19) B(open=0 conv=0x19) T(open=0 conv=0x19) G(open=0 conv=0x00) comp="" tail="aaaaaaaa"
    差分 (前→+100ms): Δなし   (前→+400ms): Δなし   (前→+1500ms): Δなし
[14:01:47.218Z] KEY [準備/その他] ESC vk=0x1B scan=0x01 press=14:01:45.648Z (auto)  状態=直接入力
    前     : A(open=0 conv=0x19) B(open=0 conv=0x19) T(open=0 conv=0x19) G(open=0 conv=0x00) comp="" tail="aaaaaaaa"
    +100ms: A(open=0 conv=0x19) B(open=0 conv=0x19) T(open=0 conv=0x19) G(open=0 conv=0x00) comp="" tail="aaaaaaaa"
    +400ms: A(open=0 conv=0x19) B(open=0 conv=0x19) T(open=0 conv=0x19) G(open=0 conv=0x00) comp="" tail="aaaaaaaa"
    +1500ms: A(open=1 conv=0x09) B(open=1 conv=0x09) T(open=1 conv=0x09) G(open=0 conv=0x00) comp="" tail="aaaaaaaa"
    差分 (前→+100ms): Δなし   (前→+400ms): Δなし   (前→+1500ms): Δ open A:0→1 B:0→1 / conv A:0x19→0x09 B:0x19→0x09 / tsf-thread open:0→1 conv:0x19→0x09
[14:01:48.218Z] KEY [準備/その他] ひらがな(0xF2) vk=0xF2 scan=0x70 press=14:01:46.658Z (auto)  状態=直接入力
    前     : A(open=0 conv=0x19) B(open=0 conv=0x19) T(open=0 conv=0x19) G(open=0 conv=0x00) comp="" tail="aaaaaaaa"
    +100ms: A(open=1 conv=0x09) B(open=1 conv=0x09) T(open=1 conv=0x09) G(open=0 conv=0x00) comp="" tail="aaaaaaaa"
    +400ms: A(open=1 conv=0x09) B(open=1 conv=0x09) T(open=1 conv=0x09) G(open=0 conv=0x00) comp="" tail="aaaaaaaa"
    +1500ms: A(open=1 conv=0x19) B(open=1 conv=0x19) T(open=1 conv=0x19) G(open=0 conv=0x00) comp="" tail="aaaaaaaa"
    差分 (前→+100ms): Δ open A:0→1 B:0→1 / conv A:0x19→0x09 B:0x19→0x09 / tsf-thread open:0→1 conv:0x19→0x09   (前→+400ms): Δ open A:0→1 B:0→1 / conv A:0x19→0x09 B:0x19→0x09 / tsf-thread open:0→1 conv:0x19→0x09   (前→+1500ms): Δ open A:0→1 B:0→1 / tsf-thread open:0→1 conv:0x19→0x19
[EXP-POST] cond=scan0/write trial=10 pre(open=1 conv=0x19) post(open=0 conv=0x19 comp="")
[14:01:50.030Z] KEY [準備/その他] ひらがな(0xF2) vk=0xF2 scan=0x00 press=14:01:48.407Z (auto)  状態=IME ON・入力なし
    前     : A(open=1 conv=0x19) B(open=1 conv=0x19) T(open=1 conv=0x19) G(open=0 conv=0x00) comp="" tail="aaaaaaaa"
    +100ms: A(open=0 conv=0x19) B(open=0 conv=0x19) T(open=0 conv=0x19) G(open=0 conv=0x00) comp="" tail="aaaaaaaa"
    +400ms: A(open=0 conv=0x19) B(open=0 conv=0x19) T(open=0 conv=0x19) G(open=0 conv=0x00) comp="" tail="aaaaaaaa"
    +1500ms: A(open=0 conv=0x19) B(open=0 conv=0x19) T(open=0 conv=0x19) G(open=0 conv=0x00) comp="" tail="aaaaaaaa"
    差分 (前→+100ms): Δ open A:1→0 B:1→0 / tsf-thread open:1→0 conv:0x19→0x19   (前→+400ms): Δ open A:1→0 B:1→0 / tsf-thread open:1→0 conv:0x19→0x19   (前→+1500ms): Δ open A:1→0 B:1→0 / tsf-thread open:1→0 conv:0x19→0x19
[EXP] cond=scan0/write trial=10 probe(a): open=0 conv=0x19 comp="" tail="aaaaaaaa"
[14:01:51.274Z] KEY [準備/その他] a vk=0x41 scan=0x1E press=14:01:49.679Z (auto)  状態=直接入力
    前     : A(open=0 conv=0x19) B(open=0 conv=0x19) T(open=0 conv=0x19) G(open=0 conv=0x00) comp="" tail="aaaaaaaa"
    +100ms: A(open=0 conv=0x19) B(open=0 conv=0x19) T(open=0 conv=0x19) G(open=0 conv=0x00) comp="" tail="aaaaaaaa"
    +400ms: A(open=0 conv=0x19) B(open=0 conv=0x19) T(open=0 conv=0x19) G(open=0 conv=0x00) comp="" tail="aaaaaaaa"
    +1500ms: A(open=0 conv=0x19) B(open=0 conv=0x19) T(open=0 conv=0x19) G(open=0 conv=0x00) comp="" tail="aaaaaaaa"
    差分 (前→+100ms): Δなし   (前→+400ms): Δなし   (前→+1500ms): Δなし
[14:01:52.277Z] KEY [準備/その他] ESC vk=0x1B scan=0x01 press=14:01:50.661Z (auto)  状態=直接入力
    前     : A(open=0 conv=0x19) B(open=0 conv=0x19) T(open=0 conv=0x19) G(open=0 conv=0x00) comp="" tail="aaaaaaaa"
    +100ms: A(open=0 conv=0x19) B(open=0 conv=0x19) T(open=0 conv=0x19) G(open=0 conv=0x00) comp="" tail="aaaaaaaa"
    +400ms: A(open=0 conv=0x19) B(open=0 conv=0x19) T(open=0 conv=0x19) G(open=0 conv=0x00) comp="" tail="aaaaaaaa"
    +1500ms: A(open=1 conv=0x09) B(open=1 conv=0x09) T(open=1 conv=0x09) G(open=0 conv=0x00) comp="" tail="aaaaaaaa"
    差分 (前→+100ms): Δなし   (前→+400ms): Δなし   (前→+1500ms): Δ open A:0→1 B:0→1 / conv A:0x19→0x09 B:0x19→0x09 / tsf-thread open:0→1 conv:0x19→0x09
[14:01:53.335Z] KEY [準備/その他] ひらがな(0xF2) vk=0xF2 scan=0x70 press=14:01:51.717Z (auto)  状態=直接入力
    前     : A(open=0 conv=0x19) B(open=0 conv=0x19) T(open=0 conv=0x19) G(open=0 conv=0x00) comp="" tail="aaaaaaaa"
    +100ms: A(open=1 conv=0x09) B(open=1 conv=0x09) T(open=1 conv=0x09) G(open=0 conv=0x00) comp="" tail="aaaaaaaa"
    +400ms: A(open=1 conv=0x09) B(open=1 conv=0x09) T(open=1 conv=0x09) G(open=0 conv=0x00) comp="" tail="aaaaaaaa"
    +1500ms: A(open=1 conv=0x19) B(open=1 conv=0x19) T(open=1 conv=0x19) G(open=0 conv=0x00) comp="" tail="aaaaaaaa"
    差分 (前→+100ms): Δ open A:0→1 B:0→1 / conv A:0x19→0x09 B:0x19→0x09 / tsf-thread open:0→1 conv:0x19→0x09   (前→+400ms): Δ open A:0→1 B:0→1 / conv A:0x19→0x09 B:0x19→0x09 / tsf-thread open:0→1 conv:0x19→0x09   (前→+1500ms): Δ open A:0→1 B:0→1 / tsf-thread open:0→1 conv:0x19→0x19
[EXP-POST] cond=scan0/write trial=11 pre(open=1 conv=0x19) post(open=0 conv=0x19 comp="")
[14:01:55.101Z] KEY [準備/その他] ひらがな(0xF2) vk=0xF2 scan=0x00 press=14:01:53.524Z (auto)  状態=IME ON・入力なし
    前     : A(open=1 conv=0x19) B(open=1 conv=0x19) T(open=1 conv=0x19) G(open=0 conv=0x00) comp="" tail="aaaaaaaa"
    +100ms: A(open=0 conv=0x19) B(open=0 conv=0x19) T(open=0 conv=0x19) G(open=0 conv=0x00) comp="" tail="aaaaaaaa"
    +400ms: A(open=0 conv=0x19) B(open=0 conv=0x19) T(open=0 conv=0x19) G(open=0 conv=0x00) comp="" tail="aaaaaaaa"
    +1500ms: A(open=0 conv=0x19) B(open=0 conv=0x19) T(open=0 conv=0x19) G(open=0 conv=0x00) comp="" tail="aaaaaaaa"
    差分 (前→+100ms): Δ open A:1→0 B:1→0 / tsf-thread open:1→0 conv:0x19→0x19   (前→+400ms): Δ open A:1→0 B:1→0 / tsf-thread open:1→0 conv:0x19→0x19   (前→+1500ms): Δ open A:1→0 B:1→0 / tsf-thread open:1→0 conv:0x19→0x19
[EXP] cond=scan0/write trial=11 probe(a): open=0 conv=0x19 comp="" tail="aaaaaaaa"
[14:01:56.359Z] KEY [準備/その他] a vk=0x41 scan=0x1E press=14:01:54.789Z (auto)  状態=直接入力
    前     : A(open=0 conv=0x19) B(open=0 conv=0x19) T(open=0 conv=0x19) G(open=0 conv=0x00) comp="" tail="aaaaaaaa"
    +100ms: A(open=0 conv=0x19) B(open=0 conv=0x19) T(open=0 conv=0x19) G(open=0 conv=0x00) comp="" tail="aaaaaaaa"
    +400ms: A(open=0 conv=0x19) B(open=0 conv=0x19) T(open=0 conv=0x19) G(open=0 conv=0x00) comp="" tail="aaaaaaaa"
    +1500ms: A(open=0 conv=0x19) B(open=0 conv=0x19) T(open=0 conv=0x19) G(open=0 conv=0x00) comp="" tail="aaaaaaaa"
    差分 (前→+100ms): Δなし   (前→+400ms): Δなし   (前→+1500ms): Δなし
[14:01:57.362Z] KEY [準備/その他] ESC vk=0x1B scan=0x01 press=14:01:55.795Z (auto)  状態=直接入力
    前     : A(open=0 conv=0x19) B(open=0 conv=0x19) T(open=0 conv=0x19) G(open=0 conv=0x00) comp="" tail="aaaaaaaa"
    +100ms: A(open=0 conv=0x19) B(open=0 conv=0x19) T(open=0 conv=0x19) G(open=0 conv=0x00) comp="" tail="aaaaaaaa"
    +400ms: A(open=0 conv=0x19) B(open=0 conv=0x19) T(open=0 conv=0x19) G(open=0 conv=0x00) comp="" tail="aaaaaaaa"
    +1500ms: A(open=1 conv=0x09) B(open=1 conv=0x09) T(open=1 conv=0x09) G(open=0 conv=0x00) comp="" tail="aaaaaaaa"
    差分 (前→+100ms): Δなし   (前→+400ms): Δなし   (前→+1500ms): Δ open A:0→1 B:0→1 / conv A:0x19→0x09 B:0x19→0x09 / tsf-thread open:0→1 conv:0x19→0x09
[14:01:58.420Z] KEY [準備/その他] ひらがな(0xF2) vk=0xF2 scan=0x70 press=14:01:56.797Z (auto)  状態=直接入力
    前     : A(open=0 conv=0x19) B(open=0 conv=0x19) T(open=0 conv=0x19) G(open=0 conv=0x00) comp="" tail="aaaaaaaa"
    +100ms: A(open=1 conv=0x09) B(open=1 conv=0x09) T(open=1 conv=0x09) G(open=0 conv=0x00) comp="" tail="aaaaaaaa"
    +400ms: A(open=1 conv=0x09) B(open=1 conv=0x09) T(open=1 conv=0x09) G(open=0 conv=0x00) comp="" tail="aaaaaaaa"
    +1500ms: A(open=1 conv=0x19) B(open=1 conv=0x19) T(open=1 conv=0x19) G(open=0 conv=0x00) comp="" tail="aaaaaaaa"
    差分 (前→+100ms): Δ open A:0→1 B:0→1 / conv A:0x19→0x09 B:0x19→0x09 / tsf-thread open:0→1 conv:0x19→0x09   (前→+400ms): Δ open A:0→1 B:0→1 / conv A:0x19→0x09 B:0x19→0x09 / tsf-thread open:0→1 conv:0x19→0x09   (前→+1500ms): Δ open A:0→1 B:0→1 / tsf-thread open:0→1 conv:0x19→0x19
[EXP-POST] cond=scan0/write trial=12 pre(open=1 conv=0x19) post(open=0 conv=0x19 comp="")
[14:02:00.171Z] KEY [準備/その他] ひらがな(0xF2) vk=0xF2 scan=0x00 press=14:01:58.548Z (auto)  状態=IME ON・入力なし
    前     : A(open=1 conv=0x19) B(open=1 conv=0x19) T(open=1 conv=0x19) G(open=0 conv=0x00) comp="" tail="aaaaaaaa"
    +100ms: A(open=0 conv=0x19) B(open=0 conv=0x19) T(open=0 conv=0x19) G(open=0 conv=0x00) comp="" tail="aaaaaaaa"
    +400ms: A(open=0 conv=0x19) B(open=0 conv=0x19) T(open=0 conv=0x19) G(open=0 conv=0x00) comp="" tail="aaaaaaaa"
    +1500ms: A(open=0 conv=0x19) B(open=0 conv=0x19) T(open=0 conv=0x19) G(open=0 conv=0x00) comp="" tail="aaaaaaaa"
    差分 (前→+100ms): Δ open A:1→0 B:1→0 / tsf-thread open:1→0 conv:0x19→0x19   (前→+400ms): Δ open A:1→0 B:1→0 / tsf-thread open:1→0 conv:0x19→0x19   (前→+1500ms): Δ open A:1→0 B:1→0 / tsf-thread open:1→0 conv:0x19→0x19
[EXP] cond=scan0/write trial=12 probe(a): open=0 conv=0x19 comp="" tail="aaaaaaaa"
[14:02:01.363Z] KEY [準備/その他] a vk=0x41 scan=0x1E press=14:01:59.794Z (auto)  状態=直接入力
    前     : A(open=0 conv=0x19) B(open=0 conv=0x19) T(open=0 conv=0x19) G(open=0 conv=0x00) comp="" tail="aaaaaaaa"
    +100ms: A(open=0 conv=0x19) B(open=0 conv=0x19) T(open=0 conv=0x19) G(open=0 conv=0x00) comp="" tail="aaaaaaaa"
    +400ms: A(open=0 conv=0x19) B(open=0 conv=0x19) T(open=0 conv=0x19) G(open=0 conv=0x00) comp="" tail="aaaaaaaa"
    +1500ms: A(open=0 conv=0x19) B(open=0 conv=0x19) T(open=0 conv=0x19) G(open=0 conv=0x00) comp="" tail="aaaaaaaa"
    差分 (前→+100ms): Δなし   (前→+400ms): Δなし   (前→+1500ms): Δなし
[EXP] cond=scan0/write 12手完了
[EXP] cond=scan0/write 12手完了
[EXP] cond=scan0/write 12手完了
[EXP] cond=scan0/write 12手完了
[EXP] cond=scan0/write 12手完了
[EXP] cond=scan0/write 12手完了
[EXP] cond=scan0/write 12手完了
[EXP] cond=scan0/write 12手完了
[EXP] cond=scan0/write 12手完了
[EXP] cond=scan0/write 12手完了
[EXP] cond=scan0/write 12手完了
[14:02:02.424Z] KEY [準備/その他] ESC vk=0x1B scan=0x01 press=14:02:00.799Z (auto)  状態=直接入力
    前     : A(open=0 conv=0x19) B(open=0 conv=0x19) T(open=0 conv=0x19) G(open=0 conv=0x00) comp="" tail="aaaaaaaa"
    +100ms: A(open=0 conv=0x19) B(open=0 conv=0x19) T(open=0 conv=0x19) G(open=0 conv=0x00) comp="" tail="aaaaaaaa"
    +400ms: A(open=0 conv=0x19) B(open=0 conv=0x19) T(open=0 conv=0x19) G(open=0 conv=0x00) comp="" tail="aaaaaaaa"
    +1500ms: A(open=0 conv=0x19) B(open=0 conv=0x19) T(open=0 conv=0x19) G(open=0 conv=0x00) comp="" tail="aaaaaaaa"
    差分 (前→+100ms): Δなし   (前→+400ms): Δなし   (前→+1500ms): Δなし
[EXP] cond=scan0/write 12手完了
[EXP] cond=scan0/write 12手完了
[EXP] cond=scan0/write 12手完了
[EXP] cond=scan0/write 12手完了
[EXP] cond=scan0/write 12手完了
[EXP] cond=scan0/write 12手完了
[EXP] cond=scan0/write 12手完了
[EXP] cond=scan0/write 12手完了
[EXP] cond=scan0/write 12手完了
[EXP] cond=scan0/write 12手完了
[EXP] cond=scan0/write 12手完了
[EXP] cond=scan0/write 12手完了
[EXP] cond=scan0/write 12手完了
[EXP] cond=scan0/write 12手完了
script error: Output type incorrect: bool (expecting ())
