[04:38:30.515Z] chrome=C:\Users\cuzic\scoop\apps\googlechrome\current\chrome.exe port=56481 awase=true repeat=1
[04:38:33.729Z] 前面化: true
[04:38:34.653Z] [CASE 1/8 run 1/1] かな→無変換=IME OFF
[04:38:34.723Z] KEY vk=0x16 (auto)
[04:38:35.266Z] KEY vk=0x4B (auto)
[04:38:35.329Z] KEY vk=0x41 (auto)
[04:38:35.912Z] PROBE setup:IME_ON後: NICOLA文字(Engine ON) text="きう" Process(229)=true
[04:38:36.033Z] KEY vk=0x1D (auto)
[04:38:36.565Z] KEY vk=0x4B (auto)
[04:38:36.628Z] KEY vk=0x41 (auto)
[04:38:37.213Z] PROBE action後: ka(英数/直接) text="ka" Process(229)=false
[04:38:37.214Z] RESULT PASS
[04:38:37.214Z] [CASE 2/8 run 1/1] 直接入力→無変換=かなON
[04:38:37.261Z] KEY vk=0x16 (auto)
[04:38:37.793Z] KEY vk=0x4B (auto)
[04:38:37.856Z] KEY vk=0x41 (auto)
[04:38:38.443Z] PROBE setup:IME_ON後: NICOLA文字(Engine ON) text="きう" Process(229)=true
[04:38:38.484Z] KEY vk=0x1A (auto)
[04:38:39.017Z] KEY vk=0x4B (auto)
[04:38:39.079Z] KEY vk=0x41 (auto)
[04:38:39.641Z] PROBE setup:IME_OFF後: ka(英数/直接) text="ka" Process(229)=false
[04:38:39.764Z] KEY vk=0x1D (auto)
[04:38:40.297Z] KEY vk=0x4B (auto)
[04:38:40.407Z] KEY vk=0x41 (auto)
[04:38:40.989Z] PROBE action後: NICOLA文字(Engine ON) text="きう" Process(229)=true
[04:38:40.990Z] RESULT PASS
[04:38:40.990Z] [CASE 3/8 run 1/1] かな→ひらがな=半角英数
[04:38:41.037Z] KEY vk=0x16 (auto)
[04:38:41.569Z] KEY vk=0x4B (auto)
[04:38:41.636Z] KEY vk=0x41 (auto)
[04:38:42.242Z] PROBE setup:IME_ON後: NICOLA文字(Engine ON) text="きう" Process(229)=true
[04:38:42.363Z] KEY vk=0xF2 (auto)
[04:38:42.895Z] KEY vk=0x4B (auto)
[04:38:42.961Z] KEY vk=0x41 (auto)
[04:38:43.543Z] PROBE action後: その他 text="kiu" Process(229)=true
[04:38:43.544Z] RESULT FAIL: 期待=ka 実際=その他
[04:38:43.545Z] [CASE 4/8 run 1/1] 半角英数→ひらがな=かな
[04:38:43.590Z] KEY vk=0x16 (auto)
[04:38:44.122Z] KEY vk=0x4B (auto)
[04:38:44.187Z] KEY vk=0x41 (auto)
[04:38:44.750Z] PROBE setup:IME_ON後: その他 text="kiu" Process(229)=true
[04:38:44.812Z] KEY vk=0xF2 (auto)
[04:38:45.344Z] KEY vk=0x4B (auto)
[04:38:45.413Z] KEY vk=0x41 (auto)
[04:38:46.004Z] PROBE setup:ひらがな後: NICOLA文字(Engine ON) text="きう" Process(229)=true
[04:38:46.065Z] KEY vk=0xF2 (auto)
[04:38:46.597Z] KEY vk=0x4B (auto)
[04:38:46.663Z] KEY vk=0x41 (auto)
[04:38:47.225Z] PROBE setup:ひらがな(かな→半角英数)後: その他 text="kiu" Process(229)=true
[04:38:47.225Z] RESULT INVALID: 前提状態にできなかった
[04:38:47.226Z] [CASE 5/8 run 1/1] かな→変換=IME OFF
[04:38:47.274Z] KEY vk=0x16 (auto)
[04:38:47.807Z] KEY vk=0x4B (auto)
[04:38:47.869Z] KEY vk=0x41 (auto)
[04:38:48.472Z] PROBE setup:IME_ON後: その他 text="kiu" Process(229)=true
[04:38:48.535Z] KEY vk=0xF2 (auto)
[04:38:49.067Z] KEY vk=0x4B (auto)
[04:38:49.128Z] KEY vk=0x41 (auto)
[04:38:49.731Z] PROBE setup:ひらがな後: NICOLA文字(Engine ON) text="きう" Process(229)=true
[04:38:49.854Z] KEY vk=0x1C (auto)
[04:38:50.394Z] KEY vk=0x4B (auto)
[04:38:50.458Z] KEY vk=0x41 (auto)
[04:38:51.020Z] PROBE action後: ka(英数/直接) text="ka" Process(229)=false
[04:38:51.021Z] RESULT PASS
[04:38:51.022Z] [CASE 6/8 run 1/1] 直接入力→変換=かなON
[04:38:51.068Z] KEY vk=0x16 (auto)
[04:38:51.600Z] KEY vk=0x4B (auto)
[04:38:51.664Z] KEY vk=0x41 (auto)
[04:38:52.226Z] PROBE setup:IME_ON後: NICOLA文字(Engine ON) text="きう" Process(229)=true
[04:38:52.270Z] KEY vk=0x1A (auto)
[04:38:52.806Z] KEY vk=0x4B (auto)
[04:38:52.876Z] KEY vk=0x41 (auto)
[04:38:53.439Z] PROBE setup:IME_OFF後: ka(英数/直接) text="ka" Process(229)=false
[04:38:53.562Z] KEY vk=0x1C (auto)
[04:38:54.093Z] KEY vk=0x4B (auto)
[04:38:54.158Z] KEY vk=0x41 (auto)
[04:38:54.761Z] PROBE action後: NICOLA文字(Engine ON) text="きう" Process(229)=true
[04:38:54.761Z] RESULT PASS
[04:38:54.762Z] [CASE 7/8 run 1/1] かな→Shift+無変換=半角英数
[04:38:54.806Z] KEY vk=0x16 (auto)
[04:38:55.338Z] KEY vk=0x4B (auto)
[04:38:55.403Z] KEY vk=0x41 (auto)
[04:38:55.993Z] PROBE setup:IME_ON後: NICOLA文字(Engine ON) text="きう" Process(229)=true
[04:38:56.198Z] KEY vk=0x1D +Shift (auto)
[04:38:56.729Z] KEY vk=0x4B (auto)
[04:38:56.794Z] KEY vk=0x41 (auto)
[04:38:57.356Z] PROBE action後: その他 text="kiu" Process(229)=true
[04:38:57.356Z] RESULT FAIL: 期待=ka 実際=その他
[04:38:57.357Z] [CASE 8/8 run 1/1] 直接入力→Shift+無変換=直接入力のまま
[04:38:57.402Z] KEY vk=0x16 (auto)
[04:38:57.934Z] KEY vk=0x4B (auto)
[04:38:57.999Z] KEY vk=0x41 (auto)
[04:38:58.583Z] PROBE setup:IME_ON後: その他 text="kiu" Process(229)=true
[04:38:58.648Z] KEY vk=0xF2 (auto)
[04:38:59.182Z] KEY vk=0x4B (auto)
[04:38:59.246Z] KEY vk=0x41 (auto)
[04:38:59.809Z] PROBE setup:ひらがな後: NICOLA文字(Engine ON) text="きう" Process(229)=true
[04:38:59.851Z] KEY vk=0x1A (auto)
[04:39:00.383Z] KEY vk=0x4B (auto)
[04:39:00.445Z] KEY vk=0x41 (auto)
[04:39:01.008Z] PROBE setup:IME_OFF後: ka(英数/直接) text="ka" Process(229)=false
[04:39:01.211Z] KEY vk=0x1D +Shift (auto)
[04:39:01.746Z] KEY vk=0x4B (auto)
[04:39:01.814Z] KEY vk=0x41 (auto)
[04:39:02.378Z] PROBE action後: ka(英数/直接) text="ka" Process(229)=false
[04:39:02.378Z] RESULT PASS
[04:39:02.379Z] SUMMARY PASS=5 FAIL=2 INVALID=1
[04:39:02.379Z] === 全ケース完了 ===
script error: Output type incorrect: bool (expecting ())
