=== IME key matrix spike (awase 非依存) ===
観測: A=IMM(ImmGet*) / B=WM_IME_CONTROL / T=TSFスレッドcompartment / G=TSFグローバルcompartment
conv の目安: 0x19=ひらがな(NATIVE|FULLSHAPE|ROMAN) 0x10=半角英数(ROMAN) 0x00=直接入力系
手順: awase を止める → 画面中段の案内に従ってキーを1回ずつ押す（全 2ラウンド×20ステップ、各押下後は3秒待機）
ROUND1=標準EDIT / ROUND2=RichEdit(TSFネイティブ)。そのキーが無い場合は Ctrl+Shift+F12 でスキップ
ログファイル: C:\Users\cuzic\scoop\persist\msys2\home\cuzic\awase-spike\target\debug\examples\ime_key_matrix_spike.log

=== ROUND 2/2: 対象コントロール = RichEdit 5.0(TSFネイティブ) ===
[AUTO] フォーカス復帰(入力欄)
[TIP] 開始時: clsid=03B5835F-F03C-411B-9CE2-AA23E1171E36 profile=A76C93D9-5523-4E90-AAFA-4DB112F9AC76 lang=0x0411
[14:24:24.180Z] KEY [準備/その他] ひらがな(0xF2) vk=0xF2 scan=0x70 press=14:24:22.602Z (auto)  状態=直接入力
    前     : A(open=0 conv=0x19) B(open=0 conv=0x19) T(open=0 conv=0x00) G(open=0 conv=0x00) comp="" tail=""
    +100ms: A(open=1 conv=0x09) B(open=1 conv=0x09) T(open=1 conv=0x09) G(open=0 conv=0x00) comp="" tail=""
    +400ms: A(open=1 conv=0x09) B(open=1 conv=0x09) T(open=1 conv=0x09) G(open=0 conv=0x00) comp="" tail=""
    +1500ms: A(open=1 conv=0x09) B(open=1 conv=0x09) T(open=1 conv=0x09) G(open=0 conv=0x00) comp="" tail=""
    差分 (前→+100ms): Δ open A:0→1 B:0→1 / conv A:0x19→0x09 B:0x19→0x09 / tsf-thread open:0→1 conv:0x00→0x09   (前→+400ms): Δ open A:0→1 B:0→1 / conv A:0x19→0x09 B:0x19→0x09 / tsf-thread open:0→1 conv:0x00→0x09   (前→+1500ms): Δ open A:0→1 B:0→1 / conv A:0x19→0x09 B:0x19→0x09 / tsf-thread open:0→1 conv:0x00→0x09
[EXP-POST] cond=scan70/nowrite trial=1 pre(open=1 conv=0x09) post(open=0 conv=0x09 comp="")
[14:24:25.943Z] KEY [準備/その他] ひらがな(0xF2) vk=0xF2 scan=0x70 press=14:24:24.368Z (auto)  状態=IME ON・入力なし
    前     : A(open=1 conv=0x09) B(open=1 conv=0x09) T(open=1 conv=0x09) G(open=0 conv=0x00) comp="" tail=""
    +100ms: A(open=0 conv=0x09) B(open=0 conv=0x09) T(open=0 conv=0x09) G(open=0 conv=0x00) comp="" tail=""
    +400ms: A(open=0 conv=0x09) B(open=0 conv=0x09) T(open=0 conv=0x09) G(open=0 conv=0x00) comp="" tail=""
    +1500ms: A(open=0 conv=0x09) B(open=0 conv=0x09) T(open=0 conv=0x09) G(open=0 conv=0x00) comp="" tail="a"
    差分 (前→+100ms): Δ open A:1→0 B:1→0 / tsf-thread open:1→0 conv:0x09→0x09   (前→+400ms): Δ open A:1→0 B:1→0 / tsf-thread open:1→0 conv:0x09→0x09   (前→+1500ms): Δ open A:1→0 B:1→0 / tsf-thread open:1→0 conv:0x09→0x09 / tail:""→"a"
[EXP] cond=scan70/nowrite trial=1 probe(a): open=0 conv=0x09 comp="" tail="a"
[14:24:27.129Z] KEY [準備/その他] a vk=0x41 scan=0x1E press=14:24:25.579Z (auto)  状態=直接入力
    前     : A(open=0 conv=0x09) B(open=0 conv=0x09) T(open=0 conv=0x09) G(open=0 conv=0x00) comp="" tail=""
    +100ms: A(open=0 conv=0x09) B(open=0 conv=0x09) T(open=0 conv=0x09) G(open=0 conv=0x00) comp="" tail="a"
    +400ms: A(open=0 conv=0x09) B(open=0 conv=0x09) T(open=0 conv=0x09) G(open=0 conv=0x00) comp="" tail="a"
    +1500ms: A(open=0 conv=0x09) B(open=0 conv=0x09) T(open=0 conv=0x09) G(open=0 conv=0x00) comp="" tail="a"
    差分 (前→+100ms): Δ tail:""→"a"   (前→+400ms): Δ tail:""→"a"   (前→+1500ms): Δ tail:""→"a"
[14:24:28.138Z] KEY [準備/その他] ESC vk=0x1B scan=0x01 press=14:24:26.562Z (auto)  状態=直接入力
    前     : A(open=0 conv=0x09) B(open=0 conv=0x09) T(open=0 conv=0x09) G(open=0 conv=0x00) comp="" tail="a"
    +100ms: A(open=0 conv=0x09) B(open=0 conv=0x09) T(open=0 conv=0x09) G(open=0 conv=0x00) comp="" tail="a"
    +400ms: A(open=0 conv=0x09) B(open=0 conv=0x09) T(open=0 conv=0x09) G(open=0 conv=0x00) comp="" tail="a"
    +1500ms: A(open=1 conv=0x09) B(open=1 conv=0x09) T(open=1 conv=0x09) G(open=0 conv=0x00) comp="" tail="a"
    差分 (前→+100ms): Δなし   (前→+400ms): Δなし   (前→+1500ms): Δ open A:0→1 B:0→1 / tsf-thread open:0→1 conv:0x09→0x09
[14:24:29.148Z] KEY [準備/その他] ひらがな(0xF2) vk=0xF2 scan=0x70 press=14:24:27.567Z (auto)  状態=直接入力
    前     : A(open=0 conv=0x09) B(open=0 conv=0x09) T(open=0 conv=0x09) G(open=0 conv=0x00) comp="" tail="a"
    +100ms: A(open=1 conv=0x09) B(open=1 conv=0x09) T(open=1 conv=0x09) G(open=0 conv=0x00) comp="" tail="a"
    +400ms: A(open=1 conv=0x09) B(open=1 conv=0x09) T(open=1 conv=0x09) G(open=0 conv=0x00) comp="" tail="a"
    +1500ms: A(open=1 conv=0x19) B(open=1 conv=0x19) T(open=1 conv=0x19) G(open=0 conv=0x00) comp="" tail="a"
    差分 (前→+100ms): Δ open A:0→1 B:0→1 / tsf-thread open:0→1 conv:0x09→0x09   (前→+400ms): Δ open A:0→1 B:0→1 / tsf-thread open:0→1 conv:0x09→0x09   (前→+1500ms): Δ open A:0→1 B:0→1 / conv A:0x09→0x19 B:0x09→0x19 / tsf-thread open:0→1 conv:0x09→0x19
[EXP-POST] cond=scan70/nowrite trial=2 pre(open=1 conv=0x19) post(open=0 conv=0x19 comp="")
[14:24:30.840Z] KEY [準備/その他] ひらがな(0xF2) vk=0xF2 scan=0x70 press=14:24:29.275Z (auto)  状態=IME ON・入力なし
    前     : A(open=1 conv=0x19) B(open=1 conv=0x19) T(open=1 conv=0x19) G(open=0 conv=0x00) comp="" tail="a"
    +100ms: A(open=0 conv=0x19) B(open=0 conv=0x19) T(open=0 conv=0x19) G(open=0 conv=0x00) comp="" tail="a"
    +400ms: A(open=0 conv=0x19) B(open=0 conv=0x19) T(open=0 conv=0x19) G(open=0 conv=0x00) comp="" tail="a"
    +1500ms: A(open=0 conv=0x19) B(open=0 conv=0x19) T(open=0 conv=0x19) G(open=0 conv=0x00) comp="" tail="aa"
    差分 (前→+100ms): Δ open A:1→0 B:1→0 / tsf-thread open:1→0 conv:0x19→0x19   (前→+400ms): Δ open A:1→0 B:1→0 / tsf-thread open:1→0 conv:0x19→0x19   (前→+1500ms): Δ open A:1→0 B:1→0 / tsf-thread open:1→0 conv:0x19→0x19 / tail:"a"→"aa"
[EXP] cond=scan70/nowrite trial=2 probe(a): open=0 conv=0x19 comp="" tail="aa"
[14:24:32.114Z] KEY [準備/その他] a vk=0x41 scan=0x1E press=14:24:30.549Z (auto)  状態=直接入力
    前     : A(open=0 conv=0x19) B(open=0 conv=0x19) T(open=0 conv=0x19) G(open=0 conv=0x00) comp="" tail="a"
    +100ms: A(open=0 conv=0x19) B(open=0 conv=0x19) T(open=0 conv=0x19) G(open=0 conv=0x00) comp="" tail="aa"
    +400ms: A(open=0 conv=0x19) B(open=0 conv=0x19) T(open=0 conv=0x19) G(open=0 conv=0x00) comp="" tail="aa"
    +1500ms: A(open=0 conv=0x19) B(open=0 conv=0x19) T(open=0 conv=0x19) G(open=0 conv=0x00) comp="" tail="aa"
    差分 (前→+100ms): Δ tail:"a"→"aa"   (前→+400ms): Δ tail:"a"→"aa"   (前→+1500ms): Δ tail:"a"→"aa"
[14:24:33.116Z] KEY [準備/その他] ESC vk=0x1B scan=0x01 press=14:24:31.521Z (auto)  状態=直接入力
    前     : A(open=0 conv=0x19) B(open=0 conv=0x19) T(open=0 conv=0x19) G(open=0 conv=0x00) comp="" tail="aa"
    +100ms: A(open=0 conv=0x19) B(open=0 conv=0x19) T(open=0 conv=0x19) G(open=0 conv=0x00) comp="" tail="aa"
    +400ms: A(open=0 conv=0x19) B(open=0 conv=0x19) T(open=0 conv=0x19) G(open=0 conv=0x00) comp="" tail="aa"
    +1500ms: A(open=1 conv=0x19) B(open=1 conv=0x19) T(open=1 conv=0x19) G(open=0 conv=0x00) comp="" tail="aa"
    差分 (前→+100ms): Δなし   (前→+400ms): Δなし   (前→+1500ms): Δ open A:0→1 B:0→1 / tsf-thread open:0→1 conv:0x19→0x19
[14:24:34.187Z] KEY [準備/その他] ひらがな(0xF2) vk=0xF2 scan=0x70 press=14:24:32.566Z (auto)  状態=直接入力
    前     : A(open=0 conv=0x19) B(open=0 conv=0x19) T(open=0 conv=0x19) G(open=0 conv=0x00) comp="" tail="aa"
    +100ms: A(open=1 conv=0x09) B(open=1 conv=0x09) T(open=1 conv=0x09) G(open=0 conv=0x00) comp="" tail="aa"
    +400ms: A(open=1 conv=0x09) B(open=1 conv=0x09) T(open=1 conv=0x09) G(open=0 conv=0x00) comp="" tail="aa"
    +1500ms: A(open=1 conv=0x19) B(open=1 conv=0x19) T(open=1 conv=0x19) G(open=0 conv=0x00) comp="" tail="aa"
    差分 (前→+100ms): Δ open A:0→1 B:0→1 / conv A:0x19→0x09 B:0x19→0x09 / tsf-thread open:0→1 conv:0x19→0x09   (前→+400ms): Δ open A:0→1 B:0→1 / conv A:0x19→0x09 B:0x19→0x09 / tsf-thread open:0→1 conv:0x19→0x09   (前→+1500ms): Δ open A:0→1 B:0→1 / tsf-thread open:0→1 conv:0x19→0x19
[EXP-POST] cond=scan70/nowrite trial=3 pre(open=1 conv=0x19) post(open=0 conv=0x19 comp="")
[14:24:35.932Z] KEY [準備/その他] ひらがな(0xF2) vk=0xF2 scan=0x70 press=14:24:34.313Z (auto)  状態=IME ON・入力なし
    前     : A(open=1 conv=0x19) B(open=1 conv=0x19) T(open=1 conv=0x19) G(open=0 conv=0x00) comp="" tail="aa"
    +100ms: A(open=0 conv=0x19) B(open=0 conv=0x19) T(open=0 conv=0x19) G(open=0 conv=0x00) comp="" tail="aa"
    +400ms: A(open=0 conv=0x19) B(open=0 conv=0x19) T(open=0 conv=0x19) G(open=0 conv=0x00) comp="" tail="aa"
    +1500ms: A(open=0 conv=0x19) B(open=0 conv=0x19) T(open=0 conv=0x19) G(open=0 conv=0x00) comp="" tail="aaa"
    差分 (前→+100ms): Δ open A:1→0 B:1→0 / tsf-thread open:1→0 conv:0x19→0x19   (前→+400ms): Δ open A:1→0 B:1→0 / tsf-thread open:1→0 conv:0x19→0x19   (前→+1500ms): Δ open A:1→0 B:1→0 / tsf-thread open:1→0 conv:0x19→0x19 / tail:"aa"→"aaa"
[EXP] cond=scan70/nowrite trial=3 probe(a): open=0 conv=0x19 comp="" tail="aaa"
[14:24:37.181Z] KEY [準備/その他] a vk=0x41 scan=0x1E press=14:24:35.585Z (auto)  状態=直接入力
    前     : A(open=0 conv=0x19) B(open=0 conv=0x19) T(open=0 conv=0x19) G(open=0 conv=0x00) comp="" tail="aa"
    +100ms: A(open=0 conv=0x19) B(open=0 conv=0x19) T(open=0 conv=0x19) G(open=0 conv=0x00) comp="" tail="aaa"
    +400ms: A(open=0 conv=0x19) B(open=0 conv=0x19) T(open=0 conv=0x19) G(open=0 conv=0x00) comp="" tail="aaa"
    +1500ms: A(open=0 conv=0x19) B(open=0 conv=0x19) T(open=0 conv=0x19) G(open=0 conv=0x00) comp="" tail="aaa"
    差分 (前→+100ms): Δ tail:"aa"→"aaa"   (前→+400ms): Δ tail:"aa"→"aaa"   (前→+1500ms): Δ tail:"aa"→"aaa"
[14:24:38.129Z] KEY [準備/その他] ESC vk=0x1B scan=0x01 press=14:24:36.566Z (auto)  状態=直接入力
    前     : A(open=0 conv=0x19) B(open=0 conv=0x19) T(open=0 conv=0x19) G(open=0 conv=0x00) comp="" tail="aaa"
    +100ms: A(open=0 conv=0x19) B(open=0 conv=0x19) T(open=0 conv=0x19) G(open=0 conv=0x00) comp="" tail="aaa"
    +400ms: A(open=0 conv=0x19) B(open=0 conv=0x19) T(open=0 conv=0x19) G(open=0 conv=0x00) comp="" tail="aaa"
    +1500ms: A(open=1 conv=0x09) B(open=1 conv=0x09) T(open=1 conv=0x09) G(open=0 conv=0x00) comp="" tail="aaa"
    差分 (前→+100ms): Δなし   (前→+400ms): Δなし   (前→+1500ms): Δ open A:0→1 B:0→1 / conv A:0x19→0x09 B:0x19→0x09 / tsf-thread open:0→1 conv:0x19→0x09
[14:24:39.208Z] KEY [準備/その他] ひらがな(0xF2) vk=0xF2 scan=0x70 press=14:24:37.630Z (auto)  状態=直接入力
    前     : A(open=0 conv=0x19) B(open=0 conv=0x19) T(open=0 conv=0x19) G(open=0 conv=0x00) comp="" tail="aaa"
    +100ms: A(open=1 conv=0x09) B(open=1 conv=0x09) T(open=1 conv=0x09) G(open=0 conv=0x00) comp="" tail="aaa"
    +400ms: A(open=1 conv=0x09) B(open=1 conv=0x09) T(open=1 conv=0x09) G(open=0 conv=0x00) comp="" tail="aaa"
    +1500ms: A(open=1 conv=0x19) B(open=1 conv=0x19) T(open=1 conv=0x19) G(open=0 conv=0x00) comp="" tail="aaa"
    差分 (前→+100ms): Δ open A:0→1 B:0→1 / conv A:0x19→0x09 B:0x19→0x09 / tsf-thread open:0→1 conv:0x19→0x09   (前→+400ms): Δ open A:0→1 B:0→1 / conv A:0x19→0x09 B:0x19→0x09 / tsf-thread open:0→1 conv:0x19→0x09   (前→+1500ms): Δ open A:0→1 B:0→1 / tsf-thread open:0→1 conv:0x19→0x19
[EXP-POST] cond=scan70/nowrite trial=4 pre(open=1 conv=0x19) post(open=0 conv=0x19 comp="")
[14:24:41.012Z] KEY [準備/その他] ひらがな(0xF2) vk=0xF2 scan=0x70 press=14:24:39.447Z (auto)  状態=IME ON・入力なし
    前     : A(open=1 conv=0x19) B(open=1 conv=0x19) T(open=1 conv=0x19) G(open=0 conv=0x00) comp="" tail="aaa"
    +100ms: A(open=0 conv=0x19) B(open=0 conv=0x19) T(open=0 conv=0x19) G(open=0 conv=0x00) comp="" tail="aaa"
    +400ms: A(open=0 conv=0x19) B(open=0 conv=0x19) T(open=0 conv=0x19) G(open=0 conv=0x00) comp="" tail="aaa"
    +1500ms: A(open=0 conv=0x19) B(open=0 conv=0x19) T(open=0 conv=0x19) G(open=0 conv=0x00) comp="" tail="aaaa"
    差分 (前→+100ms): Δ open A:1→0 B:1→0 / tsf-thread open:1→0 conv:0x19→0x19   (前→+400ms): Δ open A:1→0 B:1→0 / tsf-thread open:1→0 conv:0x19→0x19   (前→+1500ms): Δ open A:1→0 B:1→0 / tsf-thread open:1→0 conv:0x19→0x19 / tail:"aaa"→"aaaa"
[EXP] cond=scan70/nowrite trial=4 probe(a): open=0 conv=0x19 comp="" tail="aaaa"
[14:24:42.271Z] KEY [準備/その他] a vk=0x41 scan=0x1E press=14:24:40.718Z (auto)  状態=直接入力
    前     : A(open=0 conv=0x19) B(open=0 conv=0x19) T(open=0 conv=0x19) G(open=0 conv=0x00) comp="" tail="aaa"
    +100ms: A(open=0 conv=0x19) B(open=0 conv=0x19) T(open=0 conv=0x19) G(open=0 conv=0x00) comp="" tail="aaaa"
    +400ms: A(open=0 conv=0x19) B(open=0 conv=0x19) T(open=0 conv=0x19) G(open=0 conv=0x00) comp="" tail="aaaa"
    +1500ms: A(open=0 conv=0x19) B(open=0 conv=0x19) T(open=0 conv=0x19) G(open=0 conv=0x00) comp="" tail="aaaa"
    差分 (前→+100ms): Δ tail:"aaa"→"aaaa"   (前→+400ms): Δ tail:"aaa"→"aaaa"   (前→+1500ms): Δ tail:"aaa"→"aaaa"
[14:24:43.273Z] KEY [準備/その他] ESC vk=0x1B scan=0x01 press=14:24:41.709Z (auto)  状態=直接入力
    前     : A(open=0 conv=0x19) B(open=0 conv=0x19) T(open=0 conv=0x19) G(open=0 conv=0x00) comp="" tail="aaaa"
    +100ms: A(open=0 conv=0x19) B(open=0 conv=0x19) T(open=0 conv=0x19) G(open=0 conv=0x00) comp="" tail="aaaa"
    +400ms: A(open=0 conv=0x19) B(open=0 conv=0x19) T(open=0 conv=0x19) G(open=0 conv=0x00) comp="" tail="aaaa"
    +1500ms: A(open=1 conv=0x19) B(open=1 conv=0x19) T(open=1 conv=0x19) G(open=0 conv=0x00) comp="" tail="aaaa"
    差分 (前→+100ms): Δなし   (前→+400ms): Δなし   (前→+1500ms): Δ open A:0→1 B:0→1 / tsf-thread open:0→1 conv:0x19→0x19
[14:24:44.281Z] KEY [準備/その他] ひらがな(0xF2) vk=0xF2 scan=0x70 press=14:24:42.709Z (auto)  状態=直接入力
    前     : A(open=0 conv=0x19) B(open=0 conv=0x19) T(open=0 conv=0x19) G(open=0 conv=0x00) comp="" tail="aaaa"
    +100ms: A(open=1 conv=0x09) B(open=1 conv=0x09) T(open=1 conv=0x09) G(open=0 conv=0x00) comp="" tail="aaaa"
    +400ms: A(open=1 conv=0x09) B(open=1 conv=0x09) T(open=1 conv=0x09) G(open=0 conv=0x00) comp="" tail="aaaa"
    +1500ms: A(open=1 conv=0x19) B(open=1 conv=0x19) T(open=1 conv=0x19) G(open=0 conv=0x00) comp="" tail="aaaa"
    差分 (前→+100ms): Δ open A:0→1 B:0→1 / conv A:0x19→0x09 B:0x19→0x09 / tsf-thread open:0→1 conv:0x19→0x09   (前→+400ms): Δ open A:0→1 B:0→1 / conv A:0x19→0x09 B:0x19→0x09 / tsf-thread open:0→1 conv:0x19→0x09   (前→+1500ms): Δ open A:0→1 B:0→1 / tsf-thread open:0→1 conv:0x19→0x19
[EXP-POST] cond=scan70/nowrite trial=5 pre(open=1 conv=0x19) post(open=0 conv=0x19 comp="")
[14:24:46.033Z] KEY [準備/その他] ひらがな(0xF2) vk=0xF2 scan=0x70 press=14:24:44.469Z (auto)  状態=IME ON・入力なし
    前     : A(open=1 conv=0x19) B(open=1 conv=0x19) T(open=1 conv=0x19) G(open=0 conv=0x00) comp="" tail="aaaa"
    +100ms: A(open=0 conv=0x19) B(open=0 conv=0x19) T(open=0 conv=0x19) G(open=0 conv=0x00) comp="" tail="aaaa"
    +400ms: A(open=0 conv=0x19) B(open=0 conv=0x19) T(open=0 conv=0x19) G(open=0 conv=0x00) comp="" tail="aaaa"
    +1500ms: A(open=0 conv=0x19) B(open=0 conv=0x19) T(open=0 conv=0x19) G(open=0 conv=0x00) comp="" tail="aaaaa"
    差分 (前→+100ms): Δ open A:1→0 B:1→0 / tsf-thread open:1→0 conv:0x19→0x19   (前→+400ms): Δ open A:1→0 B:1→0 / tsf-thread open:1→0 conv:0x19→0x19   (前→+1500ms): Δ open A:1→0 B:1→0 / tsf-thread open:1→0 conv:0x19→0x19 / tail:"aaaa"→"aaaaa"
[EXP] cond=scan70/nowrite trial=5 probe(a): open=0 conv=0x19 comp="" tail="aaaaa"
[14:24:47.341Z] KEY [準備/その他] a vk=0x41 scan=0x1E press=14:24:45.738Z (auto)  状態=直接入力
    前     : A(open=0 conv=0x19) B(open=0 conv=0x19) T(open=0 conv=0x19) G(open=0 conv=0x00) comp="" tail="aaaa"
    +100ms: A(open=0 conv=0x19) B(open=0 conv=0x19) T(open=0 conv=0x19) G(open=0 conv=0x00) comp="" tail="aaaaa"
    +400ms: A(open=0 conv=0x19) B(open=0 conv=0x19) T(open=0 conv=0x19) G(open=0 conv=0x00) comp="" tail="aaaaa"
    +1500ms: A(open=0 conv=0x19) B(open=0 conv=0x19) T(open=0 conv=0x19) G(open=0 conv=0x00) comp="" tail="aaaaa"
    差分 (前→+100ms): Δ tail:"aaaa"→"aaaaa"   (前→+400ms): Δ tail:"aaaa"→"aaaaa"   (前→+1500ms): Δ tail:"aaaa"→"aaaaa"
[14:24:48.275Z] KEY [準備/その他] ESC vk=0x1B scan=0x01 press=14:24:46.710Z (auto)  状態=直接入力
    前     : A(open=0 conv=0x19) B(open=0 conv=0x19) T(open=0 conv=0x19) G(open=0 conv=0x00) comp="" tail="aaaaa"
    +100ms: A(open=0 conv=0x19) B(open=0 conv=0x19) T(open=0 conv=0x19) G(open=0 conv=0x00) comp="" tail="aaaaa"
    +400ms: A(open=0 conv=0x19) B(open=0 conv=0x19) T(open=0 conv=0x19) G(open=0 conv=0x00) comp="" tail="aaaaa"
    +1500ms: A(open=1 conv=0x19) B(open=1 conv=0x19) T(open=1 conv=0x19) G(open=0 conv=0x00) comp="" tail="aaaaa"
    差分 (前→+100ms): Δなし   (前→+400ms): Δなし   (前→+1500ms): Δ open A:0→1 B:0→1 / tsf-thread open:0→1 conv:0x19→0x19
[14:24:49.283Z] KEY [準備/その他] ひらがな(0xF2) vk=0xF2 scan=0x70 press=14:24:47.714Z (auto)  状態=直接入力
    前     : A(open=0 conv=0x19) B(open=0 conv=0x19) T(open=0 conv=0x19) G(open=0 conv=0x00) comp="" tail="aaaaa"
    +100ms: A(open=1 conv=0x09) B(open=1 conv=0x09) T(open=1 conv=0x09) G(open=0 conv=0x00) comp="" tail="aaaaa"
    +400ms: A(open=1 conv=0x09) B(open=1 conv=0x09) T(open=1 conv=0x09) G(open=0 conv=0x00) comp="" tail="aaaaa"
    +1500ms: A(open=1 conv=0x19) B(open=1 conv=0x19) T(open=1 conv=0x19) G(open=0 conv=0x00) comp="" tail="aaaaa"
    差分 (前→+100ms): Δ open A:0→1 B:0→1 / conv A:0x19→0x09 B:0x19→0x09 / tsf-thread open:0→1 conv:0x19→0x09   (前→+400ms): Δ open A:0→1 B:0→1 / conv A:0x19→0x09 B:0x19→0x09 / tsf-thread open:0→1 conv:0x19→0x09   (前→+1500ms): Δ open A:0→1 B:0→1 / tsf-thread open:0→1 conv:0x19→0x19
[EXP-POST] cond=scan70/nowrite trial=6 pre(open=1 conv=0x19) post(open=0 conv=0x19 comp="")
[14:24:51.084Z] KEY [準備/その他] ひらがな(0xF2) vk=0xF2 scan=0x70 press=14:24:49.474Z (auto)  状態=IME ON・入力なし
    前     : A(open=1 conv=0x19) B(open=1 conv=0x19) T(open=1 conv=0x19) G(open=0 conv=0x00) comp="" tail="aaaaa"
    +100ms: A(open=0 conv=0x19) B(open=0 conv=0x19) T(open=0 conv=0x19) G(open=0 conv=0x00) comp="" tail="aaaaa"
    +400ms: A(open=0 conv=0x19) B(open=0 conv=0x19) T(open=0 conv=0x19) G(open=0 conv=0x00) comp="" tail="aaaaa"
    +1500ms: A(open=0 conv=0x19) B(open=0 conv=0x19) T(open=0 conv=0x19) G(open=0 conv=0x00) comp="" tail="aaaaaa"
    差分 (前→+100ms): Δ open A:1→0 B:1→0 / tsf-thread open:1→0 conv:0x19→0x19   (前→+400ms): Δ open A:1→0 B:1→0 / tsf-thread open:1→0 conv:0x19→0x19   (前→+1500ms): Δ open A:1→0 B:1→0 / tsf-thread open:1→0 conv:0x19→0x19 / tail:"aaaaa"→"aaaaaa"
[EXP] cond=scan70/nowrite trial=6 probe(a): open=0 conv=0x19 comp="" tail="aaaaaa"
[14:24:52.341Z] KEY [準備/その他] a vk=0x41 scan=0x1E press=14:24:50.748Z (auto)  状態=直接入力
    前     : A(open=0 conv=0x19) B(open=0 conv=0x19) T(open=0 conv=0x19) G(open=0 conv=0x00) comp="" tail="aaaaa"
    +100ms: A(open=0 conv=0x19) B(open=0 conv=0x19) T(open=0 conv=0x19) G(open=0 conv=0x00) comp="" tail="aaaaaa"
    +400ms: A(open=0 conv=0x19) B(open=0 conv=0x19) T(open=0 conv=0x19) G(open=0 conv=0x00) comp="" tail="aaaaaa"
    +1500ms: A(open=0 conv=0x19) B(open=0 conv=0x19) T(open=0 conv=0x19) G(open=0 conv=0x00) comp="" tail="aaaaaa"
    差分 (前→+100ms): Δ tail:"aaaaa"→"aaaaaa"   (前→+400ms): Δ tail:"aaaaa"→"aaaaaa"   (前→+1500ms): Δ tail:"aaaaa"→"aaaaaa"
[14:24:53.342Z] KEY [準備/その他] ESC vk=0x1B scan=0x01 press=14:24:51.718Z (auto)  状態=直接入力
    前     : A(open=0 conv=0x19) B(open=0 conv=0x19) T(open=0 conv=0x19) G(open=0 conv=0x00) comp="" tail="aaaaaa"
    +100ms: A(open=0 conv=0x19) B(open=0 conv=0x19) T(open=0 conv=0x19) G(open=0 conv=0x00) comp="" tail="aaaaaa"
    +400ms: A(open=0 conv=0x19) B(open=0 conv=0x19) T(open=0 conv=0x19) G(open=0 conv=0x00) comp="" tail="aaaaaa"
    +1500ms: A(open=1 conv=0x19) B(open=1 conv=0x19) T(open=1 conv=0x19) G(open=0 conv=0x00) comp="" tail="aaaaaa"
    差分 (前→+100ms): Δなし   (前→+400ms): Δなし   (前→+1500ms): Δ open A:0→1 B:0→1 / tsf-thread open:0→1 conv:0x19→0x19
[14:24:54.335Z] KEY [準備/その他] ひらがな(0xF2) vk=0xF2 scan=0x70 press=14:24:52.718Z (auto)  状態=直接入力
    前     : A(open=0 conv=0x19) B(open=0 conv=0x19) T(open=0 conv=0x19) G(open=0 conv=0x00) comp="" tail="aaaaaa"
    +100ms: A(open=1 conv=0x09) B(open=1 conv=0x09) T(open=1 conv=0x09) G(open=0 conv=0x00) comp="" tail="aaaaaa"
    +400ms: A(open=1 conv=0x09) B(open=1 conv=0x09) T(open=1 conv=0x09) G(open=0 conv=0x00) comp="" tail="aaaaaa"
    +1500ms: A(open=1 conv=0x19) B(open=1 conv=0x19) T(open=1 conv=0x19) G(open=0 conv=0x00) comp="" tail="aaaaaa"
    差分 (前→+100ms): Δ open A:0→1 B:0→1 / conv A:0x19→0x09 B:0x19→0x09 / tsf-thread open:0→1 conv:0x19→0x09   (前→+400ms): Δ open A:0→1 B:0→1 / conv A:0x19→0x09 B:0x19→0x09 / tsf-thread open:0→1 conv:0x19→0x09   (前→+1500ms): Δ open A:0→1 B:0→1 / tsf-thread open:0→1 conv:0x19→0x19
[EXP-POST] cond=scan70/nowrite trial=7 pre(open=1 conv=0x19) post(open=0 conv=0x19 comp="")
[14:24:56.102Z] KEY [準備/その他] ひらがな(0xF2) vk=0xF2 scan=0x70 press=14:24:54.524Z (auto)  状態=IME ON・入力なし
    前     : A(open=1 conv=0x19) B(open=1 conv=0x19) T(open=1 conv=0x19) G(open=0 conv=0x00) comp="" tail="aaaaaa"
    +100ms: A(open=0 conv=0x19) B(open=0 conv=0x19) T(open=0 conv=0x19) G(open=0 conv=0x00) comp="" tail="aaaaaa"
    +400ms: A(open=0 conv=0x19) B(open=0 conv=0x19) T(open=0 conv=0x19) G(open=0 conv=0x00) comp="" tail="aaaaaa"
    +1500ms: A(open=0 conv=0x19) B(open=0 conv=0x19) T(open=0 conv=0x19) G(open=0 conv=0x00) comp="" tail="aaaaaaa"
    差分 (前→+100ms): Δ open A:1→0 B:1→0 / tsf-thread open:1→0 conv:0x19→0x19   (前→+400ms): Δ open A:1→0 B:1→0 / tsf-thread open:1→0 conv:0x19→0x19   (前→+1500ms): Δ open A:1→0 B:1→0 / tsf-thread open:1→0 conv:0x19→0x19 / tail:"aaaaaa"→"aaaaaaa"
[EXP] cond=scan70/nowrite trial=7 probe(a): open=0 conv=0x19 comp="" tail="aaaaaaa"
[14:24:57.292Z] KEY [準備/その他] a vk=0x41 scan=0x1E press=14:24:55.754Z (auto)  状態=直接入力
    前     : A(open=0 conv=0x19) B(open=0 conv=0x19) T(open=0 conv=0x19) G(open=0 conv=0x00) comp="" tail="aaaaaa"
    +100ms: A(open=0 conv=0x19) B(open=0 conv=0x19) T(open=0 conv=0x19) G(open=0 conv=0x00) comp="" tail="aaaaaaa"
    +400ms: A(open=0 conv=0x19) B(open=0 conv=0x19) T(open=0 conv=0x19) G(open=0 conv=0x00) comp="" tail="aaaaaaa"
    +1500ms: A(open=0 conv=0x19) B(open=0 conv=0x19) T(open=0 conv=0x19) G(open=0 conv=0x00) comp="" tail="aaaaaaa"
    差分 (前→+100ms): Δ tail:"aaaaaa"→"aaaaaaa"   (前→+400ms): Δ tail:"aaaaaa"→"aaaaaaa"   (前→+1500ms): Δ tail:"aaaaaa"→"aaaaaaa"
[14:24:58.353Z] KEY [準備/その他] ESC vk=0x1B scan=0x01 press=14:24:56.732Z (auto)  状態=直接入力
    前     : A(open=0 conv=0x19) B(open=0 conv=0x19) T(open=0 conv=0x19) G(open=0 conv=0x00) comp="" tail="aaaaaaa"
    +100ms: A(open=0 conv=0x19) B(open=0 conv=0x19) T(open=0 conv=0x19) G(open=0 conv=0x00) comp="" tail="aaaaaaa"
    +400ms: A(open=0 conv=0x19) B(open=0 conv=0x19) T(open=0 conv=0x19) G(open=0 conv=0x00) comp="" tail="aaaaaaa"
    +1500ms: A(open=1 conv=0x19) B(open=1 conv=0x19) T(open=1 conv=0x19) G(open=0 conv=0x00) comp="" tail="aaaaaaa"
    差分 (前→+100ms): Δなし   (前→+400ms): Δなし   (前→+1500ms): Δ open A:0→1 B:0→1 / tsf-thread open:0→1 conv:0x19→0x19
[14:24:59.363Z] KEY [準備/その他] ひらがな(0xF2) vk=0xF2 scan=0x70 press=14:24:57.792Z (auto)  状態=直接入力
    前     : A(open=0 conv=0x19) B(open=0 conv=0x19) T(open=0 conv=0x19) G(open=0 conv=0x00) comp="" tail="aaaaaaa"
    +100ms: A(open=1 conv=0x09) B(open=1 conv=0x09) T(open=1 conv=0x09) G(open=0 conv=0x00) comp="" tail="aaaaaaa"
    +400ms: A(open=1 conv=0x09) B(open=1 conv=0x09) T(open=1 conv=0x09) G(open=0 conv=0x00) comp="" tail="aaaaaaa"
    +1500ms: A(open=1 conv=0x19) B(open=1 conv=0x19) T(open=1 conv=0x19) G(open=0 conv=0x00) comp="" tail="aaaaaaa"
    差分 (前→+100ms): Δ open A:0→1 B:0→1 / conv A:0x19→0x09 B:0x19→0x09 / tsf-thread open:0→1 conv:0x19→0x09   (前→+400ms): Δ open A:0→1 B:0→1 / conv A:0x19→0x09 B:0x19→0x09 / tsf-thread open:0→1 conv:0x19→0x09   (前→+1500ms): Δ open A:0→1 B:0→1 / tsf-thread open:0→1 conv:0x19→0x19
[EXP-POST] cond=scan70/nowrite trial=8 pre(open=1 conv=0x19) post(open=0 conv=0x19 comp="")
[14:25:01.117Z] KEY [準備/その他] ひらがな(0xF2) vk=0xF2 scan=0x70 press=14:24:59.552Z (auto)  状態=IME ON・入力なし
    前     : A(open=1 conv=0x19) B(open=1 conv=0x19) T(open=1 conv=0x19) G(open=0 conv=0x00) comp="" tail="aaaaaaa"
    +100ms: A(open=0 conv=0x19) B(open=0 conv=0x19) T(open=0 conv=0x19) G(open=0 conv=0x00) comp="" tail="aaaaaaa"
    +400ms: A(open=0 conv=0x19) B(open=0 conv=0x19) T(open=0 conv=0x19) G(open=0 conv=0x00) comp="" tail="aaaaaaa"
    +1500ms: A(open=0 conv=0x19) B(open=0 conv=0x19) T(open=0 conv=0x19) G(open=0 conv=0x00) comp="" tail="aaaaaaaa"
    差分 (前→+100ms): Δ open A:1→0 B:1→0 / tsf-thread open:1→0 conv:0x19→0x19   (前→+400ms): Δ open A:1→0 B:1→0 / tsf-thread open:1→0 conv:0x19→0x19   (前→+1500ms): Δ open A:1→0 B:1→0 / tsf-thread open:1→0 conv:0x19→0x19 / tail:"aaaaaaa"→"aaaaaaaa"
[EXP] cond=scan70/nowrite trial=8 probe(a): open=0 conv=0x19 comp="" tail="aaaaaaaa"
[14:25:02.374Z] KEY [準備/その他] a vk=0x41 scan=0x1E press=14:25:00.813Z (auto)  状態=直接入力
    前     : A(open=0 conv=0x19) B(open=0 conv=0x19) T(open=0 conv=0x19) G(open=0 conv=0x00) comp="" tail="aaaaaaa"
    +100ms: A(open=0 conv=0x19) B(open=0 conv=0x19) T(open=0 conv=0x19) G(open=0 conv=0x00) comp="" tail="aaaaaaaa"
    +400ms: A(open=0 conv=0x19) B(open=0 conv=0x19) T(open=0 conv=0x19) G(open=0 conv=0x00) comp="" tail="aaaaaaaa"
    +1500ms: A(open=0 conv=0x19) B(open=0 conv=0x19) T(open=0 conv=0x19) G(open=0 conv=0x00) comp="" tail="aaaaaaaa"
    差分 (前→+100ms): Δ tail:"aaaaaaa"→"aaaaaaaa"   (前→+400ms): Δ tail:"aaaaaaa"→"aaaaaaaa"   (前→+1500ms): Δ tail:"aaaaaaa"→"aaaaaaaa"
[14:25:03.433Z] KEY [準備/その他] ESC vk=0x1B scan=0x01 press=14:25:01.812Z (auto)  状態=直接入力
    前     : A(open=0 conv=0x19) B(open=0 conv=0x19) T(open=0 conv=0x19) G(open=0 conv=0x00) comp="" tail="aaaaaaaa"
    +100ms: A(open=0 conv=0x19) B(open=0 conv=0x19) T(open=0 conv=0x19) G(open=0 conv=0x00) comp="" tail="aaaaaaaa"
    +400ms: A(open=0 conv=0x19) B(open=0 conv=0x19) T(open=0 conv=0x19) G(open=0 conv=0x00) comp="" tail="aaaaaaaa"
    +1500ms: A(open=1 conv=0x19) B(open=1 conv=0x19) T(open=1 conv=0x19) G(open=0 conv=0x00) comp="" tail="aaaaaaaa"
    差分 (前→+100ms): Δなし   (前→+400ms): Δなし   (前→+1500ms): Δ open A:0→1 B:0→1 / tsf-thread open:0→1 conv:0x19→0x19
[14:25:04.431Z] KEY [準備/その他] ひらがな(0xF2) vk=0xF2 scan=0x70 press=14:25:02.811Z (auto)  状態=直接入力
    前     : A(open=0 conv=0x19) B(open=0 conv=0x19) T(open=0 conv=0x19) G(open=0 conv=0x00) comp="" tail="aaaaaaaa"
    +100ms: A(open=1 conv=0x09) B(open=1 conv=0x09) T(open=1 conv=0x09) G(open=0 conv=0x00) comp="" tail="aaaaaaaa"
    +400ms: A(open=1 conv=0x09) B(open=1 conv=0x09) T(open=1 conv=0x09) G(open=0 conv=0x00) comp="" tail="aaaaaaaa"
    +1500ms: A(open=1 conv=0x19) B(open=1 conv=0x19) T(open=1 conv=0x19) G(open=0 conv=0x00) comp="" tail="aaaaaaaa"
    差分 (前→+100ms): Δ open A:0→1 B:0→1 / conv A:0x19→0x09 B:0x19→0x09 / tsf-thread open:0→1 conv:0x19→0x09   (前→+400ms): Δ open A:0→1 B:0→1 / conv A:0x19→0x09 B:0x19→0x09 / tsf-thread open:0→1 conv:0x19→0x09   (前→+1500ms): Δ open A:0→1 B:0→1 / tsf-thread open:0→1 conv:0x19→0x19
[EXP-POST] cond=scan70/nowrite trial=9 pre(open=1 conv=0x19) post(open=0 conv=0x19 comp="")
[14:25:06.197Z] KEY [準備/その他] ひらがな(0xF2) vk=0xF2 scan=0x70 press=14:25:04.621Z (auto)  状態=IME ON・入力なし
    前     : A(open=1 conv=0x19) B(open=1 conv=0x19) T(open=1 conv=0x19) G(open=0 conv=0x00) comp="" tail="aaaaaaaa"
    +100ms: A(open=0 conv=0x19) B(open=0 conv=0x19) T(open=0 conv=0x19) G(open=0 conv=0x00) comp="" tail="aaaaaaaa"
    +400ms: A(open=0 conv=0x19) B(open=0 conv=0x19) T(open=0 conv=0x19) G(open=0 conv=0x00) comp="" tail="aaaaaaaa"
    +1500ms: A(open=0 conv=0x19) B(open=0 conv=0x19) T(open=0 conv=0x19) G(open=0 conv=0x00) comp="" tail="aaaaaaaa"
    差分 (前→+100ms): Δ open A:1→0 B:1→0 / tsf-thread open:1→0 conv:0x19→0x19   (前→+400ms): Δ open A:1→0 B:1→0 / tsf-thread open:1→0 conv:0x19→0x19   (前→+1500ms): Δ open A:1→0 B:1→0 / tsf-thread open:1→0 conv:0x19→0x19
[EXP] cond=scan70/nowrite trial=9 probe(a): open=0 conv=0x19 comp="" tail="aaaaaaaa"
[14:25:07.386Z] KEY [準備/その他] a vk=0x41 scan=0x1E press=14:25:05.834Z (auto)  状態=直接入力
    前     : A(open=0 conv=0x19) B(open=0 conv=0x19) T(open=0 conv=0x19) G(open=0 conv=0x00) comp="" tail="aaaaaaaa"
    +100ms: A(open=0 conv=0x19) B(open=0 conv=0x19) T(open=0 conv=0x19) G(open=0 conv=0x00) comp="" tail="aaaaaaaa"
    +400ms: A(open=0 conv=0x19) B(open=0 conv=0x19) T(open=0 conv=0x19) G(open=0 conv=0x00) comp="" tail="aaaaaaaa"
    +1500ms: A(open=0 conv=0x19) B(open=0 conv=0x19) T(open=0 conv=0x19) G(open=0 conv=0x00) comp="" tail="aaaaaaaa"
    差分 (前→+100ms): Δなし   (前→+400ms): Δなし   (前→+1500ms): Δなし
[14:25:08.391Z] KEY [準備/その他] ESC vk=0x1B scan=0x01 press=14:25:06.823Z (auto)  状態=直接入力
    前     : A(open=0 conv=0x19) B(open=0 conv=0x19) T(open=0 conv=0x19) G(open=0 conv=0x00) comp="" tail="aaaaaaaa"
    +100ms: A(open=0 conv=0x19) B(open=0 conv=0x19) T(open=0 conv=0x19) G(open=0 conv=0x00) comp="" tail="aaaaaaaa"
    +400ms: A(open=0 conv=0x19) B(open=0 conv=0x19) T(open=0 conv=0x19) G(open=0 conv=0x00) comp="" tail="aaaaaaaa"
    +1500ms: A(open=1 conv=0x19) B(open=1 conv=0x19) T(open=1 conv=0x19) G(open=0 conv=0x00) comp="" tail="aaaaaaaa"
    差分 (前→+100ms): Δなし   (前→+400ms): Δなし   (前→+1500ms): Δ open A:0→1 B:0→1 / tsf-thread open:0→1 conv:0x19→0x19
[14:25:09.451Z] KEY [準備/その他] ひらがな(0xF2) vk=0xF2 scan=0x70 press=14:25:07.826Z (auto)  状態=直接入力
    前     : A(open=0 conv=0x19) B(open=0 conv=0x19) T(open=0 conv=0x19) G(open=0 conv=0x00) comp="" tail="aaaaaaaa"
    +100ms: A(open=1 conv=0x09) B(open=1 conv=0x09) T(open=1 conv=0x09) G(open=0 conv=0x00) comp="" tail="aaaaaaaa"
    +400ms: A(open=1 conv=0x09) B(open=1 conv=0x09) T(open=1 conv=0x09) G(open=0 conv=0x00) comp="" tail="aaaaaaaa"
    +1500ms: A(open=1 conv=0x19) B(open=1 conv=0x19) T(open=1 conv=0x19) G(open=0 conv=0x00) comp="" tail="aaaaaaaa"
    差分 (前→+100ms): Δ open A:0→1 B:0→1 / conv A:0x19→0x09 B:0x19→0x09 / tsf-thread open:0→1 conv:0x19→0x09   (前→+400ms): Δ open A:0→1 B:0→1 / conv A:0x19→0x09 B:0x19→0x09 / tsf-thread open:0→1 conv:0x19→0x09   (前→+1500ms): Δ open A:0→1 B:0→1 / tsf-thread open:0→1 conv:0x19→0x19
[EXP-POST] cond=scan70/nowrite trial=10 pre(open=1 conv=0x19) post(open=0 conv=0x19 comp="")
[14:25:11.140Z] KEY [準備/その他] ひらがな(0xF2) vk=0xF2 scan=0x70 press=14:25:09.577Z (auto)  状態=IME ON・入力なし
    前     : A(open=1 conv=0x19) B(open=1 conv=0x19) T(open=1 conv=0x19) G(open=0 conv=0x00) comp="" tail="aaaaaaaa"
    +100ms: A(open=0 conv=0x19) B(open=0 conv=0x19) T(open=0 conv=0x19) G(open=0 conv=0x00) comp="" tail="aaaaaaaa"
    +400ms: A(open=0 conv=0x19) B(open=0 conv=0x19) T(open=0 conv=0x19) G(open=0 conv=0x00) comp="" tail="aaaaaaaa"
    +1500ms: A(open=0 conv=0x19) B(open=0 conv=0x19) T(open=0 conv=0x19) G(open=0 conv=0x00) comp="" tail="aaaaaaaa"
    差分 (前→+100ms): Δ open A:1→0 B:1→0 / tsf-thread open:1→0 conv:0x19→0x19   (前→+400ms): Δ open A:1→0 B:1→0 / tsf-thread open:1→0 conv:0x19→0x19   (前→+1500ms): Δ open A:1→0 B:1→0 / tsf-thread open:1→0 conv:0x19→0x19
[EXP] cond=scan70/nowrite trial=10 probe(a): open=0 conv=0x19 comp="" tail="aaaaaaaa"
[14:25:12.444Z] KEY [準備/その他] a vk=0x41 scan=0x1E press=14:25:10.836Z (auto)  状態=直接入力
    前     : A(open=0 conv=0x19) B(open=0 conv=0x19) T(open=0 conv=0x19) G(open=0 conv=0x00) comp="" tail="aaaaaaaa"
    +100ms: A(open=0 conv=0x19) B(open=0 conv=0x19) T(open=0 conv=0x19) G(open=0 conv=0x00) comp="" tail="aaaaaaaa"
    +400ms: A(open=0 conv=0x19) B(open=0 conv=0x19) T(open=0 conv=0x19) G(open=0 conv=0x00) comp="" tail="aaaaaaaa"
    +1500ms: A(open=0 conv=0x19) B(open=0 conv=0x19) T(open=0 conv=0x19) G(open=0 conv=0x00) comp="" tail="aaaaaaaa"
    差分 (前→+100ms): Δなし   (前→+400ms): Δなし   (前→+1500ms): Δなし
[14:25:13.394Z] KEY [準備/その他] ESC vk=0x1B scan=0x01 press=14:25:11.820Z (auto)  状態=直接入力
    前     : A(open=0 conv=0x19) B(open=0 conv=0x19) T(open=0 conv=0x19) G(open=0 conv=0x00) comp="" tail="aaaaaaaa"
    +100ms: A(open=0 conv=0x19) B(open=0 conv=0x19) T(open=0 conv=0x19) G(open=0 conv=0x00) comp="" tail="aaaaaaaa"
    +400ms: A(open=0 conv=0x19) B(open=0 conv=0x19) T(open=0 conv=0x19) G(open=0 conv=0x00) comp="" tail="aaaaaaaa"
    +1500ms: A(open=1 conv=0x09) B(open=1 conv=0x09) T(open=1 conv=0x09) G(open=0 conv=0x00) comp="" tail="aaaaaaaa"
    差分 (前→+100ms): Δなし   (前→+400ms): Δなし   (前→+1500ms): Δ open A:0→1 B:0→1 / conv A:0x19→0x09 B:0x19→0x09 / tsf-thread open:0→1 conv:0x19→0x09
[14:25:14.454Z] KEY [準備/その他] ひらがな(0xF2) vk=0xF2 scan=0x70 press=14:25:12.881Z (auto)  状態=直接入力
    前     : A(open=0 conv=0x19) B(open=0 conv=0x19) T(open=0 conv=0x19) G(open=0 conv=0x00) comp="" tail="aaaaaaaa"
    +100ms: A(open=1 conv=0x09) B(open=1 conv=0x09) T(open=1 conv=0x09) G(open=0 conv=0x00) comp="" tail="aaaaaaaa"
    +400ms: A(open=1 conv=0x09) B(open=1 conv=0x09) T(open=1 conv=0x09) G(open=0 conv=0x00) comp="" tail="aaaaaaaa"
    +1500ms: A(open=1 conv=0x19) B(open=1 conv=0x19) T(open=1 conv=0x19) G(open=0 conv=0x00) comp="" tail="aaaaaaaa"
    差分 (前→+100ms): Δ open A:0→1 B:0→1 / conv A:0x19→0x09 B:0x19→0x09 / tsf-thread open:0→1 conv:0x19→0x09   (前→+400ms): Δ open A:0→1 B:0→1 / conv A:0x19→0x09 B:0x19→0x09 / tsf-thread open:0→1 conv:0x19→0x09   (前→+1500ms): Δ open A:0→1 B:0→1 / tsf-thread open:0→1 conv:0x19→0x19
[EXP-POST] cond=scan70/nowrite trial=11 pre(open=1 conv=0x19) post(open=0 conv=0x19 comp="")
[14:25:16.210Z] KEY [準備/その他] ひらがな(0xF2) vk=0xF2 scan=0x70 press=14:25:14.643Z (auto)  状態=IME ON・入力なし
    前     : A(open=1 conv=0x19) B(open=1 conv=0x19) T(open=1 conv=0x19) G(open=0 conv=0x00) comp="" tail="aaaaaaaa"
    +100ms: A(open=0 conv=0x19) B(open=0 conv=0x19) T(open=0 conv=0x19) G(open=0 conv=0x00) comp="" tail="aaaaaaaa"
    +400ms: A(open=0 conv=0x19) B(open=0 conv=0x19) T(open=0 conv=0x19) G(open=0 conv=0x00) comp="" tail="aaaaaaaa"
    +1500ms: A(open=0 conv=0x19) B(open=0 conv=0x19) T(open=0 conv=0x19) G(open=0 conv=0x00) comp="" tail="aaaaaaaa"
    差分 (前→+100ms): Δ open A:1→0 B:1→0 / tsf-thread open:1→0 conv:0x19→0x19   (前→+400ms): Δ open A:1→0 B:1→0 / tsf-thread open:1→0 conv:0x19→0x19   (前→+1500ms): Δ open A:1→0 B:1→0 / tsf-thread open:1→0 conv:0x19→0x19
[EXP] cond=scan70/nowrite trial=11 probe(a): open=0 conv=0x19 comp="" tail="aaaaaaaa"
[14:25:17.469Z] KEY [準備/その他] a vk=0x41 scan=0x1E press=14:25:15.895Z (auto)  状態=直接入力
    前     : A(open=0 conv=0x19) B(open=0 conv=0x19) T(open=0 conv=0x19) G(open=0 conv=0x00) comp="" tail="aaaaaaaa"
    +100ms: A(open=0 conv=0x19) B(open=0 conv=0x19) T(open=0 conv=0x19) G(open=0 conv=0x00) comp="" tail="aaaaaaaa"
    +400ms: A(open=0 conv=0x19) B(open=0 conv=0x19) T(open=0 conv=0x19) G(open=0 conv=0x00) comp="" tail="aaaaaaaa"
    +1500ms: A(open=0 conv=0x19) B(open=0 conv=0x19) T(open=0 conv=0x19) G(open=0 conv=0x00) comp="" tail="aaaaaaaa"
    差分 (前→+100ms): Δなし   (前→+400ms): Δなし   (前→+1500ms): Δなし
[14:25:18.532Z] KEY [準備/その他] ESC vk=0x1B scan=0x01 press=14:25:16.906Z (auto)  状態=直接入力
    前     : A(open=0 conv=0x19) B(open=0 conv=0x19) T(open=0 conv=0x19) G(open=0 conv=0x00) comp="" tail="aaaaaaaa"
    +100ms: A(open=0 conv=0x19) B(open=0 conv=0x19) T(open=0 conv=0x19) G(open=0 conv=0x00) comp="" tail="aaaaaaaa"
    +400ms: A(open=0 conv=0x19) B(open=0 conv=0x19) T(open=0 conv=0x19) G(open=0 conv=0x00) comp="" tail="aaaaaaaa"
    +1500ms: A(open=1 conv=0x19) B(open=1 conv=0x19) T(open=1 conv=0x19) G(open=0 conv=0x00) comp="" tail="aaaaaaaa"
    差分 (前→+100ms): Δなし   (前→+400ms): Δなし   (前→+1500ms): Δ open A:0→1 B:0→1 / tsf-thread open:0→1 conv:0x19→0x19
[14:25:19.528Z] KEY [準備/その他] ひらがな(0xF2) vk=0xF2 scan=0x70 press=14:25:17.907Z (auto)  状態=直接入力
    前     : A(open=0 conv=0x19) B(open=0 conv=0x19) T(open=0 conv=0x19) G(open=0 conv=0x00) comp="" tail="aaaaaaaa"
    +100ms: A(open=1 conv=0x09) B(open=1 conv=0x09) T(open=1 conv=0x09) G(open=0 conv=0x00) comp="" tail="aaaaaaaa"
    +400ms: A(open=1 conv=0x09) B(open=1 conv=0x09) T(open=1 conv=0x09) G(open=0 conv=0x00) comp="" tail="aaaaaaaa"
    +1500ms: A(open=1 conv=0x19) B(open=1 conv=0x19) T(open=1 conv=0x19) G(open=0 conv=0x00) comp="" tail="aaaaaaaa"
    差分 (前→+100ms): Δ open A:0→1 B:0→1 / conv A:0x19→0x09 B:0x19→0x09 / tsf-thread open:0→1 conv:0x19→0x09   (前→+400ms): Δ open A:0→1 B:0→1 / conv A:0x19→0x09 B:0x19→0x09 / tsf-thread open:0→1 conv:0x19→0x09   (前→+1500ms): Δ open A:0→1 B:0→1 / tsf-thread open:0→1 conv:0x19→0x19
[EXP-POST] cond=scan70/nowrite trial=12 pre(open=1 conv=0x19) post(open=0 conv=0x19 comp="")
[14:25:21.276Z] KEY [準備/その他] ひらがな(0xF2) vk=0xF2 scan=0x70 press=14:25:19.655Z (auto)  状態=IME ON・入力なし
    前     : A(open=1 conv=0x19) B(open=1 conv=0x19) T(open=1 conv=0x19) G(open=0 conv=0x00) comp="" tail="aaaaaaaa"
    +100ms: A(open=0 conv=0x19) B(open=0 conv=0x19) T(open=0 conv=0x19) G(open=0 conv=0x00) comp="" tail="aaaaaaaa"
    +400ms: A(open=0 conv=0x19) B(open=0 conv=0x19) T(open=0 conv=0x19) G(open=0 conv=0x00) comp="" tail="aaaaaaaa"
    +1500ms: A(open=0 conv=0x19) B(open=0 conv=0x19) T(open=0 conv=0x19) G(open=0 conv=0x00) comp="" tail="aaaaaaaa"
    差分 (前→+100ms): Δ open A:1→0 B:1→0 / tsf-thread open:1→0 conv:0x19→0x19   (前→+400ms): Δ open A:1→0 B:1→0 / tsf-thread open:1→0 conv:0x19→0x19   (前→+1500ms): Δ open A:1→0 B:1→0 / tsf-thread open:1→0 conv:0x19→0x19
[EXP] cond=scan70/nowrite trial=12 probe(a): open=0 conv=0x19 comp="" tail="aaaaaaaa"
[14:25:22.408Z] KEY [準備/その他] a vk=0x41 scan=0x1E press=14:25:20.849Z (auto)  状態=直接入力
    前     : A(open=0 conv=0x19) B(open=0 conv=0x19) T(open=0 conv=0x19) G(open=0 conv=0x00) comp="" tail="aaaaaaaa"
    +100ms: A(open=0 conv=0x19) B(open=0 conv=0x19) T(open=0 conv=0x19) G(open=0 conv=0x00) comp="" tail="aaaaaaaa"
    +400ms: A(open=0 conv=0x19) B(open=0 conv=0x19) T(open=0 conv=0x19) G(open=0 conv=0x00) comp="" tail="aaaaaaaa"
    +1500ms: A(open=0 conv=0x19) B(open=0 conv=0x19) T(open=0 conv=0x19) G(open=0 conv=0x00) comp="" tail="aaaaaaaa"
    差分 (前→+100ms): Δなし   (前→+400ms): Δなし   (前→+1500ms): Δなし
[TIP] 終了時: clsid=03B5835F-F03C-411B-9CE2-AA23E1171E36 profile=A76C93D9-5523-4E90-AAFA-4DB112F9AC76 lang=0x0411
[EXP] cond=scan70/nowrite 12手完了
[TIP] 終了時: clsid=03B5835F-F03C-411B-9CE2-AA23E1171E36 profile=A76C93D9-5523-4E90-AAFA-4DB112F9AC76 lang=0x0411
[EXP] cond=scan70/nowrite 12手完了
[TIP] 終了時: clsid=03B5835F-F03C-411B-9CE2-AA23E1171E36 profile=A76C93D9-5523-4E90-AAFA-4DB112F9AC76 lang=0x0411
[EXP] cond=scan70/nowrite 12手完了
[TIP] 終了時: clsid=03B5835F-F03C-411B-9CE2-AA23E1171E36 profile=A76C93D9-5523-4E90-AAFA-4DB112F9AC76 lang=0x0411
[EXP] cond=scan70/nowrite 12手完了
[TIP] 終了時: clsid=03B5835F-F03C-411B-9CE2-AA23E1171E36 profile=A76C93D9-5523-4E90-AAFA-4DB112F9AC76 lang=0x0411
[EXP] cond=scan70/nowrite 12手完了
[TIP] 終了時: clsid=03B5835F-F03C-411B-9CE2-AA23E1171E36 profile=A76C93D9-5523-4E90-AAFA-4DB112F9AC76 lang=0x0411
[EXP] cond=scan70/nowrite 12手完了
[TIP] 終了時: clsid=03B5835F-F03C-411B-9CE2-AA23E1171E36 profile=A76C93D9-5523-4E90-AAFA-4DB112F9AC76 lang=0x0411
[EXP] cond=scan70/nowrite 12手完了
[TIP] 終了時: clsid=03B5835F-F03C-411B-9CE2-AA23E1171E36 profile=A76C93D9-5523-4E90-AAFA-4DB112F9AC76 lang=0x0411
[EXP] cond=scan70/nowrite 12手完了
[TIP] 終了時: clsid=03B5835F-F03C-411B-9CE2-AA23E1171E36 profile=A76C93D9-5523-4E90-AAFA-4DB112F9AC76 lang=0x0411
[EXP] cond=scan70/nowrite 12手完了
[TIP] 終了時: clsid=03B5835F-F03C-411B-9CE2-AA23E1171E36 profile=A76C93D9-5523-4E90-AAFA-4DB112F9AC76 lang=0x0411
[EXP] cond=scan70/nowrite 12手完了
[TIP] 終了時: clsid=03B5835F-F03C-411B-9CE2-AA23E1171E36 profile=A76C93D9-5523-4E90-AAFA-4DB112F9AC76 lang=0x0411
[EXP] cond=scan70/nowrite 12手完了
[14:25:23.459Z] KEY [準備/その他] ESC vk=0x1B scan=0x01 press=14:25:21.841Z (auto)  状態=直接入力
    前     : A(open=0 conv=0x19) B(open=0 conv=0x19) T(open=0 conv=0x19) G(open=0 conv=0x00) comp="" tail="aaaaaaaa"
    +100ms: A(open=0 conv=0x19) B(open=0 conv=0x19) T(open=0 conv=0x19) G(open=0 conv=0x00) comp="" tail="aaaaaaaa"
    +400ms: A(open=0 conv=0x19) B(open=0 conv=0x19) T(open=0 conv=0x19) G(open=0 conv=0x00) comp="" tail="aaaaaaaa"
    +1500ms: A(open=0 conv=0x19) B(open=0 conv=0x19) T(open=0 conv=0x19) G(open=0 conv=0x00) comp="" tail="aaaaaaaa"
    差分 (前→+100ms): Δなし   (前→+400ms): Δなし   (前→+1500ms): Δなし
[TIP] 終了時: clsid=03B5835F-F03C-411B-9CE2-AA23E1171E36 profile=A76C93D9-5523-4E90-AAFA-4DB112F9AC76 lang=0x0411
[EXP] cond=scan70/nowrite 12手完了
[TIP] 終了時: clsid=03B5835F-F03C-411B-9CE2-AA23E1171E36 profile=A76C93D9-5523-4E90-AAFA-4DB112F9AC76 lang=0x0411
[EXP] cond=scan70/nowrite 12手完了
[TIP] 終了時: clsid=03B5835F-F03C-411B-9CE2-AA23E1171E36 profile=A76C93D9-5523-4E90-AAFA-4DB112F9AC76 lang=0x0411
[EXP] cond=scan70/nowrite 12手完了
[TIP] 終了時: clsid=03B5835F-F03C-411B-9CE2-AA23E1171E36 profile=A76C93D9-5523-4E90-AAFA-4DB112F9AC76 lang=0x0411
[EXP] cond=scan70/nowrite 12手完了
[TIP] 終了時: clsid=03B5835F-F03C-411B-9CE2-AA23E1171E36 profile=A76C93D9-5523-4E90-AAFA-4DB112F9AC76 lang=0x0411
[EXP] cond=scan70/nowrite 12手完了
[TIP] 終了時: clsid=03B5835F-F03C-411B-9CE2-AA23E1171E36 profile=A76C93D9-5523-4E90-AAFA-4DB112F9AC76 lang=0x0411
[EXP] cond=scan70/nowrite 12手完了
[TIP] 終了時: clsid=03B5835F-F03C-411B-9CE2-AA23E1171E36 profile=A76C93D9-5523-4E90-AAFA-4DB112F9AC76 lang=0x0411
[EXP] cond=scan70/nowrite 12手完了
[TIP] 終了時: clsid=03B5835F-F03C-411B-9CE2-AA23E1171E36 profile=A76C93D9-5523-4E90-AAFA-4DB112F9AC76 lang=0x0411
[EXP] cond=scan70/nowrite 12手完了
[TIP] 終了時: clsid=03B5835F-F03C-411B-9CE2-AA23E1171E36 profile=A76C93D9-5523-4E90-AAFA-4DB112F9AC76 lang=0x0411
[EXP] cond=scan70/nowrite 12手完了
[TIP] 終了時: clsid=03B5835F-F03C-411B-9CE2-AA23E1171E36 profile=A76C93D9-5523-4E90-AAFA-4DB112F9AC76 lang=0x0411
[EXP] cond=scan70/nowrite 12手完了
[TIP] 終了時: clsid=03B5835F-F03C-411B-9CE2-AA23E1171E36 profile=A76C93D9-5523-4E90-AAFA-4DB112F9AC76 lang=0x0411
[EXP] cond=scan70/nowrite 12手完了
[TIP] 終了時: clsid=03B5835F-F03C-411B-9CE2-AA23E1171E36 profile=A76C93D9-5523-4E90-AAFA-4DB112F9AC76 lang=0x0411
[EXP] cond=scan70/nowrite 12手完了
[TIP] 終了時: clsid=03B5835F-F03C-411B-9CE2-AA23E1171E36 profile=A76C93D9-5523-4E90-AAFA-4DB112F9AC76 lang=0x0411
[EXP] cond=scan70/nowrite 12手完了
[TIP] 終了時: clsid=03B5835F-F03C-411B-9CE2-AA23E1171E36 profile=A76C93D9-5523-4E90-AAFA-4DB112F9AC76 lang=0x0411
[EXP] cond=scan70/nowrite 12手完了
script error: Output type incorrect: bool (expecting ())
