2026-09-20T14:22:27.025046Z  WARN awase_windows::runtime::message_handlers: Hook watchdog: no activity for 5985ms (OS全体の最終入力は5985ms前、OSも無操作のため単なるアイドルの可能性が高い)
2026-09-20T14:22:27.789780Z DEBUG awase_windows::runtime: [focus-sync] hwnd=0x12034E class="ImeKeyMatrixSpikeWindowClass" app_kind=Win32 hint=Default → mode=Unicode
2026-09-20T14:22:27.789856Z DEBUG awase_windows::tsf::tsf_gate: [tsf-gate] focus change → PendingWarmup (held cleared)
2026-09-20T14:22:27.859965Z DEBUG awase_windows::runtime: [focus-sync] hwnd=0x14009C class="Edit" app_kind=Win32 hint=Default → mode=Unicode
2026-09-20T14:22:27.860028Z DEBUG awase_windows::output: [tsf-gate] focus change while PendingWarmup — held バッファを保持して再初期化スキップ (Chrome等の連続フォーカスイベント対策)
2026-09-20T14:22:27.889712Z  INFO apply_focus_probe_result: awase_windows::runtime::focus_tracking: AppKind changed: Uwp → Win32 (class=ImeKeyMatrixSpikeWindowClass)
2026-09-20T14:22:27.892873Z  INFO apply_focus_probe_result: awase_windows::hook: [app-disable] Enter: hook latches をクリア
2026-09-20T14:22:27.893210Z  INFO apply_focus_probe_result: awase_windows::runtime::focus_tracking: [app-disable] Enter: process_id=12000 disabled=true
2026-09-20T14:22:27.893250Z DEBUG apply_focus_probe_result: awase::journal: focus transition seq=11 elapsed_ms=6930 changed_process=true changed_window=true changed_app_kind=true changed_focus_kind=false dwell_ms=6844 profile="ImmCross"
2026-09-20T14:22:27.893515Z  INFO apply_focus_probe_result: awase_windows::runtime::focus_tracking: FocusChange [19092→12000] ImeKeyMatrixSpikeWindowClass: stale ime_on=true intent=None mode=ObservedRomaji japanese=true
2026-09-20T14:22:27.893553Z DEBUG apply_focus_probe_result: awase_windows::tsf::probe: [composition] focus changed → marked cold
2026-09-20T14:22:27.893576Z DEBUG apply_focus_probe_result: awase_windows::runtime: [keymap] active rules recomputed: 0 rule(s) for process="ime_key_matrix_spike.exe"
2026-09-20T14:22:27.893596Z DEBUG apply_focus_probe_result: awase_windows::runtime::focus_tracking: [keymap] active rules updated on focus change: 0 rule(s) (hwnd=HWND(0x12034e) kind=Undetermined focus_epoch=2)
2026-09-20T14:22:27.893636Z DEBUG apply_focus_probe_result:reduce: awase_windows::state::ime_model: [explicit-intent] cleared (focus change)
2026-09-20T14:22:27.893668Z DEBUG apply_focus_probe_result: awase::journal: ime event seq=12 elapsed_ms=6930 event_kind="FocusChanged"
2026-09-20T14:22:27.893763Z DEBUG apply_focus_probe_result: awase_windows::runtime::focus_tracking: [focus] Imm32Unavailable hard pre-sync applied=true (prevent spurious VK_KANJI on first character key)
2026-09-20T14:22:27.907878Z DEBUG awase::journal: ime event seq=13 elapsed_ms=6944 event_kind="ObserverReported"
2026-09-20T14:22:27.907913Z DEBUG awase_windows::runtime::focus_tracking: [ImmCrossProbe/focus] child-hwnd IME=false → High confidence 観測記録
2026-09-20T14:22:27.926981Z DEBUG apply_focus_probe_result: awase_windows::runtime::focus_tracking: Focus kind changed: Undetermined → TextInput (reason=KnownTextClass(Edit))
2026-09-20T14:22:27.927134Z DEBUG apply_focus_probe_result:reduce: awase_windows::state::observation_store: [focus-hwnd-track] update_focus_window: current_fence.hwnd HwndId(1180494) -> HwndId(1310876)
2026-09-20T14:22:27.927196Z DEBUG apply_focus_probe_result: awase::journal: ime event seq=14 elapsed_ms=6964 event_kind="FocusHwndUpdated"
2026-09-20T14:22:27.927249Z DEBUG apply_focus_probe_result: awase::journal: focus transition seq=15 elapsed_ms=6964 changed_process=false changed_window=true changed_app_kind=false changed_focus_kind=true dwell_ms=47 profile="ImmCross"
2026-09-20T14:22:27.960409Z DEBUG awase_windows::runtime: [focus-sync] hwnd=0x2302EC class="RICHEDIT50W" app_kind=Win32 hint=Default → mode=Unicode
2026-09-20T14:22:27.960486Z DEBUG awase_windows::state::observation_store: [identity-gate] hwnd不一致で除外: source=ImmCrossProbe obs_hwnd=HwndId(1180494) current_hwnd=HwndId(1310876) confidence=High
2026-09-20T14:22:27.960521Z DEBUG awase_windows::state::observation_store: [identity-gate] hwnd不一致で除外: source=ImmCrossProbe obs_hwnd=HwndId(1180494) current_hwnd=HwndId(1310876) confidence=High
2026-09-20T14:22:27.960574Z DEBUG awase_windows::tsf::tsf_gate: [tsf-gate] focus change → PendingWarmup (held cleared)
2026-09-20T14:22:27.970975Z DEBUG awase_windows::runtime: [focus-sync] hwnd=0x14009C class="Edit" app_kind=Win32 hint=Default → mode=Unicode
2026-09-20T14:22:27.971047Z DEBUG awase_windows::state::observation_store: [identity-gate] hwnd不一致で除外: source=ImmCrossProbe obs_hwnd=HwndId(1180494) current_hwnd=HwndId(1310876) confidence=High
2026-09-20T14:22:27.971063Z DEBUG awase_windows::state::observation_store: [identity-gate] hwnd不一致で除外: source=ImmCrossProbe obs_hwnd=HwndId(1180494) current_hwnd=HwndId(1310876) confidence=High
2026-09-20T14:22:27.971082Z DEBUG awase_windows::output: [tsf-gate] focus change while PendingWarmup — held バッファを保持して再初期化スキップ (Chrome等の連続フォーカスイベント対策)
2026-09-20T14:22:28.320889Z DEBUG awase_windows::hook: [hook] IME-mode vk=0xF0 up self_injected=false injected=false scan=0x70 extra=0x5350494B since_actuation_us=Some(7271196)
2026-09-20T14:22:28.321148Z DEBUG awase::journal: hook ime-mode diagnostic seq=16 elapsed_ms=7357 vk_code=240 is_down=false self_injected=false injected=false scan=112
2026-09-20T14:22:28.323512Z DEBUG awase_windows::hook: [hook] IME-mode vk=0xF2 down self_injected=false injected=true scan=0x70 extra=0x5350494B since_actuation_us=Some(7273829)
2026-09-20T14:22:28.323790Z DEBUG awase::journal: hook ime-mode diagnostic seq=17 elapsed_ms=7360 vk_code=242 is_down=true self_injected=false injected=true scan=112
2026-09-20T14:22:30.027202Z DEBUG awase_windows::hook: [hook] IME-mode vk=0xF2 down self_injected=false injected=true scan=0x70 extra=0x5350494B since_actuation_us=Some(8977511)
2026-09-20T14:22:30.027494Z DEBUG awase::journal: hook ime-mode diagnostic seq=18 elapsed_ms=9064 vk_code=242 is_down=true self_injected=false injected=true scan=112
2026-09-20T14:22:33.293006Z DEBUG awase_windows::hook: [hook] IME-mode vk=0xF0 up self_injected=false injected=false scan=0x70 extra=0x5350494B since_actuation_us=Some(12243316)
2026-09-20T14:22:33.293261Z DEBUG awase::journal: hook ime-mode diagnostic seq=19 elapsed_ms=12330 vk_code=240 is_down=false self_injected=false injected=false scan=112
2026-09-20T14:22:33.294918Z DEBUG awase_windows::hook: [hook] IME-mode vk=0xF2 down self_injected=false injected=true scan=0x70 extra=0x5350494B since_actuation_us=Some(12245234)
2026-09-20T14:22:33.295459Z DEBUG awase::journal: hook ime-mode diagnostic seq=20 elapsed_ms=12332 vk_code=242 is_down=true self_injected=false injected=true scan=112
2026-09-20T14:22:35.045076Z DEBUG awase_windows::hook: [hook] IME-mode vk=0xF2 down self_injected=false injected=true scan=0x70 extra=0x5350494B since_actuation_us=Some(13995381)
2026-09-20T14:22:35.045534Z DEBUG awase::journal: hook ime-mode diagnostic seq=21 elapsed_ms=14082 vk_code=242 is_down=true self_injected=false injected=true scan=112
2026-09-20T14:22:38.290929Z DEBUG awase_windows::hook: [hook] IME-mode vk=0xF0 up self_injected=false injected=false scan=0x70 extra=0x5350494B since_actuation_us=Some(17241234)
2026-09-20T14:22:38.291284Z DEBUG awase::journal: hook ime-mode diagnostic seq=22 elapsed_ms=17328 vk_code=240 is_down=false self_injected=false injected=false scan=112
2026-09-20T14:22:38.292939Z DEBUG awase_windows::hook: [hook] IME-mode vk=0xF2 down self_injected=false injected=true scan=0x70 extra=0x5350494B since_actuation_us=Some(17243258)
2026-09-20T14:22:38.293146Z DEBUG awase::journal: hook ime-mode diagnostic seq=23 elapsed_ms=17329 vk_code=242 is_down=true self_injected=false injected=true scan=112
2026-09-20T14:22:40.048220Z DEBUG awase_windows::hook: [hook] IME-mode vk=0xF2 down self_injected=false injected=true scan=0x70 extra=0x5350494B since_actuation_us=Some(18998531)
2026-09-20T14:22:40.048523Z DEBUG awase::journal: hook ime-mode diagnostic seq=24 elapsed_ms=19085 vk_code=242 is_down=true self_injected=false injected=true scan=112
2026-09-20T14:22:43.256360Z DEBUG awase_windows::hook: [hook] IME-mode vk=0xF0 up self_injected=false injected=false scan=0x70 extra=0x5350494B since_actuation_us=Some(22206653)
2026-09-20T14:22:43.256636Z DEBUG awase::journal: hook ime-mode diagnostic seq=25 elapsed_ms=22293 vk_code=240 is_down=false self_injected=false injected=false scan=112
2026-09-20T14:22:43.258264Z DEBUG awase_windows::hook: [hook] IME-mode vk=0xF2 down self_injected=false injected=true scan=0x70 extra=0x5350494B since_actuation_us=Some(22208581)
2026-09-20T14:22:43.258517Z DEBUG awase::journal: hook ime-mode diagnostic seq=26 elapsed_ms=22295 vk_code=242 is_down=true self_injected=false injected=true scan=112
2026-09-20T14:22:44.970881Z DEBUG awase_windows::hook: [hook] IME-mode vk=0xF2 down self_injected=false injected=true scan=0x70 extra=0x5350494B since_actuation_us=Some(23921189)
2026-09-20T14:22:44.971066Z DEBUG awase::journal: hook ime-mode diagnostic seq=27 elapsed_ms=24007 vk_code=242 is_down=true self_injected=false injected=true scan=112
2026-09-20T14:22:48.211725Z DEBUG awase_windows::hook: [hook] IME-mode vk=0xF0 up self_injected=false injected=false scan=0x70 extra=0x5350494B since_actuation_us=Some(27162031)
2026-09-20T14:22:48.212044Z DEBUG awase::journal: hook ime-mode diagnostic seq=28 elapsed_ms=27248 vk_code=240 is_down=false self_injected=false injected=false scan=112
2026-09-20T14:22:48.213515Z DEBUG awase_windows::hook: [hook] IME-mode vk=0xF2 down self_injected=false injected=true scan=0x70 extra=0x5350494B since_actuation_us=Some(27163832)
2026-09-20T14:22:48.213683Z DEBUG awase::journal: hook ime-mode diagnostic seq=29 elapsed_ms=27250 vk_code=242 is_down=true self_injected=false injected=true scan=112
2026-09-20T14:22:50.024140Z DEBUG awase_windows::hook: [hook] IME-mode vk=0xF2 down self_injected=false injected=true scan=0x70 extra=0x5350494B since_actuation_us=Some(28974442)
2026-09-20T14:22:50.024623Z DEBUG awase::journal: hook ime-mode diagnostic seq=30 elapsed_ms=29061 vk_code=242 is_down=true self_injected=false injected=true scan=112
2026-09-20T14:22:53.222484Z DEBUG awase_windows::hook: [hook] IME-mode vk=0xF0 up self_injected=false injected=false scan=0x70 extra=0x5350494B since_actuation_us=Some(32172793)
2026-09-20T14:22:53.222756Z DEBUG awase::journal: hook ime-mode diagnostic seq=31 elapsed_ms=32259 vk_code=240 is_down=false self_injected=false injected=false scan=112
2026-09-20T14:22:53.224218Z DEBUG awase_windows::hook: [hook] IME-mode vk=0xF2 down self_injected=false injected=true scan=0x70 extra=0x5350494B since_actuation_us=Some(32174533)
2026-09-20T14:22:53.224581Z DEBUG awase::journal: hook ime-mode diagnostic seq=32 elapsed_ms=32261 vk_code=242 is_down=true self_injected=false injected=true scan=112
2026-09-20T14:22:54.971243Z DEBUG awase_windows::hook: [hook] IME-mode vk=0xF2 down self_injected=false injected=true scan=0x70 extra=0x5350494B since_actuation_us=Some(33921556)
2026-09-20T14:22:54.971459Z DEBUG awase::journal: hook ime-mode diagnostic seq=33 elapsed_ms=34008 vk_code=242 is_down=true self_injected=false injected=true scan=112
2026-09-20T14:22:58.239748Z DEBUG awase_windows::hook: [hook] IME-mode vk=0xF0 up self_injected=false injected=false scan=0x70 extra=0x5350494B since_actuation_us=Some(37190052)
2026-09-20T14:22:58.240275Z DEBUG awase::journal: hook ime-mode diagnostic seq=34 elapsed_ms=37277 vk_code=240 is_down=false self_injected=false injected=false scan=112
2026-09-20T14:22:58.242098Z DEBUG awase_windows::hook: [hook] IME-mode vk=0xF2 down self_injected=false injected=true scan=0x70 extra=0x5350494B since_actuation_us=Some(37192415)
2026-09-20T14:22:58.242312Z DEBUG awase::journal: hook ime-mode diagnostic seq=35 elapsed_ms=37279 vk_code=242 is_down=true self_injected=false injected=true scan=112
2026-09-20T14:22:59.986190Z DEBUG awase_windows::hook: [hook] IME-mode vk=0xF2 down self_injected=false injected=true scan=0x70 extra=0x5350494B since_actuation_us=Some(38936496)
2026-09-20T14:22:59.986546Z DEBUG awase::journal: hook ime-mode diagnostic seq=36 elapsed_ms=39023 vk_code=242 is_down=true self_injected=false injected=true scan=112
2026-09-20T14:23:03.305590Z DEBUG awase_windows::hook: [hook] IME-mode vk=0xF0 up self_injected=false injected=false scan=0x70 extra=0x5350494B since_actuation_us=Some(42255896)
2026-09-20T14:23:03.305923Z DEBUG awase::journal: hook ime-mode diagnostic seq=37 elapsed_ms=42342 vk_code=240 is_down=false self_injected=false injected=false scan=112
2026-09-20T14:23:03.307604Z DEBUG awase_windows::hook: [hook] IME-mode vk=0xF2 down self_injected=false injected=true scan=0x70 extra=0x5350494B since_actuation_us=Some(42257916)
2026-09-20T14:23:03.308248Z DEBUG awase::journal: hook ime-mode diagnostic seq=38 elapsed_ms=42345 vk_code=242 is_down=true self_injected=false injected=true scan=112
2026-09-20T14:23:05.061899Z DEBUG awase_windows::hook: [hook] IME-mode vk=0xF2 down self_injected=false injected=true scan=0x70 extra=0x5350494B since_actuation_us=Some(44012208)
2026-09-20T14:23:05.062203Z DEBUG awase::journal: hook ime-mode diagnostic seq=39 elapsed_ms=44098 vk_code=242 is_down=true self_injected=false injected=true scan=112
2026-09-20T14:23:08.307117Z DEBUG awase_windows::hook: [hook] IME-mode vk=0xF0 up self_injected=false injected=false scan=0x70 extra=0x5350494B since_actuation_us=Some(47257423)
2026-09-20T14:23:08.307421Z DEBUG awase::journal: hook ime-mode diagnostic seq=40 elapsed_ms=47344 vk_code=240 is_down=false self_injected=false injected=false scan=112
2026-09-20T14:23:08.308858Z DEBUG awase_windows::hook: [hook] IME-mode vk=0xF2 down self_injected=false injected=true scan=0x70 extra=0x5350494B since_actuation_us=Some(47259175)
2026-09-20T14:23:08.309083Z DEBUG awase::journal: hook ime-mode diagnostic seq=41 elapsed_ms=47345 vk_code=242 is_down=true self_injected=false injected=true scan=112
2026-09-20T14:23:10.068641Z DEBUG awase_windows::hook: [hook] IME-mode vk=0xF2 down self_injected=false injected=true scan=0x70 extra=0x5350494B since_actuation_us=Some(49018944)
2026-09-20T14:23:10.069020Z DEBUG awase::journal: hook ime-mode diagnostic seq=42 elapsed_ms=49105 vk_code=242 is_down=true self_injected=false injected=true scan=112
2026-09-20T14:23:13.275003Z DEBUG awase_windows::hook: [hook] IME-mode vk=0xF0 up self_injected=false injected=false scan=0x70 extra=0x5350494B since_actuation_us=Some(52225315)
2026-09-20T14:23:13.275227Z DEBUG awase::journal: hook ime-mode diagnostic seq=43 elapsed_ms=52312 vk_code=240 is_down=false self_injected=false injected=false scan=112
2026-09-20T14:23:13.276391Z DEBUG awase_windows::hook: [hook] IME-mode vk=0xF2 down self_injected=false injected=true scan=0x70 extra=0x5350494B since_actuation_us=Some(52226711)
2026-09-20T14:23:13.276563Z DEBUG awase::journal: hook ime-mode diagnostic seq=44 elapsed_ms=52313 vk_code=242 is_down=true self_injected=false injected=true scan=112
2026-09-20T14:23:15.086283Z DEBUG awase_windows::hook: [hook] IME-mode vk=0xF2 down self_injected=false injected=true scan=0x70 extra=0x5350494B since_actuation_us=Some(54036594)
2026-09-20T14:23:15.086630Z DEBUG awase::journal: hook ime-mode diagnostic seq=45 elapsed_ms=54123 vk_code=242 is_down=true self_injected=false injected=true scan=112
2026-09-20T14:23:18.302133Z DEBUG awase_windows::hook: [hook] IME-mode vk=0xF0 up self_injected=false injected=false scan=0x70 extra=0x5350494B since_actuation_us=Some(57252439)
2026-09-20T14:23:18.302463Z DEBUG awase::journal: hook ime-mode diagnostic seq=46 elapsed_ms=57339 vk_code=240 is_down=false self_injected=false injected=false scan=112
2026-09-20T14:23:18.303813Z DEBUG awase_windows::hook: [hook] IME-mode vk=0xF2 down self_injected=false injected=true scan=0x70 extra=0x5350494B since_actuation_us=Some(57254131)
2026-09-20T14:23:18.304008Z DEBUG awase::journal: hook ime-mode diagnostic seq=47 elapsed_ms=57340 vk_code=242 is_down=true self_injected=false injected=true scan=112
2026-09-20T14:23:20.048799Z DEBUG awase_windows::hook: [hook] IME-mode vk=0xF2 down self_injected=false injected=true scan=0x70 extra=0x5350494B since_actuation_us=Some(58999102)
2026-09-20T14:23:20.049086Z DEBUG awase::journal: hook ime-mode diagnostic seq=48 elapsed_ms=59085 vk_code=242 is_down=true self_injected=false injected=true scan=112
2026-09-20T14:23:23.292315Z DEBUG awase_windows::hook: [hook] IME-mode vk=0xF0 up self_injected=false injected=false scan=0x70 extra=0x5350494B since_actuation_us=Some(62242633)
2026-09-20T14:23:23.292467Z DEBUG awase::journal: hook ime-mode diagnostic seq=49 elapsed_ms=62329 vk_code=240 is_down=false self_injected=false injected=false scan=112
2026-09-20T14:23:23.293520Z DEBUG awase_windows::hook: [hook] IME-mode vk=0xF2 down self_injected=false injected=true scan=0x70 extra=0x5350494B since_actuation_us=Some(62243847)
2026-09-20T14:23:23.293877Z DEBUG awase::journal: hook ime-mode diagnostic seq=50 elapsed_ms=62330 vk_code=242 is_down=true self_injected=false injected=true scan=112
2026-09-20T14:23:25.051200Z DEBUG awase_windows::hook: [hook] IME-mode vk=0xF2 down self_injected=false injected=true scan=0x70 extra=0x5350494B since_actuation_us=Some(64001505)
2026-09-20T14:23:25.051490Z DEBUG awase::journal: hook ime-mode diagnostic seq=51 elapsed_ms=64088 vk_code=242 is_down=true self_injected=false injected=true scan=112
2026-09-20T14:23:29.465671Z DEBUG awase_windows::tsf::gji_monitor: [gji-io] WRITE: w_ops=+2 w_KB=+0.0 (r_ops=+3 x_ops=+7 x_KB=+0.0)
2026-09-20T14:23:29.861653Z DEBUG awase_windows::runtime: [focus-sync] hwnd=0x3031E class="CASCADIA_HOSTING_WINDOW_CLASS" app_kind=Win32 hint=ForceTsf → mode=Tsf
2026-09-20T14:23:29.861764Z DEBUG awase_windows::tsf::tsf_gate: [tsf-gate] focus change → PendingWarmup (held cleared)
2026-09-20T14:23:29.868470Z DEBUG awase_windows::runtime: [focus-sync] hwnd=0x40048 class="Windows.UI.Composition.DesktopWindowContentBridge" app_kind=Win32 hint=Default → mode=Unicode
2026-09-20T14:23:29.868537Z DEBUG awase_windows::output: [tsf-gate] focus change while PendingWarmup — held バッファを保持して再初期化スキップ (Chrome等の連続フォーカスイベント対策)
2026-09-20T14:23:29.873084Z DEBUG awase_windows::runtime: [focus-sync] hwnd=0x200C8 class="Windows.UI.Input.InputSite.WindowClass" app_kind=Uwp hint=ForceTsf → mode=Tsf
2026-09-20T14:23:29.873138Z DEBUG awase_windows::output: [tsf-gate] focus change while PendingWarmup — held バッファを保持して再初期化スキップ (Chrome等の連続フォーカスイベント対策)
2026-09-20T14:23:29.942726Z  INFO apply_focus_probe_result: awase_windows::runtime::focus_tracking: AppKind changed: Win32 → Uwp (class=Windows.UI.Input.InputSite.WindowClass)
2026-09-20T14:23:29.947994Z DEBUG apply_focus_probe_result: awase_windows::runtime::focus_tracking: Focus kind changed: TextInput → Undetermined (reason=Undetermined)
2026-09-20T14:23:29.948566Z  INFO apply_focus_probe_result: awase_windows::hook: [app-disable] Leave: Ctrl/Shift の PHYSICAL_KEY_STATE をクリア（BUG-78対策）
2026-09-20T14:23:29.948613Z  INFO apply_focus_probe_result: awase_windows::hook: [app-disable] Leave: hook latches をクリア
2026-09-20T14:23:29.948643Z  INFO apply_focus_probe_result: awase_windows::runtime::focus_tracking: [app-disable] Leave: process_id=19092 disabled=false
2026-09-20T14:23:29.948695Z DEBUG apply_focus_probe_result: awase::journal: focus transition seq=52 elapsed_ms=68985 changed_process=true changed_window=true changed_app_kind=true changed_focus_kind=true dwell_ms=62016 profile="TsfNative"
2026-09-20T14:23:29.949179Z  INFO apply_focus_probe_result: awase_windows::runtime::focus_tracking: FocusChange [12000→19092] Windows.UI.Input.InputSite.WindowClass: stale ime_on=false intent=None mode=ObservedRomaji japanese=true
2026-09-20T14:23:29.949227Z DEBUG apply_focus_probe_result: awase_windows::tsf::probe: [composition] focus changed → marked cold
2026-09-20T14:23:29.949266Z DEBUG apply_focus_probe_result: awase_windows::runtime: [keymap] active rules recomputed: 0 rule(s) for process="windowsterminal.exe"
2026-09-20T14:23:29.949300Z DEBUG apply_focus_probe_result: awase_windows::runtime::focus_tracking: [keymap] active rules updated on focus change: 0 rule(s) (hwnd=HWND(0x200c8) kind=Undetermined focus_epoch=3)
2026-09-20T14:23:29.949364Z DEBUG apply_focus_probe_result:reduce: awase_windows::state::ime_model: [explicit-intent] cleared (focus change)
2026-09-20T14:23:29.949415Z DEBUG apply_focus_probe_result: awase::journal: ime event seq=53 elapsed_ms=68986 event_kind="FocusChanged"
2026-09-20T14:23:29.949511Z DEBUG apply_focus_probe_result: awase_windows::runtime::focus_tracking: [focus] TsfNative/SSOT: cache restore スキップ (desired_open=true cache_hwnd=Some(131272) new_hwnd=131272) — 最初のキー入力で dispatch_ime が apply
2026-09-20T14:23:29.949894Z DEBUG awase_windows::runtime::ime_refresh: Skipping IMM query for known-broken class (shadow state SSOT)
2026-09-20T14:23:29.949934Z DEBUG awase_windows::runtime::ime_refresh: [composition] focus change → marking cold
2026-09-20T14:23:29.949954Z DEBUG awase_windows::tsf::probe: [composition] marked cold reason=FocusChange idle=18446744073709551615ms → next VK/TSF output will send VK_DBE_HIRAGANA warmup
2026-09-20T14:23:29.950074Z DEBUG awase_windows::tsf::ime_mode_fsm: [ime-mode] FocusChange → Unknown
2026-09-20T14:23:29.950174Z DEBUG awase::journal: gji fsm transition seq=7 elapsed_ms=90 trigger="ImeOn(gji_idle_ms=6152109)" state_before="OffCold" state_after="OnCold(Long)"
2026-09-20T14:23:29.950218Z DEBUG awase::journal: tsf probe started seq=8 elapsed_ms=90 source="GjiAction::StartProbe" cold_seq=0 probe_id=0 probe_id_present=true gji_state="OnCold(Long)" consecutive_at_start=0 pending_deferred_len=0
2026-09-20T14:23:29.950257Z DEBUG awase::journal: gji fsm transition seq=54 elapsed_ms=68986 trigger="FocusChange(gji_idle_ms=485)" state_before="MsImeStrategy" state_after="MsImeStrategy"
2026-09-20T14:23:29.950306Z DEBUG awase_windows::runtime::ime_refresh: [composition] FocusChange: send_eager_tsf_warmup called (ime_on via warmup_ime_on())
2026-09-20T14:23:29.952396Z DEBUG awase_windows::ime: [idle-conv-check-diag] focused_hwnd=HWND(0x200c8) ime_wnd=Some(HWND(0x304b8))
2026-09-20T14:23:29.952957Z DEBUG awase_windows::tsf::ime_mode_fsm: [ime-mode] cold hint: Unknown → Hiragana (conv=0x00000009, unconfirmed)
2026-09-20T14:23:33.034947Z  WARN awase_windows::runtime::message_handlers: Hook watchdog: no activity for 5672ms (OS全体の最終入力は5672ms前、OSも無操作のため単なるアイドルの可能性が高い)
2026-09-20T14:23:36.036612Z  WARN awase_windows::runtime::message_handlers: Hook watchdog: no activity for 8687ms (OS全体の最終入力は8687ms前、OSも無操作のため単なるアイドルの可能性が高い)
2026-09-20T14:23:39.041389Z  WARN awase_windows::runtime::message_handlers: Hook watchdog: no activity for 11687ms (OS全体の最終入力は11687ms前、OSも無操作のため単なるアイドルの可能性が高い)
2026-09-20T14:23:42.047232Z  WARN awase_windows::runtime::message_handlers: Hook watchdog: no activity for 14687ms (OS全体の最終入力は14687ms前、OSも無操作のため単なるアイドルの可能性が高い)
2026-09-20T14:23:45.037117Z  WARN awase_windows::runtime::message_handlers: Hook watchdog: no activity for 17687ms (OS全体の最終入力は17687ms前、OSも無操作のため単なるアイドルの可能性が高い)
2026-09-20T14:23:48.049877Z  WARN awase_windows::runtime::message_handlers: Hook watchdog: no activity for 20687ms (OS全体の最終入力は20687ms前、OSも無操作のため単なるアイドルの可能性が高い)
2026-09-20T14:23:51.042327Z  WARN awase_windows::runtime::message_handlers: Hook watchdog: no activity for 23687ms (OS全体の最終入力は23687ms前、OSも無操作のため単なるアイドルの可能性が高い)
2026-09-20T14:23:54.037184Z  WARN awase_windows::runtime::message_handlers: Hook watchdog: no activity for 26687ms (OS全体の最終入力は26687ms前、OSも無操作のため単なるアイドルの可能性が高い)
2026-09-20T14:23:57.043560Z  WARN awase_windows::runtime::message_handlers: Hook watchdog: no activity for 29687ms (OS全体の最終入力は29687ms前、OSも無操作のため単なるアイドルの可能性が高い)
2026-09-20T14:24:00.049619Z  WARN awase_windows::runtime::message_handlers: Hook watchdog: no activity for 32687ms (OS全体の最終入力は32687ms前、OSも無操作のため単なるアイドルの可能性が高い)
2026-09-20T14:24:03.046354Z  WARN awase_windows::runtime::message_handlers: Hook watchdog: no activity for 35687ms (OS全体の最終入力は35687ms前、OSも無操作のため単なるアイドルの可能性が高い)
2026-09-20T14:24:06.050132Z  WARN awase_windows::runtime::message_handlers: Hook watchdog: no activity for 38687ms (OS全体の最終入力は38687ms前、OSも無操作のため単なるアイドルの可能性が高い)
2026-09-20T14:24:09.040068Z  WARN awase_windows::runtime::message_handlers: Hook watchdog: no activity for 41687ms (OS全体の最終入力は41687ms前、OSも無操作のため単なるアイドルの可能性が高い)
script error: Output type incorrect: bool (expecting ())
